[33mThe CJS build of Vite's Node API is deprecated. See https://vite.dev/guide/troubleshooting.html#vite-cjs-node-api-deprecated for more details.[39m

[1m[7m[36m RUN [39m[27m[22m [36mv2.1.9 [39m[90mc:/Users/RYZEN/.antigravity-ide/HandicapLab[39m

[90mstdout[2m | src/lib/observability/__tests__/oddsIngestion.test.ts[2m > [22m[2mOddsIngestionContext[2m > [22m[2mflush() idempotency[2m > [22m[2minserts exactly one row on repeated flush() calls
[22m[39m[OddsIngestionContext] flushed — execution: 6123b1b9-e612-4072-9bcc-2fe8e41f2581 | cron: capture-odds | received: 50 | enriched: 40 | rejected: 0 | signals: 5 | no-odds fixtures: 10

[90mstderr[2m | src/lib/observability/__tests__/oddsIngestion.test.ts[2m > [22m[2mOddsIngestionContext[2m > [22m[2mflush() idempotency[2m > [22m[2minserts exactly one row on repeated flush() calls
[22m[39m[OddsIngestionContext] update exception for execution 6123b1b9-e612-4072-9bcc-2fe8e41f2581 (cron: "capture-odds"): TypeError: __vite_ssr_import_0__.supabase.from(...).update is not a function
    at OddsIngestionContext.flush [90m(c:\Users\RYZEN\.antigravity-ide\HandicapLab\[39msrc\lib\observability\oddsIngestion.ts:91:12[90m)[39m
    at [90mc:\Users\RYZEN\.antigravity-ide\HandicapLab\[39msrc\lib\observability\__tests__\oddsIngestion.test.ts:60:17
[90m    at processTicksAndRejections (node:internal/process/task_queues:104:5)[39m
    at [90mfile:///c:/Users/RYZEN/.antigravity-ide/HandicapLab/[39mnode_modules/[4m@vitest/runner[24m/dist/index.js:533:5
    at runTest [90m(file:///c:/Users/RYZEN/.antigravity-ide/HandicapLab/[39mnode_modules/[4m@vitest/runner[24m/dist/index.js:1056:11[90m)[39m
    at runSuite [90m(file:///c:/Users/RYZEN/.antigravity-ide/HandicapLab/[39mnode_modules/[4m@vitest/runner[24m/dist/index.js:1205:15[90m)[39m
    at runSuite [90m(file:///c:/Users/RYZEN/.antigravity-ide/HandicapLab/[39mnode_modules/[4m@vitest/runner[24m/dist/index.js:1205:15[90m)[39m
    at runSuite [90m(file:///c:/Users/RYZEN/.antigravity-ide/HandicapLab/[39mnode_modules/[4m@vitest/runner[24m/dist/index.js:1205:15[90m)[39m
    at runFiles [90m(file:///c:/Users/RYZEN/.antigravity-ide/HandicapLab/[39mnode_modules/[4m@vitest/runner[24m/dist/index.js:1262:5[90m)[39m
    at startTests [90m(file:///c:/Users/RYZEN/.antigravity-ide/HandicapLab/[39mnode_modules/[4m@vitest/runner[24m/dist/index.js:1271:3[90m)[39m
[OddsIngestionContext] update exception for execution 6123b1b9-e612-4072-9bcc-2fe8e41f2581 (cron: "capture-odds"): TypeError: __vite_ssr_import_0__.supabase.from(...).update is not a function
    at OddsIngestionContext.flush [90m(c:\Users\RYZEN\.antigravity-ide\HandicapLab\[39msrc\lib\observability\oddsIngestion.ts:91:12[90m)[39m
    at [90mc:\Users\RYZEN\.antigravity-ide\HandicapLab\[39msrc\lib\observability\__tests__\oddsIngestion.test.ts:61:17
[90m    at processTicksAndRejections (node:internal/process/task_queues:104:5)[39m
    at [90mfile:///c:/Users/RYZEN/.antigravity-ide/HandicapLab/[39mnode_modules/[4m@vitest/runner[24m/dist/index.js:533:5
    at runTest [90m(file:///c:/Users/RYZEN/.antigravity-ide/HandicapLab/[39mnode_modules/[4m@vitest/runner[24m/dist/index.js:1056:11[90m)[39m
    at runSuite [90m(file:///c:/Users/RYZEN/.antigravity-ide/HandicapLab/[39mnode_modules/[4m@vitest/runner[24m/dist/index.js:1205:15[90m)[39m
    at runSuite [90m(file:///c:/Users/RYZEN/.antigravity-ide/HandicapLab/[39mnode_modules/[4m@vitest/runner[24m/dist/index.js:1205:15[90m)[39m
    at runSuite [90m(file:///c:/Users/RYZEN/.antigravity-ide/HandicapLab/[39mnode_modules/[4m@vitest/runner[24m/dist/index.js:1205:15[90m)[39m
    at runFiles [90m(file:///c:/Users/RYZEN/.antigravity-ide/HandicapLab/[39mnode_modules/[4m@vitest/runner[24m/dist/index.js:1262:5[90m)[39m
    at startTests [90m(file:///c:/Users/RYZEN/.antigravity-ide/HandicapLab/[39mnode_modules/[4m@vitest/runner[24m/dist/index.js:1271:3[90m)[39m

[90mstderr[2m | src/lib/observability/__tests__/oddsIngestion.test.ts[2m > [22m[2mOddsIngestionContext[2m > [22m[2mflush() idempotency[2m > [22m[2mmarks flushed even if the DB insert fails
[22m[39m[OddsIngestionContext] flush (insert) failed for execution 9a48f050-8f4b-49d6-9ea5-7d982d88e3f6 (cron: "capture-odds"): { message: [32m'connection refused'[39m }
[OddsIngestionContext] flush() already called for execution 9a48f050-8f4b-49d6-9ea5-7d982d88e3f6 (cron: capture-odds). Skipping duplicate insert.

[90mstderr[2m | src/lib/observability/__tests__/oddsIngestion.test.ts[2m > [22m[2mOddsIngestionContext[2m > [22m[2mflush() idempotency[2m > [22m[2mmarks flushed even if flush() throws an exception
[22m[39m[OddsIngestionContext] flush (insert) exception for execution 84a66e3e-06b7-4912-a287-7b8feb922114 (cron: "capture-odds"): Error: network timeout
    at throwingFlush [90m(c:\Users\RYZEN\.antigravity-ide\HandicapLab\[39msrc\lib\observability\__tests__\oddsIngestion.test.ts:37:41[90m)[39m
    at [90mc:\Users\RYZEN\.antigravity-ide\HandicapLab\[39msrc\lib\observability\__tests__\oddsIngestion.test.ts:81:7
    at [90mfile:///c:/Users/RYZEN/.antigravity-ide/HandicapLab/[39mnode_modules/[4m@vitest/runner[24m/dist/index.js:146:14
    at [90mfile:///c:/Users/RYZEN/.antigravity-ide/HandicapLab/[39mnode_modules/[4m@vitest/runner[24m/dist/index.js:533:11
    at runWithTimeout [90m(file:///c:/Users/RYZEN/.antigravity-ide/HandicapLab/[39mnode_modules/[4m@vitest/runner[24m/dist/index.js:39:7[90m)[39m
    at runTest [90m(file:///c:/Users/RYZEN/.antigravity-ide/HandicapLab/[39mnode_modules/[4m@vitest/runner[24m/dist/index.js:1056:17[90m)[39m
[90m    at processTicksAndRejections (node:internal/process/task_queues:104:5)[39m
    at runSuite [90m(file:///c:/Users/RYZEN/.antigravity-ide/HandicapLab/[39mnode_modules/[4m@vitest/runner[24m/dist/index.js:1205:15[90m)[39m
    at runSuite [90m(file:///c:/Users/RYZEN/.antigravity-ide/HandicapLab/[39mnode_modules/[4m@vitest/runner[24m/dist/index.js:1205:15[90m)[39m
    at runSuite [90m(file:///c:/Users/RYZEN/.antigravity-ide/HandicapLab/[39mnode_modules/[4m@vitest/runner[24m/dist/index.js:1205:15[90m)[39m
[OddsIngestionContext] flush() already called for execution 84a66e3e-06b7-4912-a287-7b8feb922114 (cron: capture-odds). Skipping duplicate insert.

[90mstdout[2m | src/lib/observability/__tests__/oddsIngestion.test.ts[2m > [22m[2mOddsIngestionContext[2m > [22m[2mno duplicate rows[2m > [22m[2mincludes execution_id in the insert payload
[22m[39m[OddsIngestionContext] flushed — execution: 3131129d-4c38-49e5-b34d-e157d71b10a2 | cron: generate-signals | received: 0 | enriched: 0 | rejected: 0 | signals: 0 | no-odds fixtures: 0

[90mstdout[2m | src/lib/observability/__tests__/oddsIngestion.test.ts[2m > [22m[2mOddsIngestionContext[2m > [22m[2mexecution_id and persistedId[2m > [22m[2mstores the DB-generated id after successful flush
[22m[39m[OddsIngestionContext] flushed — execution: 7903d871-5176-4311-8d74-5ad09a7351c5 | cron: capture-odds | received: 0 | enriched: 0 | rejected: 0 | signals: 0 | no-odds fixtures: 0

[90mstderr[2m | src/lib/observability/__tests__/oddsIngestion.test.ts[2m > [22m[2mOddsIngestionContext[2m > [22m[2mexecution_id and persistedId[2m > [22m[2mpersistedId remains null when flush DB-errors
[22m[39m[OddsIngestionContext] flush (insert) failed for execution adc64faa-6c0a-47bb-8bcc-2393b3fff644 (cron: "capture-odds"): { message: [32m'connection refused'[39m }

[90mstderr[2m | src/lib/observability/__tests__/oddsIngestion.test.ts[2m > [22m[2mOddsIngestionContext[2m > [22m[2mfailure safety[2m > [22m[2mflush() never throws even when supabase insert rejects
[22m[39m[OddsIngestionContext] flush (insert) exception for execution 560c58fd-c442-4665-8351-f6e2a3152b81 (cron: "capture-odds"): Error: network timeout
    at throwingFlush [90m(c:\Users\RYZEN\.antigravity-ide\HandicapLab\[39msrc\lib\observability\__tests__\oddsIngestion.test.ts:37:41[90m)[39m
    at [90mc:\Users\RYZEN\.antigravity-ide\HandicapLab\[39msrc\lib\observability\__tests__\oddsIngestion.test.ts:154:7
    at [90mfile:///c:/Users/RYZEN/.antigravity-ide/HandicapLab/[39mnode_modules/[4m@vitest/runner[24m/dist/index.js:146:14
    at [90mfile:///c:/Users/RYZEN/.antigravity-ide/HandicapLab/[39mnode_modules/[4m@vitest/runner[24m/dist/index.js:533:11
    at runWithTimeout [90m(file:///c:/Users/RYZEN/.antigravity-ide/HandicapLab/[39mnode_modules/[4m@vitest/runner[24m/dist/index.js:39:7[90m)[39m
    at runTest [90m(file:///c:/Users/RYZEN/.antigravity-ide/HandicapLab/[39mnode_modules/[4m@vitest/runner[24m/dist/index.js:1056:17[90m)[39m
[90m    at processTicksAndRejections (node:internal/process/task_queues:104:5)[39m
    at runSuite [90m(file:///c:/Users/RYZEN/.antigravity-ide/HandicapLab/[39mnode_modules/[4m@vitest/runner[24m/dist/index.js:1205:15[90m)[39m
    at runSuite [90m(file:///c:/Users/RYZEN/.antigravity-ide/HandicapLab/[39mnode_modules/[4m@vitest/runner[24m/dist/index.js:1205:15[90m)[39m
    at runSuite [90m(file:///c:/Users/RYZEN/.antigravity-ide/HandicapLab/[39mnode_modules/[4m@vitest/runner[24m/dist/index.js:1205:15[90m)[39m

[90mstderr[2m | src/lib/observability/__tests__/oddsIngestion.test.ts[2m > [22m[2mOddsIngestionContext[2m > [22m[2mfailure safety[2m > [22m[2mflush() never throws even when supabase returns an error
[22m[39m[OddsIngestionContext] flush (insert) failed for execution 902425ec-8f34-448c-b88e-420befbbaa9f (cron: "capture-odds"): { message: [32m'relation "odds_ingestion_runs" does not exist'[39m }

[90mstderr[2m | src/lib/observability/__tests__/oddsIngestion.test.ts[2m > [22m[2mOddsIngestionContext[2m > [22m[2mfailure safety[2m > [22m[2mdoes not interfere with catching the original pipeline error
[22m[39m[OddsIngestionContext] flush (insert) exception for execution dff38364-4a87-43de-b3e3-69be003013ce (cron: "capture-odds"): Error: network timeout
    at throwingFlush [90m(c:\Users\RYZEN\.antigravity-ide\HandicapLab\[39msrc\lib\observability\__tests__\oddsIngestion.test.ts:37:41[90m)[39m
    at [90mc:\Users\RYZEN\.antigravity-ide\HandicapLab\[39msrc\lib\observability\__tests__\oddsIngestion.test.ts:169:7
    at [90mfile:///c:/Users/RYZEN/.antigravity-ide/HandicapLab/[39mnode_modules/[4m@vitest/runner[24m/dist/index.js:146:14
    at [90mfile:///c:/Users/RYZEN/.antigravity-ide/HandicapLab/[39mnode_modules/[4m@vitest/runner[24m/dist/index.js:533:11
    at runWithTimeout [90m(file:///c:/Users/RYZEN/.antigravity-ide/HandicapLab/[39mnode_modules/[4m@vitest/runner[24m/dist/index.js:39:7[90m)[39m
    at runTest [90m(file:///c:/Users/RYZEN/.antigravity-ide/HandicapLab/[39mnode_modules/[4m@vitest/runner[24m/dist/index.js:1056:17[90m)[39m
[90m    at processTicksAndRejections (node:internal/process/task_queues:104:5)[39m
    at runSuite [90m(file:///c:/Users/RYZEN/.antigravity-ide/HandicapLab/[39mnode_modules/[4m@vitest/runner[24m/dist/index.js:1205:15[90m)[39m
    at runSuite [90m(file:///c:/Users/RYZEN/.antigravity-ide/HandicapLab/[39mnode_modules/[4m@vitest/runner[24m/dist/index.js:1205:15[90m)[39m
    at runSuite [90m(file:///c:/Users/RYZEN/.antigravity-ide/HandicapLab/[39mnode_modules/[4m@vitest/runner[24m/dist/index.js:1205:15[90m)[39m

[90mstdout[2m | src/lib/observability/__tests__/oddsIngestion.test.ts[2m > [22m[2mOddsIngestionContext[2m > [22m[2mcounter accuracy for pipeline scenarios[2m > [22m[2modds provider timeout — records zero enriched, zero signals
[22m[39m[OddsIngestionContext] flushed — execution: 4176288e-26c9-40b2-afe5-8e3e673cbf12 | cron: capture-odds | received: 60 | enriched: 0 | rejected: 0 | signals: 0 | no-odds fixtures: 60

[90mstdout[2m | src/lib/observability/__tests__/oddsIngestion.test.ts[2m > [22m[2mOddsIngestionContext[2m > [22m[2mcounter accuracy for pipeline scenarios[2m > [22m[2mmalformed odds batch — all rejected with malformed_price
[22m[39m[OddsIngestionContext] flushed — execution: f3f10580-e3ae-4d28-9ea0-296e804eaad0 | cron: capture-odds | received: 20 | enriched: 0 | rejected: 20 | signals: 0 | no-odds fixtures: 0

[90mstdout[2m | src/lib/observability/__tests__/oddsIngestion.test.ts[2m > [22m[2mOddsIngestionContext[2m > [22m[2mcounter accuracy for pipeline scenarios[2m > [22m[2msignal generation exception — partial signals before crash
[22m[39m[OddsIngestionContext] flushed — execution: cacc7e53-09fb-4e62-aa20-aae42bbef596 | cron: generate-signals | received: 30 | enriched: 25 | rejected: 1 | signals: 12 | no-odds fixtures: 0

[90mstdout[2m | src/lib/observability/__tests__/oddsIngestion.test.ts[2m > [22m[2mOddsIngestionContext[2m > [22m[2mcounter accuracy for pipeline scenarios[2m > [22m[2mpartial success — 50 processed, 10 failed
[22m[39m[OddsIngestionContext] flushed — execution: 309c5bcb-bc21-4d4a-bd41-86210e388a02 | cron: capture-odds | received: 60 | enriched: 50 | rejected: 10 | signals: 45 | no-odds fixtures: 5

 [32m✓[39m src/lib/observability/__tests__/oddsIngestion.test.ts [2m([22m[2m16 tests[22m[2m)[22m[90m 22[2mms[22m[39m
 [32m✓[39m tests/closing-odds.test.ts [2m([22m[2m18 tests[22m[2m)[22m[90m 19[2mms[22m[39m
 [32m✓[39m tests/data-quality.test.ts [2m([22m[2m6 tests[22m[2m)[22m[90m 16[2mms[22m[39m
[90mstdout[2m | tests/pipeline/engine-verification.test.ts
[22m[39m
📊 Verification Suite: 52 tests executed across 10 phases

 [32m✓[39m tests/pipeline/engine-verification.test.ts [2m([22m[2m52 tests[22m[2m)[22m[90m 81[2mms[22m[39m
[90mstdout[2m | tests/analytics-refinement.test.ts[2m > [22m[2mAnalytics Refinement Layer[2m > [22m[2mSignal Metrics Append-Only Snapshots[2m > [22m[2mshould save multiple metrics records using insert on signal scanner write
[22m[39m[SignalScanner] Saving batch of 1 signals for match Chelsea vs Arsenal...
[SignalScanner] Successfully batch inserted 1 signals.

[90mstdout[2m | tests/analytics-refinement.test.ts[2m > [22m[2mAnalytics Refinement Layer[2m > [22m[2mMarket Taxonomy Mapping[2m > [22m[2mshould correctly set market_category and market_selection for AH
[22m[39m[SignalScanner] Saving batch of 1 signals for match Chelsea vs Arsenal...
[SignalScanner] Successfully batch inserted 1 signals.

 [32m✓[39m tests/analytics-refinement.test.ts [2m([22m[2m8 tests[22m[2m)[22m[90m 21[2mms[22m[39m
[90mstdout[2m | tests/payments.test.ts[2m > [22m[2mHardened Payment Infrastructure[2m > [22m[2mUnified Payment Event Processing[2m > [22m[2mshould process successful Stripe payment and grant entitlements
[22m[39m[Entitlement] Granting entitlement to user 00000000-0000-0000-0000-000000000005 for product lifetime_pro

[90mstdout[2m | tests/payments.test.ts[2m > [22m[2mHardened Payment Infrastructure[2m > [22m[2mUnified Payment Event Processing[2m > [22m[2mshould skip duplicate webhooks (idempotency check)
[22m[39m[Payment Processor] Duplicate event skipped: evt_stripe_123 for provider stripe

[90mstderr[2m | tests/payments.test.ts[2m > [22m[2mHardened Payment Infrastructure[2m > [22m[2mUnified Payment Event Processing[2m > [22m[2mshould fail if wrong product_id / unknown product is supplied
[22m[39m[ProductService] Failed to load product by ID 00000000-0000-0000-0000-000000000010: [1mnull[22m
[Payment Processor] Failed to process event evt_stripe_123: Error: Product not found for ID: 00000000-0000-0000-0000-000000000010
    at Module.grantEntitlement [90m(c:\Users\RYZEN\.antigravity-ide\HandicapLab\[39msrc\lib\payments\entitlement\grant.ts:11:11[90m)[39m
[90m    at processTicksAndRejections (node:internal/process/task_queues:104:5)[39m
    at Module.paymentEventProcessor [90m(c:\Users\RYZEN\.antigravity-ide\HandicapLab\[39msrc\lib\payments\core\paymentEvent.ts:184:7[90m)[39m
    at [90mc:\Users\RYZEN\.antigravity-ide\HandicapLab\[39mtests\payments.test.ts:281:7
    at [90mfile:///c:/Users/RYZEN/.antigravity-ide/HandicapLab/[39mnode_modules/[4m@vitest/runner[24m/dist/index.js:533:5
    at runTest [90m(file:///c:/Users/RYZEN/.antigravity-ide/HandicapLab/[39mnode_modules/[4m@vitest/runner[24m/dist/index.js:1056:11[90m)[39m
    at runSuite [90m(file:///c:/Users/RYZEN/.antigravity-ide/HandicapLab/[39mnode_modules/[4m@vitest/runner[24m/dist/index.js:1205:15[90m)[39m
    at runSuite [90m(file:///c:/Users/RYZEN/.antigravity-ide/HandicapLab/[39mnode_modules/[4m@vitest/runner[24m/dist/index.js:1205:15[90m)[39m
    at runSuite [90m(file:///c:/Users/RYZEN/.antigravity-ide/HandicapLab/[39mnode_modules/[4m@vitest/runner[24m/dist/index.js:1205:15[90m)[39m
    at runFiles [90m(file:///c:/Users/RYZEN/.antigravity-ide/HandicapLab/[39mnode_modules/[4m@vitest/runner[24m/dist/index.js:1262:5[90m)[39m

[90mstderr[2m | tests/payments.test.ts[2m > [22m[2mHardened Payment Infrastructure[2m > [22m[2mUnified Payment Event Processing[2m > [22m[2mshould fail if founder slots are full
[22m[39m[Payment Processor] Failed to process event evt_stripe_123: Error: Founder campaign slots are full
    at Module.paymentEventProcessor [90m(c:\Users\RYZEN\.antigravity-ide\HandicapLab\[39msrc\lib\payments\core\paymentEvent.ts:174:19[90m)[39m
[90m    at processTicksAndRejections (node:internal/process/task_queues:104:5)[39m
    at [90mc:\Users\RYZEN\.antigravity-ide\HandicapLab\[39mtests\payments.test.ts:321:7
    at [90mfile:///c:/Users/RYZEN/.antigravity-ide/HandicapLab/[39mnode_modules/[4m@vitest/runner[24m/dist/index.js:533:5
    at runTest [90m(file:///c:/Users/RYZEN/.antigravity-ide/HandicapLab/[39mnode_modules/[4m@vitest/runner[24m/dist/index.js:1056:11[90m)[39m
    at runSuite [90m(file:///c:/Users/RYZEN/.antigravity-ide/HandicapLab/[39mnode_modules/[4m@vitest/runner[24m/dist/index.js:1205:15[90m)[39m
    at runSuite [90m(file:///c:/Users/RYZEN/.antigravity-ide/HandicapLab/[39mnode_modules/[4m@vitest/runner[24m/dist/index.js:1205:15[90m)[39m
    at runSuite [90m(file:///c:/Users/RYZEN/.antigravity-ide/HandicapLab/[39mnode_modules/[4m@vitest/runner[24m/dist/index.js:1205:15[90m)[39m
    at runFiles [90m(file:///c:/Users/RYZEN/.antigravity-ide/HandicapLab/[39mnode_modules/[4m@vitest/runner[24m/dist/index.js:1262:5[90m)[39m
    at startTests [90m(file:///c:/Users/RYZEN/.antigravity-ide/HandicapLab/[39mnode_modules/[4m@vitest/runner[24m/dist/index.js:1271:3[90m)[39m

 [32m✓[39m tests/pipeline/adapters.test.ts [2m([22m[2m28 tests[22m[2m)[22m[90m 21[2mms[22m[39m
 [32m✓[39m tests/payments.test.ts [2m([22m[2m10 tests[22m[2m)[22m[90m 47[2mms[22m[39m
[90mstdout[2m | tests/model_health_monitor.test.ts
[22m[39m[Supabase Server Client] Initializing with URL: https://rgkrfzxipkrwqccfuqfq.supabase.co

[90mstdout[2m | tests/phase33a.test.ts[2m > [22m[2mPhase 33A: Retention Core Layer Integration Tests[2m > [22m[2mPart 4 & 5 & 6: Events, Alert Service & Daily Digest[2m > [22m[2mshould successfully run digest cron returning digestsCount
[22m[39m[NotificationService] Sending Daily Digest to User user_free_1 (FREE):
  Signals Count: 1
  Content preview: 
          <h1>HandicapLab Daily Digest Summary</h1>
          <p>HandicapLab quantitative models id...
[NotificationService] Sending Daily Digest to User user_premium_1 (PREMIUM):
  Signals Count: 1
  Content preview: 
          <h1>HandicapLab Daily Premium Digest</h1>
          <p>Here are your detailed positive EV...

 [32m✓[39m tests/phase33a.test.ts [2m([22m[2m5 tests[22m[2m)[22m[90m 27[2mms[22m[39m
[90mstdout[2m | tests/audit.test.ts[2m > [22m[2mImmutable Signal Audit Layer & Performance Integrity[2m > [22m[2mAudit Event Integration[2m > [22m[2m1. signal creation creates audit event
[22m[39m[SignalScanner] Saving batch of 1 signals for match Chelsea vs Arsenal...
[SignalScanner] Successfully batch inserted 1 signals.

[90mstdout[2m | tests/trust-layer.test.ts[2m > [22m[2mTrust Layer & Auditing Hardening Pass[2m > [22m[2mAuditing Tracing & Correlation[2m > [22m[2m1. signal scanner logs SIGNAL_CREATED with source and correlation_id
[22m[39m[SignalScanner] Saving batch of 1 signals for match Juventus vs Inter...
[SignalScanner] Successfully batch inserted 1 signals.

 [32m✓[39m src/lib/engine/__tests__/engine.test.ts [2m([22m[2m16 tests[22m[2m)[22m[90m 11[2mms[22m[39m
[90mstdout[2m | tests/audit.test.ts[2m > [22m[2mImmutable Signal Audit Layer & Performance Integrity[2m > [22m[2mAudit Event Integration[2m > [22m[2m2. odds movement creates audit event
[22m[39m[CaptureOdds Cron] Checking pending signals with kickoff in range: [2026-07-10T08:30:34.551Z, 2026-07-12T08:30:34.551Z]
[CaptureOdds Cron] Found 1 pending signals to capture closing odds for.
[CaptureOdds Cron] Updated signal sig_456 - Closing Odds: 1.8, Line: -0.5, CLV: 8.33%
[OddsIngestionContext] flushed — execution: 4fe55516-785b-45ce-abb2-ec039ce69008 | cron: capture-odds | received: 1 | enriched: 1 | rejected: 0 | signals: 0 | no-odds fixtures: 0

[90mstdout[2m | tests/trust-layer.test.ts[2m > [22m[2mTrust Layer & Auditing Hardening Pass[2m > [22m[2mAuditing Tracing & Correlation[2m > [22m[2m2. odds capture reuse correlation_id and attach source
[22m[39m[CaptureOdds Cron] Checking pending signals with kickoff in range: [2026-07-10T08:30:34.552Z, 2026-07-12T08:30:34.552Z]
[CaptureOdds Cron] Found 1 pending signals to capture closing odds for.
[CaptureOdds Cron] Updated signal sig_002 - Closing Odds: 1.85, Line: -0.5, CLV: 2.70%
[OddsIngestionContext] flushed — execution: 560a82b5-fed4-4800-86f2-57fda78a3683 | cron: capture-odds | received: 1 | enriched: 1 | rejected: 0 | signals: 0 | no-odds fixtures: 0

[90mstderr[2m | tests/audit.test.ts[2m > [22m[2mImmutable Signal Audit Layer & Performance Integrity[2m > [22m[2mAudit Event Integration[2m > [22m[2m2. odds movement creates audit event
[22m[39m[TelegramAlert] (Disabled - config missing) Message: Production Health Degraded!

<b>Stale Data Ingestion:</b>
- FIFA World Cup (international_tournament): Fixtures stale (N/Ah vs limit 3h). Odds stale (N/Ah vs limit 3h).
- UEFA Champions League (champions_league): Fixtures stale (N/Ah vs limit 4h). Odds stale (N/Ah vs limit 4h).
- UEFA Europa League (champions_league): Fixtures stale (N/Ah vs limit 4h). Odds stale (N/Ah vs limit 4h).
- Premier League (top_domestic): Fixtures stale (N/Ah vs limit 6h). Odds stale (N/Ah vs limit 6h).
- La Liga (top_domestic): Fixtures stale (N/Ah vs limit 6h). Odds stale (N/Ah vs limit 6h).
- Serie A (top_domestic): Fixtures stale (N/Ah vs limit 6h). Odds stale (N/Ah vs limit 6h).
- Bundesliga (top_domestic): Fixtures stale (N/Ah vs limit 6h). Odds stale (N/Ah vs limit 6h).
- Ligue 1 (top_domestic): Fixtures stale (N/Ah vs limit 6h). Odds stale (N/Ah vs limit 6h).
- UEFA Conference League (champions_league): Fixtures stale (N/Ah vs limit 4h). Odds stale (N/Ah vs limit 4h).
- UEFA Champions League Qualification (champions_league): Fixtures stale (N/Ah vs limit 4h). Odds stale (N/Ah vs limit 4h).
- UEFA Europa League Qualification (champions_league): Fixtures stale (N/Ah vs limit 4h). Odds stale (N/Ah vs limit 4h).
- UEFA Conference League Qualification (champions_league): Fixtures stale (N/Ah vs limit 4h). Odds stale (N/Ah vs limit 4h).
- Norway Eliteserien (top_domestic): Fixtures stale (N/Ah vs limit 6h). Odds stale (N/Ah vs limit 6h).
- Sweden Allsvenskan (top_domestic): Fixtures stale (N/Ah vs limit 6h). Odds stale (N/Ah vs limit 6h).
- Denmark Superliga (top_domestic): Fixtures stale (N/Ah vs limit 6h). Odds stale (N/Ah vs limit 6h).
- Finland Veikkausliiga (top_domestic): Fixtures stale (N/Ah vs limit 6h). Odds stale (N/Ah vs limit 6h).
- Iceland Besta deild (top_domestic): Fixtures stale (N/Ah vs limit 6h). Odds stale (N/Ah vs limit 6h).
- Ireland Premier Division (top_domestic): Fixtures stale (N/Ah vs limit 6h). Odds stale (N/Ah vs limit 6h).
- Brazil Serie A (top_domestic): Fixtures stale (N/Ah vs limit 6h). Odds stale (N/Ah vs limit 6h).
- Argentina Primera Division (top_domestic): Fixtures stale (N/Ah vs limit 6h). Odds stale (N/Ah vs limit 6h).
- Chile Primera Division (top_domestic): Fixtures stale (N/Ah vs limit 6h). Odds stale (N/Ah vs limit 6h).
- Colombia Primera A (top_domestic): Fixtures stale (N/Ah vs limit 6h). Odds stale (N/Ah vs limit 6h).
- Ecuador Liga Pro (top_domestic): Fixtures stale (N/Ah vs limit 6h). Odds stale (N/Ah vs limit 6h).
- Uruguay Primera Division (top_domestic): Fixtures stale (N/Ah vs limit 6h). Odds stale (N/Ah vs limit 6h).
- Paraguay Primera Division (top_domestic): Fixtures stale (N/Ah vs limit 6h). Odds stale (N/Ah vs limit 6h).
- Peru Liga 1 (top_domestic): Fixtures stale (N/Ah vs limit 6h). Odds stale (N/Ah vs limit 6h).
- Japan J1 League (top_domestic): Fixtures stale (N/Ah vs limit 6h). Odds stale (N/Ah vs limit 6h).
- K League (top_domestic): Fixtures stale (N/Ah vs limit 6h). Odds stale (N/Ah vs limit 6h).
- China Super League (top_domestic): Fixtures stale (N/Ah vs limit 6h). Odds stale (N/Ah vs limit 6h).
- Saudi Pro League (top_domestic): Fixtures stale (N/Ah vs limit 6h). Odds stale (N/Ah vs limit 6h).
- UAE Pro League (top_domestic): Fixtures stale (N/Ah vs limit 6h). Odds stale (N/Ah vs limit 6h).
- Qatar Stars League (top_domestic): Fixtures stale (N/Ah vs limit 6h). Odds stale (N/Ah vs limit 6h).
- Thailand League (top_domestic): Fixtures stale (N/Ah vs limit 6h). Odds stale (N/Ah vs limit 6h).
- Indonesia Liga 1 (top_domestic): Fixtures stale (N/Ah vs limit 6h). Odds stale (N/Ah vs limit 6h).
- MLS (top_domestic): Fixtures stale (N/Ah vs limit 6h). Odds stale (N/Ah vs limit 6h).



[90mstderr[2m | tests/trust-layer.test.ts[2m > [22m[2mTrust Layer & Auditing Hardening Pass[2m > [22m[2mAuditing Tracing & Correlation[2m > [22m[2m2. odds capture reuse correlation_id and attach source
[22m[39m[TelegramAlert] (Disabled - config missing) Message: Production Health Degraded!

<b>Stale Data Ingestion:</b>
- FIFA World Cup (international_tournament): Fixtures stale (N/Ah vs limit 3h). Odds stale (N/Ah vs limit 3h).
- UEFA Champions League (champions_league): Fixtures stale (N/Ah vs limit 4h). Odds stale (N/Ah vs limit 4h).
- UEFA Europa League (champions_league): Fixtures stale (N/Ah vs limit 4h). Odds stale (N/Ah vs limit 4h).
- Premier League (top_domestic): Fixtures stale (N/Ah vs limit 6h). Odds stale (N/Ah vs limit 6h).
- La Liga (top_domestic): Fixtures stale (N/Ah vs limit 6h). Odds stale (N/Ah vs limit 6h).
- Serie A (top_domestic): Fixtures stale (N/Ah vs limit 6h). Odds stale (N/Ah vs limit 6h).
- Bundesliga (top_domestic): Fixtures stale (N/Ah vs limit 6h). Odds stale (N/Ah vs limit 6h).
- Ligue 1 (top_domestic): Fixtures stale (N/Ah vs limit 6h). Odds stale (N/Ah vs limit 6h).
- UEFA Conference League (champions_league): Fixtures stale (N/Ah vs limit 4h). Odds stale (N/Ah vs limit 4h).
- UEFA Champions League Qualification (champions_league): Fixtures stale (N/Ah vs limit 4h). Odds stale (N/Ah vs limit 4h).
- UEFA Europa League Qualification (champions_league): Fixtures stale (N/Ah vs limit 4h). Odds stale (N/Ah vs limit 4h).
- UEFA Conference League Qualification (champions_league): Fixtures stale (N/Ah vs limit 4h). Odds stale (N/Ah vs limit 4h).
- Norway Eliteserien (top_domestic): Fixtures stale (N/Ah vs limit 6h). Odds stale (N/Ah vs limit 6h).
- Sweden Allsvenskan (top_domestic): Fixtures stale (N/Ah vs limit 6h). Odds stale (N/Ah vs limit 6h).
- Denmark Superliga (top_domestic): Fixtures stale (N/Ah vs limit 6h). Odds stale (N/Ah vs limit 6h).
- Finland Veikkausliiga (top_domestic): Fixtures stale (N/Ah vs limit 6h). Odds stale (N/Ah vs limit 6h).
- Iceland Besta deild (top_domestic): Fixtures stale (N/Ah vs limit 6h). Odds stale (N/Ah vs limit 6h).
- Ireland Premier Division (top_domestic): Fixtures stale (N/Ah vs limit 6h). Odds stale (N/Ah vs limit 6h).
- Brazil Serie A (top_domestic): Fixtures stale (N/Ah vs limit 6h). Odds stale (N/Ah vs limit 6h).
- Argentina Primera Division (top_domestic): Fixtures stale (N/Ah vs limit 6h). Odds stale (N/Ah vs limit 6h).
- Chile Primera Division (top_domestic): Fixtures stale (N/Ah vs limit 6h). Odds stale (N/Ah vs limit 6h).
- Colombia Primera A (top_domestic): Fixtures stale (N/Ah vs limit 6h). Odds stale (N/Ah vs limit 6h).
- Ecuador Liga Pro (top_domestic): Fixtures stale (N/Ah vs limit 6h). Odds stale (N/Ah vs limit 6h).
- Uruguay Primera Division (top_domestic): Fixtures stale (N/Ah vs limit 6h). Odds stale (N/Ah vs limit 6h).
- Paraguay Primera Division (top_domestic): Fixtures stale (N/Ah vs limit 6h). Odds stale (N/Ah vs limit 6h).
- Peru Liga 1 (top_domestic): Fixtures stale (N/Ah vs limit 6h). Odds stale (N/Ah vs limit 6h).
- Japan J1 League (top_domestic): Fixtures stale (N/Ah vs limit 6h). Odds stale (N/Ah vs limit 6h).
- K League (top_domestic): Fixtures stale (N/Ah vs limit 6h). Odds stale (N/Ah vs limit 6h).
- China Super League (top_domestic): Fixtures stale (N/Ah vs limit 6h). Odds stale (N/Ah vs limit 6h).
- Saudi Pro League (top_domestic): Fixtures stale (N/Ah vs limit 6h). Odds stale (N/Ah vs limit 6h).
- UAE Pro League (top_domestic): Fixtures stale (N/Ah vs limit 6h). Odds stale (N/Ah vs limit 6h).
- Qatar Stars League (top_domestic): Fixtures stale (N/Ah vs limit 6h). Odds stale (N/Ah vs limit 6h).
- Thailand League (top_domestic): Fixtures stale (N/Ah vs limit 6h). Odds stale (N/Ah vs limit 6h).
- Indonesia Liga 1 (top_domestic): Fixtures stale (N/Ah vs limit 6h). Odds stale (N/Ah vs limit 6h).
- MLS (top_domestic): Fixtures stale (N/Ah vs limit 6h). Odds stale (N/Ah vs limit 6h).



 [32m✓[39m tests/audit.test.ts [2m([22m[2m6 tests[22m[2m)[22m[90m 264[2mms[22m[39m
 [32m✓[39m tests/trust-layer.test.ts [2m([22m[2m8 tests[22m[2m)[22m[90m 265[2mms[22m[39m
[90mstdout[2m | tests/correlation-trace.test.ts[2m > [22m[2mCorrelation ID Trace & Lifecycle Integrity[2m > [22m[2mshould propagate correlation_id across all tables in a signal lifecycle
[22m[39m[SignalScanner] Saving batch of 1 signals for match Chelsea vs Arsenal...
[SignalScanner] Successfully batch inserted 1 signals.
[CaptureOdds Cron] Checking pending signals with kickoff in range: [2026-07-10T08:30:34.576Z, 2026-07-12T08:30:34.576Z]
[CaptureOdds Cron] Found 1 pending signals to capture closing odds for.
[CaptureOdds Cron] Updated signal sig_life - Closing Odds: 1.8, Line: -0.5, CLV: 8.33%
[OddsIngestionContext] flushed — execution: 5a886e5c-9343-4790-ac0c-79d3d46f5cfa | cron: capture-odds | received: 1 | enriched: 1 | rejected: 0 | signals: 0 | no-odds fixtures: 0

[90mstderr[2m | tests/correlation-trace.test.ts[2m > [22m[2mCorrelation ID Trace & Lifecycle Integrity[2m > [22m[2mshould propagate correlation_id across all tables in a signal lifecycle
[22m[39m[TelegramAlert] (Disabled - config missing) Message: Production Health Degraded!

<b>Stale Data Ingestion:</b>
- FIFA World Cup (international_tournament): Fixtures stale (N/Ah vs limit 3h). Odds stale (N/Ah vs limit 3h).
- UEFA Champions League (champions_league): Fixtures stale (N/Ah vs limit 4h). Odds stale (N/Ah vs limit 4h).
- UEFA Europa League (champions_league): Fixtures stale (N/Ah vs limit 4h). Odds stale (N/Ah vs limit 4h).
- Premier League (top_domestic): Fixtures stale (N/Ah vs limit 6h). Odds stale (N/Ah vs limit 6h).
- La Liga (top_domestic): Fixtures stale (N/Ah vs limit 6h). Odds stale (N/Ah vs limit 6h).
- Serie A (top_domestic): Fixtures stale (N/Ah vs limit 6h). Odds stale (N/Ah vs limit 6h).
- Bundesliga (top_domestic): Fixtures stale (N/Ah vs limit 6h). Odds stale (N/Ah vs limit 6h).
- Ligue 1 (top_domestic): Fixtures stale (N/Ah vs limit 6h). Odds stale (N/Ah vs limit 6h).
- UEFA Conference League (champions_league): Fixtures stale (N/Ah vs limit 4h). Odds stale (N/Ah vs limit 4h).
- UEFA Champions League Qualification (champions_league): Fixtures stale (N/Ah vs limit 4h). Odds stale (N/Ah vs limit 4h).
- UEFA Europa League Qualification (champions_league): Fixtures stale (N/Ah vs limit 4h). Odds stale (N/Ah vs limit 4h).
- UEFA Conference League Qualification (champions_league): Fixtures stale (N/Ah vs limit 4h). Odds stale (N/Ah vs limit 4h).
- Norway Eliteserien (top_domestic): Fixtures stale (N/Ah vs limit 6h). Odds stale (N/Ah vs limit 6h).
- Sweden Allsvenskan (top_domestic): Fixtures stale (N/Ah vs limit 6h). Odds stale (N/Ah vs limit 6h).
- Denmark Superliga (top_domestic): Fixtures stale (N/Ah vs limit 6h). Odds stale (N/Ah vs limit 6h).
- Finland Veikkausliiga (top_domestic): Fixtures stale (N/Ah vs limit 6h). Odds stale (N/Ah vs limit 6h).
- Iceland Besta deild (top_domestic): Fixtures stale (N/Ah vs limit 6h). Odds stale (N/Ah vs limit 6h).
- Ireland Premier Division (top_domestic): Fixtures stale (N/Ah vs limit 6h). Odds stale (N/Ah vs limit 6h).
- Brazil Serie A (top_domestic): Fixtures stale (N/Ah vs limit 6h). Odds stale (N/Ah vs limit 6h).
- Argentina Primera Division (top_domestic): Fixtures stale (N/Ah vs limit 6h). Odds stale (N/Ah vs limit 6h).
- Chile Primera Division (top_domestic): Fixtures stale (N/Ah vs limit 6h). Odds stale (N/Ah vs limit 6h).
- Colombia Primera A (top_domestic): Fixtures stale (N/Ah vs limit 6h). Odds stale (N/Ah vs limit 6h).
- Ecuador Liga Pro (top_domestic): Fixtures stale (N/Ah vs limit 6h). Odds stale (N/Ah vs limit 6h).
- Uruguay Primera Division (top_domestic): Fixtures stale (N/Ah vs limit 6h). Odds stale (N/Ah vs limit 6h).
- Paraguay Primera Division (top_domestic): Fixtures stale (N/Ah vs limit 6h). Odds stale (N/Ah vs limit 6h).
- Peru Liga 1 (top_domestic): Fixtures stale (N/Ah vs limit 6h). Odds stale (N/Ah vs limit 6h).
- Japan J1 League (top_domestic): Fixtures stale (N/Ah vs limit 6h). Odds stale (N/Ah vs limit 6h).
- K League (top_domestic): Fixtures stale (N/Ah vs limit 6h). Odds stale (N/Ah vs limit 6h).
- China Super League (top_domestic): Fixtures stale (N/Ah vs limit 6h). Odds stale (N/Ah vs limit 6h).
- Saudi Pro League (top_domestic): Fixtures stale (N/Ah vs limit 6h). Odds stale (N/Ah vs limit 6h).
- UAE Pro League (top_domestic): Fixtures stale (N/Ah vs limit 6h). Odds stale (N/Ah vs limit 6h).
- Qatar Stars League (top_domestic): Fixtures stale (N/Ah vs limit 6h). Odds stale (N/Ah vs limit 6h).
- Thailand League (top_domestic): Fixtures stale (N/Ah vs limit 6h). Odds stale (N/Ah vs limit 6h).
- Indonesia Liga 1 (top_domestic): Fixtures stale (N/Ah vs limit 6h). Odds stale (N/Ah vs limit 6h).
- MLS (top_domestic): Fixtures stale (N/Ah vs limit 6h). Odds stale (N/Ah vs limit 6h).



 [32m✓[39m tests/correlation-trace.test.ts [2m([22m[2m2 tests[22m[2m)[22m[90m 27[2mms[22m[39m
[90mstdout[2m | tests/monetization.test.ts[2m > [22m[2mMonetization Modules[2m > [22m[2mBilling adapters[2m > [22m[2mshould generate Stripe checkout links
[22m[39m[Stripe] Creating checkout session for user user-123, tier PRO

[90mstdout[2m | tests/monetization.test.ts[2m > [22m[2mMonetization Modules[2m > [22m[2mBilling adapters[2m > [22m[2mshould generate LemonSqueezy checkout links
[22m[39m[LemonSqueezy] Creating checkout session for user user-123, tier PRO

[90mstdout[2m | tests/monetization.test.ts[2m > [22m[2mMonetization Modules[2m > [22m[2mBilling adapters[2m > [22m[2mshould generate Crypto deposit session details
[22m[39m[Crypto] Generating deposit address for user user-123, tier PRO

[90mstdout[2m | tests/monetization.test.ts[2m > [22m[2mMonetization Modules[2m > [22m[2mBilling adapters[2m > [22m[2mshould generate Regional billing links
[22m[39m[RegionalBilling] Creating regional pricing checkout session for user user-123, tier PRO

 [32m✓[39m tests/monetization.test.ts [2m([22m[2m12 tests[22m[2m)[22m[90m 11[2mms[22m[39m
[90mstderr[2m | tests/model_health_monitor.test.ts[2m > [22m[2mModule 3: Model Health Monitor[2m > [22m[2mModelHealthMonitor (full pipeline)[2m > [22m[2mshould return HEALTHY for a clean snapshot
[22m[39mAlert lookup error: Invalid API key

[90mstderr[2m | tests/model_health_monitor.test.ts[2m > [22m[2mModule 3: Model Health Monitor[2m > [22m[2mModelHealthMonitor (full pipeline)[2m > [22m[2mshould return DEGRADED and emit events for a bad snapshot
[22m[39mAlert lookup error: Invalid API key

 [32m✓[39m tests/signal-feed.test.ts [2m([22m[2m7 tests[22m[2m)[22m[90m 19[2mms[22m[39m
[90mstderr[2m | tests/model_health_monitor.test.ts[2m > [22m[2mModule 3: Model Health Monitor[2m > [22m[2mModelHealthMonitor (full pipeline)[2m > [22m[2mshould write an immutable snapshot after each run
[22m[39mAlert lookup error: Invalid API key

 [32m✓[39m tests/model_health_monitor.test.ts [2m([22m[2m18 tests[22m[2m)[22m[33m 563[2mms[22m[39m
   [33m[2m✓[22m[39m Module 3: Model Health Monitor[2m > [22mModelHealthMonitor (full pipeline)[2m > [22mshould return HEALTHY for a clean snapshot [33m398[2mms[22m[39m
 [32m✓[39m tests/decision-engine-v1/gold-dataset.test.ts [2m([22m[2m8 tests[22m[2m)[22m[90m 34[2mms[22m[39m
 [32m✓[39m tests/probability-engine.test.ts [2m([22m[2m9 tests[22m[2m)[22m[90m 18[2mms[22m[39m
[90mstdout[2m | tests/decision-engine-v1/shadow-mode.test.ts
[22m[39m[Supabase Server Client] Initializing with URL: https://rgkrfzxipkrwqccfuqfq.supabase.co

 [32m✓[39m src/lib/pipeline/contracts/__tests__/contracts.test.ts [2m([22m[2m25 tests[22m[2m)[22m[90m 16[2mms[22m[39m
 [32m✓[39m tests/explainability.test.ts [2m([22m[2m10 tests[22m[2m)[22m[90m 13[2mms[22m[39m
 [32m✓[39m tests/phase8.6.test.ts [2m([22m[2m8 tests[22m[2m)[22m[90m 18[2mms[22m[39m
[90mstdout[2m | tests/decision-engine-v1/shadow-mode.test.ts[2m > [22m[2mSprint 24: Shadow Mode Event-Driven Trading Tests[2m > [22m[2mshould process prediction event successfully and record to ledger
[22m[39m[EventQueue] Event subscribers successfully initialized.
[EventQueue] Event published: fixture.created | Job ID: 763ae4a6-bb8a-4ae8-b4e6-4320c02f33b2 | Correlation ID: 446735bc-cc27-4768-bb46-0f1b849e3d39
[EventQueue] Processing job 763ae4a6-bb8a-4ae8-b4e6-4320c02f33b2 | Type: fixture.created | Correlation ID: 446735bc-cc27-4768-bb46-0f1b849e3d39
[PredictionWorker] [correlation_id=446735bc-cc27-4768-bb46-0f1b849e3d39] Processing fixture event for match: shadow-match-123 | Worker: PredictionWorker

[90mstderr[2m | tests/phase35.3.test.ts[2m > [22m[2mPhase 35.3: Real Data Validation & Shadow Mode tests[2m > [22m[2mPart 1 & 2: Shadow Mode Runner & Groupings[2m > [22m[2mshould query upcoming matches, calculate internal signals, and insert to shadow_predictions
[22m[39mSkipping invalid market data {
  fixtureId: [32m'match-1'[39m,
  homeTeam: [32m'Brazil'[39m,
  awayTeam: [32m'Germany'[39m,
  market: [32m'AH'[39m,
  rawOdds: [33m1.95[39m,
  rawProbability: {
    [32m'-1.5'[39m: [33m0.9925[39m,
    [32m'-1.0'[39m: [33m0.9935[39m,
    [32m'-0.5'[39m: [33m0.9935[39m,
    [32m'0.0'[39m: [33m0.9947[39m,
    [32m'+0.5'[39m: [33m0.9947[39m,
    [32m'+1.0'[39m: [33m0.9956[39m,
    [32m'+1.5'[39m: [33m0.9957[39m
  }
}
Skipping invalid market data {
  fixtureId: [32m'match-1'[39m,
  homeTeam: [32m'Brazil'[39m,
  awayTeam: [32m'Germany'[39m,
  market: [32m'OU'[39m,
  rawOdds: [33m1.95[39m,
  rawProbability: {
    [32m'0.5'[39m: [33m0.9999[39m,
    [32m'1.5'[39m: [33m0.9997[39m,
    [32m'2.5'[39m: [33m0.9993[39m,
    [32m'3.5'[39m: [33m0.999[39m,
    [32m'4.5'[39m: [33m0.9985[39m
  }
}

 [32m✓[39m tests/phase35.3.test.ts [2m([22m[2m2 tests[22m[2m)[22m[90m 22[2mms[22m[39m
 [32m✓[39m tests/sprint6-integration.test.ts [2m([22m[2m7 tests[22m[2m)[22m[90m 12[2mms[22m[39m
[90mstdout[2m | tests/decision-engine-v1/shadow-mode.test.ts[2m > [22m[2mSprint 24: Shadow Mode Event-Driven Trading Tests[2m > [22m[2mshould process prediction event successfully and record to ledger
[22m[39m[SnapshotLocker] Immutable snapshot locked for match: shadow-match-123 | Hash: 7128154771dcd14213040e76fa5e693bdc43c54714784fc5d54b4c7990d79711

 [32m✓[39m tests/trust-dashboard.test.ts [2m([22m[2m4 tests[22m[2m)[22m[90m 22[2mms[22m[39m
[90mstderr[2m | tests/api-endpoints.test.ts[2m > [22m[2mNew API Endpoints[2m > [22m[2m/api/fixtures should return a list of matches
[22m[39m[RateLimit] Exception in rate limiter: TypeError: __vite_ssr_import_0__.supabase.from(...).delete is not a function
    at Module.isRateLimited [90m(c:\Users\RYZEN\.antigravity-ide\HandicapLab\[39msrc\lib\pricing\rate-limit.ts:21:8[90m)[39m
    at Module.GET [90m(c:\Users\RYZEN\.antigravity-ide\HandicapLab\[39msrc\app\api\fixtures\route.ts:49:15[90m)[39m
[90m    at processTicksAndRejections (node:internal/process/task_queues:104:5)[39m
    at [90mc:\Users\RYZEN\.antigravity-ide\HandicapLab\[39mtests\api-endpoints.test.ts:60:17
    at [90mfile:///c:/Users/RYZEN/.antigravity-ide/HandicapLab/[39mnode_modules/[4m@vitest/runner[24m/dist/index.js:533:5
    at runTest [90m(file:///c:/Users/RYZEN/.antigravity-ide/HandicapLab/[39mnode_modules/[4m@vitest/runner[24m/dist/index.js:1056:11[90m)[39m
    at runSuite [90m(file:///c:/Users/RYZEN/.antigravity-ide/HandicapLab/[39mnode_modules/[4m@vitest/runner[24m/dist/index.js:1205:15[90m)[39m
    at runSuite [90m(file:///c:/Users/RYZEN/.antigravity-ide/HandicapLab/[39mnode_modules/[4m@vitest/runner[24m/dist/index.js:1205:15[90m)[39m
    at runFiles [90m(file:///c:/Users/RYZEN/.antigravity-ide/HandicapLab/[39mnode_modules/[4m@vitest/runner[24m/dist/index.js:1262:5[90m)[39m
    at startTests [90m(file:///c:/Users/RYZEN/.antigravity-ide/HandicapLab/[39mnode_modules/[4m@vitest/runner[24m/dist/index.js:1271:3[90m)[39m

 [32m✓[39m tests/api-endpoints.test.ts [2m([22m[2m6 tests[22m[2m)[22m[90m 35[2mms[22m[39m
 [32m✓[39m tests/attribution.test.ts [2m([22m[2m7 tests[22m[2m)[22m[90m 14[2mms[22m[39m
 [32m✓[39m tests/integration/pipeline.test.ts [2m([22m[2m11 tests[22m[2m)[22m[90m 56[2mms[22m[39m
[90mstdout[2m | tests/decision-engine-v1/shadow-mode.test.ts[2m > [22m[2mSprint 24: Shadow Mode Event-Driven Trading Tests[2m > [22m[2mshould process prediction event successfully and record to ledger
[22m[39m[PredictionLedgerRepository] Appended prediction. DB Success: false | Hash: 4c5bdb1b02f105002ae9dfe1acf97de08ccca4f219846621d0c03c051349fe60
[PredictionWorker] [correlation_id=446735bc-cc27-4768-bb46-0f1b849e3d39] Successfully generated prediction snapshot and ledger write for match: shadow-match-123 | Hash: 4c5bdb1b02f105002ae9dfe1acf97de08ccca4f219846621d0c03c051349fe60
[EventQueue] Job completed successfully: 763ae4a6-bb8a-4ae8-b4e6-4320c02f33b2 | Time elapsed: 357ms

 [32m✓[39m tests/decision-engine-v1/market-intelligence.test.ts [2m([22m[2m11 tests[22m[2m)[22m[90m 18[2mms[22m[39m
[90mstdout[2m | tests/decision-engine-v1/shadow-mode.test.ts[2m > [22m[2mSprint 24: Shadow Mode Event-Driven Trading Tests[2m > [22m[2mshould enforce idempotency and never create duplicate predictions for same event
[22m[39m[EventQueue] Event subscribers successfully initialized.
[EventQueue] Event published: fixture.created | Job ID: f725f2fe-ee1b-4890-8efb-cf6ec5ebb57b | Correlation ID: f3ac0947-f8e1-4aba-b836-6e849b5a3b5d
[EventQueue] Processing job f725f2fe-ee1b-4890-8efb-cf6ec5ebb57b | Type: fixture.created | Correlation ID: f3ac0947-f8e1-4aba-b836-6e849b5a3b5d
[PredictionWorker] [correlation_id=f3ac0947-f8e1-4aba-b836-6e849b5a3b5d] Processing fixture event for match: shadow-match-123 | Worker: PredictionWorker
[EventQueue] Idempotent hit for key: idemp-key-2. Reusing job ID: f725f2fe-ee1b-4890-8efb-cf6ec5ebb57b

[90mstdout[2m | tests/decision-engine-v1/shadow-mode.test.ts[2m > [22m[2mSprint 24: Shadow Mode Event-Driven Trading Tests[2m > [22m[2mshould enforce idempotency and never create duplicate predictions for same event
[22m[39m[SnapshotLocker] Immutable snapshot locked for match: shadow-match-123 | Hash: 7128154771dcd14213040e76fa5e693bdc43c54714784fc5d54b4c7990d79711

[90mstdout[2m | tests/crons.test.ts[2m > [22m[2mCron Infrastructure[2m > [22m[2mPrediction Cron[2m > [22m[2mruns prediction pipeline and stores prediction + snapshot
[22m[39m[LedgerV2] Successfully recorded dual-write ledger entry: cbbbf695-268b-44f0-a68b-4542d2d92d8e
[LedgerV2] Successfully recorded dual-write ledger entry: 7813585c-18bb-4383-9884-9ca1b47e6aef
[LedgerV2] Successfully recorded dual-write ledger entry: f16b0ced-2472-46ef-b098-e7393a4b82bd

 [32m✓[39m tests/crons.test.ts [2m([22m[2m3 tests[22m[2m)[22m[90m 85[2mms[22m[39m
[90mstdout[2m | tests/decision-engine-v1/shadow-mode.test.ts[2m > [22m[2mSprint 24: Shadow Mode Event-Driven Trading Tests[2m > [22m[2mshould enforce idempotency and never create duplicate predictions for same event
[22m[39m[PredictionLedgerRepository] Appended prediction. DB Success: false | Hash: 4c5bdb1b02f105002ae9dfe1acf97de08ccca4f219846621d0c03c051349fe60
[PredictionWorker] [correlation_id=f3ac0947-f8e1-4aba-b836-6e849b5a3b5d] Successfully generated prediction snapshot and ledger write for match: shadow-match-123 | Hash: 4c5bdb1b02f105002ae9dfe1acf97de08ccca4f219846621d0c03c051349fe60
[EventQueue] Job completed successfully: f725f2fe-ee1b-4890-8efb-cf6ec5ebb57b | Time elapsed: 137ms

 [32m✓[39m tests/decision-engine-v1/data-platform.test.ts [2m([22m[2m13 tests[22m[2m)[22m[90m 50[2mms[22m[39m
 [32m✓[39m tests/competition-intelligence.test.ts [2m([22m[2m3 tests[22m[2m)[22m[90m 18[2mms[22m[39m
 [32m✓[39m tests/odds-integrity.test.ts [2m([22m[2m4 tests[22m[2m)[22m[90m 13[2mms[22m[39m
[90mstdout[2m | tests/decision-engine-v1/shadow-mode.test.ts[2m > [22m[2mSprint 24: Shadow Mode Event-Driven Trading Tests[2m > [22m[2mshould enforce immutability on snapshot lock
[22m[39m[SnapshotLocker] Immutable snapshot locked for match: shadow-match-999 | Hash: 9df396ce924a52be0d775b8b0c86681f850ef4041f70d08b0545cb327c4c7271

[90mstdout[2m | tests/decision-engine-v1/shadow-mode.test.ts[2m > [22m[2mSprint 24: Shadow Mode Event-Driven Trading Tests[2m > [22m[2mshould process match.finished result events and correctly settle predictions in ledger
[22m[39m[EventQueue] Event subscribers successfully initialized.
[EventQueue] Event published: fixture.created | Job ID: 4c89e3f1-c6c5-4eb0-abb0-8a2ebc37ae3e | Correlation ID: 405fe979-e3c3-419f-abae-31e40204e2b6
[EventQueue] Processing job 4c89e3f1-c6c5-4eb0-abb0-8a2ebc37ae3e | Type: fixture.created | Correlation ID: 405fe979-e3c3-419f-abae-31e40204e2b6
[PredictionWorker] [correlation_id=405fe979-e3c3-419f-abae-31e40204e2b6] Processing fixture event for match: shadow-match-555 | Worker: PredictionWorker

[90mstdout[2m | tests/decision-engine-v1/shadow-mode.test.ts[2m > [22m[2mSprint 24: Shadow Mode Event-Driven Trading Tests[2m > [22m[2mshould process match.finished result events and correctly settle predictions in ledger
[22m[39m[SnapshotLocker] Immutable snapshot locked for match: shadow-match-555 | Hash: 7128154771dcd14213040e76fa5e693bdc43c54714784fc5d54b4c7990d79711

[90mstdout[2m | tests/decision-engine-v1/shadow-mode.test.ts[2m > [22m[2mSprint 24: Shadow Mode Event-Driven Trading Tests[2m > [22m[2mshould process match.finished result events and correctly settle predictions in ledger
[22m[39m[PredictionLedgerRepository] Appended prediction. DB Success: false | Hash: 34ab28036d4f13a0574c1f51ea1680dd14f16999dbb11e206ae0a0f1bc6c8f4e
[PredictionWorker] [correlation_id=405fe979-e3c3-419f-abae-31e40204e2b6] Successfully generated prediction snapshot and ledger write for match: shadow-match-555 | Hash: 34ab28036d4f13a0574c1f51ea1680dd14f16999dbb11e206ae0a0f1bc6c8f4e
[EventQueue] Job completed successfully: 4c89e3f1-c6c5-4eb0-abb0-8a2ebc37ae3e | Time elapsed: 141ms
[EventQueue] Event published: match.finished | Job ID: e7715b95-5c53-4419-b46f-783c36a15b6a | Correlation ID: 402604c7-a96b-40de-a129-03db20de2d71
[EventQueue] Processing job e7715b95-5c53-4419-b46f-783c36a15b6a | Type: match.finished | Correlation ID: 402604c7-a96b-40de-a129-03db20de2d71
[ResultReconciler] [correlation_id=402604c7-a96b-40de-a129-03db20de2d71] Processing settlement for match: shadow-match-555 | Score: 2-1

[90mstdout[2m | tests/decision-engine-v1/shadow-mode.test.ts[2m > [22m[2mSprint 24: Shadow Mode Event-Driven Trading Tests[2m > [22m[2mshould process match.finished result events and correctly settle predictions in ledger
[22m[39m[PredictionLedgerRepository] Settled prediction. DB Success: false | Hash: 34ab28036d4f13a0574c1f51ea1680dd14f16999dbb11e206ae0a0f1bc6c8f4e
[ResultReconciler] [correlation_id=402604c7-a96b-40de-a129-03db20de2d71] Settled prediction hash 34ab28036d4f13a0574c1f51ea1680dd14f16999dbb11e206ae0a0f1bc6c8f4e as: won | Profit: 1.8145
[EventQueue] Job completed successfully: e7715b95-5c53-4419-b46f-783c36a15b6a | Time elapsed: 101ms

 [32m✓[39m tests/phase34.test.ts [2m([22m[2m7 tests[22m[2m)[22m[90m 20[2mms[22m[39m
 [32m✓[39m tests/governance.test.ts [2m([22m[2m7 tests[22m[2m)[22m[90m 22[2mms[22m[39m
[90mstdout[2m | tests/decision-engine-v1/shadow-mode.test.ts[2m > [22m[2mSprint 24: Shadow Mode Event-Driven Trading Tests[2m > [22m[2mshould support job retry on transient failures and transition to failed on exhaust
[22m[39m[EventQueue] Event subscribers successfully initialized.
[EventQueue] Event published: transient.fail | Job ID: 14a87578-f162-4aba-9086-2b890b14618e | Correlation ID: 04360118-8fb5-412d-8665-d0333e586d80
[EventQueue] Processing job 14a87578-f162-4aba-9086-2b890b14618e | Type: transient.fail | Correlation ID: 04360118-8fb5-412d-8665-d0333e586d80

[90mstderr[2m | tests/decision-engine-v1/shadow-mode.test.ts[2m > [22m[2mSprint 24: Shadow Mode Event-Driven Trading Tests[2m > [22m[2mshould support job retry on transient failures and transition to failed on exhaust
[22m[39m[EventQueue] Job failed: 14a87578-f162-4aba-9086-2b890b14618e | Error: Transient Database Timeout. Retrying (1/3) in 100ms...

[90mstdout[2m | tests/phase7.test.ts[2m > [22m[2mPhase 7: Dynamic Team Ratings & Market Calibration Engine[2m > [22m[2mUpdate Ratings Cron Route[2m > [22m[2mshould successfully calculate ratings and upsert them with 200
[22m[39m[UpdateRatings Cron] Initiating ratings recalculation pipeline...
[UpdateRatings Cron] Running ratings calculations on 1 recent matches.
[UpdateRatings Cron] Successfully updated strengths for 2 teams.

[90mstderr[2m | tests/phase7.test.ts[2m > [22m[2mPhase 7: Dynamic Team Ratings & Market Calibration Engine[2m > [22m[2mUpdate Ratings Cron Route[2m > [22m[2mshould successfully calculate ratings and upsert them with 200
[22m[39m[TelegramAlert] (Disabled - config missing) Message: Production Health Degraded!

<b>Stale Data Ingestion:</b>
- FIFA World Cup (international_tournament): Fixtures stale (N/Ah vs limit 3h). Odds stale (N/Ah vs limit 3h).
- UEFA Champions League (champions_league): Fixtures stale (N/Ah vs limit 4h). Odds stale (N/Ah vs limit 4h).
- UEFA Europa League (champions_league): Fixtures stale (N/Ah vs limit 4h). Odds stale (N/Ah vs limit 4h).
- Premier League (top_domestic): Fixtures stale (N/Ah vs limit 6h). Odds stale (N/Ah vs limit 6h).
- La Liga (top_domestic): Fixtures stale (N/Ah vs limit 6h). Odds stale (N/Ah vs limit 6h).
- Serie A (top_domestic): Fixtures stale (N/Ah vs limit 6h). Odds stale (N/Ah vs limit 6h).
- Bundesliga (top_domestic): Fixtures stale (N/Ah vs limit 6h). Odds stale (N/Ah vs limit 6h).
- Ligue 1 (top_domestic): Fixtures stale (N/Ah vs limit 6h). Odds stale (N/Ah vs limit 6h).
- UEFA Conference League (champions_league): Fixtures stale (N/Ah vs limit 4h). Odds stale (N/Ah vs limit 4h).
- UEFA Champions League Qualification (champions_league): Fixtures stale (N/Ah vs limit 4h). Odds stale (N/Ah vs limit 4h).
- UEFA Europa League Qualification (champions_league): Fixtures stale (N/Ah vs limit 4h). Odds stale (N/Ah vs limit 4h).
- UEFA Conference League Qualification (champions_league): Fixtures stale (N/Ah vs limit 4h). Odds stale (N/Ah vs limit 4h).
- Norway Eliteserien (top_domestic): Fixtures stale (N/Ah vs limit 6h). Odds stale (N/Ah vs limit 6h).
- Sweden Allsvenskan (top_domestic): Fixtures stale (N/Ah vs limit 6h). Odds stale (N/Ah vs limit 6h).
- Denmark Superliga (top_domestic): Fixtures stale (N/Ah vs limit 6h). Odds stale (N/Ah vs limit 6h).
- Finland Veikkausliiga (top_domestic): Fixtures stale (N/Ah vs limit 6h). Odds stale (N/Ah vs limit 6h).
- Iceland Besta deild (top_domestic): Fixtures stale (N/Ah vs limit 6h). Odds stale (N/Ah vs limit 6h).
- Ireland Premier Division (top_domestic): Fixtures stale (N/Ah vs limit 6h). Odds stale (N/Ah vs limit 6h).
- Brazil Serie A (top_domestic): Fixtures stale (N/Ah vs limit 6h). Odds stale (N/Ah vs limit 6h).
- Argentina Primera Division (top_domestic): Fixtures stale (N/Ah vs limit 6h). Odds stale (N/Ah vs limit 6h).
- Chile Primera Division (top_domestic): Fixtures stale (N/Ah vs limit 6h). Odds stale (N/Ah vs limit 6h).
- Colombia Primera A (top_domestic): Fixtures stale (N/Ah vs limit 6h). Odds stale (N/Ah vs limit 6h).
- Ecuador Liga Pro (top_domestic): Fixtures stale (N/Ah vs limit 6h). Odds stale (N/Ah vs limit 6h).
- Uruguay Primera Division (top_domestic): Fixtures stale (N/Ah vs limit 6h). Odds stale (N/Ah vs limit 6h).
- Paraguay Primera Division (top_domestic): Fixtures stale (N/Ah vs limit 6h). Odds stale (N/Ah vs limit 6h).
- Peru Liga 1 (top_domestic): Fixtures stale (N/Ah vs limit 6h). Odds stale (N/Ah vs limit 6h).
- Japan J1 League (top_domestic): Fixtures stale (N/Ah vs limit 6h). Odds stale (N/Ah vs limit 6h).
- K League (top_domestic): Fixtures stale (N/Ah vs limit 6h). Odds stale (N/Ah vs limit 6h).
- China Super League (top_domestic): Fixtures stale (N/Ah vs limit 6h). Odds stale (N/Ah vs limit 6h).
- Saudi Pro League (top_domestic): Fixtures stale (N/Ah vs limit 6h). Odds stale (N/Ah vs limit 6h).
- UAE Pro League (top_domestic): Fixtures stale (N/Ah vs limit 6h). Odds stale (N/Ah vs limit 6h).
- Qatar Stars League (top_domestic): Fixtures stale (N/Ah vs limit 6h). Odds stale (N/Ah vs limit 6h).
- Thailand League (top_domestic): Fixtures stale (N/Ah vs limit 6h). Odds stale (N/Ah vs limit 6h).
- Indonesia Liga 1 (top_domestic): Fixtures stale (N/Ah vs limit 6h). Odds stale (N/Ah vs limit 6h).
- MLS (top_domestic): Fixtures stale (N/Ah vs limit 6h). Odds stale (N/Ah vs limit 6h).



[90mstdout[2m | tests/phase6.test.ts[2m > [22m[2mPhase 6: Live Paper Trading & CLV Engine Activation[2m > [22m[2mAuthorization check[2m > [22m[2mshould proceed if CRON_SECRET is correct
[22m[39m[GenerateSignals Cron] Starting pipeline. Dry Run: true
[GenerateSignals Cron] Active edge thresholds: AH=3%, OU=4%, ML=5% (Brier: null)
[GenerateSignals DRY RUN COMPLETED] Candidate count: 0
[OddsIngestionContext] flushed — execution: ac8381e7-467e-4085-9fed-6909f70d19d2 | cron: generate-signals | received: 0 | enriched: 0 | rejected: 0 | signals: 0 | no-odds fixtures: 0

 [32m✓[39m tests/phase7.test.ts [2m([22m[2m5 tests[22m[2m)[22m[90m 80[2mms[22m[39m
[90mstderr[2m | tests/phase6.test.ts[2m > [22m[2mPhase 6: Live Paper Trading & CLV Engine Activation[2m > [22m[2mAuthorization check[2m > [22m[2mshould proceed if CRON_SECRET is correct
[22m[39m[GenerateSignals] Error generating ML predictions for match match-1: RangeError: Invalid time value
    at Date.toISOString (<anonymous>)
    at FeatureEngine.build [90m(c:\Users\RYZEN\.antigravity-ide\HandicapLab\[39msrc\lib\engines\feature-engine\index.ts:77:34[90m)[39m
[90m    at processTicksAndRejections (node:internal/process/task_queues:104:5)[39m
    at handleGenerateSignals [90m(c:\Users\RYZEN\.antigravity-ide\HandicapLab\[39msrc\app\api\cron\generate-signals\route.ts:377:30[90m)[39m
    at [90mc:\Users\RYZEN\.antigravity-ide\HandicapLab\[39mtests\phase6.test.ts:184:24
    at [90mfile:///c:/Users/RYZEN/.antigravity-ide/HandicapLab/[39mnode_modules/[4m@vitest/runner[24m/dist/index.js:533:5
    at runTest [90m(file:///c:/Users/RYZEN/.antigravity-ide/HandicapLab/[39mnode_modules/[4m@vitest/runner[24m/dist/index.js:1056:11[90m)[39m
    at runSuite [90m(file:///c:/Users/RYZEN/.antigravity-ide/HandicapLab/[39mnode_modules/[4m@vitest/runner[24m/dist/index.js:1205:15[90m)[39m
    at runSuite [90m(file:///c:/Users/RYZEN/.antigravity-ide/HandicapLab/[39mnode_modules/[4m@vitest/runner[24m/dist/index.js:1205:15[90m)[39m
    at runSuite [90m(file:///c:/Users/RYZEN/.antigravity-ide/HandicapLab/[39mnode_modules/[4m@vitest/runner[24m/dist/index.js:1205:15[90m)[39m
[GenerateSignals] Error generating AH predictions for match match-1: RangeError: Invalid time value
    at Date.toISOString (<anonymous>)
    at FeatureEngine.build [90m(c:\Users\RYZEN\.antigravity-ide\HandicapLab\[39msrc\lib\engines\feature-engine\index.ts:77:34[90m)[39m
[90m    at processTicksAndRejections (node:internal/process/task_queues:104:5)[39m
    at handleGenerateSignals [90m(c:\Users\RYZEN\.antigravity-ide\HandicapLab\[39msrc\app\api\cron\generate-signals\route.ts:377:30[90m)[39m
    at [90mc:\Users\RYZEN\.antigravity-ide\HandicapLab\[39mtests\phase6.test.ts:184:24
    at [90mfile:///c:/Users/RYZEN/.antigravity-ide/HandicapLab/[39mnode_modules/[4m@vitest/runner[24m/dist/index.js:533:5
    at runTest [90m(file:///c:/Users/RYZEN/.antigravity-ide/HandicapLab/[39mnode_modules/[4m@vitest/runner[24m/dist/index.js:1056:11[90m)[39m
    at runSuite [90m(file:///c:/Users/RYZEN/.antigravity-ide/HandicapLab/[39mnode_modules/[4m@vitest/runner[24m/dist/index.js:1205:15[90m)[39m
    at runSuite [90m(file:///c:/Users/RYZEN/.antigravity-ide/HandicapLab/[39mnode_modules/[4m@vitest/runner[24m/dist/index.js:1205:15[90m)[39m
    at runSuite [90m(file:///c:/Users/RYZEN/.antigravity-ide/HandicapLab/[39mnode_modules/[4m@vitest/runner[24m/dist/index.js:1205:15[90m)[39m
[GenerateSignals] Error generating OU predictions for match match-1: RangeError: Invalid time value
    at Date.toISOString (<anonymous>)
    at FeatureEngine.build [90m(c:\Users\RYZEN\.antigravity-ide\HandicapLab\[39msrc\lib\engines\feature-engine\index.ts:77:34[90m)[39m
[90m    at processTicksAndRejections (node:internal/process/task_queues:104:5)[39m
    at handleGenerateSignals [90m(c:\Users\RYZEN\.antigravity-ide\HandicapLab\[39msrc\app\api\cron\generate-signals\route.ts:377:30[90m)[39m
    at [90mc:\Users\RYZEN\.antigravity-ide\HandicapLab\[39mtests\phase6.test.ts:184:24
    at [90mfile:///c:/Users/RYZEN/.antigravity-ide/HandicapLab/[39mnode_modules/[4m@vitest/runner[24m/dist/index.js:533:5
    at runTest [90m(file:///c:/Users/RYZEN/.antigravity-ide/HandicapLab/[39mnode_modules/[4m@vitest/runner[24m/dist/index.js:1056:11[90m)[39m
    at runSuite [90m(file:///c:/Users/RYZEN/.antigravity-ide/HandicapLab/[39mnode_modules/[4m@vitest/runner[24m/dist/index.js:1205:15[90m)[39m
    at runSuite [90m(file:///c:/Users/RYZEN/.antigravity-ide/HandicapLab/[39mnode_modules/[4m@vitest/runner[24m/dist/index.js:1205:15[90m)[39m
    at runSuite [90m(file:///c:/Users/RYZEN/.antigravity-ide/HandicapLab/[39mnode_modules/[4m@vitest/runner[24m/dist/index.js:1205:15[90m)[39m
[GenerateSignals] Error generating ML predictions for match match-1: RangeError: Invalid time value
    at Date.toISOString (<anonymous>)
    at FeatureEngine.build [90m(c:\Users\RYZEN\.antigravity-ide\HandicapLab\[39msrc\lib\engines\feature-engine\index.ts:77:34[90m)[39m
[90m    at processTicksAndRejections (node:internal/process/task_queues:104:5)[39m
    at handleGenerateSignals [90m(c:\Users\RYZEN\.antigravity-ide\HandicapLab\[39msrc\app\api\cron\generate-signals\route.ts:377:30[90m)[39m
    at [90mc:\Users\RYZEN\.antigravity-ide\HandicapLab\[39mtests\phase6.test.ts:184:24
    at [90mfile:///c:/Users/RYZEN/.antigravity-ide/HandicapLab/[39mnode_modules/[4m@vitest/runner[24m/dist/index.js:533:5
    at runTest [90m(file:///c:/Users/RYZEN/.antigravity-ide/HandicapLab/[39mnode_modules/[4m@vitest/runner[24m/dist/index.js:1056:11[90m)[39m
    at runSuite [90m(file:///c:/Users/RYZEN/.antigravity-ide/HandicapLab/[39mnode_modules/[4m@vitest/runner[24m/dist/index.js:1205:15[90m)[39m
    at runSuite [90m(file:///c:/Users/RYZEN/.antigravity-ide/HandicapLab/[39mnode_modules/[4m@vitest/runner[24m/dist/index.js:1205:15[90m)[39m
    at runSuite [90m(file:///c:/Users/RYZEN/.antigravity-ide/HandicapLab/[39mnode_modules/[4m@vitest/runner[24m/dist/index.js:1205:15[90m)[39m
[GenerateSignals] Error generating AH predictions for match match-1: RangeError: Invalid time value
    at Date.toISOString (<anonymous>)
    at FeatureEngine.build [90m(c:\Users\RYZEN\.antigravity-ide\HandicapLab\[39msrc\lib\engines\feature-engine\index.ts:77:34[90m)[39m
[90m    at processTicksAndRejections (node:internal/process/task_queues:104:5)[39m
    at handleGenerateSignals [90m(c:\Users\RYZEN\.antigravity-ide\HandicapLab\[39msrc\app\api\cron\generate-signals\route.ts:377:30[90m)[39m
    at [90mc:\Users\RYZEN\.antigravity-ide\HandicapLab\[39mtests\phase6.test.ts:184:24
    at [90mfile:///c:/Users/RYZEN/.antigravity-ide/HandicapLab/[39mnode_modules/[4m@vitest/runner[24m/dist/index.js:533:5
    at runTest [90m(file:///c:/Users/RYZEN/.antigravity-ide/HandicapLab/[39mnode_modules/[4m@vitest/runner[24m/dist/index.js:1056:11[90m)[39m
    at runSuite [90m(file:///c:/Users/RYZEN/.antigravity-ide/HandicapLab/[39mnode_modules/[4m@vitest/runner[24m/dist/index.js:1205:15[90m)[39m
    at runSuite [90m(file:///c:/Users/RYZEN/.antigravity-ide/HandicapLab/[39mnode_modules/[4m@vitest/runner[24m/dist/index.js:1205:15[90m)[39m
    at runSuite [90m(file:///c:/Users/RYZEN/.antigravity-ide/HandicapLab/[39mnode_modules/[4m@vitest/runner[24m/dist/index.js:1205:15[90m)[39m
[GenerateSignals] Error generating OU predictions for match match-1: RangeError: Invalid time value
    at Date.toISOString (<anonymous>)
    at FeatureEngine.build [90m(c:\Users\RYZEN\.antigravity-ide\HandicapLab\[39msrc\lib\engines\feature-engine\index.ts:77:34[90m)[39m
[90m    at processTicksAndRejections (node:internal/process/task_queues:104:5)[39m
    at handleGenerateSignals [90m(c:\Users\RYZEN\.antigravity-ide\HandicapLab\[39msrc\app\api\cron\generate-signals\route.ts:377:30[90m)[39m
    at [90mc:\Users\RYZEN\.antigravity-ide\HandicapLab\[39mtests\phase6.test.ts:184:24
    at [90mfile:///c:/Users/RYZEN/.antigravity-ide/HandicapLab/[39mnode_modules/[4m@vitest/runner[24m/dist/index.js:533:5
    at runTest [90m(file:///c:/Users/RYZEN/.antigravity-ide/HandicapLab/[39mnode_modules/[4m@vitest/runner[24m/dist/index.js:1056:11[90m)[39m
    at runSuite [90m(file:///c:/Users/RYZEN/.antigravity-ide/HandicapLab/[39mnode_modules/[4m@vitest/runner[24m/dist/index.js:1205:15[90m)[39m
    at runSuite [90m(file:///c:/Users/RYZEN/.antigravity-ide/HandicapLab/[39mnode_modules/[4m@vitest/runner[24m/dist/index.js:1205:15[90m)[39m
    at runSuite [90m(file:///c:/Users/RYZEN/.antigravity-ide/HandicapLab/[39mnode_modules/[4m@vitest/runner[24m/dist/index.js:1205:15[90m)[39m
[GenerateSignals] Error generating ML predictions for match match-1: RangeError: Invalid time value
    at Date.toISOString (<anonymous>)
    at FeatureEngine.build [90m(c:\Users\RYZEN\.antigravity-ide\HandicapLab\[39msrc\lib\engines\feature-engine\index.ts:77:34[90m)[39m
[90m    at processTicksAndRejections (node:internal/process/task_queues:104:5)[39m
    at handleGenerateSignals [90m(c:\Users\RYZEN\.antigravity-ide\HandicapLab\[39msrc\app\api\cron\generate-signals\route.ts:377:30[90m)[39m
    at [90mc:\Users\RYZEN\.antigravity-ide\HandicapLab\[39mtests\phase6.test.ts:184:24
    at [90mfile:///c:/Users/RYZEN/.antigravity-ide/HandicapLab/[39mnode_modules/[4m@vitest/runner[24m/dist/index.js:533:5
    at runTest [90m(file:///c:/Users/RYZEN/.antigravity-ide/HandicapLab/[39mnode_modules/[4m@vitest/runner[24m/dist/index.js:1056:11[90m)[39m
    at runSuite [90m(file:///c:/Users/RYZEN/.antigravity-ide/HandicapLab/[39mnode_modules/[4m@vitest/runner[24m/dist/index.js:1205:15[90m)[39m
    at runSuite [90m(file:///c:/Users/RYZEN/.antigravity-ide/HandicapLab/[39mnode_modules/[4m@vitest/runner[24m/dist/index.js:1205:15[90m)[39m
    at runSuite [90m(file:///c:/Users/RYZEN/.antigravity-ide/HandicapLab/[39mnode_modules/[4m@vitest/runner[24m/dist/index.js:1205:15[90m)[39m
[GenerateSignals] Error generating AH predictions for match match-1: RangeError: Invalid time value
    at Date.toISOString (<anonymous>)
    at FeatureEngine.build [90m(c:\Users\RYZEN\.antigravity-ide\HandicapLab\[39msrc\lib\engines\feature-engine\index.ts:77:34[90m)[39m
[90m    at processTicksAndRejections (node:internal/process/task_queues:104:5)[39m
    at handleGenerateSignals [90m(c:\Users\RYZEN\.antigravity-ide\HandicapLab\[39msrc\app\api\cron\generate-signals\route.ts:377:30[90m)[39m
    at [90mc:\Users\RYZEN\.antigravity-ide\HandicapLab\[39mtests\phase6.test.ts:184:24
    at [90mfile:///c:/Users/RYZEN/.antigravity-ide/HandicapLab/[39mnode_modules/[4m@vitest/runner[24m/dist/index.js:533:5
    at runTest [90m(file:///c:/Users/RYZEN/.antigravity-ide/HandicapLab/[39mnode_modules/[4m@vitest/runner[24m/dist/index.js:1056:11[90m)[39m
    at runSuite [90m(file:///c:/Users/RYZEN/.antigravity-ide/HandicapLab/[39mnode_modules/[4m@vitest/runner[24m/dist/index.js:1205:15[90m)[39m
    at runSuite [90m(file:///c:/Users/RYZEN/.antigravity-ide/HandicapLab/[39mnode_modules/[4m@vitest/runner[24m/dist/index.js:1205:15[90m)[39m
    at runSuite [90m(file:///c:/Users/RYZEN/.antigravity-ide/HandicapLab/[39mnode_modules/[4m@vitest/runner[24m/dist/index.js:1205:15[90m)[39m
[GenerateSignals] Error generating OU predictions for match match-1: RangeError: Invalid time value
    at Date.toISOString (<anonymous>)
    at FeatureEngine.build [90m(c:\Users\RYZEN\.antigravity-ide\HandicapLab\[39msrc\lib\engines\feature-engine\index.ts:77:34[90m)[39m
[90m    at processTicksAndRejections (node:internal/process/task_queues:104:5)[39m
    at handleGenerateSignals [90m(c:\Users\RYZEN\.antigravity-ide\HandicapLab\[39msrc\app\api\cron\generate-signals\route.ts:377:30[90m)[39m
    at [90mc:\Users\RYZEN\.antigravity-ide\HandicapLab\[39mtests\phase6.test.ts:184:24
    at [90mfile:///c:/Users/RYZEN/.antigravity-ide/HandicapLab/[39mnode_modules/[4m@vitest/runner[24m/dist/index.js:533:5
    at runTest [90m(file:///c:/Users/RYZEN/.antigravity-ide/HandicapLab/[39mnode_modules/[4m@vitest/runner[24m/dist/index.js:1056:11[90m)[39m
    at runSuite [90m(file:///c:/Users/RYZEN/.antigravity-ide/HandicapLab/[39mnode_modules/[4m@vitest/runner[24m/dist/index.js:1205:15[90m)[39m
    at runSuite [90m(file:///c:/Users/RYZEN/.antigravity-ide/HandicapLab/[39mnode_modules/[4m@vitest/runner[24m/dist/index.js:1205:15[90m)[39m
    at runSuite [90m(file:///c:/Users/RYZEN/.antigravity-ide/HandicapLab/[39mnode_modules/[4m@vitest/runner[24m/dist/index.js:1205:15[90m)[39m
[GenerateSignals] Error generating ML predictions for match match-1: RangeError: Invalid time value
    at Date.toISOString (<anonymous>)
    at FeatureEngine.build [90m(c:\Users\RYZEN\.antigravity-ide\HandicapLab\[39msrc\lib\engines\feature-engine\index.ts:77:34[90m)[39m
[90m    at processTicksAndRejections (node:internal/process/task_queues:104:5)[39m
    at handleGenerateSignals [90m(c:\Users\RYZEN\.antigravity-ide\HandicapLab\[39msrc\app\api\cron\generate-signals\route.ts:377:30[90m)[39m
    at [90mc:\Users\RYZEN\.antigravity-ide\HandicapLab\[39mtests\phase6.test.ts:184:24
    at [90mfile:///c:/Users/RYZEN/.antigravity-ide/HandicapLab/[39mnode_modules/[4m@vitest/runner[24m/dist/index.js:533:5
    at runTest [90m(file:///c:/Users/RYZEN/.antigravity-ide/HandicapLab/[39mnode_modules/[4m@vitest/runner[24m/dist/index.js:1056:11[90m)[39m
    at runSuite [90m(file:///c:/Users/RYZEN/.antigravity-ide/HandicapLab/[39mnode_modules/[4m@vitest/runner[24m/dist/index.js:1205:15[90m)[39m
    at runSuite [90m(file:///c:/Users/RYZEN/.antigravity-ide/HandicapLab/[39mnode_modules/[4m@vitest/runner[24m/dist/index.js:1205:15[90m)[39m
    at runSuite [90m(file:///c:/Users/RYZEN/.antigravity-ide/HandicapLab/[39mnode_modules/[4m@vitest/runner[24m/dist/index.js:1205:15[90m)[39m
[GenerateSignals] Error generating AH predictions for match match-1: RangeError: Invalid time value
    at Date.toISOString (<anonymous>)
    at FeatureEngine.build [90m(c:\Users\RYZEN\.antigravity-ide\HandicapLab\[39msrc\lib\engines\feature-engine\index.ts:77:34[90m)[39m
[90m    at processTicksAndRejections (node:internal/process/task_queues:104:5)[39m
    at handleGenerateSignals [90m(c:\Users\RYZEN\.antigravity-ide\HandicapLab\[39msrc\app\api\cron\generate-signals\route.ts:377:30[90m)[39m
    at [90mc:\Users\RYZEN\.antigravity-ide\HandicapLab\[39mtests\phase6.test.ts:184:24
    at [90mfile:///c:/Users/RYZEN/.antigravity-ide/HandicapLab/[39mnode_modules/[4m@vitest/runner[24m/dist/index.js:533:5
    at runTest [90m(file:///c:/Users/RYZEN/.antigravity-ide/HandicapLab/[39mnode_modules/[4m@vitest/runner[24m/dist/index.js:1056:11[90m)[39m
    at runSuite [90m(file:///c:/Users/RYZEN/.antigravity-ide/HandicapLab/[39mnode_modules/[4m@vitest/runner[24m/dist/index.js:1205:15[90m)[39m
    at runSuite [90m(file:///c:/Users/RYZEN/.antigravity-ide/HandicapLab/[39mnode_modules/[4m@vitest/runner[24m/dist/index.js:1205:15[90m)[39m
    at runSuite [90m(file:///c:/Users/RYZEN/.antigravity-ide/HandicapLab/[39mnode_modules/[4m@vitest/runner[24m/dist/index.js:1205:15[90m)[39m
[GenerateSignals] Error generating OU predictions for match match-1: RangeError: Invalid time value
    at Date.toISOString (<anonymous>)
    at FeatureEngine.build [90m(c:\Users\RYZEN\.antigravity-ide\HandicapLab\[39msrc\lib\engines\feature-engine\index.ts:77:34[90m)[39m
[90m    at processTicksAndRejections (node:internal/process/task_queues:104:5)[39m
    at handleGenerateSignals [90m(c:\Users\RYZEN\.antigravity-ide\HandicapLab\[39msrc\app\api\cron\generate-signals\route.ts:377:30[90m)[39m
    at [90mc:\Users\RYZEN\.antigravity-ide\HandicapLab\[39mtests\phase6.test.ts:184:24
    at [90mfile:///c:/Users/RYZEN/.antigravity-ide/HandicapLab/[39mnode_modules/[4m@vitest/runner[24m/dist/index.js:533:5
    at runTest [90m(file:///c:/Users/RYZEN/.antigravity-ide/HandicapLab/[39mnode_modules/[4m@vitest/runner[24m/dist/index.js:1056:11[90m)[39m
    at runSuite [90m(file:///c:/Users/RYZEN/.antigravity-ide/HandicapLab/[39mnode_modules/[4m@vitest/runner[24m/dist/index.js:1205:15[90m)[39m
    at runSuite [90m(file:///c:/Users/RYZEN/.antigravity-ide/HandicapLab/[39mnode_modules/[4m@vitest/runner[24m/dist/index.js:1205:15[90m)[39m
    at runSuite [90m(file:///c:/Users/RYZEN/.antigravity-ide/HandicapLab/[39mnode_modules/[4m@vitest/runner[24m/dist/index.js:1205:15[90m)[39m
[GenerateSignals] Error generating ML predictions for match match-1: RangeError: Invalid time value
    at Date.toISOString (<anonymous>)
    at FeatureEngine.build [90m(c:\Users\RYZEN\.antigravity-ide\HandicapLab\[39msrc\lib\engines\feature-engine\index.ts:77:34[90m)[39m
[90m    at processTicksAndRejections (node:internal/process/task_queues:104:5)[39m
    at handleGenerateSignals [90m(c:\Users\RYZEN\.antigravity-ide\HandicapLab\[39msrc\app\api\cron\generate-signals\route.ts:377:30[90m)[39m
    at [90mc:\Users\RYZEN\.antigravity-ide\HandicapLab\[39mtests\phase6.test.ts:184:24
    at [90mfile:///c:/Users/RYZEN/.antigravity-ide/HandicapLab/[39mnode_modules/[4m@vitest/runner[24m/dist/index.js:533:5
    at runTest [90m(file:///c:/Users/RYZEN/.antigravity-ide/HandicapLab/[39mnode_modules/[4m@vitest/runner[24m/dist/index.js:1056:11[90m)[39m
    at runSuite [90m(file:///c:/Users/RYZEN/.antigravity-ide/HandicapLab/[39mnode_modules/[4m@vitest/runner[24m/dist/index.js:1205:15[90m)[39m
    at runSuite [90m(file:///c:/Users/RYZEN/.antigravity-ide/HandicapLab/[39mnode_modules/[4m@vitest/runner[24m/dist/index.js:1205:15[90m)[39m
    at runSuite [90m(file:///c:/Users/RYZEN/.antigravity-ide/HandicapLab/[39mnode_modules/[4m@vitest/runner[24m/dist/index.js:1205:15[90m)[39m
[GenerateSignals] Error generating AH predictions for match match-1: RangeError: Invalid time value
    at Date.toISOString (<anonymous>)
    at FeatureEngine.build [90m(c:\Users\RYZEN\.antigravity-ide\HandicapLab\[39msrc\lib\engines\feature-engine\index.ts:77:34[90m)[39m
[90m    at processTicksAndRejections (node:internal/process/task_queues:104:5)[39m
    at handleGenerateSignals [90m(c:\Users\RYZEN\.antigravity-ide\HandicapLab\[39msrc\app\api\cron\generate-signals\route.ts:377:30[90m)[39m
    at [90mc:\Users\RYZEN\.antigravity-ide\HandicapLab\[39mtests\phase6.test.ts:184:24
    at [90mfile:///c:/Users/RYZEN/.antigravity-ide/HandicapLab/[39mnode_modules/[4m@vitest/runner[24m/dist/index.js:533:5
    at runTest [90m(file:///c:/Users/RYZEN/.antigravity-ide/HandicapLab/[39mnode_modules/[4m@vitest/runner[24m/dist/index.js:1056:11[90m)[39m
    at runSuite [90m(file:///c:/Users/RYZEN/.antigravity-ide/HandicapLab/[39mnode_modules/[4m@vitest/runner[24m/dist/index.js:1205:15[90m)[39m
    at runSuite [90m(file:///c:/Users/RYZEN/.antigravity-ide/HandicapLab/[39mnode_modules/[4m@vitest/runner[24m/dist/index.js:1205:15[90m)[39m
    at runSuite [90m(file:///c:/Users/RYZEN/.antigravity-ide/HandicapLab/[39mnode_modules/[4m@vitest/runner[24m/dist/index.js:1205:15[90m)[39m
[GenerateSignals] Error generating OU predictions for match match-1: RangeError: Invalid time value
    at Date.toISOString (<anonymous>)
    at FeatureEngine.build [90m(c:\Users\RYZEN\.antigravity-ide\HandicapLab\[39msrc\lib\engines\feature-engine\index.ts:77:34[90m)[39m
[90m    at processTicksAndRejections (node:internal/process/task_queues:104:5)[39m
    at handleGenerateSignals [90m(c:\Users\RYZEN\.antigravity-ide\HandicapLab\[39msrc\app\api\cron\generate-signals\route.ts:377:30[90m)[39m
    at [90mc:\Users\RYZEN\.antigravity-ide\HandicapLab\[39mtests\phase6.test.ts:184:24
    at [90mfile:///c:/Users/RYZEN/.antigravity-ide/HandicapLab/[39mnode_modules/[4m@vitest/runner[24m/dist/index.js:533:5
    at runTest [90m(file:///c:/Users/RYZEN/.antigravity-ide/HandicapLab/[39mnode_modules/[4m@vitest/runner[24m/dist/index.js:1056:11[90m)[39m
    at runSuite [90m(file:///c:/Users/RYZEN/.antigravity-ide/HandicapLab/[39mnode_modules/[4m@vitest/runner[24m/dist/index.js:1205:15[90m)[39m
    at runSuite [90m(file:///c:/Users/RYZEN/.antigravity-ide/HandicapLab/[39mnode_modules/[4m@vitest/runner[24m/dist/index.js:1205:15[90m)[39m
    at runSuite [90m(file:///c:/Users/RYZEN/.antigravity-ide/HandicapLab/[39mnode_modules/[4m@vitest/runner[24m/dist/index.js:1205:15[90m)[39m
[GenerateSignals] Error generating ML predictions for match match-1: RangeError: Invalid time value
    at Date.toISOString (<anonymous>)
    at FeatureEngine.build [90m(c:\Users\RYZEN\.antigravity-ide\HandicapLab\[39msrc\lib\engines\feature-engine\index.ts:77:34[90m)[39m
[90m    at processTicksAndRejections (node:internal/process/task_queues:104:5)[39m
    at handleGenerateSignals [90m(c:\Users\RYZEN\.antigravity-ide\HandicapLab\[39msrc\app\api\cron\generate-signals\route.ts:377:30[90m)[39m
    at [90mc:\Users\RYZEN\.antigravity-ide\HandicapLab\[39mtests\phase6.test.ts:184:24
    at [90mfile:///c:/Users/RYZEN/.antigravity-ide/HandicapLab/[39mnode_modules/[4m@vitest/runner[24m/dist/index.js:533:5
    at runTest [90m(file:///c:/Users/RYZEN/.antigravity-ide/HandicapLab/[39mnode_modules/[4m@vitest/runner[24m/dist/index.js:1056:11[90m)[39m
    at runSuite [90m(file:///c:/Users/RYZEN/.antigravity-ide/HandicapLab/[39mnode_modules/[4m@vitest/runner[24m/dist/index.js:1205:15[90m)[39m
    at runSuite [90m(file:///c:/Users/RYZEN/.antigravity-ide/HandicapLab/[39mnode_modules/[4m@vitest/runner[24m/dist/index.js:1205:15[90m)[39m
    at runSuite [90m(file:///c:/Users/RYZEN/.antigravity-ide/HandicapLab/[39mnode_modules/[4m@vitest/runner[24m/dist/index.js:1205:15[90m)[39m
[GenerateSignals] Error generating AH predictions for match match-1: RangeError: Invalid time value
    at Date.toISOString (<anonymous>)
    at FeatureEngine.build [90m(c:\Users\RYZEN\.antigravity-ide\HandicapLab\[39msrc\lib\engines\feature-engine\index.ts:77:34[90m)[39m
[90m    at processTicksAndRejections (node:internal/process/task_queues:104:5)[39m
    at handleGenerateSignals [90m(c:\Users\RYZEN\.antigravity-ide\HandicapLab\[39msrc\app\api\cron\generate-signals\route.ts:377:30[90m)[39m
    at [90mc:\Users\RYZEN\.antigravity-ide\HandicapLab\[39mtests\phase6.test.ts:184:24
    at [90mfile:///c:/Users/RYZEN/.antigravity-ide/HandicapLab/[39mnode_modules/[4m@vitest/runner[24m/dist/index.js:533:5
    at runTest [90m(file:///c:/Users/RYZEN/.antigravity-ide/HandicapLab/[39mnode_modules/[4m@vitest/runner[24m/dist/index.js:1056:11[90m)[39m
    at runSuite [90m(file:///c:/Users/RYZEN/.antigravity-ide/HandicapLab/[39mnode_modules/[4m@vitest/runner[24m/dist/index.js:1205:15[90m)[39m
    at runSuite [90m(file:///c:/Users/RYZEN/.antigravity-ide/HandicapLab/[39mnode_modules/[4m@vitest/runner[24m/dist/index.js:1205:15[90m)[39m
    at runSuite [90m(file:///c:/Users/RYZEN/.antigravity-ide/HandicapLab/[39mnode_modules/[4m@vitest/runner[24m/dist/index.js:1205:15[90m)[39m
[GenerateSignals] Error generating OU predictions for match match-1: RangeError: Invalid time value
    at Date.toISOString (<anonymous>)
    at FeatureEngine.build [90m(c:\Users\RYZEN\.antigravity-ide\HandicapLab\[39msrc\lib\engines\feature-engine\index.ts:77:34[90m)[39m
[90m    at processTicksAndRejections (node:internal/process/task_queues:104:5)[39m
    at handleGenerateSignals [90m(c:\Users\RYZEN\.antigravity-ide\HandicapLab\[39msrc\app\api\cron\generate-signals\route.ts:377:30[90m)[39m
    at [90mc:\Users\RYZEN\.antigravity-ide\HandicapLab\[39mtests\phase6.test.ts:184:24
    at [90mfile:///c:/Users/RYZEN/.antigravity-ide/HandicapLab/[39mnode_modules/[4m@vitest/runner[24m/dist/index.js:533:5
    at runTest [90m(file:///c:/Users/RYZEN/.antigravity-ide/HandicapLab/[39mnode_modules/[4m@vitest/runner[24m/dist/index.js:1056:11[90m)[39m
    at runSuite [90m(file:///c:/Users/RYZEN/.antigravity-ide/HandicapLab/[39mnode_modules/[4m@vitest/runner[24m/dist/index.js:1205:15[90m)[39m
    at runSuite [90m(file:///c:/Users/RYZEN/.antigravity-ide/HandicapLab/[39mnode_modules/[4m@vitest/runner[24m/dist/index.js:1205:15[90m)[39m
    at runSuite [90m(file:///c:/Users/RYZEN/.antigravity-ide/HandicapLab/[39mnode_modules/[4m@vitest/runner[24m/dist/index.js:1205:15[90m)[39m
[GenerateSignals] Error generating ML predictions for match match-1: RangeError: Invalid time value
    at Date.toISOString (<anonymous>)
    at FeatureEngine.build [90m(c:\Users\RYZEN\.antigravity-ide\HandicapLab\[39msrc\lib\engines\feature-engine\index.ts:77:34[90m)[39m
[90m    at processTicksAndRejections (node:internal/process/task_queues:104:5)[39m
    at handleGenerateSignals [90m(c:\Users\RYZEN\.antigravity-ide\HandicapLab\[39msrc\app\api\cron\generate-signals\route.ts:377:30[90m)[39m
    at [90mc:\Users\RYZEN\.antigravity-ide\HandicapLab\[39mtests\phase6.test.ts:184:24
    at [90mfile:///c:/Users/RYZEN/.antigravity-ide/HandicapLab/[39mnode_modules/[4m@vitest/runner[24m/dist/index.js:533:5
    at runTest [90m(file:///c:/Users/RYZEN/.antigravity-ide/HandicapLab/[39mnode_modules/[4m@vitest/runner[24m/dist/index.js:1056:11[90m)[39m
    at runSuite [90m(file:///c:/Users/RYZEN/.antigravity-ide/HandicapLab/[39mnode_modules/[4m@vitest/runner[24m/dist/index.js:1205:15[90m)[39m
    at runSuite [90m(file:///c:/Users/RYZEN/.antigravity-ide/HandicapLab/[39mnode_modules/[4m@vitest/runner[24m/dist/index.js:1205:15[90m)[39m
    at runSuite [90m(file:///c:/Users/RYZEN/.antigravity-ide/HandicapLab/[39mnode_modules/[4m@vitest/runner[24m/dist/index.js:1205:15[90m)[39m
[GenerateSignals] Error generating AH predictions for match match-1: RangeError: Invalid time value
    at Date.toISOString (<anonymous>)
    at FeatureEngine.build [90m(c:\Users\RYZEN\.antigravity-ide\HandicapLab\[39msrc\lib\engines\feature-engine\index.ts:77:34[90m)[39m
[90m    at processTicksAndRejections (node:internal/process/task_queues:104:5)[39m
    at handleGenerateSignals [90m(c:\Users\RYZEN\.antigravity-ide\HandicapLab\[39msrc\app\api\cron\generate-signals\route.ts:377:30[90m)[39m
    at [90mc:\Users\RYZEN\.antigravity-ide\HandicapLab\[39mtests\phase6.test.ts:184:24
    at [90mfile:///c:/Users/RYZEN/.antigravity-ide/HandicapLab/[39mnode_modules/[4m@vitest/runner[24m/dist/index.js:533:5
    at runTest [90m(file:///c:/Users/RYZEN/.antigravity-ide/HandicapLab/[39mnode_modules/[4m@vitest/runner[24m/dist/index.js:1056:11[90m)[39m
    at runSuite [90m(file:///c:/Users/RYZEN/.antigravity-ide/HandicapLab/[39mnode_modules/[4m@vitest/runner[24m/dist/index.js:1205:15[90m)[39m
    at runSuite [90m(file:///c:/Users/RYZEN/.antigravity-ide/HandicapLab/[39mnode_modules/[4m@vitest/runner[24m/dist/index.js:1205:15[90m)[39m
    at runSuite [90m(file:///c:/Users/RYZEN/.antigravity-ide/HandicapLab/[39mnode_modules/[4m@vitest/runner[24m/dist/index.js:1205:15[90m)[39m
[GenerateSignals] Error generating OU predictions for match match-1: RangeError: Invalid time value
    at Date.toISOString (<anonymous>)
    at FeatureEngine.build [90m(c:\Users\RYZEN\.antigravity-ide\HandicapLab\[39msrc\lib\engines\feature-engine\index.ts:77:34[90m)[39m
[90m    at processTicksAndRejections (node:internal/process/task_queues:104:5)[39m
    at handleGenerateSignals [90m(c:\Users\RYZEN\.antigravity-ide\HandicapLab\[39msrc\app\api\cron\generate-signals\route.ts:377:30[90m)[39m
    at [90mc:\Users\RYZEN\.antigravity-ide\HandicapLab\[39mtests\phase6.test.ts:184:24
    at [90mfile:///c:/Users/RYZEN/.antigravity-ide/HandicapLab/[39mnode_modules/[4m@vitest/runner[24m/dist/index.js:533:5
    at runTest [90m(file:///c:/Users/RYZEN/.antigravity-ide/HandicapLab/[39mnode_modules/[4m@vitest/runner[24m/dist/index.js:1056:11[90m)[39m
    at runSuite [90m(file:///c:/Users/RYZEN/.antigravity-ide/HandicapLab/[39mnode_modules/[4m@vitest/runner[24m/dist/index.js:1205:15[90m)[39m
    at runSuite [90m(file:///c:/Users/RYZEN/.antigravity-ide/HandicapLab/[39mnode_modules/[4m@vitest/runner[24m/dist/index.js:1205:15[90m)[39m
    at runSuite [90m(file:///c:/Users/RYZEN/.antigravity-ide/HandicapLab/[39mnode_modules/[4m@vitest/runner[24m/dist/index.js:1205:15[90m)[39m
[GenerateSignals] Error generating ML predictions for match match-1: RangeError: Invalid time value
    at Date.toISOString (<anonymous>)
    at FeatureEngine.build [90m(c:\Users\RYZEN\.antigravity-ide\HandicapLab\[39msrc\lib\engines\feature-engine\index.ts:77:34[90m)[39m
[90m    at processTicksAndRejections (node:internal/process/task_queues:104:5)[39m
    at handleGenerateSignals [90m(c:\Users\RYZEN\.antigravity-ide\HandicapLab\[39msrc\app\api\cron\generate-signals\route.ts:377:30[90m)[39m
    at [90mc:\Users\RYZEN\.antigravity-ide\HandicapLab\[39mtests\phase6.test.ts:184:24
    at [90mfile:///c:/Users/RYZEN/.antigravity-ide/HandicapLab/[39mnode_modules/[4m@vitest/runner[24m/dist/index.js:533:5
    at runTest [90m(file:///c:/Users/RYZEN/.antigravity-ide/HandicapLab/[39mnode_modules/[4m@vitest/runner[24m/dist/index.js:1056:11[90m)[39m
    at runSuite [90m(file:///c:/Users/RYZEN/.antigravity-ide/HandicapLab/[39mnode_modules/[4m@vitest/runner[24m/dist/index.js:1205:15[90m)[39m
    at runSuite [90m(file:///c:/Users/RYZEN/.antigravity-ide/HandicapLab/[39mnode_modules/[4m@vitest/runner[24m/dist/index.js:1205:15[90m)[39m
    at runSuite [90m(file:///c:/Users/RYZEN/.antigravity-ide/HandicapLab/[39mnode_modules/[4m@vitest/runner[24m/dist/index.js:1205:15[90m)[39m
[GenerateSignals] Error generating AH predictions for match match-1: RangeError: Invalid time value
    at Date.toISOString (<anonymous>)
    at FeatureEngine.build [90m(c:\Users\RYZEN\.antigravity-ide\HandicapLab\[39msrc\lib\engines\feature-engine\index.ts:77:34[90m)[39m
[90m    at processTicksAndRejections (node:internal/process/task_queues:104:5)[39m
    at handleGenerateSignals [90m(c:\Users\RYZEN\.antigravity-ide\HandicapLab\[39msrc\app\api\cron\generate-signals\route.ts:377:30[90m)[39m
    at [90mc:\Users\RYZEN\.antigravity-ide\HandicapLab\[39mtests\phase6.test.ts:184:24
    at [90mfile:///c:/Users/RYZEN/.antigravity-ide/HandicapLab/[39mnode_modules/[4m@vitest/runner[24m/dist/index.js:533:5
    at runTest [90m(file:///c:/Users/RYZEN/.antigravity-ide/HandicapLab/[39mnode_modules/[4m@vitest/runner[24m/dist/index.js:1056:11[90m)[39m
    at runSuite [90m(file:///c:/Users/RYZEN/.antigravity-ide/HandicapLab/[39mnode_modules/[4m@vitest/runner[24m/dist/index.js:1205:15[90m)[39m
    at runSuite [90m(file:///c:/Users/RYZEN/.antigravity-ide/HandicapLab/[39mnode_modules/[4m@vitest/runner[24m/dist/index.js:1205:15[90m)[39m
    at runSuite [90m(file:///c:/Users/RYZEN/.antigravity-ide/HandicapLab/[39mnode_modules/[4m@vitest/runner[24m/dist/index.js:1205:15[90m)[39m
[GenerateSignals] Error generating OU predictions for match match-1: RangeError: Invalid time value
    at Date.toISOString (<anonymous>)
    at FeatureEngine.build [90m(c:\Users\RYZEN\.antigravity-ide\HandicapLab\[39msrc\lib\engines\feature-engine\index.ts:77:34[90m)[39m
[90m    at processTicksAndRejections (node:internal/process/task_queues:104:5)[39m
    at handleGenerateSignals [90m(c:\Users\RYZEN\.antigravity-ide\HandicapLab\[39msrc\app\api\cron\generate-signals\route.ts:377:30[90m)[39m
    at [90mc:\Users\RYZEN\.antigravity-ide\HandicapLab\[39mtests\phase6.test.ts:184:24
    at [90mfile:///c:/Users/RYZEN/.antigravity-ide/HandicapLab/[39mnode_modules/[4m@vitest/runner[24m/dist/index.js:533:5
    at runTest [90m(file:///c:/Users/RYZEN/.antigravity-ide/HandicapLab/[39mnode_modules/[4m@vitest/runner[24m/dist/index.js:1056:11[90m)[39m
    at runSuite [90m(file:///c:/Users/RYZEN/.antigravity-ide/HandicapLab/[39mnode_modules/[4m@vitest/runner[24m/dist/index.js:1205:15[90m)[39m
    at runSuite [90m(file:///c:/Users/RYZEN/.antigravity-ide/HandicapLab/[39mnode_modules/[4m@vitest/runner[24m/dist/index.js:1205:15[90m)[39m
    at runSuite [90m(file:///c:/Users/RYZEN/.antigravity-ide/HandicapLab/[39mnode_modules/[4m@vitest/runner[24m/dist/index.js:1205:15[90m)[39m
[GenerateSignals] Error generating ML predictions for match match-1: RangeError: Invalid time value
    at Date.toISOString (<anonymous>)
    at FeatureEngine.build [90m(c:\Users\RYZEN\.antigravity-ide\HandicapLab\[39msrc\lib\engines\feature-engine\index.ts:77:34[90m)[39m
[90m    at processTicksAndRejections (node:internal/process/task_queues:104:5)[39m
    at handleGenerateSignals [90m(c:\Users\RYZEN\.antigravity-ide\HandicapLab\[39msrc\app\api\cron\generate-signals\route.ts:377:30[90m)[39m
    at [90mc:\Users\RYZEN\.antigravity-ide\HandicapLab\[39mtests\phase6.test.ts:184:24
    at [90mfile:///c:/Users/RYZEN/.antigravity-ide/HandicapLab/[39mnode_modules/[4m@vitest/runner[24m/dist/index.js:533:5
    at runTest [90m(file:///c:/Users/RYZEN/.antigravity-ide/HandicapLab/[39mnode_modules/[4m@vitest/runner[24m/dist/index.js:1056:11[90m)[39m
    at runSuite [90m(file:///c:/Users/RYZEN/.antigravity-ide/HandicapLab/[39mnode_modules/[4m@vitest/runner[24m/dist/index.js:1205:15[90m)[39m
    at runSuite [90m(file:///c:/Users/RYZEN/.antigravity-ide/HandicapLab/[39mnode_modules/[4m@vitest/runner[24m/dist/index.js:1205:15[90m)[39m
    at runSuite [90m(file:///c:/Users/RYZEN/.antigravity-ide/HandicapLab/[39mnode_modules/[4m@vitest/runner[24m/dist/index.js:1205:15[90m)[39m
[GenerateSignals] Error generating AH predictions for match match-1: RangeError: Invalid time value
    at Date.toISOString (<anonymous>)
    at FeatureEngine.build [90m(c:\Users\RYZEN\.antigravity-ide\HandicapLab\[39msrc\lib\engines\feature-engine\index.ts:77:34[90m)[39m
[90m    at processTicksAndRejections (node:internal/process/task_queues:104:5)[39m
    at handleGenerateSignals [90m(c:\Users\RYZEN\.antigravity-ide\HandicapLab\[39msrc\app\api\cron\generate-signals\route.ts:377:30[90m)[39m
    at [90mc:\Users\RYZEN\.antigravity-ide\HandicapLab\[39mtests\phase6.test.ts:184:24
    at [90mfile:///c:/Users/RYZEN/.antigravity-ide/HandicapLab/[39mnode_modules/[4m@vitest/runner[24m/dist/index.js:533:5
    at runTest [90m(file:///c:/Users/RYZEN/.antigravity-ide/HandicapLab/[39mnode_modules/[4m@vitest/runner[24m/dist/index.js:1056:11[90m)[39m
    at runSuite [90m(file:///c:/Users/RYZEN/.antigravity-ide/HandicapLab/[39mnode_modules/[4m@vitest/runner[24m/dist/index.js:1205:15[90m)[39m
    at runSuite [90m(file:///c:/Users/RYZEN/.antigravity-ide/HandicapLab/[39mnode_modules/[4m@vitest/runner[24m/dist/index.js:1205:15[90m)[39m
    at runSuite [90m(file:///c:/Users/RYZEN/.antigravity-ide/HandicapLab/[39mnode_modules/[4m@vitest/runner[24m/dist/index.js:1205:15[90m)[39m
[GenerateSignals] Error generating OU predictions for match match-1: RangeError: Invalid time value
    at Date.toISOString (<anonymous>)
    at FeatureEngine.build [90m(c:\Users\RYZEN\.antigravity-ide\HandicapLab\[39msrc\lib\engines\feature-engine\index.ts:77:34[90m)[39m
[90m    at processTicksAndRejections (node:internal/process/task_queues:104:5)[39m
    at handleGenerateSignals [90m(c:\Users\RYZEN\.antigravity-ide\HandicapLab\[39msrc\app\api\cron\generate-signals\route.ts:377:30[90m)[39m
    at [90mc:\Users\RYZEN\.antigravity-ide\HandicapLab\[39mtests\phase6.test.ts:184:24
    at [90mfile:///c:/Users/RYZEN/.antigravity-ide/HandicapLab/[39mnode_modules/[4m@vitest/runner[24m/dist/index.js:533:5
    at runTest [90m(file:///c:/Users/RYZEN/.antigravity-ide/HandicapLab/[39mnode_modules/[4m@vitest/runner[24m/dist/index.js:1056:11[90m)[39m
    at runSuite [90m(file:///c:/Users/RYZEN/.antigravity-ide/HandicapLab/[39mnode_modules/[4m@vitest/runner[24m/dist/index.js:1205:15[90m)[39m
    at runSuite [90m(file:///c:/Users/RYZEN/.antigravity-ide/HandicapLab/[39mnode_modules/[4m@vitest/runner[24m/dist/index.js:1205:15[90m)[39m
    at runSuite [90m(file:///c:/Users/RYZEN/.antigravity-ide/HandicapLab/[39mnode_modules/[4m@vitest/runner[24m/dist/index.js:1205:15[90m)[39m
[GenerateSignals] Error generating ML predictions for match match-1: RangeError: Invalid time value
    at Date.toISOString (<anonymous>)
    at FeatureEngine.build [90m(c:\Users\RYZEN\.antigravity-ide\HandicapLab\[39msrc\lib\engines\feature-engine\index.ts:77:34[90m)[39m
[90m    at processTicksAndRejections (node:internal/process/task_queues:104:5)[39m
    at handleGenerateSignals [90m(c:\Users\RYZEN\.antigravity-ide\HandicapLab\[39msrc\app\api\cron\generate-signals\route.ts:377:30[90m)[39m
    at [90mc:\Users\RYZEN\.antigravity-ide\HandicapLab\[39mtests\phase6.test.ts:184:24
    at [90mfile:///c:/Users/RYZEN/.antigravity-ide/HandicapLab/[39mnode_modules/[4m@vitest/runner[24m/dist/index.js:533:5
    at runTest [90m(file:///c:/Users/RYZEN/.antigravity-ide/HandicapLab/[39mnode_modules/[4m@vitest/runner[24m/dist/index.js:1056:11[90m)[39m
    at runSuite [90m(file:///c:/Users/RYZEN/.antigravity-ide/HandicapLab/[39mnode_modules/[4m@vitest/runner[24m/dist/index.js:1205:15[90m)[39m
    at runSuite [90m(file:///c:/Users/RYZEN/.antigravity-ide/HandicapLab/[39mnode_modules/[4m@vitest/runner[24m/dist/index.js:1205:15[90m)[39m
    at runSuite [90m(file:///c:/Users/RYZEN/.antigravity-ide/HandicapLab/[39mnode_modules/[4m@vitest/runner[24m/dist/index.js:1205:15[90m)[39m
[GenerateSignals] Error generating AH predictions for match match-1: RangeError: Invalid time value
    at Date.toISOString (<anonymous>)
    at FeatureEngine.build [90m(c:\Users\RYZEN\.antigravity-ide\HandicapLab\[39msrc\lib\engines\feature-engine\index.ts:77:34[90m)[39m
[90m    at processTicksAndRejections (node:internal/process/task_queues:104:5)[39m
    at handleGenerateSignals [90m(c:\Users\RYZEN\.antigravity-ide\HandicapLab\[39msrc\app\api\cron\generate-signals\route.ts:377:30[90m)[39m
    at [90mc:\Users\RYZEN\.antigravity-ide\HandicapLab\[39mtests\phase6.test.ts:184:24
    at [90mfile:///c:/Users/RYZEN/.antigravity-ide/HandicapLab/[39mnode_modules/[4m@vitest/runner[24m/dist/index.js:533:5
    at runTest [90m(file:///c:/Users/RYZEN/.antigravity-ide/HandicapLab/[39mnode_modules/[4m@vitest/runner[24m/dist/index.js:1056:11[90m)[39m
    at runSuite [90m(file:///c:/Users/RYZEN/.antigravity-ide/HandicapLab/[39mnode_modules/[4m@vitest/runner[24m/dist/index.js:1205:15[90m)[39m
    at runSuite [90m(file:///c:/Users/RYZEN/.antigravity-ide/HandicapLab/[39mnode_modules/[4m@vitest/runner[24m/dist/index.js:1205:15[90m)[39m
    at runSuite [90m(file:///c:/Users/RYZEN/.antigravity-ide/HandicapLab/[39mnode_modules/[4m@vitest/runner[24m/dist/index.js:1205:15[90m)[39m
[GenerateSignals] Error generating OU predictions for match match-1: RangeError: Invalid time value
    at Date.toISOString (<anonymous>)
    at FeatureEngine.build [90m(c:\Users\RYZEN\.antigravity-ide\HandicapLab\[39msrc\lib\engines\feature-engine\index.ts:77:34[90m)[39m
[90m    at processTicksAndRejections (node:internal/process/task_queues:104:5)[39m
    at handleGenerateSignals [90m(c:\Users\RYZEN\.antigravity-ide\HandicapLab\[39msrc\app\api\cron\generate-signals\route.ts:377:30[90m)[39m
    at [90mc:\Users\RYZEN\.antigravity-ide\HandicapLab\[39mtests\phase6.test.ts:184:24
    at [90mfile:///c:/Users/RYZEN/.antigravity-ide/HandicapLab/[39mnode_modules/[4m@vitest/runner[24m/dist/index.js:533:5
    at runTest [90m(file:///c:/Users/RYZEN/.antigravity-ide/HandicapLab/[39mnode_modules/[4m@vitest/runner[24m/dist/index.js:1056:11[90m)[39m
    at runSuite [90m(file:///c:/Users/RYZEN/.antigravity-ide/HandicapLab/[39mnode_modules/[4m@vitest/runner[24m/dist/index.js:1205:15[90m)[39m
    at runSuite [90m(file:///c:/Users/RYZEN/.antigravity-ide/HandicapLab/[39mnode_modules/[4m@vitest/runner[24m/dist/index.js:1205:15[90m)[39m
    at runSuite [90m(file:///c:/Users/RYZEN/.antigravity-ide/HandicapLab/[39mnode_modules/[4m@vitest/runner[24m/dist/index.js:1205:15[90m)[39m
[GenerateSignals] Error generating ML predictions for match match-1: RangeError: Invalid time value
    at Date.toISOString (<anonymous>)
    at FeatureEngine.build [90m(c:\Users\RYZEN\.antigravity-ide\HandicapLab\[39msrc\lib\engines\feature-engine\index.ts:77:34[90m)[39m
[90m    at processTicksAndRejections (node:internal/process/task_queues:104:5)[39m
    at handleGenerateSignals [90m(c:\Users\RYZEN\.antigravity-ide\HandicapLab\[39msrc\app\api\cron\generate-signals\route.ts:377:30[90m)[39m
    at [90mc:\Users\RYZEN\.antigravity-ide\HandicapLab\[39mtests\phase6.test.ts:184:24
    at [90mfile:///c:/Users/RYZEN/.antigravity-ide/HandicapLab/[39mnode_modules/[4m@vitest/runner[24m/dist/index.js:533:5
    at runTest [90m(file:///c:/Users/RYZEN/.antigravity-ide/HandicapLab/[39mnode_modules/[4m@vitest/runner[24m/dist/index.js:1056:11[90m)[39m
    at runSuite [90m(file:///c:/Users/RYZEN/.antigravity-ide/HandicapLab/[39mnode_modules/[4m@vitest/runner[24m/dist/index.js:1205:15[90m)[39m
    at runSuite [90m(file:///c:/Users/RYZEN/.antigravity-ide/HandicapLab/[39mnode_modules/[4m@vitest/runner[24m/dist/index.js:1205:15[90m)[39m
    at runSuite [90m(file:///c:/Users/RYZEN/.antigravity-ide/HandicapLab/[39mnode_modules/[4m@vitest/runner[24m/dist/index.js:1205:15[90m)[39m
[GenerateSignals] Error generating AH predictions for match match-1: RangeError: Invalid time value
    at Date.toISOString (<anonymous>)
    at FeatureEngine.build [90m(c:\Users\RYZEN\.antigravity-ide\HandicapLab\[39msrc\lib\engines\feature-engine\index.ts:77:34[90m)[39m
[90m    at processTicksAndRejections (node:internal/process/task_queues:104:5)[39m
    at handleGenerateSignals [90m(c:\Users\RYZEN\.antigravity-ide\HandicapLab\[39msrc\app\api\cron\generate-signals\route.ts:377:30[90m)[39m
    at [90mc:\Users\RYZEN\.antigravity-ide\HandicapLab\[39mtests\phase6.test.ts:184:24
    at [90mfile:///c:/Users/RYZEN/.antigravity-ide/HandicapLab/[39mnode_modules/[4m@vitest/runner[24m/dist/index.js:533:5
    at runTest [90m(file:///c:/Users/RYZEN/.antigravity-ide/HandicapLab/[39mnode_modules/[4m@vitest/runner[24m/dist/index.js:1056:11[90m)[39m
    at runSuite [90m(file:///c:/Users/RYZEN/.antigravity-ide/HandicapLab/[39mnode_modules/[4m@vitest/runner[24m/dist/index.js:1205:15[90m)[39m
    at runSuite [90m(file:///c:/Users/RYZEN/.antigravity-ide/HandicapLab/[39mnode_modules/[4m@vitest/runner[24m/dist/index.js:1205:15[90m)[39m
    at runSuite [90m(file:///c:/Users/RYZEN/.antigravity-ide/HandicapLab/[39mnode_modules/[4m@vitest/runner[24m/dist/index.js:1205:15[90m)[39m
[GenerateSignals] Error generating OU predictions for match match-1: RangeError: Invalid time value
    at Date.toISOString (<anonymous>)
    at FeatureEngine.build [90m(c:\Users\RYZEN\.antigravity-ide\HandicapLab\[39msrc\lib\engines\feature-engine\index.ts:77:34[90m)[39m
[90m    at processTicksAndRejections (node:internal/process/task_queues:104:5)[39m
    at handleGenerateSignals [90m(c:\Users\RYZEN\.antigravity-ide\HandicapLab\[39msrc\app\api\cron\generate-signals\route.ts:377:30[90m)[39m
    at [90mc:\Users\RYZEN\.antigravity-ide\HandicapLab\[39mtests\phase6.test.ts:184:24
    at [90mfile:///c:/Users/RYZEN/.antigravity-ide/HandicapLab/[39mnode_modules/[4m@vitest/runner[24m/dist/index.js:533:5
    at runTest [90m(file:///c:/Users/RYZEN/.antigravity-ide/HandicapLab/[39mnode_modules/[4m@vitest/runner[24m/dist/index.js:1056:11[90m)[39m
    at runSuite [90m(file:///c:/Users/RYZEN/.antigravity-ide/HandicapLab/[39mnode_modules/[4m@vitest/runner[24m/dist/index.js:1205:15[90m)[39m
    at runSuite [90m(file:///c:/Users/RYZEN/.antigravity-ide/HandicapLab/[39mnode_modules/[4m@vitest/runner[24m/dist/index.js:1205:15[90m)[39m
    at runSuite [90m(file:///c:/Users/RYZEN/.antigravity-ide/HandicapLab/[39mnode_modules/[4m@vitest/runner[24m/dist/index.js:1205:15[90m)[39m
[GenerateSignals] Error generating ML predictions for match match-1: RangeError: Invalid time value
    at Date.toISOString (<anonymous>)
    at FeatureEngine.build [90m(c:\Users\RYZEN\.antigravity-ide\HandicapLab\[39msrc\lib\engines\feature-engine\index.ts:77:34[90m)[39m
[90m    at processTicksAndRejections (node:internal/process/task_queues:104:5)[39m
    at handleGenerateSignals [90m(c:\Users\RYZEN\.antigravity-ide\HandicapLab\[39msrc\app\api\cron\generate-signals\route.ts:377:30[90m)[39m
    at [90mc:\Users\RYZEN\.antigravity-ide\HandicapLab\[39mtests\phase6.test.ts:184:24
    at [90mfile:///c:/Users/RYZEN/.antigravity-ide/HandicapLab/[39mnode_modules/[4m@vitest/runner[24m/dist/index.js:533:5
    at runTest [90m(file:///c:/Users/RYZEN/.antigravity-ide/HandicapLab/[39mnode_modules/[4m@vitest/runner[24m/dist/index.js:1056:11[90m)[39m
    at runSuite [90m(file:///c:/Users/RYZEN/.antigravity-ide/HandicapLab/[39mnode_modules/[4m@vitest/runner[24m/dist/index.js:1205:15[90m)[39m
    at runSuite [90m(file:///c:/Users/RYZEN/.antigravity-ide/HandicapLab/[39mnode_modules/[4m@vitest/runner[24m/dist/index.js:1205:15[90m)[39m
    at runSuite [90m(file:///c:/Users/RYZEN/.antigravity-ide/HandicapLab/[39mnode_modules/[4m@vitest/runner[24m/dist/index.js:1205:15[90m)[39m
[GenerateSignals] Error generating AH predictions for match match-1: RangeError: Invalid time value
    at Date.toISOString (<anonymous>)
    at FeatureEngine.build [90m(c:\Users\RYZEN\.antigravity-ide\HandicapLab\[39msrc\lib\engines\feature-engine\index.ts:77:34[90m)[39m
[90m    at processTicksAndRejections (node:internal/process/task_queues:104:5)[39m
    at handleGenerateSignals [90m(c:\Users\RYZEN\.antigravity-ide\HandicapLab\[39msrc\app\api\cron\generate-signals\route.ts:377:30[90m)[39m
    at [90mc:\Users\RYZEN\.antigravity-ide\HandicapLab\[39mtests\phase6.test.ts:184:24
    at [90mfile:///c:/Users/RYZEN/.antigravity-ide/HandicapLab/[39mnode_modules/[4m@vitest/runner[24m/dist/index.js:533:5
    at runTest [90m(file:///c:/Users/RYZEN/.antigravity-ide/HandicapLab/[39mnode_modules/[4m@vitest/runner[24m/dist/index.js:1056:11[90m)[39m
    at runSuite [90m(file:///c:/Users/RYZEN/.antigravity-ide/HandicapLab/[39mnode_modules/[4m@vitest/runner[24m/dist/index.js:1205:15[90m)[39m
    at runSuite [90m(file:///c:/Users/RYZEN/.antigravity-ide/HandicapLab/[39mnode_modules/[4m@vitest/runner[24m/dist/index.js:1205:15[90m)[39m
    at runSuite [90m(file:///c:/Users/RYZEN/.antigravity-ide/HandicapLab/[39mnode_modules/[4m@vitest/runner[24m/dist/index.js:1205:15[90m)[39m
[GenerateSignals] Error generating OU predictions for match match-1: RangeError: Invalid time value
    at Date.toISOString (<anonymous>)
    at FeatureEngine.build [90m(c:\Users\RYZEN\.antigravity-ide\HandicapLab\[39msrc\lib\engines\feature-engine\index.ts:77:34[90m)[39m
[90m    at processTicksAndRejections (node:internal/process/task_queues:104:5)[39m
    at handleGenerateSignals [90m(c:\Users\RYZEN\.antigravity-ide\HandicapLab\[39msrc\app\api\cron\generate-signals\route.ts:377:30[90m)[39m
    at [90mc:\Users\RYZEN\.antigravity-ide\HandicapLab\[39mtests\phase6.test.ts:184:24
    at [90mfile:///c:/Users/RYZEN/.antigravity-ide/HandicapLab/[39mnode_modules/[4m@vitest/runner[24m/dist/index.js:533:5
    at runTest [90m(file:///c:/Users/RYZEN/.antigravity-ide/HandicapLab/[39mnode_modules/[4m@vitest/runner[24m/dist/index.js:1056:11[90m)[39m
    at runSuite [90m(file:///c:/Users/RYZEN/.antigravity-ide/HandicapLab/[39mnode_modules/[4m@vitest/runner[24m/dist/index.js:1205:15[90m)[39m
    at runSuite [90m(file:///c:/Users/RYZEN/.antigravity-ide/HandicapLab/[39mnode_modules/[4m@vitest/runner[24m/dist/index.js:1205:15[90m)[39m
    at runSuite [90m(file:///c:/Users/RYZEN/.antigravity-ide/HandicapLab/[39mnode_modules/[4m@vitest/runner[24m/dist/index.js:1205:15[90m)[39m
[GenerateSignals] Error generating ML predictions for match match-1: RangeError: Invalid time value
    at Date.toISOString (<anonymous>)
    at FeatureEngine.build [90m(c:\Users\RYZEN\.antigravity-ide\HandicapLab\[39msrc\lib\engines\feature-engine\index.ts:77:34[90m)[39m
[90m    at processTicksAndRejections (node:internal/process/task_queues:104:5)[39m
    at handleGenerateSignals [90m(c:\Users\RYZEN\.antigravity-ide\HandicapLab\[39msrc\app\api\cron\generate-signals\route.ts:377:30[90m)[39m
    at [90mc:\Users\RYZEN\.antigravity-ide\HandicapLab\[39mtests\phase6.test.ts:184:24
    at [90mfile:///c:/Users/RYZEN/.antigravity-ide/HandicapLab/[39mnode_modules/[4m@vitest/runner[24m/dist/index.js:533:5
    at runTest [90m(file:///c:/Users/RYZEN/.antigravity-ide/HandicapLab/[39mnode_modules/[4m@vitest/runner[24m/dist/index.js:1056:11[90m)[39m
    at runSuite [90m(file:///c:/Users/RYZEN/.antigravity-ide/HandicapLab/[39mnode_modules/[4m@vitest/runner[24m/dist/index.js:1205:15[90m)[39m
    at runSuite [90m(file:///c:/Users/RYZEN/.antigravity-ide/HandicapLab/[39mnode_modules/[4m@vitest/runner[24m/dist/index.js:1205:15[90m)[39m
    at runSuite [90m(file:///c:/Users/RYZEN/.antigravity-ide/HandicapLab/[39mnode_modules/[4m@vitest/runner[24m/dist/index.js:1205:15[90m)[39m
[GenerateSignals] Error generating AH predictions for match match-1: RangeError: Invalid time value
    at Date.toISOString (<anonymous>)
    at FeatureEngine.build [90m(c:\Users\RYZEN\.antigravity-ide\HandicapLab\[39msrc\lib\engines\feature-engine\index.ts:77:34[90m)[39m
[90m    at processTicksAndRejections (node:internal/process/task_queues:104:5)[39m
    at handleGenerateSignals [90m(c:\Users\RYZEN\.antigravity-ide\HandicapLab\[39msrc\app\api\cron\generate-signals\route.ts:377:30[90m)[39m
    at [90mc:\Users\RYZEN\.antigravity-ide\HandicapLab\[39mtests\phase6.test.ts:184:24
    at [90mfile:///c:/Users/RYZEN/.antigravity-ide/HandicapLab/[39mnode_modules/[4m@vitest/runner[24m/dist/index.js:533:5
    at runTest [90m(file:///c:/Users/RYZEN/.antigravity-ide/HandicapLab/[39mnode_modules/[4m@vitest/runner[24m/dist/index.js:1056:11[90m)[39m
    at runSuite [90m(file:///c:/Users/RYZEN/.antigravity-ide/HandicapLab/[39mnode_modules/[4m@vitest/runner[24m/dist/index.js:1205:15[90m)[39m
    at runSuite [90m(file:///c:/Users/RYZEN/.antigravity-ide/HandicapLab/[39mnode_modules/[4m@vitest/runner[24m/dist/index.js:1205:15[90m)[39m
    at runSuite [90m(file:///c:/Users/RYZEN/.antigravity-ide/HandicapLab/[39mnode_modules/[4m@vitest/runner[24m/dist/index.js:1205:15[90m)[39m
[GenerateSignals] Error generating OU predictions for match match-1: RangeError: Invalid time value
    at Date.toISOString (<anonymous>)
    at FeatureEngine.build [90m(c:\Users\RYZEN\.antigravity-ide\HandicapLab\[39msrc\lib\engines\feature-engine\index.ts:77:34[90m)[39m
[90m    at processTicksAndRejections (node:internal/process/task_queues:104:5)[39m
    at handleGenerateSignals [90m(c:\Users\RYZEN\.antigravity-ide\HandicapLab\[39msrc\app\api\cron\generate-signals\route.ts:377:30[90m)[39m
    at [90mc:\Users\RYZEN\.antigravity-ide\HandicapLab\[39mtests\phase6.test.ts:184:24
    at [90mfile:///c:/Users/RYZEN/.antigravity-ide/HandicapLab/[39mnode_modules/[4m@vitest/runner[24m/dist/index.js:533:5
    at runTest [90m(file:///c:/Users/RYZEN/.antigravity-ide/HandicapLab/[39mnode_modules/[4m@vitest/runner[24m/dist/index.js:1056:11[90m)[39m
    at runSuite [90m(file:///c:/Users/RYZEN/.antigravity-ide/HandicapLab/[39mnode_modules/[4m@vitest/runner[24m/dist/index.js:1205:15[90m)[39m
    at runSuite [90m(file:///c:/Users/RYZEN/.antigravity-ide/HandicapLab/[39mnode_modules/[4m@vitest/runner[24m/dist/index.js:1205:15[90m)[39m
    at runSuite [90m(file:///c:/Users/RYZEN/.antigravity-ide/HandicapLab/[39mnode_modules/[4m@vitest/runner[24m/dist/index.js:1205:15[90m)[39m
[GenerateSignals] Error generating ML predictions for match match-1: RangeError: Invalid time value
    at Date.toISOString (<anonymous>)
    at FeatureEngine.build [90m(c:\Users\RYZEN\.antigravity-ide\HandicapLab\[39msrc\lib\engines\feature-engine\index.ts:77:34[90m)[39m
[90m    at processTicksAndRejections (node:internal/process/task_queues:104:5)[39m
    at handleGenerateSignals [90m(c:\Users\RYZEN\.antigravity-ide\HandicapLab\[39msrc\app\api\cron\generate-signals\route.ts:377:30[90m)[39m
    at [90mc:\Users\RYZEN\.antigravity-ide\HandicapLab\[39mtests\phase6.test.ts:184:24
    at [90mfile:///c:/Users/RYZEN/.antigravity-ide/HandicapLab/[39mnode_modules/[4m@vitest/runner[24m/dist/index.js:533:5
    at runTest [90m(file:///c:/Users/RYZEN/.antigravity-ide/HandicapLab/[39mnode_modules/[4m@vitest/runner[24m/dist/index.js:1056:11[90m)[39m
    at runSuite [90m(file:///c:/Users/RYZEN/.antigravity-ide/HandicapLab/[39mnode_modules/[4m@vitest/runner[24m/dist/index.js:1205:15[90m)[39m
    at runSuite [90m(file:///c:/Users/RYZEN/.antigravity-ide/HandicapLab/[39mnode_modules/[4m@vitest/runner[24m/dist/index.js:1205:15[90m)[39m
    at runSuite [90m(file:///c:/Users/RYZEN/.antigravity-ide/HandicapLab/[39mnode_modules/[4m@vitest/runner[24m/dist/index.js:1205:15[90m)[39m
[GenerateSignals] Error generating AH predictions for match match-1: RangeError: Invalid time value
    at Date.toISOString (<anonymous>)
    at FeatureEngine.build [90m(c:\Users\RYZEN\.antigravity-ide\HandicapLab\[39msrc\lib\engines\feature-engine\index.ts:77:34[90m)[39m
[90m    at processTicksAndRejections (node:internal/process/task_queues:104:5)[39m
    at handleGenerateSignals [90m(c:\Users\RYZEN\.antigravity-ide\HandicapLab\[39msrc\app\api\cron\generate-signals\route.ts:377:30[90m)[39m
    at [90mc:\Users\RYZEN\.antigravity-ide\HandicapLab\[39mtests\phase6.test.ts:184:24
    at [90mfile:///c:/Users/RYZEN/.antigravity-ide/HandicapLab/[39mnode_modules/[4m@vitest/runner[24m/dist/index.js:533:5
    at runTest [90m(file:///c:/Users/RYZEN/.antigravity-ide/HandicapLab/[39mnode_modules/[4m@vitest/runner[24m/dist/index.js:1056:11[90m)[39m
    at runSuite [90m(file:///c:/Users/RYZEN/.antigravity-ide/HandicapLab/[39mnode_modules/[4m@vitest/runner[24m/dist/index.js:1205:15[90m)[39m
    at runSuite [90m(file:///c:/Users/RYZEN/.antigravity-ide/HandicapLab/[39mnode_modules/[4m@vitest/runner[24m/dist/index.js:1205:15[90m)[39m
    at runSuite [90m(file:///c:/Users/RYZEN/.antigravity-ide/HandicapLab/[39mnode_modules/[4m@vitest/runner[24m/dist/index.js:1205:15[90m)[39m
[GenerateSignals] Error generating OU predictions for match match-1: RangeError: Invalid time value
    at Date.toISOString (<anonymous>)
    at FeatureEngine.build [90m(c:\Users\RYZEN\.antigravity-ide\HandicapLab\[39msrc\lib\engines\feature-engine\index.ts:77:34[90m)[39m
[90m    at processTicksAndRejections (node:internal/process/task_queues:104:5)[39m
    at handleGenerateSignals [90m(c:\Users\RYZEN\.antigravity-ide\HandicapLab\[39msrc\app\api\cron\generate-signals\route.ts:377:30[90m)[39m
    at [90mc:\Users\RYZEN\.antigravity-ide\HandicapLab\[39mtests\phase6.test.ts:184:24
    at [90mfile:///c:/Users/RYZEN/.antigravity-ide/HandicapLab/[39mnode_modules/[4m@vitest/runner[24m/dist/index.js:533:5
    at runTest [90m(file:///c:/Users/RYZEN/.antigravity-ide/HandicapLab/[39mnode_modules/[4m@vitest/runner[24m/dist/index.js:1056:11[90m)[39m
    at runSuite [90m(file:///c:/Users/RYZEN/.antigravity-ide/HandicapLab/[39mnode_modules/[4m@vitest/runner[24m/dist/index.js:1205:15[90m)[39m
    at runSuite [90m(file:///c:/Users/RYZEN/.antigravity-ide/HandicapLab/[39mnode_modules/[4m@vitest/runner[24m/dist/index.js:1205:15[90m)[39m
    at runSuite [90m(file:///c:/Users/RYZEN/.antigravity-ide/HandicapLab/[39mnode_modules/[4m@vitest/runner[24m/dist/index.js:1205:15[90m)[39m
[GenerateSignals] Error generating ML predictions for match match-1: RangeError: Invalid time value
    at Date.toISOString (<anonymous>)
    at FeatureEngine.build [90m(c:\Users\RYZEN\.antigravity-ide\HandicapLab\[39msrc\lib\engines\feature-engine\index.ts:77:34[90m)[39m
[90m    at processTicksAndRejections (node:internal/process/task_queues:104:5)[39m
    at handleGenerateSignals [90m(c:\Users\RYZEN\.antigravity-ide\HandicapLab\[39msrc\app\api\cron\generate-signals\route.ts:377:30[90m)[39m
    at [90mc:\Users\RYZEN\.antigravity-ide\HandicapLab\[39mtests\phase6.test.ts:184:24
    at [90mfile:///c:/Users/RYZEN/.antigravity-ide/HandicapLab/[39mnode_modules/[4m@vitest/runner[24m/dist/index.js:533:5
    at runTest [90m(file:///c:/Users/RYZEN/.antigravity-ide/HandicapLab/[39mnode_modules/[4m@vitest/runner[24m/dist/index.js:1056:11[90m)[39m
    at runSuite [90m(file:///c:/Users/RYZEN/.antigravity-ide/HandicapLab/[39mnode_modules/[4m@vitest/runner[24m/dist/index.js:1205:15[90m)[39m
    at runSuite [90m(file:///c:/Users/RYZEN/.antigravity-ide/HandicapLab/[39mnode_modules/[4m@vitest/runner[24m/dist/index.js:1205:15[90m)[39m
    at runSuite [90m(file:///c:/Users/RYZEN/.antigravity-ide/HandicapLab/[39mnode_modules/[4m@vitest/runner[24m/dist/index.js:1205:15[90m)[39m
[GenerateSignals] Error generating AH predictions for match match-1: RangeError: Invalid time value
    at Date.toISOString (<anonymous>)
    at FeatureEngine.build [90m(c:\Users\RYZEN\.antigravity-ide\HandicapLab\[39msrc\lib\engines\feature-engine\index.ts:77:34[90m)[39m
[90m    at processTicksAndRejections (node:internal/process/task_queues:104:5)[39m
    at handleGenerateSignals [90m(c:\Users\RYZEN\.antigravity-ide\HandicapLab\[39msrc\app\api\cron\generate-signals\route.ts:377:30[90m)[39m
    at [90mc:\Users\RYZEN\.antigravity-ide\HandicapLab\[39mtests\phase6.test.ts:184:24
    at [90mfile:///c:/Users/RYZEN/.antigravity-ide/HandicapLab/[39mnode_modules/[4m@vitest/runner[24m/dist/index.js:533:5
    at runTest [90m(file:///c:/Users/RYZEN/.antigravity-ide/HandicapLab/[39mnode_modules/[4m@vitest/runner[24m/dist/index.js:1056:11[90m)[39m
    at runSuite [90m(file:///c:/Users/RYZEN/.antigravity-ide/HandicapLab/[39mnode_modules/[4m@vitest/runner[24m/dist/index.js:1205:15[90m)[39m
    at runSuite [90m(file:///c:/Users/RYZEN/.antigravity-ide/HandicapLab/[39mnode_modules/[4m@vitest/runner[24m/dist/index.js:1205:15[90m)[39m
    at runSuite [90m(file:///c:/Users/RYZEN/.antigravity-ide/HandicapLab/[39mnode_modules/[4m@vitest/runner[24m/dist/index.js:1205:15[90m)[39m
[GenerateSignals] Error generating OU predictions for match match-1: RangeError: Invalid time value
    at Date.toISOString (<anonymous>)
    at FeatureEngine.build [90m(c:\Users\RYZEN\.antigravity-ide\HandicapLab\[39msrc\lib\engines\feature-engine\index.ts:77:34[90m)[39m
[90m    at processTicksAndRejections (node:internal/process/task_queues:104:5)[39m
    at handleGenerateSignals [90m(c:\Users\RYZEN\.antigravity-ide\HandicapLab\[39msrc\app\api\cron\generate-signals\route.ts:377:30[90m)[39m
    at [90mc:\Users\RYZEN\.antigravity-ide\HandicapLab\[39mtests\phase6.test.ts:184:24
    at [90mfile:///c:/Users/RYZEN/.antigravity-ide/HandicapLab/[39mnode_modules/[4m@vitest/runner[24m/dist/index.js:533:5
    at runTest [90m(file:///c:/Users/RYZEN/.antigravity-ide/HandicapLab/[39mnode_modules/[4m@vitest/runner[24m/dist/index.js:1056:11[90m)[39m
    at runSuite [90m(file:///c:/Users/RYZEN/.antigravity-ide/HandicapLab/[39mnode_modules/[4m@vitest/runner[24m/dist/index.js:1205:15[90m)[39m
    at runSuite [90m(file:///c:/Users/RYZEN/.antigravity-ide/HandicapLab/[39mnode_modules/[4m@vitest/runner[24m/dist/index.js:1205:15[90m)[39m
    at runSuite [90m(file:///c:/Users/RYZEN/.antigravity-ide/HandicapLab/[39mnode_modules/[4m@vitest/runner[24m/dist/index.js:1205:15[90m)[39m
[GenerateSignals] Error generating ML predictions for match match-1: RangeError: Invalid time value
    at Date.toISOString (<anonymous>)
    at FeatureEngine.build [90m(c:\Users\RYZEN\.antigravity-ide\HandicapLab\[39msrc\lib\engines\feature-engine\index.ts:77:34[90m)[39m
[90m    at processTicksAndRejections (node:internal/process/task_queues:104:5)[39m
    at handleGenerateSignals [90m(c:\Users\RYZEN\.antigravity-ide\HandicapLab\[39msrc\app\api\cron\generate-signals\route.ts:377:30[90m)[39m
    at [90mc:\Users\RYZEN\.antigravity-ide\HandicapLab\[39mtests\phase6.test.ts:184:24
    at [90mfile:///c:/Users/RYZEN/.antigravity-ide/HandicapLab/[39mnode_modules/[4m@vitest/runner[24m/dist/index.js:533:5
    at runTest [90m(file:///c:/Users/RYZEN/.antigravity-ide/HandicapLab/[39mnode_modules/[4m@vitest/runner[24m/dist/index.js:1056:11[90m)[39m
    at runSuite [90m(file:///c:/Users/RYZEN/.antigravity-ide/HandicapLab/[39mnode_modules/[4m@vitest/runner[24m/dist/index.js:1205:15[90m)[39m
    at runSuite [90m(file:///c:/Users/RYZEN/.antigravity-ide/HandicapLab/[39mnode_modules/[4m@vitest/runner[24m/dist/index.js:1205:15[90m)[39m
    at runSuite [90m(file:///c:/Users/RYZEN/.antigravity-ide/HandicapLab/[39mnode_modules/[4m@vitest/runner[24m/dist/index.js:1205:15[90m)[39m
[GenerateSignals] Error generating AH predictions for match match-1: RangeError: Invalid time value
    at Date.toISOString (<anonymous>)
    at FeatureEngine.build [90m(c:\Users\RYZEN\.antigravity-ide\HandicapLab\[39msrc\lib\engines\feature-engine\index.ts:77:34[90m)[39m
[90m    at processTicksAndRejections (node:internal/process/task_queues:104:5)[39m
    at handleGenerateSignals [90m(c:\Users\RYZEN\.antigravity-ide\HandicapLab\[39msrc\app\api\cron\generate-signals\route.ts:377:30[90m)[39m
    at [90mc:\Users\RYZEN\.antigravity-ide\HandicapLab\[39mtests\phase6.test.ts:184:24
    at [90mfile:///c:/Users/RYZEN/.antigravity-ide/HandicapLab/[39mnode_modules/[4m@vitest/runner[24m/dist/index.js:533:5
    at runTest [90m(file:///c:/Users/RYZEN/.antigravity-ide/HandicapLab/[39mnode_modules/[4m@vitest/runner[24m/dist/index.js:1056:11[90m)[39m
    at runSuite [90m(file:///c:/Users/RYZEN/.antigravity-ide/HandicapLab/[39mnode_modules/[4m@vitest/runner[24m/dist/index.js:1205:15[90m)[39m
    at runSuite [90m(file:///c:/Users/RYZEN/.antigravity-ide/HandicapLab/[39mnode_modules/[4m@vitest/runner[24m/dist/index.js:1205:15[90m)[39m
    at runSuite [90m(file:///c:/Users/RYZEN/.antigravity-ide/HandicapLab/[39mnode_modules/[4m@vitest/runner[24m/dist/index.js:1205:15[90m)[39m
[GenerateSignals] Error generating OU predictions for match match-1: RangeError: Invalid time value
    at Date.toISOString (<anonymous>)
    at FeatureEngine.build [90m(c:\Users\RYZEN\.antigravity-ide\HandicapLab\[39msrc\lib\engines\feature-engine\index.ts:77:34[90m)[39m
[90m    at processTicksAndRejections (node:internal/process/task_queues:104:5)[39m
    at handleGenerateSignals [90m(c:\Users\RYZEN\.antigravity-ide\HandicapLab\[39msrc\app\api\cron\generate-signals\route.ts:377:30[90m)[39m
    at [90mc:\Users\RYZEN\.antigravity-ide\HandicapLab\[39mtests\phase6.test.ts:184:24
    at [90mfile:///c:/Users/RYZEN/.antigravity-ide/HandicapLab/[39mnode_modules/[4m@vitest/runner[24m/dist/index.js:533:5
    at runTest [90m(file:///c:/Users/RYZEN/.antigravity-ide/HandicapLab/[39mnode_modules/[4m@vitest/runner[24m/dist/index.js:1056:11[90m)[39m
    at runSuite [90m(file:///c:/Users/RYZEN/.antigravity-ide/HandicapLab/[39mnode_modules/[4m@vitest/runner[24m/dist/index.js:1205:15[90m)[39m
    at runSuite [90m(file:///c:/Users/RYZEN/.antigravity-ide/HandicapLab/[39mnode_modules/[4m@vitest/runner[24m/dist/index.js:1205:15[90m)[39m
    at runSuite [90m(file:///c:/Users/RYZEN/.antigravity-ide/HandicapLab/[39mnode_modules/[4m@vitest/runner[24m/dist/index.js:1205:15[90m)[39m
[GenerateSignals] Error generating ML predictions for match match-1: RangeError: Invalid time value
    at Date.toISOString (<anonymous>)
    at FeatureEngine.build [90m(c:\Users\RYZEN\.antigravity-ide\HandicapLab\[39msrc\lib\engines\feature-engine\index.ts:77:34[90m)[39m
[90m    at processTicksAndRejections (node:internal/process/task_queues:104:5)[39m
    at handleGenerateSignals [90m(c:\Users\RYZEN\.antigravity-ide\HandicapLab\[39msrc\app\api\cron\generate-signals\route.ts:377:30[90m)[39m
    at [90mc:\Users\RYZEN\.antigravity-ide\HandicapLab\[39mtests\phase6.test.ts:184:24
    at [90mfile:///c:/Users/RYZEN/.antigravity-ide/HandicapLab/[39mnode_modules/[4m@vitest/runner[24m/dist/index.js:533:5
    at runTest [90m(file:///c:/Users/RYZEN/.antigravity-ide/HandicapLab/[39mnode_modules/[4m@vitest/runner[24m/dist/index.js:1056:11[90m)[39m
    at runSuite [90m(file:///c:/Users/RYZEN/.antigravity-ide/HandicapLab/[39mnode_modules/[4m@vitest/runner[24m/dist/index.js:1205:15[90m)[39m
    at runSuite [90m(file:///c:/Users/RYZEN/.antigravity-ide/HandicapLab/[39mnode_modules/[4m@vitest/runner[24m/dist/index.js:1205:15[90m)[39m
    at runSuite [90m(file:///c:/Users/RYZEN/.antigravity-ide/HandicapLab/[39mnode_modules/[4m@vitest/runner[24m/dist/index.js:1205:15[90m)[39m
[GenerateSignals] Error generating AH predictions for match match-1: RangeError: Invalid time value
    at Date.toISOString (<anonymous>)
    at FeatureEngine.build [90m(c:\Users\RYZEN\.antigravity-ide\HandicapLab\[39msrc\lib\engines\feature-engine\index.ts:77:34[90m)[39m
[90m    at processTicksAndRejections (node:internal/process/task_queues:104:5)[39m
    at handleGenerateSignals [90m(c:\Users\RYZEN\.antigravity-ide\HandicapLab\[39msrc\app\api\cron\generate-signals\route.ts:377:30[90m)[39m
    at [90mc:\Users\RYZEN\.antigravity-ide\HandicapLab\[39mtests\phase6.test.ts:184:24
    at [90mfile:///c:/Users/RYZEN/.antigravity-ide/HandicapLab/[39mnode_modules/[4m@vitest/runner[24m/dist/index.js:533:5
    at runTest [90m(file:///c:/Users/RYZEN/.antigravity-ide/HandicapLab/[39mnode_modules/[4m@vitest/runner[24m/dist/index.js:1056:11[90m)[39m
    at runSuite [90m(file:///c:/Users/RYZEN/.antigravity-ide/HandicapLab/[39mnode_modules/[4m@vitest/runner[24m/dist/index.js:1205:15[90m)[39m
    at runSuite [90m(file:///c:/Users/RYZEN/.antigravity-ide/HandicapLab/[39mnode_modules/[4m@vitest/runner[24m/dist/index.js:1205:15[90m)[39m
    at runSuite [90m(file:///c:/Users/RYZEN/.antigravity-ide/HandicapLab/[39mnode_modules/[4m@vitest/runner[24m/dist/index.js:1205:15[90m)[39m
[GenerateSignals] Error generating OU predictions for match match-1: RangeError: Invalid time value
    at Date.toISOString (<anonymous>)
    at FeatureEngine.build [90m(c:\Users\RYZEN\.antigravity-ide\HandicapLab\[39msrc\lib\engines\feature-engine\index.ts:77:34[90m)[39m
[90m    at processTicksAndRejections (node:internal/process/task_queues:104:5)[39m
    at handleGenerateSignals [90m(c:\Users\RYZEN\.antigravity-ide\HandicapLab\[39msrc\app\api\cron\generate-signals\route.ts:377:30[90m)[39m
    at [90mc:\Users\RYZEN\.antigravity-ide\HandicapLab\[39mtests\phase6.test.ts:184:24
    at [90mfile:///c:/Users/RYZEN/.antigravity-ide/HandicapLab/[39mnode_modules/[4m@vitest/runner[24m/dist/index.js:533:5
    at runTest [90m(file:///c:/Users/RYZEN/.antigravity-ide/HandicapLab/[39mnode_modules/[4m@vitest/runner[24m/dist/index.js:1056:11[90m)[39m
    at runSuite [90m(file:///c:/Users/RYZEN/.antigravity-ide/HandicapLab/[39mnode_modules/[4m@vitest/runner[24m/dist/index.js:1205:15[90m)[39m
    at runSuite [90m(file:///c:/Users/RYZEN/.antigravity-ide/HandicapLab/[39mnode_modules/[4m@vitest/runner[24m/dist/index.js:1205:15[90m)[39m
    at runSuite [90m(file:///c:/Users/RYZEN/.antigravity-ide/HandicapLab/[39mnode_modules/[4m@vitest/runner[24m/dist/index.js:1205:15[90m)[39m
[GenerateSignals] Error generating ML predictions for match match-1: RangeError: Invalid time value
    at Date.toISOString (<anonymous>)
    at FeatureEngine.build [90m(c:\Users\RYZEN\.antigravity-ide\HandicapLab\[39msrc\lib\engines\feature-engine\index.ts:77:34[90m)[39m
[90m    at processTicksAndRejections (node:internal/process/task_queues:104:5)[39m
    at handleGenerateSignals [90m(c:\Users\RYZEN\.antigravity-ide\HandicapLab\[39msrc\app\api\cron\generate-signals\route.ts:377:30[90m)[39m
    at [90mc:\Users\RYZEN\.antigravity-ide\HandicapLab\[39mtests\phase6.test.ts:184:24
    at [90mfile:///c:/Users/RYZEN/.antigravity-ide/HandicapLab/[39mnode_modules/[4m@vitest/runner[24m/dist/index.js:533:5
    at runTest [90m(file:///c:/Users/RYZEN/.antigravity-ide/HandicapLab/[39mnode_modules/[4m@vitest/runner[24m/dist/index.js:1056:11[90m)[39m
    at runSuite [90m(file:///c:/Users/RYZEN/.antigravity-ide/HandicapLab/[39mnode_modules/[4m@vitest/runner[24m/dist/index.js:1205:15[90m)[39m
    at runSuite [90m(file:///c:/Users/RYZEN/.antigravity-ide/HandicapLab/[39mnode_modules/[4m@vitest/runner[24m/dist/index.js:1205:15[90m)[39m
    at runSuite [90m(file:///c:/Users/RYZEN/.antigravity-ide/HandicapLab/[39mnode_modules/[4m@vitest/runner[24m/dist/index.js:1205:15[90m)[39m
[GenerateSignals] Error generating AH predictions for match match-1: RangeError: Invalid time value
    at Date.toISOString (<anonymous>)
    at FeatureEngine.build [90m(c:\Users\RYZEN\.antigravity-ide\HandicapLab\[39msrc\lib\engines\feature-engine\index.ts:77:34[90m)[39m
[90m    at processTicksAndRejections (node:internal/process/task_queues:104:5)[39m
    at handleGenerateSignals [90m(c:\Users\RYZEN\.antigravity-ide\HandicapLab\[39msrc\app\api\cron\generate-signals\route.ts:377:30[90m)[39m
    at [90mc:\Users\RYZEN\.antigravity-ide\HandicapLab\[39mtests\phase6.test.ts:184:24
    at [90mfile:///c:/Users/RYZEN/.antigravity-ide/HandicapLab/[39mnode_modules/[4m@vitest/runner[24m/dist/index.js:533:5
    at runTest [90m(file:///c:/Users/RYZEN/.antigravity-ide/HandicapLab/[39mnode_modules/[4m@vitest/runner[24m/dist/index.js:1056:11[90m)[39m
    at runSuite [90m(file:///c:/Users/RYZEN/.antigravity-ide/HandicapLab/[39mnode_modules/[4m@vitest/runner[24m/dist/index.js:1205:15[90m)[39m
    at runSuite [90m(file:///c:/Users/RYZEN/.antigravity-ide/HandicapLab/[39mnode_modules/[4m@vitest/runner[24m/dist/index.js:1205:15[90m)[39m
    at runSuite [90m(file:///c:/Users/RYZEN/.antigravity-ide/HandicapLab/[39mnode_modules/[4m@vitest/runner[24m/dist/index.js:1205:15[90m)[39m
[GenerateSignals] Error generating OU predictions for match match-1: RangeError: Invalid time value
    at Date.toISOString (<anonymous>)
    at FeatureEngine.build [90m(c:\Users\RYZEN\.antigravity-ide\HandicapLab\[39msrc\lib\engines\feature-engine\index.ts:77:34[90m)[39m
[90m    at processTicksAndRejections (node:internal/process/task_queues:104:5)[39m
    at handleGenerateSignals [90m(c:\Users\RYZEN\.antigravity-ide\HandicapLab\[39msrc\app\api\cron\generate-signals\route.ts:377:30[90m)[39m
    at [90mc:\Users\RYZEN\.antigravity-ide\HandicapLab\[39mtests\phase6.test.ts:184:24
    at [90mfile:///c:/Users/RYZEN/.antigravity-ide/HandicapLab/[39mnode_modules/[4m@vitest/runner[24m/dist/index.js:533:5
    at runTest [90m(file:///c:/Users/RYZEN/.antigravity-ide/HandicapLab/[39mnode_modules/[4m@vitest/runner[24m/dist/index.js:1056:11[90m)[39m
    at runSuite [90m(file:///c:/Users/RYZEN/.antigravity-ide/HandicapLab/[39mnode_modules/[4m@vitest/runner[24m/dist/index.js:1205:15[90m)[39m
    at runSuite [90m(file:///c:/Users/RYZEN/.antigravity-ide/HandicapLab/[39mnode_modules/[4m@vitest/runner[24m/dist/index.js:1205:15[90m)[39m
    at runSuite [90m(file:///c:/Users/RYZEN/.antigravity-ide/HandicapLab/[39mnode_modules/[4m@vitest/runner[24m/dist/index.js:1205:15[90m)[39m
[GenerateSignals] Error generating ML predictions for match match-1: RangeError: Invalid time value
    at Date.toISOString (<anonymous>)
    at FeatureEngine.build [90m(c:\Users\RYZEN\.antigravity-ide\HandicapLab\[39msrc\lib\engines\feature-engine\index.ts:77:34[90m)[39m
[90m    at processTicksAndRejections (node:internal/process/task_queues:104:5)[39m
    at handleGenerateSignals [90m(c:\Users\RYZEN\.antigravity-ide\HandicapLab\[39msrc\app\api\cron\generate-signals\route.ts:377:30[90m)[39m
    at [90mc:\Users\RYZEN\.antigravity-ide\HandicapLab\[39mtests\phase6.test.ts:184:24
    at [90mfile:///c:/Users/RYZEN/.antigravity-ide/HandicapLab/[39mnode_modules/[4m@vitest/runner[24m/dist/index.js:533:5
    at runTest [90m(file:///c:/Users/RYZEN/.antigravity-ide/HandicapLab/[39mnode_modules/[4m@vitest/runner[24m/dist/index.js:1056:11[90m)[39m
    at runSuite [90m(file:///c:/Users/RYZEN/.antigravity-ide/HandicapLab/[39mnode_modules/[4m@vitest/runner[24m/dist/index.js:1205:15[90m)[39m
    at runSuite [90m(file:///c:/Users/RYZEN/.antigravity-ide/HandicapLab/[39mnode_modules/[4m@vitest/runner[24m/dist/index.js:1205:15[90m)[39m
    at runSuite [90m(file:///c:/Users/RYZEN/.antigravity-ide/HandicapLab/[39mnode_modules/[4m@vitest/runner[24m/dist/index.js:1205:15[90m)[39m
[GenerateSignals] Error generating AH predictions for match match-1: RangeError: Invalid time value
    at Date.toISOString (<anonymous>)
    at FeatureEngine.build [90m(c:\Users\RYZEN\.antigravity-ide\HandicapLab\[39msrc\lib\engines\feature-engine\index.ts:77:34[90m)[39m
[90m    at processTicksAndRejections (node:internal/process/task_queues:104:5)[39m
    at handleGenerateSignals [90m(c:\Users\RYZEN\.antigravity-ide\HandicapLab\[39msrc\app\api\cron\generate-signals\route.ts:377:30[90m)[39m
    at [90mc:\Users\RYZEN\.antigravity-ide\HandicapLab\[39mtests\phase6.test.ts:184:24
    at [90mfile:///c:/Users/RYZEN/.antigravity-ide/HandicapLab/[39mnode_modules/[4m@vitest/runner[24m/dist/index.js:533:5
    at runTest [90m(file:///c:/Users/RYZEN/.antigravity-ide/HandicapLab/[39mnode_modules/[4m@vitest/runner[24m/dist/index.js:1056:11[90m)[39m
    at runSuite [90m(file:///c:/Users/RYZEN/.antigravity-ide/HandicapLab/[39mnode_modules/[4m@vitest/runner[24m/dist/index.js:1205:15[90m)[39m
    at runSuite [90m(file:///c:/Users/RYZEN/.antigravity-ide/HandicapLab/[39mnode_modules/[4m@vitest/runner[24m/dist/index.js:1205:15[90m)[39m
    at runSuite [90m(file:///c:/Users/RYZEN/.antigravity-ide/HandicapLab/[39mnode_modules/[4m@vitest/runner[24m/dist/index.js:1205:15[90m)[39m
[GenerateSignals] Error generating OU predictions for match match-1: RangeError: Invalid time value
    at Date.toISOString (<anonymous>)
    at FeatureEngine.build [90m(c:\Users\RYZEN\.antigravity-ide\HandicapLab\[39msrc\lib\engines\feature-engine\index.ts:77:34[90m)[39m
[90m    at processTicksAndRejections (node:internal/process/task_queues:104:5)[39m
    at handleGenerateSignals [90m(c:\Users\RYZEN\.antigravity-ide\HandicapLab\[39msrc\app\api\cron\generate-signals\route.ts:377:30[90m)[39m
    at [90mc:\Users\RYZEN\.antigravity-ide\HandicapLab\[39mtests\phase6.test.ts:184:24
    at [90mfile:///c:/Users/RYZEN/.antigravity-ide/HandicapLab/[39mnode_modules/[4m@vitest/runner[24m/dist/index.js:533:5
    at runTest [90m(file:///c:/Users/RYZEN/.antigravity-ide/HandicapLab/[39mnode_modules/[4m@vitest/runner[24m/dist/index.js:1056:11[90m)[39m
    at runSuite [90m(file:///c:/Users/RYZEN/.antigravity-ide/HandicapLab/[39mnode_modules/[4m@vitest/runner[24m/dist/index.js:1205:15[90m)[39m
    at runSuite [90m(file:///c:/Users/RYZEN/.antigravity-ide/HandicapLab/[39mnode_modules/[4m@vitest/runner[24m/dist/index.js:1205:15[90m)[39m
    at runSuite [90m(file:///c:/Users/RYZEN/.antigravity-ide/HandicapLab/[39mnode_modules/[4m@vitest/runner[24m/dist/index.js:1205:15[90m)[39m
[GenerateSignals] Error generating ML predictions for match match-1: RangeError: Invalid time value
    at Date.toISOString (<anonymous>)
    at FeatureEngine.build [90m(c:\Users\RYZEN\.antigravity-ide\HandicapLab\[39msrc\lib\engines\feature-engine\index.ts:77:34[90m)[39m
[90m    at processTicksAndRejections (node:internal/process/task_queues:104:5)[39m
    at handleGenerateSignals [90m(c:\Users\RYZEN\.antigravity-ide\HandicapLab\[39msrc\app\api\cron\generate-signals\route.ts:377:30[90m)[39m
    at [90mc:\Users\RYZEN\.antigravity-ide\HandicapLab\[39mtests\phase6.test.ts:184:24
    at [90mfile:///c:/Users/RYZEN/.antigravity-ide/HandicapLab/[39mnode_modules/[4m@vitest/runner[24m/dist/index.js:533:5
    at runTest [90m(file:///c:/Users/RYZEN/.antigravity-ide/HandicapLab/[39mnode_modules/[4m@vitest/runner[24m/dist/index.js:1056:11[90m)[39m
    at runSuite [90m(file:///c:/Users/RYZEN/.antigravity-ide/HandicapLab/[39mnode_modules/[4m@vitest/runner[24m/dist/index.js:1205:15[90m)[39m
    at runSuite [90m(file:///c:/Users/RYZEN/.antigravity-ide/HandicapLab/[39mnode_modules/[4m@vitest/runner[24m/dist/index.js:1205:15[90m)[39m
    at runSuite [90m(file:///c:/Users/RYZEN/.antigravity-ide/HandicapLab/[39mnode_modules/[4m@vitest/runner[24m/dist/index.js:1205:15[90m)[39m
[GenerateSignals] Error generating AH predictions for match match-1: RangeError: Invalid time value
    at Date.toISOString (<anonymous>)
    at FeatureEngine.build [90m(c:\Users\RYZEN\.antigravity-ide\HandicapLab\[39msrc\lib\engines\feature-engine\index.ts:77:34[90m)[39m
[90m    at processTicksAndRejections (node:internal/process/task_queues:104:5)[39m
    at handleGenerateSignals [90m(c:\Users\RYZEN\.antigravity-ide\HandicapLab\[39msrc\app\api\cron\generate-signals\route.ts:377:30[90m)[39m
    at [90mc:\Users\RYZEN\.antigravity-ide\HandicapLab\[39mtests\phase6.test.ts:184:24
    at [90mfile:///c:/Users/RYZEN/.antigravity-ide/HandicapLab/[39mnode_modules/[4m@vitest/runner[24m/dist/index.js:533:5
    at runTest [90m(file:///c:/Users/RYZEN/.antigravity-ide/HandicapLab/[39mnode_modules/[4m@vitest/runner[24m/dist/index.js:1056:11[90m)[39m
    at runSuite [90m(file:///c:/Users/RYZEN/.antigravity-ide/HandicapLab/[39mnode_modules/[4m@vitest/runner[24m/dist/index.js:1205:15[90m)[39m
    at runSuite [90m(file:///c:/Users/RYZEN/.antigravity-ide/HandicapLab/[39mnode_modules/[4m@vitest/runner[24m/dist/index.js:1205:15[90m)[39m
    at runSuite [90m(file:///c:/Users/RYZEN/.antigravity-ide/HandicapLab/[39mnode_modules/[4m@vitest/runner[24m/dist/index.js:1205:15[90m)[39m
[GenerateSignals] Error generating OU predictions for match match-1: RangeError: Invalid time value
    at Date.toISOString (<anonymous>)
    at FeatureEngine.build [90m(c:\Users\RYZEN\.antigravity-ide\HandicapLab\[39msrc\lib\engines\feature-engine\index.ts:77:34[90m)[39m
[90m    at processTicksAndRejections (node:internal/process/task_queues:104:5)[39m
    at handleGenerateSignals [90m(c:\Users\RYZEN\.antigravity-ide\HandicapLab\[39msrc\app\api\cron\generate-signals\route.ts:377:30[90m)[39m
    at [90mc:\Users\RYZEN\.antigravity-ide\HandicapLab\[39mtests\phase6.test.ts:184:24
    at [90mfile:///c:/Users/RYZEN/.antigravity-ide/HandicapLab/[39mnode_modules/[4m@vitest/runner[24m/dist/index.js:533:5
    at runTest [90m(file:///c:/Users/RYZEN/.antigravity-ide/HandicapLab/[39mnode_modules/[4m@vitest/runner[24m/dist/index.js:1056:11[90m)[39m
    at runSuite [90m(file:///c:/Users/RYZEN/.antigravity-ide/HandicapLab/[39mnode_modules/[4m@vitest/runner[24m/dist/index.js:1205:15[90m)[39m
    at runSuite [90m(file:///c:/Users/RYZEN/.antigravity-ide/HandicapLab/[39mnode_modules/[4m@vitest/runner[24m/dist/index.js:1205:15[90m)[39m
    at runSuite [90m(file:///c:/Users/RYZEN/.antigravity-ide/HandicapLab/[39mnode_modules/[4m@vitest/runner[24m/dist/index.js:1205:15[90m)[39m
[GenerateSignals] Error generating ML predictions for match match-1: RangeError: Invalid time value
    at Date.toISOString (<anonymous>)
    at FeatureEngine.build [90m(c:\Users\RYZEN\.antigravity-ide\HandicapLab\[39msrc\lib\engines\feature-engine\index.ts:77:34[90m)[39m
[90m    at processTicksAndRejections (node:internal/process/task_queues:104:5)[39m
    at handleGenerateSignals [90m(c:\Users\RYZEN\.antigravity-ide\HandicapLab\[39msrc\app\api\cron\generate-signals\route.ts:377:30[90m)[39m
    at [90mc:\Users\RYZEN\.antigravity-ide\HandicapLab\[39mtests\phase6.test.ts:184:24
    at [90mfile:///c:/Users/RYZEN/.antigravity-ide/HandicapLab/[39mnode_modules/[4m@vitest/runner[24m/dist/index.js:533:5
    at runTest [90m(file:///c:/Users/RYZEN/.antigravity-ide/HandicapLab/[39mnode_modules/[4m@vitest/runner[24m/dist/index.js:1056:11[90m)[39m
    at runSuite [90m(file:///c:/Users/RYZEN/.antigravity-ide/HandicapLab/[39mnode_modules/[4m@vitest/runner[24m/dist/index.js:1205:15[90m)[39m
    at runSuite [90m(file:///c:/Users/RYZEN/.antigravity-ide/HandicapLab/[39mnode_modules/[4m@vitest/runner[24m/dist/index.js:1205:15[90m)[39m
    at runSuite [90m(file:///c:/Users/RYZEN/.antigravity-ide/HandicapLab/[39mnode_modules/[4m@vitest/runner[24m/dist/index.js:1205:15[90m)[39m
[GenerateSignals] Error generating AH predictions for match match-1: RangeError: Invalid time value
    at Date.toISOString (<anonymous>)
    at FeatureEngine.build [90m(c:\Users\RYZEN\.antigravity-ide\HandicapLab\[39msrc\lib\engines\feature-engine\index.ts:77:34[90m)[39m
[90m    at processTicksAndRejections (node:internal/process/task_queues:104:5)[39m
    at handleGenerateSignals [90m(c:\Users\RYZEN\.antigravity-ide\HandicapLab\[39msrc\app\api\cron\generate-signals\route.ts:377:30[90m)[39m
    at [90mc:\Users\RYZEN\.antigravity-ide\HandicapLab\[39mtests\phase6.test.ts:184:24
    at [90mfile:///c:/Users/RYZEN/.antigravity-ide/HandicapLab/[39mnode_modules/[4m@vitest/runner[24m/dist/index.js:533:5
    at runTest [90m(file:///c:/Users/RYZEN/.antigravity-ide/HandicapLab/[39mnode_modules/[4m@vitest/runner[24m/dist/index.js:1056:11[90m)[39m
    at runSuite [90m(file:///c:/Users/RYZEN/.antigravity-ide/HandicapLab/[39mnode_modules/[4m@vitest/runner[24m/dist/index.js:1205:15[90m)[39m
    at runSuite [90m(file:///c:/Users/RYZEN/.antigravity-ide/HandicapLab/[39mnode_modules/[4m@vitest/runner[24m/dist/index.js:1205:15[90m)[39m
    at runSuite [90m(file:///c:/Users/RYZEN/.antigravity-ide/HandicapLab/[39mnode_modules/[4m@vitest/runner[24m/dist/index.js:1205:15[90m)[39m
[GenerateSignals] Error generating OU predictions for match match-1: RangeError: Invalid time value
    at Date.toISOString (<anonymous>)
    at FeatureEngine.build [90m(c:\Users\RYZEN\.antigravity-ide\HandicapLab\[39msrc\lib\engines\feature-engine\index.ts:77:34[90m)[39m
[90m    at processTicksAndRejections (node:internal/process/task_queues:104:5)[39m
    at handleGenerateSignals [90m(c:\Users\RYZEN\.antigravity-ide\HandicapLab\[39msrc\app\api\cron\generate-signals\route.ts:377:30[90m)[39m
    at [90mc:\Users\RYZEN\.antigravity-ide\HandicapLab\[39mtests\phase6.test.ts:184:24
    at [90mfile:///c:/Users/RYZEN/.antigravity-ide/HandicapLab/[39mnode_modules/[4m@vitest/runner[24m/dist/index.js:533:5
    at runTest [90m(file:///c:/Users/RYZEN/.antigravity-ide/HandicapLab/[39mnode_modules/[4m@vitest/runner[24m/dist/index.js:1056:11[90m)[39m
    at runSuite [90m(file:///c:/Users/RYZEN/.antigravity-ide/HandicapLab/[39mnode_modules/[4m@vitest/runner[24m/dist/index.js:1205:15[90m)[39m
    at runSuite [90m(file:///c:/Users/RYZEN/.antigravity-ide/HandicapLab/[39mnode_modules/[4m@vitest/runner[24m/dist/index.js:1205:15[90m)[39m
    at runSuite [90m(file:///c:/Users/RYZEN/.antigravity-ide/HandicapLab/[39mnode_modules/[4m@vitest/runner[24m/dist/index.js:1205:15[90m)[39m
[GenerateSignals] Error generating ML predictions for match match-1: RangeError: Invalid time value
    at Date.toISOString (<anonymous>)
    at FeatureEngine.build [90m(c:\Users\RYZEN\.antigravity-ide\HandicapLab\[39msrc\lib\engines\feature-engine\index.ts:77:34[90m)[39m
[90m    at processTicksAndRejections (node:internal/process/task_queues:104:5)[39m
    at handleGenerateSignals [90m(c:\Users\RYZEN\.antigravity-ide\HandicapLab\[39msrc\app\api\cron\generate-signals\route.ts:377:30[90m)[39m
    at [90mc:\Users\RYZEN\.antigravity-ide\HandicapLab\[39mtests\phase6.test.ts:184:24
    at [90mfile:///c:/Users/RYZEN/.antigravity-ide/HandicapLab/[39mnode_modules/[4m@vitest/runner[24m/dist/index.js:533:5
    at runTest [90m(file:///c:/Users/RYZEN/.antigravity-ide/HandicapLab/[39mnode_modules/[4m@vitest/runner[24m/dist/index.js:1056:11[90m)[39m
    at runSuite [90m(file:///c:/Users/RYZEN/.antigravity-ide/HandicapLab/[39mnode_modules/[4m@vitest/runner[24m/dist/index.js:1205:15[90m)[39m
    at runSuite [90m(file:///c:/Users/RYZEN/.antigravity-ide/HandicapLab/[39mnode_modules/[4m@vitest/runner[24m/dist/index.js:1205:15[90m)[39m
    at runSuite [90m(file:///c:/Users/RYZEN/.antigravity-ide/HandicapLab/[39mnode_modules/[4m@vitest/runner[24m/dist/index.js:1205:15[90m)[39m
[GenerateSignals] Error generating AH predictions for match match-1: RangeError: Invalid time value
    at Date.toISOString (<anonymous>)
    at FeatureEngine.build [90m(c:\Users\RYZEN\.antigravity-ide\HandicapLab\[39msrc\lib\engines\feature-engine\index.ts:77:34[90m)[39m
[90m    at processTicksAndRejections (node:internal/process/task_queues:104:5)[39m
    at handleGenerateSignals [90m(c:\Users\RYZEN\.antigravity-ide\HandicapLab\[39msrc\app\api\cron\generate-signals\route.ts:377:30[90m)[39m
    at [90mc:\Users\RYZEN\.antigravity-ide\HandicapLab\[39mtests\phase6.test.ts:184:24
    at [90mfile:///c:/Users/RYZEN/.antigravity-ide/HandicapLab/[39mnode_modules/[4m@vitest/runner[24m/dist/index.js:533:5
    at runTest [90m(file:///c:/Users/RYZEN/.antigravity-ide/HandicapLab/[39mnode_modules/[4m@vitest/runner[24m/dist/index.js:1056:11[90m)[39m
    at runSuite [90m(file:///c:/Users/RYZEN/.antigravity-ide/HandicapLab/[39mnode_modules/[4m@vitest/runner[24m/dist/index.js:1205:15[90m)[39m
    at runSuite [90m(file:///c:/Users/RYZEN/.antigravity-ide/HandicapLab/[39mnode_modules/[4m@vitest/runner[24m/dist/index.js:1205:15[90m)[39m
    at runSuite [90m(file:///c:/Users/RYZEN/.antigravity-ide/HandicapLab/[39mnode_modules/[4m@vitest/runner[24m/dist/index.js:1205:15[90m)[39m
[GenerateSignals] Error generating OU predictions for match match-1: RangeError: Invalid time value
    at Date.toISOString (<anonymous>)
    at FeatureEngine.build [90m(c:\Users\RYZEN\.antigravity-ide\HandicapLab\[39msrc\lib\engines\feature-engine\index.ts:77:34[90m)[39m
[90m    at processTicksAndRejections (node:internal/process/task_queues:104:5)[39m
    at handleGenerateSignals [90m(c:\Users\RYZEN\.antigravity-ide\HandicapLab\[39msrc\app\api\cron\generate-signals\route.ts:377:30[90m)[39m
    at [90mc:\Users\RYZEN\.antigravity-ide\HandicapLab\[39mtests\phase6.test.ts:184:24
    at [90mfile:///c:/Users/RYZEN/.antigravity-ide/HandicapLab/[39mnode_modules/[4m@vitest/runner[24m/dist/index.js:533:5
    at runTest [90m(file:///c:/Users/RYZEN/.antigravity-ide/HandicapLab/[39mnode_modules/[4m@vitest/runner[24m/dist/index.js:1056:11[90m)[39m
    at runSuite [90m(file:///c:/Users/RYZEN/.antigravity-ide/HandicapLab/[39mnode_modules/[4m@vitest/runner[24m/dist/index.js:1205:15[90m)[39m
    at runSuite [90m(file:///c:/Users/RYZEN/.antigravity-ide/HandicapLab/[39mnode_modules/[4m@vitest/runner[24m/dist/index.js:1205:15[90m)[39m
    at runSuite [90m(file:///c:/Users/RYZEN/.antigravity-ide/HandicapLab/[39mnode_modules/[4m@vitest/runner[24m/dist/index.js:1205:15[90m)[39m
[GenerateSignals] Error generating ML predictions for match match-1: RangeError: Invalid time value
    at Date.toISOString (<anonymous>)
    at FeatureEngine.build [90m(c:\Users\RYZEN\.antigravity-ide\HandicapLab\[39msrc\lib\engines\feature-engine\index.ts:77:34[90m)[39m
[90m    at processTicksAndRejections (node:internal/process/task_queues:104:5)[39m
    at handleGenerateSignals [90m(c:\Users\RYZEN\.antigravity-ide\HandicapLab\[39msrc\app\api\cron\generate-signals\route.ts:377:30[90m)[39m
    at [90mc:\Users\RYZEN\.antigravity-ide\HandicapLab\[39mtests\phase6.test.ts:184:24
    at [90mfile:///c:/Users/RYZEN/.antigravity-ide/HandicapLab/[39mnode_modules/[4m@vitest/runner[24m/dist/index.js:533:5
    at runTest [90m(file:///c:/Users/RYZEN/.antigravity-ide/HandicapLab/[39mnode_modules/[4m@vitest/runner[24m/dist/index.js:1056:11[90m)[39m
    at runSuite [90m(file:///c:/Users/RYZEN/.antigravity-ide/HandicapLab/[39mnode_modules/[4m@vitest/runner[24m/dist/index.js:1205:15[90m)[39m
    at runSuite [90m(file:///c:/Users/RYZEN/.antigravity-ide/HandicapLab/[39mnode_modules/[4m@vitest/runner[24m/dist/index.js:1205:15[90m)[39m
    at runSuite [90m(file:///c:/Users/RYZEN/.antigravity-ide/HandicapLab/[39mnode_modules/[4m@vitest/runner[24m/dist/index.js:1205:15[90m)[39m
[GenerateSignals] Error generating AH predictions for match match-1: RangeError: Invalid time value
    at Date.toISOString (<anonymous>)
    at FeatureEngine.build [90m(c:\Users\RYZEN\.antigravity-ide\HandicapLab\[39msrc\lib\engines\feature-engine\index.ts:77:34[90m)[39m
[90m    at processTicksAndRejections (node:internal/process/task_queues:104:5)[39m
    at handleGenerateSignals [90m(c:\Users\RYZEN\.antigravity-ide\HandicapLab\[39msrc\app\api\cron\generate-signals\route.ts:377:30[90m)[39m
    at [90mc:\Users\RYZEN\.antigravity-ide\HandicapLab\[39mtests\phase6.test.ts:184:24
    at [90mfile:///c:/Users/RYZEN/.antigravity-ide/HandicapLab/[39mnode_modules/[4m@vitest/runner[24m/dist/index.js:533:5
    at runTest [90m(file:///c:/Users/RYZEN/.antigravity-ide/HandicapLab/[39mnode_modules/[4m@vitest/runner[24m/dist/index.js:1056:11[90m)[39m
    at runSuite [90m(file:///c:/Users/RYZEN/.antigravity-ide/HandicapLab/[39mnode_modules/[4m@vitest/runner[24m/dist/index.js:1205:15[90m)[39m
    at runSuite [90m(file:///c:/Users/RYZEN/.antigravity-ide/HandicapLab/[39mnode_modules/[4m@vitest/runner[24m/dist/index.js:1205:15[90m)[39m
    at runSuite [90m(file:///c:/Users/RYZEN/.antigravity-ide/HandicapLab/[39mnode_modules/[4m@vitest/runner[24m/dist/index.js:1205:15[90m)[39m
[GenerateSignals] Error generating OU predictions for match match-1: RangeError: Invalid time value
    at Date.toISOString (<anonymous>)
    at FeatureEngine.build [90m(c:\Users\RYZEN\.antigravity-ide\HandicapLab\[39msrc\lib\engines\feature-engine\index.ts:77:34[90m)[39m
[90m    at processTicksAndRejections (node:internal/process/task_queues:104:5)[39m
    at handleGenerateSignals [90m(c:\Users\RYZEN\.antigravity-ide\HandicapLab\[39msrc\app\api\cron\generate-signals\route.ts:377:30[90m)[39m
    at [90mc:\Users\RYZEN\.antigravity-ide\HandicapLab\[39mtests\phase6.test.ts:184:24
    at [90mfile:///c:/Users/RYZEN/.antigravity-ide/HandicapLab/[39mnode_modules/[4m@vitest/runner[24m/dist/index.js:533:5
    at runTest [90m(file:///c:/Users/RYZEN/.antigravity-ide/HandicapLab/[39mnode_modules/[4m@vitest/runner[24m/dist/index.js:1056:11[90m)[39m
    at runSuite [90m(file:///c:/Users/RYZEN/.antigravity-ide/HandicapLab/[39mnode_modules/[4m@vitest/runner[24m/dist/index.js:1205:15[90m)[39m
    at runSuite [90m(file:///c:/Users/RYZEN/.antigravity-ide/HandicapLab/[39mnode_modules/[4m@vitest/runner[24m/dist/index.js:1205:15[90m)[39m
    at runSuite [90m(file:///c:/Users/RYZEN/.antigravity-ide/HandicapLab/[39mnode_modules/[4m@vitest/runner[24m/dist/index.js:1205:15[90m)[39m
[GenerateSignals] Error generating ML predictions for match match-1: RangeError: Invalid time value
    at Date.toISOString (<anonymous>)
    at FeatureEngine.build [90m(c:\Users\RYZEN\.antigravity-ide\HandicapLab\[39msrc\lib\engines\feature-engine\index.ts:77:34[90m)[39m
[90m    at processTicksAndRejections (node:internal/process/task_queues:104:5)[39m
    at handleGenerateSignals [90m(c:\Users\RYZEN\.antigravity-ide\HandicapLab\[39msrc\app\api\cron\generate-signals\route.ts:377:30[90m)[39m
    at [90mc:\Users\RYZEN\.antigravity-ide\HandicapLab\[39mtests\phase6.test.ts:184:24
    at [90mfile:///c:/Users/RYZEN/.antigravity-ide/HandicapLab/[39mnode_modules/[4m@vitest/runner[24m/dist/index.js:533:5
    at runTest [90m(file:///c:/Users/RYZEN/.antigravity-ide/HandicapLab/[39mnode_modules/[4m@vitest/runner[24m/dist/index.js:1056:11[90m)[39m
    at runSuite [90m(file:///c:/Users/RYZEN/.antigravity-ide/HandicapLab/[39mnode_modules/[4m@vitest/runner[24m/dist/index.js:1205:15[90m)[39m
    at runSuite [90m(file:///c:/Users/RYZEN/.antigravity-ide/HandicapLab/[39mnode_modules/[4m@vitest/runner[24m/dist/index.js:1205:15[90m)[39m
    at runSuite [90m(file:///c:/Users/RYZEN/.antigravity-ide/HandicapLab/[39mnode_modules/[4m@vitest/runner[24m/dist/index.js:1205:15[90m)[39m
[GenerateSignals] Error generating AH predictions for match match-1: RangeError: Invalid time value
    at Date.toISOString (<anonymous>)
    at FeatureEngine.build [90m(c:\Users\RYZEN\.antigravity-ide\HandicapLab\[39msrc\lib\engines\feature-engine\index.ts:77:34[90m)[39m
[90m    at processTicksAndRejections (node:internal/process/task_queues:104:5)[39m
    at handleGenerateSignals [90m(c:\Users\RYZEN\.antigravity-ide\HandicapLab\[39msrc\app\api\cron\generate-signals\route.ts:377:30[90m)[39m
    at [90mc:\Users\RYZEN\.antigravity-ide\HandicapLab\[39mtests\phase6.test.ts:184:24
    at [90mfile:///c:/Users/RYZEN/.antigravity-ide/HandicapLab/[39mnode_modules/[4m@vitest/runner[24m/dist/index.js:533:5
    at runTest [90m(file:///c:/Users/RYZEN/.antigravity-ide/HandicapLab/[39mnode_modules/[4m@vitest/runner[24m/dist/index.js:1056:11[90m)[39m
    at runSuite [90m(file:///c:/Users/RYZEN/.antigravity-ide/HandicapLab/[39mnode_modules/[4m@vitest/runner[24m/dist/index.js:1205:15[90m)[39m
    at runSuite [90m(file:///c:/Users/RYZEN/.antigravity-ide/HandicapLab/[39mnode_modules/[4m@vitest/runner[24m/dist/index.js:1205:15[90m)[39m
    at runSuite [90m(file:///c:/Users/RYZEN/.antigravity-ide/HandicapLab/[39mnode_modules/[4m@vitest/runner[24m/dist/index.js:1205:15[90m)[39m
[GenerateSignals] Error generating OU predictions for match match-1: RangeError: Invalid time value
    at Date.toISOString (<anonymous>)
    at FeatureEngine.build [90m(c:\Users\RYZEN\.antigravity-ide\HandicapLab\[39msrc\lib\engines\feature-engine\index.ts:77:34[90m)[39m
[90m    at processTicksAndRejections (node:internal/process/task_queues:104:5)[39m
    at handleGenerateSignals [90m(c:\Users\RYZEN\.antigravity-ide\HandicapLab\[39msrc\app\api\cron\generate-signals\route.ts:377:30[90m)[39m
    at [90mc:\Users\RYZEN\.antigravity-ide\HandicapLab\[39mtests\phase6.test.ts:184:24
    at [90mfile:///c:/Users/RYZEN/.antigravity-ide/HandicapLab/[39mnode_modules/[4m@vitest/runner[24m/dist/index.js:533:5
    at runTest [90m(file:///c:/Users/RYZEN/.antigravity-ide/HandicapLab/[39mnode_modules/[4m@vitest/runner[24m/dist/index.js:1056:11[90m)[39m
    at runSuite [90m(file:///c:/Users/RYZEN/.antigravity-ide/HandicapLab/[39mnode_modules/[4m@vitest/runner[24m/dist/index.js:1205:15[90m)[39m
    at runSuite [90m(file:///c:/Users/RYZEN/.antigravity-ide/HandicapLab/[39mnode_modules/[4m@vitest/runner[24m/dist/index.js:1205:15[90m)[39m
    at runSuite [90m(file:///c:/Users/RYZEN/.antigravity-ide/HandicapLab/[39mnode_modules/[4m@vitest/runner[24m/dist/index.js:1205:15[90m)[39m
[GenerateSignals] Error generating ML predictions for match match-1: RangeError: Invalid time value
    at Date.toISOString (<anonymous>)
    at FeatureEngine.build [90m(c:\Users\RYZEN\.antigravity-ide\HandicapLab\[39msrc\lib\engines\feature-engine\index.ts:77:34[90m)[39m
[90m    at processTicksAndRejections (node:internal/process/task_queues:104:5)[39m
    at handleGenerateSignals [90m(c:\Users\RYZEN\.antigravity-ide\HandicapLab\[39msrc\app\api\cron\generate-signals\route.ts:377:30[90m)[39m
    at [90mc:\Users\RYZEN\.antigravity-ide\HandicapLab\[39mtests\phase6.test.ts:184:24
    at [90mfile:///c:/Users/RYZEN/.antigravity-ide/HandicapLab/[39mnode_modules/[4m@vitest/runner[24m/dist/index.js:533:5
    at runTest [90m(file:///c:/Users/RYZEN/.antigravity-ide/HandicapLab/[39mnode_modules/[4m@vitest/runner[24m/dist/index.js:1056:11[90m)[39m
    at runSuite [90m(file:///c:/Users/RYZEN/.antigravity-ide/HandicapLab/[39mnode_modules/[4m@vitest/runner[24m/dist/index.js:1205:15[90m)[39m
    at runSuite [90m(file:///c:/Users/RYZEN/.antigravity-ide/HandicapLab/[39mnode_modules/[4m@vitest/runner[24m/dist/index.js:1205:15[90m)[39m
    at runSuite [90m(file:///c:/Users/RYZEN/.antigravity-ide/HandicapLab/[39mnode_modules/[4m@vitest/runner[24m/dist/index.js:1205:15[90m)[39m
[GenerateSignals] Error generating AH predictions for match match-1: RangeError: Invalid time value
    at Date.toISOString (<anonymous>)
    at FeatureEngine.build [90m(c:\Users\RYZEN\.antigravity-ide\HandicapLab\[39msrc\lib\engines\feature-engine\index.ts:77:34[90m)[39m
[90m    at processTicksAndRejections (node:internal/process/task_queues:104:5)[39m
    at handleGenerateSignals [90m(c:\Users\RYZEN\.antigravity-ide\HandicapLab\[39msrc\app\api\cron\generate-signals\route.ts:377:30[90m)[39m
    at [90mc:\Users\RYZEN\.antigravity-ide\HandicapLab\[39mtests\phase6.test.ts:184:24
    at [90mfile:///c:/Users/RYZEN/.antigravity-ide/HandicapLab/[39mnode_modules/[4m@vitest/runner[24m/dist/index.js:533:5
    at runTest [90m(file:///c:/Users/RYZEN/.antigravity-ide/HandicapLab/[39mnode_modules/[4m@vitest/runner[24m/dist/index.js:1056:11[90m)[39m
    at runSuite [90m(file:///c:/Users/RYZEN/.antigravity-ide/HandicapLab/[39mnode_modules/[4m@vitest/runner[24m/dist/index.js:1205:15[90m)[39m
    at runSuite [90m(file:///c:/Users/RYZEN/.antigravity-ide/HandicapLab/[39mnode_modules/[4m@vitest/runner[24m/dist/index.js:1205:15[90m)[39m
    at runSuite [90m(file:///c:/Users/RYZEN/.antigravity-ide/HandicapLab/[39mnode_modules/[4m@vitest/runner[24m/dist/index.js:1205:15[90m)[39m
[GenerateSignals] Error generating OU predictions for match match-1: RangeError: Invalid time value
    at Date.toISOString (<anonymous>)
    at FeatureEngine.build [90m(c:\Users\RYZEN\.antigravity-ide\HandicapLab\[39msrc\lib\engines\feature-engine\index.ts:77:34[90m)[39m
[90m    at processTicksAndRejections (node:internal/process/task_queues:104:5)[39m
    at handleGenerateSignals [90m(c:\Users\RYZEN\.antigravity-ide\HandicapLab\[39msrc\app\api\cron\generate-signals\route.ts:377:30[90m)[39m
    at [90mc:\Users\RYZEN\.antigravity-ide\HandicapLab\[39mtests\phase6.test.ts:184:24
    at [90mfile:///c:/Users/RYZEN/.antigravity-ide/HandicapLab/[39mnode_modules/[4m@vitest/runner[24m/dist/index.js:533:5
    at runTest [90m(file:///c:/Users/RYZEN/.antigravity-ide/HandicapLab/[39mnode_modules/[4m@vitest/runner[24m/dist/index.js:1056:11[90m)[39m
    at runSuite [90m(file:///c:/Users/RYZEN/.antigravity-ide/HandicapLab/[39mnode_modules/[4m@vitest/runner[24m/dist/index.js:1205:15[90m)[39m
    at runSuite [90m(file:///c:/Users/RYZEN/.antigravity-ide/HandicapLab/[39mnode_modules/[4m@vitest/runner[24m/dist/index.js:1205:15[90m)[39m
    at runSuite [90m(file:///c:/Users/RYZEN/.antigravity-ide/HandicapLab/[39mnode_modules/[4m@vitest/runner[24m/dist/index.js:1205:15[90m)[39m
[GenerateSignals] Error generating ML predictions for match match-1: RangeError: Invalid time value
    at Date.toISOString (<anonymous>)
    at FeatureEngine.build [90m(c:\Users\RYZEN\.antigravity-ide\HandicapLab\[39msrc\lib\engines\feature-engine\index.ts:77:34[90m)[39m
[90m    at processTicksAndRejections (node:internal/process/task_queues:104:5)[39m
    at handleGenerateSignals [90m(c:\Users\RYZEN\.antigravity-ide\HandicapLab\[39msrc\app\api\cron\generate-signals\route.ts:377:30[90m)[39m
    at [90mc:\Users\RYZEN\.antigravity-ide\HandicapLab\[39mtests\phase6.test.ts:184:24
    at [90mfile:///c:/Users/RYZEN/.antigravity-ide/HandicapLab/[39mnode_modules/[4m@vitest/runner[24m/dist/index.js:533:5
    at runTest [90m(file:///c:/Users/RYZEN/.antigravity-ide/HandicapLab/[39mnode_modules/[4m@vitest/runner[24m/dist/index.js:1056:11[90m)[39m
    at runSuite [90m(file:///c:/Users/RYZEN/.antigravity-ide/HandicapLab/[39mnode_modules/[4m@vitest/runner[24m/dist/index.js:1205:15[90m)[39m
    at runSuite [90m(file:///c:/Users/RYZEN/.antigravity-ide/HandicapLab/[39mnode_modules/[4m@vitest/runner[24m/dist/index.js:1205:15[90m)[39m
    at runSuite [90m(file:///c:/Users/RYZEN/.antigravity-ide/HandicapLab/[39mnode_modules/[4m@vitest/runner[24m/dist/index.js:1205:15[90m)[39m
[GenerateSignals] Error generating AH predictions for match match-1: RangeError: Invalid time value
    at Date.toISOString (<anonymous>)
    at FeatureEngine.build [90m(c:\Users\RYZEN\.antigravity-ide\HandicapLab\[39msrc\lib\engines\feature-engine\index.ts:77:34[90m)[39m
[90m    at processTicksAndRejections (node:internal/process/task_queues:104:5)[39m
    at handleGenerateSignals [90m(c:\Users\RYZEN\.antigravity-ide\HandicapLab\[39msrc\app\api\cron\generate-signals\route.ts:377:30[90m)[39m
    at [90mc:\Users\RYZEN\.antigravity-ide\HandicapLab\[39mtests\phase6.test.ts:184:24
    at [90mfile:///c:/Users/RYZEN/.antigravity-ide/HandicapLab/[39mnode_modules/[4m@vitest/runner[24m/dist/index.js:533:5
    at runTest [90m(file:///c:/Users/RYZEN/.antigravity-ide/HandicapLab/[39mnode_modules/[4m@vitest/runner[24m/dist/index.js:1056:11[90m)[39m
    at runSuite [90m(file:///c:/Users/RYZEN/.antigravity-ide/HandicapLab/[39mnode_modules/[4m@vitest/runner[24m/dist/index.js:1205:15[90m)[39m
    at runSuite [90m(file:///c:/Users/RYZEN/.antigravity-ide/HandicapLab/[39mnode_modules/[4m@vitest/runner[24m/dist/index.js:1205:15[90m)[39m
    at runSuite [90m(file:///c:/Users/RYZEN/.antigravity-ide/HandicapLab/[39mnode_modules/[4m@vitest/runner[24m/dist/index.js:1205:15[90m)[39m
[GenerateSignals] Error generating OU predictions for match match-1: RangeError: Invalid time value
    at Date.toISOString (<anonymous>)
    at FeatureEngine.build [90m(c:\Users\RYZEN\.antigravity-ide\HandicapLab\[39msrc\lib\engines\feature-engine\index.ts:77:34[90m)[39m
[90m    at processTicksAndRejections (node:internal/process/task_queues:104:5)[39m
    at handleGenerateSignals [90m(c:\Users\RYZEN\.antigravity-ide\HandicapLab\[39msrc\app\api\cron\generate-signals\route.ts:377:30[90m)[39m
    at [90mc:\Users\RYZEN\.antigravity-ide\HandicapLab\[39mtests\phase6.test.ts:184:24
    at [90mfile:///c:/Users/RYZEN/.antigravity-ide/HandicapLab/[39mnode_modules/[4m@vitest/runner[24m/dist/index.js:533:5
    at runTest [90m(file:///c:/Users/RYZEN/.antigravity-ide/HandicapLab/[39mnode_modules/[4m@vitest/runner[24m/dist/index.js:1056:11[90m)[39m
    at runSuite [90m(file:///c:/Users/RYZEN/.antigravity-ide/HandicapLab/[39mnode_modules/[4m@vitest/runner[24m/dist/index.js:1205:15[90m)[39m
    at runSuite [90m(file:///c:/Users/RYZEN/.antigravity-ide/HandicapLab/[39mnode_modules/[4m@vitest/runner[24m/dist/index.js:1205:15[90m)[39m
    at runSuite [90m(file:///c:/Users/RYZEN/.antigravity-ide/HandicapLab/[39mnode_modules/[4m@vitest/runner[24m/dist/index.js:1205:15[90m)[39m
[GenerateSignals] Error generating ML predictions for match match-1: RangeError: Invalid time value
    at Date.toISOString (<anonymous>)
    at FeatureEngine.build [90m(c:\Users\RYZEN\.antigravity-ide\HandicapLab\[39msrc\lib\engines\feature-engine\index.ts:77:34[90m)[39m
[90m    at processTicksAndRejections (node:internal/process/task_queues:104:5)[39m
    at handleGenerateSignals [90m(c:\Users\RYZEN\.antigravity-ide\HandicapLab\[39msrc\app\api\cron\generate-signals\route.ts:377:30[90m)[39m
    at [90mc:\Users\RYZEN\.antigravity-ide\HandicapLab\[39mtests\phase6.test.ts:184:24
    at [90mfile:///c:/Users/RYZEN/.antigravity-ide/HandicapLab/[39mnode_modules/[4m@vitest/runner[24m/dist/index.js:533:5
    at runTest [90m(file:///c:/Users/RYZEN/.antigravity-ide/HandicapLab/[39mnode_modules/[4m@vitest/runner[24m/dist/index.js:1056:11[90m)[39m
    at runSuite [90m(file:///c:/Users/RYZEN/.antigravity-ide/HandicapLab/[39mnode_modules/[4m@vitest/runner[24m/dist/index.js:1205:15[90m)[39m
    at runSuite [90m(file:///c:/Users/RYZEN/.antigravity-ide/HandicapLab/[39mnode_modules/[4m@vitest/runner[24m/dist/index.js:1205:15[90m)[39m
    at runSuite [90m(file:///c:/Users/RYZEN/.antigravity-ide/HandicapLab/[39mnode_modules/[4m@vitest/runner[24m/dist/index.js:1205:15[90m)[39m
[GenerateSignals] Error generating AH predictions for match match-1: RangeError: Invalid time value
    at Date.toISOString (<anonymous>)
    at FeatureEngine.build [90m(c:\Users\RYZEN\.antigravity-ide\HandicapLab\[39msrc\lib\engines\feature-engine\index.ts:77:34[90m)[39m
[90m    at processTicksAndRejections (node:internal/process/task_queues:104:5)[39m
    at handleGenerateSignals [90m(c:\Users\RYZEN\.antigravity-ide\HandicapLab\[39msrc\app\api\cron\generate-signals\route.ts:377:30[90m)[39m
    at [90mc:\Users\RYZEN\.antigravity-ide\HandicapLab\[39mtests\phase6.test.ts:184:24
    at [90mfile:///c:/Users/RYZEN/.antigravity-ide/HandicapLab/[39mnode_modules/[4m@vitest/runner[24m/dist/index.js:533:5
    at runTest [90m(file:///c:/Users/RYZEN/.antigravity-ide/HandicapLab/[39mnode_modules/[4m@vitest/runner[24m/dist/index.js:1056:11[90m)[39m
    at runSuite [90m(file:///c:/Users/RYZEN/.antigravity-ide/HandicapLab/[39mnode_modules/[4m@vitest/runner[24m/dist/index.js:1205:15[90m)[39m
    at runSuite [90m(file:///c:/Users/RYZEN/.antigravity-ide/HandicapLab/[39mnode_modules/[4m@vitest/runner[24m/dist/index.js:1205:15[90m)[39m
    at runSuite [90m(file:///c:/Users/RYZEN/.antigravity-ide/HandicapLab/[39mnode_modules/[4m@vitest/runner[24m/dist/index.js:1205:15[90m)[39m
[GenerateSignals] Error generating OU predictions for match match-1: RangeError: Invalid time value
    at Date.toISOString (<anonymous>)
    at FeatureEngine.build [90m(c:\Users\RYZEN\.antigravity-ide\HandicapLab\[39msrc\lib\engines\feature-engine\index.ts:77:34[90m)[39m
[90m    at processTicksAndRejections (node:internal/process/task_queues:104:5)[39m
    at handleGenerateSignals [90m(c:\Users\RYZEN\.antigravity-ide\HandicapLab\[39msrc\app\api\cron\generate-signals\route.ts:377:30[90m)[39m
    at [90mc:\Users\RYZEN\.antigravity-ide\HandicapLab\[39mtests\phase6.test.ts:184:24
    at [90mfile:///c:/Users/RYZEN/.antigravity-ide/HandicapLab/[39mnode_modules/[4m@vitest/runner[24m/dist/index.js:533:5
    at runTest [90m(file:///c:/Users/RYZEN/.antigravity-ide/HandicapLab/[39mnode_modules/[4m@vitest/runner[24m/dist/index.js:1056:11[90m)[39m
    at runSuite [90m(file:///c:/Users/RYZEN/.antigravity-ide/HandicapLab/[39mnode_modules/[4m@vitest/runner[24m/dist/index.js:1205:15[90m)[39m
    at runSuite [90m(file:///c:/Users/RYZEN/.antigravity-ide/HandicapLab/[39mnode_modules/[4m@vitest/runner[24m/dist/index.js:1205:15[90m)[39m
    at runSuite [90m(file:///c:/Users/RYZEN/.antigravity-ide/HandicapLab/[39mnode_modules/[4m@vitest/runner[24m/dist/index.js:1205:15[90m)[39m
[GenerateSignals] Error generating ML predictions for match match-1: RangeError: Invalid time value
    at Date.toISOString (<anonymous>)
    at FeatureEngine.build [90m(c:\Users\RYZEN\.antigravity-ide\HandicapLab\[39msrc\lib\engines\feature-engine\index.ts:77:34[90m)[39m
[90m    at processTicksAndRejections (node:internal/process/task_queues:104:5)[39m
    at handleGenerateSignals [90m(c:\Users\RYZEN\.antigravity-ide\HandicapLab\[39msrc\app\api\cron\generate-signals\route.ts:377:30[90m)[39m
    at [90mc:\Users\RYZEN\.antigravity-ide\HandicapLab\[39mtests\phase6.test.ts:184:24
    at [90mfile:///c:/Users/RYZEN/.antigravity-ide/HandicapLab/[39mnode_modules/[4m@vitest/runner[24m/dist/index.js:533:5
    at runTest [90m(file:///c:/Users/RYZEN/.antigravity-ide/HandicapLab/[39mnode_modules/[4m@vitest/runner[24m/dist/index.js:1056:11[90m)[39m
    at runSuite [90m(file:///c:/Users/RYZEN/.antigravity-ide/HandicapLab/[39mnode_modules/[4m@vitest/runner[24m/dist/index.js:1205:15[90m)[39m
    at runSuite [90m(file:///c:/Users/RYZEN/.antigravity-ide/HandicapLab/[39mnode_modules/[4m@vitest/runner[24m/dist/index.js:1205:15[90m)[39m
    at runSuite [90m(file:///c:/Users/RYZEN/.antigravity-ide/HandicapLab/[39mnode_modules/[4m@vitest/runner[24m/dist/index.js:1205:15[90m)[39m
[GenerateSignals] Error generating AH predictions for match match-1: RangeError: Invalid time value
    at Date.toISOString (<anonymous>)
    at FeatureEngine.build [90m(c:\Users\RYZEN\.antigravity-ide\HandicapLab\[39msrc\lib\engines\feature-engine\index.ts:77:34[90m)[39m
[90m    at processTicksAndRejections (node:internal/process/task_queues:104:5)[39m
    at handleGenerateSignals [90m(c:\Users\RYZEN\.antigravity-ide\HandicapLab\[39msrc\app\api\cron\generate-signals\route.ts:377:30[90m)[39m
    at [90mc:\Users\RYZEN\.antigravity-ide\HandicapLab\[39mtests\phase6.test.ts:184:24
    at [90mfile:///c:/Users/RYZEN/.antigravity-ide/HandicapLab/[39mnode_modules/[4m@vitest/runner[24m/dist/index.js:533:5
    at runTest [90m(file:///c:/Users/RYZEN/.antigravity-ide/HandicapLab/[39mnode_modules/[4m@vitest/runner[24m/dist/index.js:1056:11[90m)[39m
    at runSuite [90m(file:///c:/Users/RYZEN/.antigravity-ide/HandicapLab/[39mnode_modules/[4m@vitest/runner[24m/dist/index.js:1205:15[90m)[39m
    at runSuite [90m(file:///c:/Users/RYZEN/.antigravity-ide/HandicapLab/[39mnode_modules/[4m@vitest/runner[24m/dist/index.js:1205:15[90m)[39m
    at runSuite [90m(file:///c:/Users/RYZEN/.antigravity-ide/HandicapLab/[39mnode_modules/[4m@vitest/runner[24m/dist/index.js:1205:15[90m)[39m
[GenerateSignals] Error generating OU predictions for match match-1: RangeError: Invalid time value
    at Date.toISOString (<anonymous>)
    at FeatureEngine.build [90m(c:\Users\RYZEN\.antigravity-ide\HandicapLab\[39msrc\lib\engines\feature-engine\index.ts:77:34[90m)[39m
[90m    at processTicksAndRejections (node:internal/process/task_queues:104:5)[39m
    at handleGenerateSignals [90m(c:\Users\RYZEN\.antigravity-ide\HandicapLab\[39msrc\app\api\cron\generate-signals\route.ts:377:30[90m)[39m
    at [90mc:\Users\RYZEN\.antigravity-ide\HandicapLab\[39mtests\phase6.test.ts:184:24
    at [90mfile:///c:/Users/RYZEN/.antigravity-ide/HandicapLab/[39mnode_modules/[4m@vitest/runner[24m/dist/index.js:533:5
    at runTest [90m(file:///c:/Users/RYZEN/.antigravity-ide/HandicapLab/[39mnode_modules/[4m@vitest/runner[24m/dist/index.js:1056:11[90m)[39m
    at runSuite [90m(file:///c:/Users/RYZEN/.antigravity-ide/HandicapLab/[39mnode_modules/[4m@vitest/runner[24m/dist/index.js:1205:15[90m)[39m
    at runSuite [90m(file:///c:/Users/RYZEN/.antigravity-ide/HandicapLab/[39mnode_modules/[4m@vitest/runner[24m/dist/index.js:1205:15[90m)[39m
    at runSuite [90m(file:///c:/Users/RYZEN/.antigravity-ide/HandicapLab/[39mnode_modules/[4m@vitest/runner[24m/dist/index.js:1205:15[90m)[39m
[GenerateSignals] Error generating ML predictions for match match-1: RangeError: Invalid time value
    at Date.toISOString (<anonymous>)
    at FeatureEngine.build [90m(c:\Users\RYZEN\.antigravity-ide\HandicapLab\[39msrc\lib\engines\feature-engine\index.ts:77:34[90m)[39m
[90m    at processTicksAndRejections (node:internal/process/task_queues:104:5)[39m
    at handleGenerateSignals [90m(c:\Users\RYZEN\.antigravity-ide\HandicapLab\[39msrc\app\api\cron\generate-signals\route.ts:377:30[90m)[39m
    at [90mc:\Users\RYZEN\.antigravity-ide\HandicapLab\[39mtests\phase6.test.ts:184:24
    at [90mfile:///c:/Users/RYZEN/.antigravity-ide/HandicapLab/[39mnode_modules/[4m@vitest/runner[24m/dist/index.js:533:5
    at runTest [90m(file:///c:/Users/RYZEN/.antigravity-ide/HandicapLab/[39mnode_modules/[4m@vitest/runner[24m/dist/index.js:1056:11[90m)[39m
    at runSuite [90m(file:///c:/Users/RYZEN/.antigravity-ide/HandicapLab/[39mnode_modules/[4m@vitest/runner[24m/dist/index.js:1205:15[90m)[39m
    at runSuite [90m(file:///c:/Users/RYZEN/.antigravity-ide/HandicapLab/[39mnode_modules/[4m@vitest/runner[24m/dist/index.js:1205:15[90m)[39m
    at runSuite [90m(file:///c:/Users/RYZEN/.antigravity-ide/HandicapLab/[39mnode_modules/[4m@vitest/runner[24m/dist/index.js:1205:15[90m)[39m
[GenerateSignals] Error generating AH predictions for match match-1: RangeError: Invalid time value
    at Date.toISOString (<anonymous>)
    at FeatureEngine.build [90m(c:\Users\RYZEN\.antigravity-ide\HandicapLab\[39msrc\lib\engines\feature-engine\index.ts:77:34[90m)[39m
[90m    at processTicksAndRejections (node:internal/process/task_queues:104:5)[39m
    at handleGenerateSignals [90m(c:\Users\RYZEN\.antigravity-ide\HandicapLab\[39msrc\app\api\cron\generate-signals\route.ts:377:30[90m)[39m
    at [90mc:\Users\RYZEN\.antigravity-ide\HandicapLab\[39mtests\phase6.test.ts:184:24
    at [90mfile:///c:/Users/RYZEN/.antigravity-ide/HandicapLab/[39mnode_modules/[4m@vitest/runner[24m/dist/index.js:533:5
    at runTest [90m(file:///c:/Users/RYZEN/.antigravity-ide/HandicapLab/[39mnode_modules/[4m@vitest/runner[24m/dist/index.js:1056:11[90m)[39m
    at runSuite [90m(file:///c:/Users/RYZEN/.antigravity-ide/HandicapLab/[39mnode_modules/[4m@vitest/runner[24m/dist/index.js:1205:15[90m)[39m
    at runSuite [90m(file:///c:/Users/RYZEN/.antigravity-ide/HandicapLab/[39mnode_modules/[4m@vitest/runner[24m/dist/index.js:1205:15[90m)[39m
    at runSuite [90m(file:///c:/Users/RYZEN/.antigravity-ide/HandicapLab/[39mnode_modules/[4m@vitest/runner[24m/dist/index.js:1205:15[90m)[39m
[GenerateSignals] Error generating OU predictions for match match-1: RangeError: Invalid time value
    at Date.toISOString (<anonymous>)
    at FeatureEngine.build [90m(c:\Users\RYZEN\.antigravity-ide\HandicapLab\[39msrc\lib\engines\feature-engine\index.ts:77:34[90m)[39m
[90m    at processTicksAndRejections (node:internal/process/task_queues:104:5)[39m
    at handleGenerateSignals [90m(c:\Users\RYZEN\.antigravity-ide\HandicapLab\[39msrc\app\api\cron\generate-signals\route.ts:377:30[90m)[39m
    at [90mc:\Users\RYZEN\.antigravity-ide\HandicapLab\[39mtests\phase6.test.ts:184:24
    at [90mfile:///c:/Users/RYZEN/.antigravity-ide/HandicapLab/[39mnode_modules/[4m@vitest/runner[24m/dist/index.js:533:5
    at runTest [90m(file:///c:/Users/RYZEN/.antigravity-ide/HandicapLab/[39mnode_modules/[4m@vitest/runner[24m/dist/index.js:1056:11[90m)[39m
    at runSuite [90m(file:///c:/Users/RYZEN/.antigravity-ide/HandicapLab/[39mnode_modules/[4m@vitest/runner[24m/dist/index.js:1205:15[90m)[39m
    at runSuite [90m(file:///c:/Users/RYZEN/.antigravity-ide/HandicapLab/[39mnode_modules/[4m@vitest/runner[24m/dist/index.js:1205:15[90m)[39m
    at runSuite [90m(file:///c:/Users/RYZEN/.antigravity-ide/HandicapLab/[39mnode_modules/[4m@vitest/runner[24m/dist/index.js:1205:15[90m)[39m
[GenerateSignals] Error generating ML predictions for match match-1: RangeError: Invalid time value
    at Date.toISOString (<anonymous>)
    at FeatureEngine.build [90m(c:\Users\RYZEN\.antigravity-ide\HandicapLab\[39msrc\lib\engines\feature-engine\index.ts:77:34[90m)[39m
[90m    at processTicksAndRejections (node:internal/process/task_queues:104:5)[39m
    at handleGenerateSignals [90m(c:\Users\RYZEN\.antigravity-ide\HandicapLab\[39msrc\app\api\cron\generate-signals\route.ts:377:30[90m)[39m
    at [90mc:\Users\RYZEN\.antigravity-ide\HandicapLab\[39mtests\phase6.test.ts:184:24
    at [90mfile:///c:/Users/RYZEN/.antigravity-ide/HandicapLab/[39mnode_modules/[4m@vitest/runner[24m/dist/index.js:533:5
    at runTest [90m(file:///c:/Users/RYZEN/.antigravity-ide/HandicapLab/[39mnode_modules/[4m@vitest/runner[24m/dist/index.js:1056:11[90m)[39m
    at runSuite [90m(file:///c:/Users/RYZEN/.antigravity-ide/HandicapLab/[39mnode_modules/[4m@vitest/runner[24m/dist/index.js:1205:15[90m)[39m
    at runSuite [90m(file:///c:/Users/RYZEN/.antigravity-ide/HandicapLab/[39mnode_modules/[4m@vitest/runner[24m/dist/index.js:1205:15[90m)[39m
    at runSuite [90m(file:///c:/Users/RYZEN/.antigravity-ide/HandicapLab/[39mnode_modules/[4m@vitest/runner[24m/dist/index.js:1205:15[90m)[39m
[GenerateSignals] Error generating AH predictions for match match-1: RangeError: Invalid time value
    at Date.toISOString (<anonymous>)
    at FeatureEngine.build [90m(c:\Users\RYZEN\.antigravity-ide\HandicapLab\[39msrc\lib\engines\feature-engine\index.ts:77:34[90m)[39m
[90m    at processTicksAndRejections (node:internal/process/task_queues:104:5)[39m
    at handleGenerateSignals [90m(c:\Users\RYZEN\.antigravity-ide\HandicapLab\[39msrc\app\api\cron\generate-signals\route.ts:377:30[90m)[39m
    at [90mc:\Users\RYZEN\.antigravity-ide\HandicapLab\[39mtests\phase6.test.ts:184:24
    at [90mfile:///c:/Users/RYZEN/.antigravity-ide/HandicapLab/[39mnode_modules/[4m@vitest/runner[24m/dist/index.js:533:5
    at runTest [90m(file:///c:/Users/RYZEN/.antigravity-ide/HandicapLab/[39mnode_modules/[4m@vitest/runner[24m/dist/index.js:1056:11[90m)[39m
    at runSuite [90m(file:///c:/Users/RYZEN/.antigravity-ide/HandicapLab/[39mnode_modules/[4m@vitest/runner[24m/dist/index.js:1205:15[90m)[39m
    at runSuite [90m(file:///c:/Users/RYZEN/.antigravity-ide/HandicapLab/[39mnode_modules/[4m@vitest/runner[24m/dist/index.js:1205:15[90m)[39m
    at runSuite [90m(file:///c:/Users/RYZEN/.antigravity-ide/HandicapLab/[39mnode_modules/[4m@vitest/runner[24m/dist/index.js:1205:15[90m)[39m
[GenerateSignals] Error generating OU predictions for match match-1: RangeError: Invalid time value
    at Date.toISOString (<anonymous>)
    at FeatureEngine.build [90m(c:\Users\RYZEN\.antigravity-ide\HandicapLab\[39msrc\lib\engines\feature-engine\index.ts:77:34[90m)[39m
[90m    at processTicksAndRejections (node:internal/process/task_queues:104:5)[39m
    at handleGenerateSignals [90m(c:\Users\RYZEN\.antigravity-ide\HandicapLab\[39msrc\app\api\cron\generate-signals\route.ts:377:30[90m)[39m
    at [90mc:\Users\RYZEN\.antigravity-ide\HandicapLab\[39mtests\phase6.test.ts:184:24
    at [90mfile:///c:/Users/RYZEN/.antigravity-ide/HandicapLab/[39mnode_modules/[4m@vitest/runner[24m/dist/index.js:533:5
    at runTest [90m(file:///c:/Users/RYZEN/.antigravity-ide/HandicapLab/[39mnode_modules/[4m@vitest/runner[24m/dist/index.js:1056:11[90m)[39m
    at runSuite [90m(file:///c:/Users/RYZEN/.antigravity-ide/HandicapLab/[39mnode_modules/[4m@vitest/runner[24m/dist/index.js:1205:15[90m)[39m
    at runSuite [90m(file:///c:/Users/RYZEN/.antigravity-ide/HandicapLab/[39mnode_modules/[4m@vitest/runner[24m/dist/index.js:1205:15[90m)[39m
    at runSuite [90m(file:///c:/Users/RYZEN/.antigravity-ide/HandicapLab/[39mnode_modules/[4m@vitest/runner[24m/dist/index.js:1205:15[90m)[39m
[GenerateSignals] Error generating ML predictions for match match-1: RangeError: Invalid time value
    at Date.toISOString (<anonymous>)
    at FeatureEngine.build [90m(c:\Users\RYZEN\.antigravity-ide\HandicapLab\[39msrc\lib\engines\feature-engine\index.ts:77:34[90m)[39m
[90m    at processTicksAndRejections (node:internal/process/task_queues:104:5)[39m
    at handleGenerateSignals [90m(c:\Users\RYZEN\.antigravity-ide\HandicapLab\[39msrc\app\api\cron\generate-signals\route.ts:377:30[90m)[39m
    at [90mc:\Users\RYZEN\.antigravity-ide\HandicapLab\[39mtests\phase6.test.ts:184:24
    at [90mfile:///c:/Users/RYZEN/.antigravity-ide/HandicapLab/[39mnode_modules/[4m@vitest/runner[24m/dist/index.js:533:5
    at runTest [90m(file:///c:/Users/RYZEN/.antigravity-ide/HandicapLab/[39mnode_modules/[4m@vitest/runner[24m/dist/index.js:1056:11[90m)[39m
    at runSuite [90m(file:///c:/Users/RYZEN/.antigravity-ide/HandicapLab/[39mnode_modules/[4m@vitest/runner[24m/dist/index.js:1205:15[90m)[39m
    at runSuite [90m(file:///c:/Users/RYZEN/.antigravity-ide/HandicapLab/[39mnode_modules/[4m@vitest/runner[24m/dist/index.js:1205:15[90m)[39m
    at runSuite [90m(file:///c:/Users/RYZEN/.antigravity-ide/HandicapLab/[39mnode_modules/[4m@vitest/runner[24m/dist/index.js:1205:15[90m)[39m
[GenerateSignals] Error generating AH predictions for match match-1: RangeError: Invalid time value
    at Date.toISOString (<anonymous>)
    at FeatureEngine.build [90m(c:\Users\RYZEN\.antigravity-ide\HandicapLab\[39msrc\lib\engines\feature-engine\index.ts:77:34[90m)[39m
[90m    at processTicksAndRejections (node:internal/process/task_queues:104:5)[39m
    at handleGenerateSignals [90m(c:\Users\RYZEN\.antigravity-ide\HandicapLab\[39msrc\app\api\cron\generate-signals\route.ts:377:30[90m)[39m
    at [90mc:\Users\RYZEN\.antigravity-ide\HandicapLab\[39mtests\phase6.test.ts:184:24
    at [90mfile:///c:/Users/RYZEN/.antigravity-ide/HandicapLab/[39mnode_modules/[4m@vitest/runner[24m/dist/index.js:533:5
    at runTest [90m(file:///c:/Users/RYZEN/.antigravity-ide/HandicapLab/[39mnode_modules/[4m@vitest/runner[24m/dist/index.js:1056:11[90m)[39m
    at runSuite [90m(file:///c:/Users/RYZEN/.antigravity-ide/HandicapLab/[39mnode_modules/[4m@vitest/runner[24m/dist/index.js:1205:15[90m)[39m
    at runSuite [90m(file:///c:/Users/RYZEN/.antigravity-ide/HandicapLab/[39mnode_modules/[4m@vitest/runner[24m/dist/index.js:1205:15[90m)[39m
    at runSuite [90m(file:///c:/Users/RYZEN/.antigravity-ide/HandicapLab/[39mnode_modules/[4m@vitest/runner[24m/dist/index.js:1205:15[90m)[39m
[GenerateSignals] Error generating OU predictions for match match-1: RangeError: Invalid time value
    at Date.toISOString (<anonymous>)
    at FeatureEngine.build [90m(c:\Users\RYZEN\.antigravity-ide\HandicapLab\[39msrc\lib\engines\feature-engine\index.ts:77:34[90m)[39m
[90m    at processTicksAndRejections (node:internal/process/task_queues:104:5)[39m
    at handleGenerateSignals [90m(c:\Users\RYZEN\.antigravity-ide\HandicapLab\[39msrc\app\api\cron\generate-signals\route.ts:377:30[90m)[39m
    at [90mc:\Users\RYZEN\.antigravity-ide\HandicapLab\[39mtests\phase6.test.ts:184:24
    at [90mfile:///c:/Users/RYZEN/.antigravity-ide/HandicapLab/[39mnode_modules/[4m@vitest/runner[24m/dist/index.js:533:5
    at runTest [90m(file:///c:/Users/RYZEN/.antigravity-ide/HandicapLab/[39mnode_modules/[4m@vitest/runner[24m/dist/index.js:1056:11[90m)[39m
    at runSuite [90m(file:///c:/Users/RYZEN/.antigravity-ide/HandicapLab/[39mnode_modules/[4m@vitest/runner[24m/dist/index.js:1205:15[90m)[39m
    at runSuite [90m(file:///c:/Users/RYZEN/.antigravity-ide/HandicapLab/[39mnode_modules/[4m@vitest/runner[24m/dist/index.js:1205:15[90m)[39m
    at runSuite [90m(file:///c:/Users/RYZEN/.antigravity-ide/HandicapLab/[39mnode_modules/[4m@vitest/runner[24m/dist/index.js:1205:15[90m)[39m
[GenerateSignals] Error generating ML predictions for match match-1: RangeError: Invalid time value
    at Date.toISOString (<anonymous>)
    at FeatureEngine.build [90m(c:\Users\RYZEN\.antigravity-ide\HandicapLab\[39msrc\lib\engines\feature-engine\index.ts:77:34[90m)[39m
[90m    at processTicksAndRejections (node:internal/process/task_queues:104:5)[39m
    at handleGenerateSignals [90m(c:\Users\RYZEN\.antigravity-ide\HandicapLab\[39msrc\app\api\cron\generate-signals\route.ts:377:30[90m)[39m
    at [90mc:\Users\RYZEN\.antigravity-ide\HandicapLab\[39mtests\phase6.test.ts:184:24
    at [90mfile:///c:/Users/RYZEN/.antigravity-ide/HandicapLab/[39mnode_modules/[4m@vitest/runner[24m/dist/index.js:533:5
    at runTest [90m(file:///c:/Users/RYZEN/.antigravity-ide/HandicapLab/[39mnode_modules/[4m@vitest/runner[24m/dist/index.js:1056:11[90m)[39m
    at runSuite [90m(file:///c:/Users/RYZEN/.antigravity-ide/HandicapLab/[39mnode_modules/[4m@vitest/runner[24m/dist/index.js:1205:15[90m)[39m
    at runSuite [90m(file:///c:/Users/RYZEN/.antigravity-ide/HandicapLab/[39mnode_modules/[4m@vitest/runner[24m/dist/index.js:1205:15[90m)[39m
    at runSuite [90m(file:///c:/Users/RYZEN/.antigravity-ide/HandicapLab/[39mnode_modules/[4m@vitest/runner[24m/dist/index.js:1205:15[90m)[39m
[GenerateSignals] Error generating AH predictions for match match-1: RangeError: Invalid time value
    at Date.toISOString (<anonymous>)
    at FeatureEngine.build [90m(c:\Users\RYZEN\.antigravity-ide\HandicapLab\[39msrc\lib\engines\feature-engine\index.ts:77:34[90m)[39m
[90m    at processTicksAndRejections (node:internal/process/task_queues:104:5)[39m
    at handleGenerateSignals [90m(c:\Users\RYZEN\.antigravity-ide\HandicapLab\[39msrc\app\api\cron\generate-signals\route.ts:377:30[90m)[39m
    at [90mc:\Users\RYZEN\.antigravity-ide\HandicapLab\[39mtests\phase6.test.ts:184:24
    at [90mfile:///c:/Users/RYZEN/.antigravity-ide/HandicapLab/[39mnode_modules/[4m@vitest/runner[24m/dist/index.js:533:5
    at runTest [90m(file:///c:/Users/RYZEN/.antigravity-ide/HandicapLab/[39mnode_modules/[4m@vitest/runner[24m/dist/index.js:1056:11[90m)[39m
    at runSuite [90m(file:///c:/Users/RYZEN/.antigravity-ide/HandicapLab/[39mnode_modules/[4m@vitest/runner[24m/dist/index.js:1205:15[90m)[39m
    at runSuite [90m(file:///c:/Users/RYZEN/.antigravity-ide/HandicapLab/[39mnode_modules/[4m@vitest/runner[24m/dist/index.js:1205:15[90m)[39m
    at runSuite [90m(file:///c:/Users/RYZEN/.antigravity-ide/HandicapLab/[39mnode_modules/[4m@vitest/runner[24m/dist/index.js:1205:15[90m)[39m
[GenerateSignals] Error generating OU predictions for match match-1: RangeError: Invalid time value
    at Date.toISOString (<anonymous>)
    at FeatureEngine.build [90m(c:\Users\RYZEN\.antigravity-ide\HandicapLab\[39msrc\lib\engines\feature-engine\index.ts:77:34[90m)[39m
[90m    at processTicksAndRejections (node:internal/process/task_queues:104:5)[39m
    at handleGenerateSignals [90m(c:\Users\RYZEN\.antigravity-ide\HandicapLab\[39msrc\app\api\cron\generate-signals\route.ts:377:30[90m)[39m
    at [90mc:\Users\RYZEN\.antigravity-ide\HandicapLab\[39mtests\phase6.test.ts:184:24
    at [90mfile:///c:/Users/RYZEN/.antigravity-ide/HandicapLab/[39mnode_modules/[4m@vitest/runner[24m/dist/index.js:533:5
    at runTest [90m(file:///c:/Users/RYZEN/.antigravity-ide/HandicapLab/[39mnode_modules/[4m@vitest/runner[24m/dist/index.js:1056:11[90m)[39m
    at runSuite [90m(file:///c:/Users/RYZEN/.antigravity-ide/HandicapLab/[39mnode_modules/[4m@vitest/runner[24m/dist/index.js:1205:15[90m)[39m
    at runSuite [90m(file:///c:/Users/RYZEN/.antigravity-ide/HandicapLab/[39mnode_modules/[4m@vitest/runner[24m/dist/index.js:1205:15[90m)[39m
    at runSuite [90m(file:///c:/Users/RYZEN/.antigravity-ide/HandicapLab/[39mnode_modules/[4m@vitest/runner[24m/dist/index.js:1205:15[90m)[39m
[GenerateSignals] Error generating ML predictions for match match-1: RangeError: Invalid time value
    at Date.toISOString (<anonymous>)
    at FeatureEngine.build [90m(c:\Users\RYZEN\.antigravity-ide\HandicapLab\[39msrc\lib\engines\feature-engine\index.ts:77:34[90m)[39m
[90m    at processTicksAndRejections (node:internal/process/task_queues:104:5)[39m
    at handleGenerateSignals [90m(c:\Users\RYZEN\.antigravity-ide\HandicapLab\[39msrc\app\api\cron\generate-signals\route.ts:377:30[90m)[39m
    at [90mc:\Users\RYZEN\.antigravity-ide\HandicapLab\[39mtests\phase6.test.ts:184:24
    at [90mfile:///c:/Users/RYZEN/.antigravity-ide/HandicapLab/[39mnode_modules/[4m@vitest/runner[24m/dist/index.js:533:5
    at runTest [90m(file:///c:/Users/RYZEN/.antigravity-ide/HandicapLab/[39mnode_modules/[4m@vitest/runner[24m/dist/index.js:1056:11[90m)[39m
    at runSuite [90m(file:///c:/Users/RYZEN/.antigravity-ide/HandicapLab/[39mnode_modules/[4m@vitest/runner[24m/dist/index.js:1205:15[90m)[39m
    at runSuite [90m(file:///c:/Users/RYZEN/.antigravity-ide/HandicapLab/[39mnode_modules/[4m@vitest/runner[24m/dist/index.js:1205:15[90m)[39m
    at runSuite [90m(file:///c:/Users/RYZEN/.antigravity-ide/HandicapLab/[39mnode_modules/[4m@vitest/runner[24m/dist/index.js:1205:15[90m)[39m
[GenerateSignals] Error generating AH predictions for match match-1: RangeError: Invalid time value
    at Date.toISOString (<anonymous>)
    at FeatureEngine.build [90m(c:\Users\RYZEN\.antigravity-ide\HandicapLab\[39msrc\lib\engines\feature-engine\index.ts:77:34[90m)[39m
[90m    at processTicksAndRejections (node:internal/process/task_queues:104:5)[39m
    at handleGenerateSignals [90m(c:\Users\RYZEN\.antigravity-ide\HandicapLab\[39msrc\app\api\cron\generate-signals\route.ts:377:30[90m)[39m
    at [90mc:\Users\RYZEN\.antigravity-ide\HandicapLab\[39mtests\phase6.test.ts:184:24
    at [90mfile:///c:/Users/RYZEN/.antigravity-ide/HandicapLab/[39mnode_modules/[4m@vitest/runner[24m/dist/index.js:533:5
    at runTest [90m(file:///c:/Users/RYZEN/.antigravity-ide/HandicapLab/[39mnode_modules/[4m@vitest/runner[24m/dist/index.js:1056:11[90m)[39m
    at runSuite [90m(file:///c:/Users/RYZEN/.antigravity-ide/HandicapLab/[39mnode_modules/[4m@vitest/runner[24m/dist/index.js:1205:15[90m)[39m
    at runSuite [90m(file:///c:/Users/RYZEN/.antigravity-ide/HandicapLab/[39mnode_modules/[4m@vitest/runner[24m/dist/index.js:1205:15[90m)[39m
    at runSuite [90m(file:///c:/Users/RYZEN/.antigravity-ide/HandicapLab/[39mnode_modules/[4m@vitest/runner[24m/dist/index.js:1205:15[90m)[39m
[GenerateSignals] Error generating OU predictions for match match-1: RangeError: Invalid time value
    at Date.toISOString (<anonymous>)
    at FeatureEngine.build [90m(c:\Users\RYZEN\.antigravity-ide\HandicapLab\[39msrc\lib\engines\feature-engine\index.ts:77:34[90m)[39m
[90m    at processTicksAndRejections (node:internal/process/task_queues:104:5)[39m
    at handleGenerateSignals [90m(c:\Users\RYZEN\.antigravity-ide\HandicapLab\[39msrc\app\api\cron\generate-signals\route.ts:377:30[90m)[39m
    at [90mc:\Users\RYZEN\.antigravity-ide\HandicapLab\[39mtests\phase6.test.ts:184:24
    at [90mfile:///c:/Users/RYZEN/.antigravity-ide/HandicapLab/[39mnode_modules/[4m@vitest/runner[24m/dist/index.js:533:5
    at runTest [90m(file:///c:/Users/RYZEN/.antigravity-ide/HandicapLab/[39mnode_modules/[4m@vitest/runner[24m/dist/index.js:1056:11[90m)[39m
    at runSuite [90m(file:///c:/Users/RYZEN/.antigravity-ide/HandicapLab/[39mnode_modules/[4m@vitest/runner[24m/dist/index.js:1205:15[90m)[39m
    at runSuite [90m(file:///c:/Users/RYZEN/.antigravity-ide/HandicapLab/[39mnode_modules/[4m@vitest/runner[24m/dist/index.js:1205:15[90m)[39m
    at runSuite [90m(file:///c:/Users/RYZEN/.antigravity-ide/HandicapLab/[39mnode_modules/[4m@vitest/runner[24m/dist/index.js:1205:15[90m)[39m
[GenerateSignals] Error generating ML predictions for match match-1: RangeError: Invalid time value
    at Date.toISOString (<anonymous>)
    at FeatureEngine.build [90m(c:\Users\RYZEN\.antigravity-ide\HandicapLab\[39msrc\lib\engines\feature-engine\index.ts:77:34[90m)[39m
[90m    at processTicksAndRejections (node:internal/process/task_queues:104:5)[39m
    at handleGenerateSignals [90m(c:\Users\RYZEN\.antigravity-ide\HandicapLab\[39msrc\app\api\cron\generate-signals\route.ts:377:30[90m)[39m
    at [90mc:\Users\RYZEN\.antigravity-ide\HandicapLab\[39mtests\phase6.test.ts:184:24
    at [90mfile:///c:/Users/RYZEN/.antigravity-ide/HandicapLab/[39mnode_modules/[4m@vitest/runner[24m/dist/index.js:533:5
    at runTest [90m(file:///c:/Users/RYZEN/.antigravity-ide/HandicapLab/[39mnode_modules/[4m@vitest/runner[24m/dist/index.js:1056:11[90m)[39m
    at runSuite [90m(file:///c:/Users/RYZEN/.antigravity-ide/HandicapLab/[39mnode_modules/[4m@vitest/runner[24m/dist/index.js:1205:15[90m)[39m
    at runSuite [90m(file:///c:/Users/RYZEN/.antigravity-ide/HandicapLab/[39mnode_modules/[4m@vitest/runner[24m/dist/index.js:1205:15[90m)[39m
    at runSuite [90m(file:///c:/Users/RYZEN/.antigravity-ide/HandicapLab/[39mnode_modules/[4m@vitest/runner[24m/dist/index.js:1205:15[90m)[39m
[GenerateSignals] Error generating AH predictions for match match-1: RangeError: Invalid time value
    at Date.toISOString (<anonymous>)
    at FeatureEngine.build [90m(c:\Users\RYZEN\.antigravity-ide\HandicapLab\[39msrc\lib\engines\feature-engine\index.ts:77:34[90m)[39m
[90m    at processTicksAndRejections (node:internal/process/task_queues:104:5)[39m
    at handleGenerateSignals [90m(c:\Users\RYZEN\.antigravity-ide\HandicapLab\[39msrc\app\api\cron\generate-signals\route.ts:377:30[90m)[39m
    at [90mc:\Users\RYZEN\.antigravity-ide\HandicapLab\[39mtests\phase6.test.ts:184:24
    at [90mfile:///c:/Users/RYZEN/.antigravity-ide/HandicapLab/[39mnode_modules/[4m@vitest/runner[24m/dist/index.js:533:5
    at runTest [90m(file:///c:/Users/RYZEN/.antigravity-ide/HandicapLab/[39mnode_modules/[4m@vitest/runner[24m/dist/index.js:1056:11[90m)[39m
    at runSuite [90m(file:///c:/Users/RYZEN/.antigravity-ide/HandicapLab/[39mnode_modules/[4m@vitest/runner[24m/dist/index.js:1205:15[90m)[39m
    at runSuite [90m(file:///c:/Users/RYZEN/.antigravity-ide/HandicapLab/[39mnode_modules/[4m@vitest/runner[24m/dist/index.js:1205:15[90m)[39m
    at runSuite [90m(file:///c:/Users/RYZEN/.antigravity-ide/HandicapLab/[39mnode_modules/[4m@vitest/runner[24m/dist/index.js:1205:15[90m)[39m
[GenerateSignals] Error generating OU predictions for match match-1: RangeError: Invalid time value
    at Date.toISOString (<anonymous>)
    at FeatureEngine.build [90m(c:\Users\RYZEN\.antigravity-ide\HandicapLab\[39msrc\lib\engines\feature-engine\index.ts:77:34[90m)[39m
[90m    at processTicksAndRejections (node:internal/process/task_queues:104:5)[39m
    at handleGenerateSignals [90m(c:\Users\RYZEN\.antigravity-ide\HandicapLab\[39msrc\app\api\cron\generate-signals\route.ts:377:30[90m)[39m
    at [90mc:\Users\RYZEN\.antigravity-ide\HandicapLab\[39mtests\phase6.test.ts:184:24
    at [90mfile:///c:/Users/RYZEN/.antigravity-ide/HandicapLab/[39mnode_modules/[4m@vitest/runner[24m/dist/index.js:533:5
    at runTest [90m(file:///c:/Users/RYZEN/.antigravity-ide/HandicapLab/[39mnode_modules/[4m@vitest/runner[24m/dist/index.js:1056:11[90m)[39m
    at runSuite [90m(file:///c:/Users/RYZEN/.antigravity-ide/HandicapLab/[39mnode_modules/[4m@vitest/runner[24m/dist/index.js:1205:15[90m)[39m
    at runSuite [90m(file:///c:/Users/RYZEN/.antigravity-ide/HandicapLab/[39mnode_modules/[4m@vitest/runner[24m/dist/index.js:1205:15[90m)[39m
    at runSuite [90m(file:///c:/Users/RYZEN/.antigravity-ide/HandicapLab/[39mnode_modules/[4m@vitest/runner[24m/dist/index.js:1205:15[90m)[39m
[GenerateSignals] Error generating ML predictions for match match-1: RangeError: Invalid time value
    at Date.toISOString (<anonymous>)
    at FeatureEngine.build [90m(c:\Users\RYZEN\.antigravity-ide\HandicapLab\[39msrc\lib\engines\feature-engine\index.ts:77:34[90m)[39m
[90m    at processTicksAndRejections (node:internal/process/task_queues:104:5)[39m
    at handleGenerateSignals [90m(c:\Users\RYZEN\.antigravity-ide\HandicapLab\[39msrc\app\api\cron\generate-signals\route.ts:377:30[90m)[39m
    at [90mc:\Users\RYZEN\.antigravity-ide\HandicapLab\[39mtests\phase6.test.ts:184:24
    at [90mfile:///c:/Users/RYZEN/.antigravity-ide/HandicapLab/[39mnode_modules/[4m@vitest/runner[24m/dist/index.js:533:5
    at runTest [90m(file:///c:/Users/RYZEN/.antigravity-ide/HandicapLab/[39mnode_modules/[4m@vitest/runner[24m/dist/index.js:1056:11[90m)[39m
    at runSuite [90m(file:///c:/Users/RYZEN/.antigravity-ide/HandicapLab/[39mnode_modules/[4m@vitest/runner[24m/dist/index.js:1205:15[90m)[39m
    at runSuite [90m(file:///c:/Users/RYZEN/.antigravity-ide/HandicapLab/[39mnode_modules/[4m@vitest/runner[24m/dist/index.js:1205:15[90m)[39m
    at runSuite [90m(file:///c:/Users/RYZEN/.antigravity-ide/HandicapLab/[39mnode_modules/[4m@vitest/runner[24m/dist/index.js:1205:15[90m)[39m
[GenerateSignals] Error generating AH predictions for match match-1: RangeError: Invalid time value
    at Date.toISOString (<anonymous>)
    at FeatureEngine.build [90m(c:\Users\RYZEN\.antigravity-ide\HandicapLab\[39msrc\lib\engines\feature-engine\index.ts:77:34[90m)[39m
[90m    at processTicksAndRejections (node:internal/process/task_queues:104:5)[39m
    at handleGenerateSignals [90m(c:\Users\RYZEN\.antigravity-ide\HandicapLab\[39msrc\app\api\cron\generate-signals\route.ts:377:30[90m)[39m
    at [90mc:\Users\RYZEN\.antigravity-ide\HandicapLab\[39mtests\phase6.test.ts:184:24
    at [90mfile:///c:/Users/RYZEN/.antigravity-ide/HandicapLab/[39mnode_modules/[4m@vitest/runner[24m/dist/index.js:533:5
    at runTest [90m(file:///c:/Users/RYZEN/.antigravity-ide/HandicapLab/[39mnode_modules/[4m@vitest/runner[24m/dist/index.js:1056:11[90m)[39m
    at runSuite [90m(file:///c:/Users/RYZEN/.antigravity-ide/HandicapLab/[39mnode_modules/[4m@vitest/runner[24m/dist/index.js:1205:15[90m)[39m
    at runSuite [90m(file:///c:/Users/RYZEN/.antigravity-ide/HandicapLab/[39mnode_modules/[4m@vitest/runner[24m/dist/index.js:1205:15[90m)[39m
    at runSuite [90m(file:///c:/Users/RYZEN/.antigravity-ide/HandicapLab/[39mnode_modules/[4m@vitest/runner[24m/dist/index.js:1205:15[90m)[39m
[GenerateSignals] Error generating OU predictions for match match-1: RangeError: Invalid time value
    at Date.toISOString (<anonymous>)
    at FeatureEngine.build [90m(c:\Users\RYZEN\.antigravity-ide\HandicapLab\[39msrc\lib\engines\feature-engine\index.ts:77:34[90m)[39m
[90m    at processTicksAndRejections (node:internal/process/task_queues:104:5)[39m
    at handleGenerateSignals [90m(c:\Users\RYZEN\.antigravity-ide\HandicapLab\[39msrc\app\api\cron\generate-signals\route.ts:377:30[90m)[39m
    at [90mc:\Users\RYZEN\.antigravity-ide\HandicapLab\[39mtests\phase6.test.ts:184:24
    at [90mfile:///c:/Users/RYZEN/.antigravity-ide/HandicapLab/[39mnode_modules/[4m@vitest/runner[24m/dist/index.js:533:5
    at runTest [90m(file:///c:/Users/RYZEN/.antigravity-ide/HandicapLab/[39mnode_modules/[4m@vitest/runner[24m/dist/index.js:1056:11[90m)[39m
    at runSuite [90m(file:///c:/Users/RYZEN/.antigravity-ide/HandicapLab/[39mnode_modules/[4m@vitest/runner[24m/dist/index.js:1205:15[90m)[39m
    at runSuite [90m(file:///c:/Users/RYZEN/.antigravity-ide/HandicapLab/[39mnode_modules/[4m@vitest/runner[24m/dist/index.js:1205:15[90m)[39m
    at runSuite [90m(file:///c:/Users/RYZEN/.antigravity-ide/HandicapLab/[39mnode_modules/[4m@vitest/runner[24m/dist/index.js:1205:15[90m)[39m
[TelegramAlert] (Disabled - config missing) Message: Production Health Degraded!

<b>Stale Data Ingestion:</b>
- FIFA World Cup (international_tournament): Fixtures stale (N/Ah vs limit 3h). Odds stale (N/Ah vs limit 3h).
- UEFA Champions League (champions_league): Fixtures stale (N/Ah vs limit 4h). Odds stale (N/Ah vs limit 4h).
- UEFA Europa League (champions_league): Fixtures stale (N/Ah vs limit 4h). Odds stale (N/Ah vs limit 4h).
- Premier League (top_domestic): Fixtures stale (N/Ah vs limit 6h). Odds stale (N/Ah vs limit 6h).
- La Liga (top_domestic): Fixtures stale (N/Ah vs limit 6h). Odds stale (N/Ah vs limit 6h).
- Serie A (top_domestic): Fixtures stale (N/Ah vs limit 6h). Odds stale (N/Ah vs limit 6h).
- Bundesliga (top_domestic): Fixtures stale (N/Ah vs limit 6h). Odds stale (N/Ah vs limit 6h).
- Ligue 1 (top_domestic): Fixtures stale (N/Ah vs limit 6h). Odds stale (N/Ah vs limit 6h).
- UEFA Conference League (champions_league): Fixtures stale (N/Ah vs limit 4h). Odds stale (N/Ah vs limit 4h).
- UEFA Champions League Qualification (champions_league): Fixtures stale (N/Ah vs limit 4h). Odds stale (N/Ah vs limit 4h).
- UEFA Europa League Qualification (champions_league): Fixtures stale (N/Ah vs limit 4h). Odds stale (N/Ah vs limit 4h).
- UEFA Conference League Qualification (champions_league): Fixtures stale (N/Ah vs limit 4h). Odds stale (N/Ah vs limit 4h).
- Norway Eliteserien (top_domestic): Fixtures stale (N/Ah vs limit 6h). Odds stale (N/Ah vs limit 6h).
- Sweden Allsvenskan (top_domestic): Fixtures stale (N/Ah vs limit 6h). Odds stale (N/Ah vs limit 6h).
- Denmark Superliga (top_domestic): Fixtures stale (N/Ah vs limit 6h). Odds stale (N/Ah vs limit 6h).
- Finland Veikkausliiga (top_domestic): Fixtures stale (N/Ah vs limit 6h). Odds stale (N/Ah vs limit 6h).
- Iceland Besta deild (top_domestic): Fixtures stale (N/Ah vs limit 6h). Odds stale (N/Ah vs limit 6h).
- Ireland Premier Division (top_domestic): Fixtures stale (N/Ah vs limit 6h). Odds stale (N/Ah vs limit 6h).
- Brazil Serie A (top_domestic): Fixtures stale (N/Ah vs limit 6h). Odds stale (N/Ah vs limit 6h).
- Argentina Primera Division (top_domestic): Fixtures stale (N/Ah vs limit 6h). Odds stale (N/Ah vs limit 6h).
- Chile Primera Division (top_domestic): Fixtures stale (N/Ah vs limit 6h). Odds stale (N/Ah vs limit 6h).
- Colombia Primera A (top_domestic): Fixtures stale (N/Ah vs limit 6h). Odds stale (N/Ah vs limit 6h).
- Ecuador Liga Pro (top_domestic): Fixtures stale (N/Ah vs limit 6h). Odds stale (N/Ah vs limit 6h).
- Uruguay Primera Division (top_domestic): Fixtures stale (N/Ah vs limit 6h). Odds stale (N/Ah vs limit 6h).
- Paraguay Primera Division (top_domestic): Fixtures stale (N/Ah vs limit 6h). Odds stale (N/Ah vs limit 6h).
- Peru Liga 1 (top_domestic): Fixtures stale (N/Ah vs limit 6h). Odds stale (N/Ah vs limit 6h).
- Japan J1 League (top_domestic): Fixtures stale (N/Ah vs limit 6h). Odds stale (N/Ah vs limit 6h).
- K League (top_domestic): Fixtures stale (N/Ah vs limit 6h). Odds stale (N/Ah vs limit 6h).
- China Super League (top_domestic): Fixtures stale (N/Ah vs limit 6h). Odds stale (N/Ah vs limit 6h).
- Saudi Pro League (top_domestic): Fixtures stale (N/Ah vs limit 6h). Odds stale (N/Ah vs limit 6h).
- UAE Pro League (top_domestic): Fixtures stale (N/Ah vs limit 6h). Odds stale (N/Ah vs limit 6h).
- Qatar Stars League (top_domestic): Fixtures stale (N/Ah vs limit 6h). Odds stale (N/Ah vs limit 6h).
- Thailand League (top_domestic): Fixtures stale (N/Ah vs limit 6h). Odds stale (N/Ah vs limit 6h).
- Indonesia Liga 1 (top_domestic): Fixtures stale (N/Ah vs limit 6h). Odds stale (N/Ah vs limit 6h).
- MLS (top_domestic): Fixtures stale (N/Ah vs limit 6h). Odds stale (N/Ah vs limit 6h).



[90mstdout[2m | tests/phase6.test.ts[2m > [22m[2mPhase 6: Live Paper Trading & CLV Engine Activation[2m > [22m[2mCapture Closing Odds Cron[2m > [22m[2mshould process pending signals close to kickoff and update closing odds
[22m[39m[CaptureClosing Cron] Checking for pending signals kickoff in range: [2026-07-10T08:25:35.959Z, 2026-07-10T08:45:35.959Z]
[CaptureClosing Cron] Found 1 pending signals to capture closing odds for.
[CaptureClosing Cron] Updated signal sig-1 with closing odds: 1.8

[90mstderr[2m | tests/phase6.test.ts[2m > [22m[2mPhase 6: Live Paper Trading & CLV Engine Activation[2m > [22m[2mCapture Closing Odds Cron[2m > [22m[2mshould process pending signals close to kickoff and update closing odds
[22m[39m[TelegramAlert] (Disabled - config missing) Message: Production Health Degraded!

<b>Stale Data Ingestion:</b>
- FIFA World Cup (international_tournament): Fixtures stale (N/Ah vs limit 3h). Odds stale (N/Ah vs limit 3h).
- UEFA Champions League (champions_league): Fixtures stale (N/Ah vs limit 4h). Odds stale (N/Ah vs limit 4h).
- UEFA Europa League (champions_league): Fixtures stale (N/Ah vs limit 4h). Odds stale (N/Ah vs limit 4h).
- Premier League (top_domestic): Fixtures stale (N/Ah vs limit 6h). Odds stale (N/Ah vs limit 6h).
- La Liga (top_domestic): Fixtures stale (N/Ah vs limit 6h). Odds stale (N/Ah vs limit 6h).
- Serie A (top_domestic): Fixtures stale (N/Ah vs limit 6h). Odds stale (N/Ah vs limit 6h).
- Bundesliga (top_domestic): Fixtures stale (N/Ah vs limit 6h). Odds stale (N/Ah vs limit 6h).
- Ligue 1 (top_domestic): Fixtures stale (N/Ah vs limit 6h). Odds stale (N/Ah vs limit 6h).
- UEFA Conference League (champions_league): Fixtures stale (N/Ah vs limit 4h). Odds stale (N/Ah vs limit 4h).
- UEFA Champions League Qualification (champions_league): Fixtures stale (N/Ah vs limit 4h). Odds stale (N/Ah vs limit 4h).
- UEFA Europa League Qualification (champions_league): Fixtures stale (N/Ah vs limit 4h). Odds stale (N/Ah vs limit 4h).
- UEFA Conference League Qualification (champions_league): Fixtures stale (N/Ah vs limit 4h). Odds stale (N/Ah vs limit 4h).
- Norway Eliteserien (top_domestic): Fixtures stale (N/Ah vs limit 6h). Odds stale (N/Ah vs limit 6h).
- Sweden Allsvenskan (top_domestic): Fixtures stale (N/Ah vs limit 6h). Odds stale (N/Ah vs limit 6h).
- Denmark Superliga (top_domestic): Fixtures stale (N/Ah vs limit 6h). Odds stale (N/Ah vs limit 6h).
- Finland Veikkausliiga (top_domestic): Fixtures stale (N/Ah vs limit 6h). Odds stale (N/Ah vs limit 6h).
- Iceland Besta deild (top_domestic): Fixtures stale (N/Ah vs limit 6h). Odds stale (N/Ah vs limit 6h).
- Ireland Premier Division (top_domestic): Fixtures stale (N/Ah vs limit 6h). Odds stale (N/Ah vs limit 6h).
- Brazil Serie A (top_domestic): Fixtures stale (N/Ah vs limit 6h). Odds stale (N/Ah vs limit 6h).
- Argentina Primera Division (top_domestic): Fixtures stale (N/Ah vs limit 6h). Odds stale (N/Ah vs limit 6h).
- Chile Primera Division (top_domestic): Fixtures stale (N/Ah vs limit 6h). Odds stale (N/Ah vs limit 6h).
- Colombia Primera A (top_domestic): Fixtures stale (N/Ah vs limit 6h). Odds stale (N/Ah vs limit 6h).
- Ecuador Liga Pro (top_domestic): Fixtures stale (N/Ah vs limit 6h). Odds stale (N/Ah vs limit 6h).
- Uruguay Primera Division (top_domestic): Fixtures stale (N/Ah vs limit 6h). Odds stale (N/Ah vs limit 6h).
- Paraguay Primera Division (top_domestic): Fixtures stale (N/Ah vs limit 6h). Odds stale (N/Ah vs limit 6h).
- Peru Liga 1 (top_domestic): Fixtures stale (N/Ah vs limit 6h). Odds stale (N/Ah vs limit 6h).
- Japan J1 League (top_domestic): Fixtures stale (N/Ah vs limit 6h). Odds stale (N/Ah vs limit 6h).
- K League (top_domestic): Fixtures stale (N/Ah vs limit 6h). Odds stale (N/Ah vs limit 6h).
- China Super League (top_domestic): Fixtures stale (N/Ah vs limit 6h). Odds stale (N/Ah vs limit 6h).
- Saudi Pro League (top_domestic): Fixtures stale (N/Ah vs limit 6h). Odds stale (N/Ah vs limit 6h).
- UAE Pro League (top_domestic): Fixtures stale (N/Ah vs limit 6h). Odds stale (N/Ah vs limit 6h).
- Qatar Stars League (top_domestic): Fixtures stale (N/Ah vs limit 6h). Odds stale (N/Ah vs limit 6h).
- Thailand League (top_domestic): Fixtures stale (N/Ah vs limit 6h). Odds stale (N/Ah vs limit 6h).
- Indonesia Liga 1 (top_domestic): Fixtures stale (N/Ah vs limit 6h). Odds stale (N/Ah vs limit 6h).
- MLS (top_domestic): Fixtures stale (N/Ah vs limit 6h). Odds stale (N/Ah vs limit 6h).



[90mstdout[2m | tests/phase6.test.ts[2m > [22m[2mPhase 6: Live Paper Trading & CLV Engine Activation[2m > [22m[2mSettlement and CLV calculation[2m > [22m[2mshould transition status to settling, compute clv_percentage, and settle signals
[22m[39m[Settlement Cron] Starting signals settlement process...
[Settlement Cron] Found 1 pending past signals to process.
[Settlement Cron] Settle signal sig-1 (moneyline) using goals: 2-1 (source: REGULAR_TIME)

[90mstderr[2m | tests/phase6.test.ts[2m > [22m[2mPhase 6: Live Paper Trading & CLV Engine Activation[2m > [22m[2mSettlement and CLV calculation[2m > [22m[2mshould transition status to settling, compute clv_percentage, and settle signals
[22m[39m[TelegramAlert] (Disabled - config missing) Message: Production Health Degraded!

<b>Stale Data Ingestion:</b>
- FIFA World Cup (international_tournament): Fixtures stale (N/Ah vs limit 3h). Odds stale (N/Ah vs limit 3h).
- UEFA Champions League (champions_league): Fixtures stale (N/Ah vs limit 4h). Odds stale (N/Ah vs limit 4h).
- UEFA Europa League (champions_league): Fixtures stale (N/Ah vs limit 4h). Odds stale (N/Ah vs limit 4h).
- Premier League (top_domestic): Fixtures stale (N/Ah vs limit 6h). Odds stale (N/Ah vs limit 6h).
- La Liga (top_domestic): Fixtures stale (N/Ah vs limit 6h). Odds stale (N/Ah vs limit 6h).
- Serie A (top_domestic): Fixtures stale (N/Ah vs limit 6h). Odds stale (N/Ah vs limit 6h).
- Bundesliga (top_domestic): Fixtures stale (N/Ah vs limit 6h). Odds stale (N/Ah vs limit 6h).
- Ligue 1 (top_domestic): Fixtures stale (N/Ah vs limit 6h). Odds stale (N/Ah vs limit 6h).
- UEFA Conference League (champions_league): Fixtures stale (N/Ah vs limit 4h). Odds stale (N/Ah vs limit 4h).
- UEFA Champions League Qualification (champions_league): Fixtures stale (N/Ah vs limit 4h). Odds stale (N/Ah vs limit 4h).
- UEFA Europa League Qualification (champions_league): Fixtures stale (N/Ah vs limit 4h). Odds stale (N/Ah vs limit 4h).
- UEFA Conference League Qualification (champions_league): Fixtures stale (N/Ah vs limit 4h). Odds stale (N/Ah vs limit 4h).
- Norway Eliteserien (top_domestic): Fixtures stale (N/Ah vs limit 6h). Odds stale (N/Ah vs limit 6h).
- Sweden Allsvenskan (top_domestic): Fixtures stale (N/Ah vs limit 6h). Odds stale (N/Ah vs limit 6h).
- Denmark Superliga (top_domestic): Fixtures stale (N/Ah vs limit 6h). Odds stale (N/Ah vs limit 6h).
- Finland Veikkausliiga (top_domestic): Fixtures stale (N/Ah vs limit 6h). Odds stale (N/Ah vs limit 6h).
- Iceland Besta deild (top_domestic): Fixtures stale (N/Ah vs limit 6h). Odds stale (N/Ah vs limit 6h).
- Ireland Premier Division (top_domestic): Fixtures stale (N/Ah vs limit 6h). Odds stale (N/Ah vs limit 6h).
- Brazil Serie A (top_domestic): Fixtures stale (N/Ah vs limit 6h). Odds stale (N/Ah vs limit 6h).
- Argentina Primera Division (top_domestic): Fixtures stale (N/Ah vs limit 6h). Odds stale (N/Ah vs limit 6h).
- Chile Primera Division (top_domestic): Fixtures stale (N/Ah vs limit 6h). Odds stale (N/Ah vs limit 6h).
- Colombia Primera A (top_domestic): Fixtures stale (N/Ah vs limit 6h). Odds stale (N/Ah vs limit 6h).
- Ecuador Liga Pro (top_domestic): Fixtures stale (N/Ah vs limit 6h). Odds stale (N/Ah vs limit 6h).
- Uruguay Primera Division (top_domestic): Fixtures stale (N/Ah vs limit 6h). Odds stale (N/Ah vs limit 6h).
- Paraguay Primera Division (top_domestic): Fixtures stale (N/Ah vs limit 6h). Odds stale (N/Ah vs limit 6h).
- Peru Liga 1 (top_domestic): Fixtures stale (N/Ah vs limit 6h). Odds stale (N/Ah vs limit 6h).
- Japan J1 League (top_domestic): Fixtures stale (N/Ah vs limit 6h). Odds stale (N/Ah vs limit 6h).
- K League (top_domestic): Fixtures stale (N/Ah vs limit 6h). Odds stale (N/Ah vs limit 6h).
- China Super League (top_domestic): Fixtures stale (N/Ah vs limit 6h). Odds stale (N/Ah vs limit 6h).
- Saudi Pro League (top_domestic): Fixtures stale (N/Ah vs limit 6h). Odds stale (N/Ah vs limit 6h).
- UAE Pro League (top_domestic): Fixtures stale (N/Ah vs limit 6h). Odds stale (N/Ah vs limit 6h).
- Qatar Stars League (top_domestic): Fixtures stale (N/Ah vs limit 6h). Odds stale (N/Ah vs limit 6h).
- Thailand League (top_domestic): Fixtures stale (N/Ah vs limit 6h). Odds stale (N/Ah vs limit 6h).
- Indonesia Liga 1 (top_domestic): Fixtures stale (N/Ah vs limit 6h). Odds stale (N/Ah vs limit 6h).
- MLS (top_domestic): Fixtures stale (N/Ah vs limit 6h). Odds stale (N/Ah vs limit 6h).



 [32m✓[39m tests/phase6.test.ts [2m([22m[2m5 tests[22m[2m)[22m[33m 802[2mms[22m[39m
   [33m[2m✓[22m[39m Phase 6: Live Paper Trading & CLV Engine Activation[2m > [22mAuthorization check[2m > [22mshould proceed if CRON_SECRET is correct [33m606[2mms[22m[39m
 [31m❯[39m tests/ablation.test.ts [2m([22m[2m3 tests[22m[2m | [22m[31m1 failed[39m[2m)[22m[90m 29[2mms[22m[39m
[31m   [31m×[31m Ablation Framework[2m > [22mAblationRunner[2m > [22mshould run a comparative experiment and yield variant deltas[90m 12[2mms[22m[31m[39m
[31m     → expected +0 to be 1 // Object.is equality[39m
[90mstdout[2m | tests/decision-engine-v1/shadow-mode.test.ts[2m > [22m[2mSprint 24: Shadow Mode Event-Driven Trading Tests[2m > [22m[2mshould support job retry on transient failures and transition to failed on exhaust
[22m[39m[EventQueue] Processing job 14a87578-f162-4aba-9086-2b890b14618e | Type: transient.fail | Correlation ID: 04360118-8fb5-412d-8665-d0333e586d80
[EventQueue] Job completed successfully: 14a87578-f162-4aba-9086-2b890b14618e | Time elapsed: 0ms

[90mstdout[2m | tests/decision-engine-v1/shadow-mode.test.ts[2m > [22m[2mSprint 24: Shadow Mode Event-Driven Trading Tests[2m > [22m[2mshould process concurrent events without race conditions
[22m[39m[EventQueue] Event subscribers successfully initialized.
[EventQueue] Event published: fixture.created | Job ID: 73bdc4bb-9d33-47ce-a4d8-f3ea96b64287 | Correlation ID: b8bfec21-1a83-413b-855b-37727b410649
[EventQueue] Processing job 73bdc4bb-9d33-47ce-a4d8-f3ea96b64287 | Type: fixture.created | Correlation ID: b8bfec21-1a83-413b-855b-37727b410649
[PredictionWorker] [correlation_id=b8bfec21-1a83-413b-855b-37727b410649] Processing fixture event for match: shadow-match-concur-0 | Worker: PredictionWorker
[EventQueue] Event published: fixture.created | Job ID: cc07b41b-e269-4f15-a3b8-0e7bb0d4c722 | Correlation ID: df0962c7-a664-493c-836b-1967ff1a1abf
[EventQueue] Processing job cc07b41b-e269-4f15-a3b8-0e7bb0d4c722 | Type: fixture.created | Correlation ID: df0962c7-a664-493c-836b-1967ff1a1abf
[PredictionWorker] [correlation_id=df0962c7-a664-493c-836b-1967ff1a1abf] Processing fixture event for match: shadow-match-concur-1 | Worker: PredictionWorker
[EventQueue] Event published: fixture.created | Job ID: d7adc738-fed4-46a2-8074-83a3448dd368 | Correlation ID: 110f1c53-c070-4e3a-afce-74987ee7e5a2
[EventQueue] Processing job d7adc738-fed4-46a2-8074-83a3448dd368 | Type: fixture.created | Correlation ID: 110f1c53-c070-4e3a-afce-74987ee7e5a2
[PredictionWorker] [correlation_id=110f1c53-c070-4e3a-afce-74987ee7e5a2] Processing fixture event for match: shadow-match-concur-2 | Worker: PredictionWorker
[EventQueue] Event published: fixture.created | Job ID: 5a9eb743-2e52-4a55-ac93-a2a5d6d0ff76 | Correlation ID: 528dfedf-306e-454e-823a-8783d24f2cca
[EventQueue] Processing job 5a9eb743-2e52-4a55-ac93-a2a5d6d0ff76 | Type: fixture.created | Correlation ID: 528dfedf-306e-454e-823a-8783d24f2cca
[PredictionWorker] [correlation_id=528dfedf-306e-454e-823a-8783d24f2cca] Processing fixture event for match: shadow-match-concur-3 | Worker: PredictionWorker
[EventQueue] Event published: fixture.created | Job ID: a0f4d6dd-db38-4781-b361-f023e6e9e10b | Correlation ID: 468f56d0-db04-4f7c-b166-96aa4586ba68
[EventQueue] Processing job a0f4d6dd-db38-4781-b361-f023e6e9e10b | Type: fixture.created | Correlation ID: 468f56d0-db04-4f7c-b166-96aa4586ba68
[PredictionWorker] [correlation_id=468f56d0-db04-4f7c-b166-96aa4586ba68] Processing fixture event for match: shadow-match-concur-4 | Worker: PredictionWorker

 [32m✓[39m tests/edge-scanner.test.ts [2m([22m[2m11 tests[22m[2m)[22m[90m 9[2mms[22m[39m
[90mstderr[2m | tests/phase35.test.ts[2m > [22m[2mPhase 35.1: Production Hardening Integration tests[2m > [22m[2mPart 1: Health System Integration[2m > [22m[2mshould calculate DB latency, check odds/signals stale status, and map readiness
[22m[39m[TelegramAlert] (Disabled - config missing) Message: Production Health Degraded!

<b>Stale Data Ingestion:</b>
- FIFA World Cup (international_tournament): Fixtures stale (N/Ah vs limit 3h). Odds stale (N/Ah vs limit 3h).
- UEFA Champions League (champions_league): Fixtures stale (N/Ah vs limit 4h). Odds stale (N/Ah vs limit 4h).
- UEFA Europa League (champions_league): Fixtures stale (N/Ah vs limit 4h). Odds stale (N/Ah vs limit 4h).
- Premier League (top_domestic): Fixtures stale (N/Ah vs limit 6h). Odds stale (N/Ah vs limit 6h).
- La Liga (top_domestic): Fixtures stale (N/Ah vs limit 6h). Odds stale (N/Ah vs limit 6h).
- Serie A (top_domestic): Fixtures stale (N/Ah vs limit 6h). Odds stale (N/Ah vs limit 6h).
- Bundesliga (top_domestic): Fixtures stale (N/Ah vs limit 6h). Odds stale (N/Ah vs limit 6h).
- Ligue 1 (top_domestic): Fixtures stale (N/Ah vs limit 6h). Odds stale (N/Ah vs limit 6h).
- UEFA Conference League (champions_league): Fixtures stale (N/Ah vs limit 4h). Odds stale (N/Ah vs limit 4h).
- UEFA Champions League Qualification (champions_league): Fixtures stale (N/Ah vs limit 4h). Odds stale (N/Ah vs limit 4h).
- UEFA Europa League Qualification (champions_league): Fixtures stale (N/Ah vs limit 4h). Odds stale (N/Ah vs limit 4h).
- UEFA Conference League Qualification (champions_league): Fixtures stale (N/Ah vs limit 4h). Odds stale (N/Ah vs limit 4h).
- Norway Eliteserien (top_domestic): Fixtures stale (N/Ah vs limit 6h). Odds stale (N/Ah vs limit 6h).
- Sweden Allsvenskan (top_domestic): Fixtures stale (N/Ah vs limit 6h). Odds stale (N/Ah vs limit 6h).
- Denmark Superliga (top_domestic): Fixtures stale (N/Ah vs limit 6h). Odds stale (N/Ah vs limit 6h).
- Finland Veikkausliiga (top_domestic): Fixtures stale (N/Ah vs limit 6h). Odds stale (N/Ah vs limit 6h).
- Iceland Besta deild (top_domestic): Fixtures stale (N/Ah vs limit 6h). Odds stale (N/Ah vs limit 6h).
- Ireland Premier Division (top_domestic): Fixtures stale (N/Ah vs limit 6h). Odds stale (N/Ah vs limit 6h).
- Brazil Serie A (top_domestic): Fixtures stale (N/Ah vs limit 6h). Odds stale (N/Ah vs limit 6h).
- Argentina Primera Division (top_domestic): Fixtures stale (N/Ah vs limit 6h). Odds stale (N/Ah vs limit 6h).
- Chile Primera Division (top_domestic): Fixtures stale (N/Ah vs limit 6h). Odds stale (N/Ah vs limit 6h).
- Colombia Primera A (top_domestic): Fixtures stale (N/Ah vs limit 6h). Odds stale (N/Ah vs limit 6h).
- Ecuador Liga Pro (top_domestic): Fixtures stale (N/Ah vs limit 6h). Odds stale (N/Ah vs limit 6h).
- Uruguay Primera Division (top_domestic): Fixtures stale (N/Ah vs limit 6h). Odds stale (N/Ah vs limit 6h).
- Paraguay Primera Division (top_domestic): Fixtures stale (N/Ah vs limit 6h). Odds stale (N/Ah vs limit 6h).
- Peru Liga 1 (top_domestic): Fixtures stale (N/Ah vs limit 6h). Odds stale (N/Ah vs limit 6h).
- Japan J1 League (top_domestic): Fixtures stale (N/Ah vs limit 6h). Odds stale (N/Ah vs limit 6h).
- K League (top_domestic): Fixtures stale (N/Ah vs limit 6h). Odds stale (N/Ah vs limit 6h).
- China Super League (top_domestic): Fixtures stale (N/Ah vs limit 6h). Odds stale (N/Ah vs limit 6h).
- Saudi Pro League (top_domestic): Fixtures stale (N/Ah vs limit 6h). Odds stale (N/Ah vs limit 6h).
- UAE Pro League (top_domestic): Fixtures stale (N/Ah vs limit 6h). Odds stale (N/Ah vs limit 6h).
- Qatar Stars League (top_domestic): Fixtures stale (N/Ah vs limit 6h). Odds stale (N/Ah vs limit 6h).
- Thailand League (top_domestic): Fixtures stale (N/Ah vs limit 6h). Odds stale (N/Ah vs limit 6h).
- Indonesia Liga 1 (top_domestic): Fixtures stale (N/Ah vs limit 6h). Odds stale (N/Ah vs limit 6h).
- MLS (top_domestic): Fixtures stale (N/Ah vs limit 6h). Odds stale (N/Ah vs limit 6h).



[90mstdout[2m | tests/decision-engine-v1/shadow-mode.test.ts[2m > [22m[2mSprint 24: Shadow Mode Event-Driven Trading Tests[2m > [22m[2mshould process concurrent events without race conditions
[22m[39m[SnapshotLocker] Immutable snapshot locked for match: shadow-match-concur-0 | Hash: 7128154771dcd14213040e76fa5e693bdc43c54714784fc5d54b4c7990d79711

[90mstdout[2m | tests/decision-engine-v1/shadow-mode.test.ts[2m > [22m[2mSprint 24: Shadow Mode Event-Driven Trading Tests[2m > [22m[2mshould process concurrent events without race conditions
[22m[39m[SnapshotLocker] Immutable snapshot locked for match: shadow-match-concur-1 | Hash: 7128154771dcd14213040e76fa5e693bdc43c54714784fc5d54b4c7990d79711

[90mstderr[2m | tests/phase35.test.ts[2m > [22m[2mPhase 35.1: Production Hardening Integration tests[2m > [22m[2mPart 6: Launch Readiness API Route[2m > [22m[2mshould return launch status checks for all critical operational categories
[22m[39m[TelegramAlert] (Disabled - config missing) Message: Production Health Degraded!

<b>Stale Data Ingestion:</b>
- FIFA World Cup (international_tournament): Fixtures stale (N/Ah vs limit 3h). Odds stale (N/Ah vs limit 3h).
- UEFA Champions League (champions_league): Fixtures stale (N/Ah vs limit 4h). Odds stale (N/Ah vs limit 4h).
- UEFA Europa League (champions_league): Fixtures stale (N/Ah vs limit 4h). Odds stale (N/Ah vs limit 4h).
- Premier League (top_domestic): Fixtures stale (N/Ah vs limit 6h). Odds stale (N/Ah vs limit 6h).
- La Liga (top_domestic): Fixtures stale (N/Ah vs limit 6h). Odds stale (N/Ah vs limit 6h).
- Serie A (top_domestic): Fixtures stale (N/Ah vs limit 6h). Odds stale (N/Ah vs limit 6h).
- Bundesliga (top_domestic): Fixtures stale (N/Ah vs limit 6h). Odds stale (N/Ah vs limit 6h).
- Ligue 1 (top_domestic): Fixtures stale (N/Ah vs limit 6h). Odds stale (N/Ah vs limit 6h).
- UEFA Conference League (champions_league): Fixtures stale (N/Ah vs limit 4h). Odds stale (N/Ah vs limit 4h).
- UEFA Champions League Qualification (champions_league): Fixtures stale (N/Ah vs limit 4h). Odds stale (N/Ah vs limit 4h).
- UEFA Europa League Qualification (champions_league): Fixtures stale (N/Ah vs limit 4h). Odds stale (N/Ah vs limit 4h).
- UEFA Conference League Qualification (champions_league): Fixtures stale (N/Ah vs limit 4h). Odds stale (N/Ah vs limit 4h).
- Norway Eliteserien (top_domestic): Fixtures stale (N/Ah vs limit 6h). Odds stale (N/Ah vs limit 6h).
- Sweden Allsvenskan (top_domestic): Fixtures stale (N/Ah vs limit 6h). Odds stale (N/Ah vs limit 6h).
- Denmark Superliga (top_domestic): Fixtures stale (N/Ah vs limit 6h). Odds stale (N/Ah vs limit 6h).
- Finland Veikkausliiga (top_domestic): Fixtures stale (N/Ah vs limit 6h). Odds stale (N/Ah vs limit 6h).
- Iceland Besta deild (top_domestic): Fixtures stale (N/Ah vs limit 6h). Odds stale (N/Ah vs limit 6h).
- Ireland Premier Division (top_domestic): Fixtures stale (N/Ah vs limit 6h). Odds stale (N/Ah vs limit 6h).
- Brazil Serie A (top_domestic): Fixtures stale (N/Ah vs limit 6h). Odds stale (N/Ah vs limit 6h).
- Argentina Primera Division (top_domestic): Fixtures stale (N/Ah vs limit 6h). Odds stale (N/Ah vs limit 6h).
- Chile Primera Division (top_domestic): Fixtures stale (N/Ah vs limit 6h). Odds stale (N/Ah vs limit 6h).
- Colombia Primera A (top_domestic): Fixtures stale (N/Ah vs limit 6h). Odds stale (N/Ah vs limit 6h).
- Ecuador Liga Pro (top_domestic): Fixtures stale (N/Ah vs limit 6h). Odds stale (N/Ah vs limit 6h).
- Uruguay Primera Division (top_domestic): Fixtures stale (N/Ah vs limit 6h). Odds stale (N/Ah vs limit 6h).
- Paraguay Primera Division (top_domestic): Fixtures stale (N/Ah vs limit 6h). Odds stale (N/Ah vs limit 6h).
- Peru Liga 1 (top_domestic): Fixtures stale (N/Ah vs limit 6h). Odds stale (N/Ah vs limit 6h).
- Japan J1 League (top_domestic): Fixtures stale (N/Ah vs limit 6h). Odds stale (N/Ah vs limit 6h).
- K League (top_domestic): Fixtures stale (N/Ah vs limit 6h). Odds stale (N/Ah vs limit 6h).
- China Super League (top_domestic): Fixtures stale (N/Ah vs limit 6h). Odds stale (N/Ah vs limit 6h).
- Saudi Pro League (top_domestic): Fixtures stale (N/Ah vs limit 6h). Odds stale (N/Ah vs limit 6h).
- UAE Pro League (top_domestic): Fixtures stale (N/Ah vs limit 6h). Odds stale (N/Ah vs limit 6h).
- Qatar Stars League (top_domestic): Fixtures stale (N/Ah vs limit 6h). Odds stale (N/Ah vs limit 6h).
- Thailand League (top_domestic): Fixtures stale (N/Ah vs limit 6h). Odds stale (N/Ah vs limit 6h).
- Indonesia Liga 1 (top_domestic): Fixtures stale (N/Ah vs limit 6h). Odds stale (N/Ah vs limit 6h).
- MLS (top_domestic): Fixtures stale (N/Ah vs limit 6h). Odds stale (N/Ah vs limit 6h).



 [32m✓[39m tests/phase35.test.ts [2m([22m[2m7 tests[22m[2m)[22m[90m 41[2mms[22m[39m
[90mstdout[2m | tests/decision-engine-v1/shadow-mode.test.ts[2m > [22m[2mSprint 24: Shadow Mode Event-Driven Trading Tests[2m > [22m[2mshould process concurrent events without race conditions
[22m[39m[SnapshotLocker] Immutable snapshot locked for match: shadow-match-concur-3 | Hash: 7128154771dcd14213040e76fa5e693bdc43c54714784fc5d54b4c7990d79711
[SnapshotLocker] Immutable snapshot locked for match: shadow-match-concur-4 | Hash: 7128154771dcd14213040e76fa5e693bdc43c54714784fc5d54b4c7990d79711

[90mstderr[2m | tests/settlement.test.ts[2m > [22m[2mSettlement Modules[2m > [22m[2mMatchSettler[2m > [22m[2mshould handle recent matches and settle them
[22m[39m[MatchSettler] Failed to fetch correlation ID for prediction pred-1: TypeError: __vite_ssr_import_1__.supabase.from(...).select(...).eq(...).eq is not a function
    at MatchSettler.settleRecentMatches [90m(c:\Users\RYZEN\.antigravity-ide\HandicapLab\[39msrc\lib\settlement\match-settler.ts:182:14[90m)[39m
[90m    at processTicksAndRejections (node:internal/process/task_queues:104:5)[39m
    at [90mc:\Users\RYZEN\.antigravity-ide\HandicapLab\[39mtests\settlement.test.ts:180:23
    at [90mfile:///c:/Users/RYZEN/.antigravity-ide/HandicapLab/[39mnode_modules/[4m@vitest/runner[24m/dist/index.js:533:5
    at runTest [90m(file:///c:/Users/RYZEN/.antigravity-ide/HandicapLab/[39mnode_modules/[4m@vitest/runner[24m/dist/index.js:1056:11[90m)[39m
    at runSuite [90m(file:///c:/Users/RYZEN/.antigravity-ide/HandicapLab/[39mnode_modules/[4m@vitest/runner[24m/dist/index.js:1205:15[90m)[39m
    at runSuite [90m(file:///c:/Users/RYZEN/.antigravity-ide/HandicapLab/[39mnode_modules/[4m@vitest/runner[24m/dist/index.js:1205:15[90m)[39m
    at runSuite [90m(file:///c:/Users/RYZEN/.antigravity-ide/HandicapLab/[39mnode_modules/[4m@vitest/runner[24m/dist/index.js:1205:15[90m)[39m
    at runFiles [90m(file:///c:/Users/RYZEN/.antigravity-ide/HandicapLab/[39mnode_modules/[4m@vitest/runner[24m/dist/index.js:1262:5[90m)[39m
    at startTests [90m(file:///c:/Users/RYZEN/.antigravity-ide/HandicapLab/[39mnode_modules/[4m@vitest/runner[24m/dist/index.js:1271:3[90m)[39m

[90mstdout[2m | tests/decision-engine-v1/shadow-mode.test.ts[2m > [22m[2mSprint 24: Shadow Mode Event-Driven Trading Tests[2m > [22m[2mshould process concurrent events without race conditions
[22m[39m[SnapshotLocker] Immutable snapshot locked for match: shadow-match-concur-2 | Hash: 7128154771dcd14213040e76fa5e693bdc43c54714784fc5d54b4c7990d79711

 [32m✓[39m tests/settlement.test.ts [2m([22m[2m9 tests[22m[2m)[22m[90m 21[2mms[22m[39m
[90mstdout[2m | tests/decision-engine-v1/shadow-mode.test.ts[2m > [22m[2mSprint 24: Shadow Mode Event-Driven Trading Tests[2m > [22m[2mshould process concurrent events without race conditions
[22m[39m[PredictionLedgerRepository] Appended prediction. DB Success: false | Hash: 83173f85bc9193894f789b0c9faa010ddba3becae3af4ff65f1a8296831448e0
[PredictionWorker] [correlation_id=df0962c7-a664-493c-836b-1967ff1a1abf] Successfully generated prediction snapshot and ledger write for match: shadow-match-concur-1 | Hash: 83173f85bc9193894f789b0c9faa010ddba3becae3af4ff65f1a8296831448e0
[EventQueue] Job completed successfully: cc07b41b-e269-4f15-a3b8-0e7bb0d4c722 | Time elapsed: 138ms

[90mstdout[2m | tests/decision-engine-v1/shadow-mode.test.ts[2m > [22m[2mSprint 24: Shadow Mode Event-Driven Trading Tests[2m > [22m[2mshould process concurrent events without race conditions
[22m[39m[PredictionLedgerRepository] Appended prediction. DB Success: false | Hash: 376effcf7566680478cdca9eecf3c877fb3f929d5947a254031c00f03bfb1c10
[PredictionWorker] [correlation_id=468f56d0-db04-4f7c-b166-96aa4586ba68] Successfully generated prediction snapshot and ledger write for match: shadow-match-concur-4 | Hash: 376effcf7566680478cdca9eecf3c877fb3f929d5947a254031c00f03bfb1c10
[EventQueue] Job completed successfully: a0f4d6dd-db38-4781-b361-f023e6e9e10b | Time elapsed: 182ms

[90mstdout[2m | tests/decision-engine-v1/shadow-mode.test.ts[2m > [22m[2mSprint 24: Shadow Mode Event-Driven Trading Tests[2m > [22m[2mshould process concurrent events without race conditions
[22m[39m[PredictionLedgerRepository] Appended prediction. DB Success: false | Hash: eb96e9686b66e87d63829f4aa225dae98d5f4b008d672c8616d054c0700d1f6a
[PredictionWorker] [correlation_id=110f1c53-c070-4e3a-afce-74987ee7e5a2] Successfully generated prediction snapshot and ledger write for match: shadow-match-concur-2 | Hash: eb96e9686b66e87d63829f4aa225dae98d5f4b008d672c8616d054c0700d1f6a
[EventQueue] Job completed successfully: d7adc738-fed4-46a2-8074-83a3448dd368 | Time elapsed: 194ms
[PredictionLedgerRepository] Appended prediction. DB Success: false | Hash: f3aaf90601bd3549c41b86f3307c6de9c98028a1c328ebcea5e53495bb3b94ba
[PredictionWorker] [correlation_id=b8bfec21-1a83-413b-855b-37727b410649] Successfully generated prediction snapshot and ledger write for match: shadow-match-concur-0 | Hash: f3aaf90601bd3549c41b86f3307c6de9c98028a1c328ebcea5e53495bb3b94ba
[EventQueue] Job completed successfully: 73bdc4bb-9d33-47ce-a4d8-f3ea96b64287 | Time elapsed: 200ms
[PredictionLedgerRepository] Appended prediction. DB Success: false | Hash: 6c1763b2262842c5fb1e503de0be8e5e65847bc2716f060ac35386f804527baf
[PredictionWorker] [correlation_id=528dfedf-306e-454e-823a-8783d24f2cca] Successfully generated prediction snapshot and ledger write for match: shadow-match-concur-3 | Hash: 6c1763b2262842c5fb1e503de0be8e5e65847bc2716f060ac35386f804527baf
[EventQueue] Job completed successfully: 5a9eb743-2e52-4a55-ac93-a2a5d6d0ff76 | Time elapsed: 208ms

 [32m✓[39m tests/decision-engine-v1/shadow-mode.test.ts [2m([22m[2m6 tests[22m[2m)[22m[33m 1242[2mms[22m[39m
   [33m[2m✓[22m[39m Sprint 24: Shadow Mode Event-Driven Trading Tests[2m > [22mshould process prediction event successfully and record to ledger [33m447[2mms[22m[39m
[90mstdout[2m | tests/worldcup-production-flow.test.ts[2m > [22m[2mPhase 32.8: World Cup Production Flow Validation[2m > [22m[2mshould run full prediction cron, generating a World Cup signal from fixtures & odds
[22m[39m[GenerateSignals Cron] Starting pipeline. Dry Run: false
[GenerateSignals Cron] Active edge thresholds: AH=3%, OU=4%, ML=5% (Brier: null)
[GenerateSignals PIPELINE COMPLETED] Signals generated: 0
[OddsIngestionContext] flushed — execution: 67a4daf0-8a0f-4d04-a303-7a64802ea176 | cron: generate-signals | received: 0 | enriched: 0 | rejected: 0 | signals: 0 | no-odds fixtures: 0

[90mstderr[2m | tests/worldcup-production-flow.test.ts[2m > [22m[2mPhase 32.8: World Cup Production Flow Validation[2m > [22m[2mshould run full prediction cron, generating a World Cup signal from fixtures & odds
[22m[39m[TelegramAlert] (Disabled - config missing) Message: Production Health Degraded!

<b>Stale Data Ingestion:</b>
- FIFA World Cup (international_tournament): Fixtures stale (N/Ah vs limit 3h). Odds stale (N/Ah vs limit 3h).
- UEFA Champions League (champions_league): Fixtures stale (N/Ah vs limit 4h). Odds stale (N/Ah vs limit 4h).
- UEFA Europa League (champions_league): Fixtures stale (N/Ah vs limit 4h). Odds stale (N/Ah vs limit 4h).
- Premier League (top_domestic): Fixtures stale (N/Ah vs limit 6h). Odds stale (N/Ah vs limit 6h).
- La Liga (top_domestic): Fixtures stale (N/Ah vs limit 6h). Odds stale (N/Ah vs limit 6h).
- Serie A (top_domestic): Fixtures stale (N/Ah vs limit 6h). Odds stale (N/Ah vs limit 6h).
- Bundesliga (top_domestic): Fixtures stale (N/Ah vs limit 6h). Odds stale (N/Ah vs limit 6h).
- Ligue 1 (top_domestic): Fixtures stale (N/Ah vs limit 6h). Odds stale (N/Ah vs limit 6h).
- UEFA Conference League (champions_league): Fixtures stale (N/Ah vs limit 4h). Odds stale (N/Ah vs limit 4h).
- UEFA Champions League Qualification (champions_league): Fixtures stale (N/Ah vs limit 4h). Odds stale (N/Ah vs limit 4h).
- UEFA Europa League Qualification (champions_league): Fixtures stale (N/Ah vs limit 4h). Odds stale (N/Ah vs limit 4h).
- UEFA Conference League Qualification (champions_league): Fixtures stale (N/Ah vs limit 4h). Odds stale (N/Ah vs limit 4h).
- Norway Eliteserien (top_domestic): Fixtures stale (N/Ah vs limit 6h). Odds stale (N/Ah vs limit 6h).
- Sweden Allsvenskan (top_domestic): Fixtures stale (N/Ah vs limit 6h). Odds stale (N/Ah vs limit 6h).
- Denmark Superliga (top_domestic): Fixtures stale (N/Ah vs limit 6h). Odds stale (N/Ah vs limit 6h).
- Finland Veikkausliiga (top_domestic): Fixtures stale (N/Ah vs limit 6h). Odds stale (N/Ah vs limit 6h).
- Iceland Besta deild (top_domestic): Fixtures stale (N/Ah vs limit 6h). Odds stale (N/Ah vs limit 6h).
- Ireland Premier Division (top_domestic): Fixtures stale (N/Ah vs limit 6h). Odds stale (N/Ah vs limit 6h).
- Brazil Serie A (top_domestic): Fixtures stale (N/Ah vs limit 6h). Odds stale (N/Ah vs limit 6h).
- Argentina Primera Division (top_domestic): Fixtures stale (N/Ah vs limit 6h). Odds stale (N/Ah vs limit 6h).
- Chile Primera Division (top_domestic): Fixtures stale (N/Ah vs limit 6h). Odds stale (N/Ah vs limit 6h).
- Colombia Primera A (top_domestic): Fixtures stale (N/Ah vs limit 6h). Odds stale (N/Ah vs limit 6h).
- Ecuador Liga Pro (top_domestic): Fixtures stale (N/Ah vs limit 6h). Odds stale (N/Ah vs limit 6h).
- Uruguay Primera Division (top_domestic): Fixtures stale (N/Ah vs limit 6h). Odds stale (N/Ah vs limit 6h).
- Paraguay Primera Division (top_domestic): Fixtures stale (N/Ah vs limit 6h). Odds stale (N/Ah vs limit 6h).
- Peru Liga 1 (top_domestic): Fixtures stale (N/Ah vs limit 6h). Odds stale (N/Ah vs limit 6h).
- Japan J1 League (top_domestic): Fixtures stale (N/Ah vs limit 6h). Odds stale (N/Ah vs limit 6h).
- K League (top_domestic): Fixtures stale (N/Ah vs limit 6h). Odds stale (N/Ah vs limit 6h).
- China Super League (top_domestic): Fixtures stale (N/Ah vs limit 6h). Odds stale (N/Ah vs limit 6h).
- Saudi Pro League (top_domestic): Fixtures stale (N/Ah vs limit 6h). Odds stale (N/Ah vs limit 6h).
- UAE Pro League (top_domestic): Fixtures stale (N/Ah vs limit 6h). Odds stale (N/Ah vs limit 6h).
- Qatar Stars League (top_domestic): Fixtures stale (N/Ah vs limit 6h). Odds stale (N/Ah vs limit 6h).
- Thailand League (top_domestic): Fixtures stale (N/Ah vs limit 6h). Odds stale (N/Ah vs limit 6h).
- Indonesia Liga 1 (top_domestic): Fixtures stale (N/Ah vs limit 6h). Odds stale (N/Ah vs limit 6h).
- MLS (top_domestic): Fixtures stale (N/Ah vs limit 6h). Odds stale (N/Ah vs limit 6h).



 [32m✓[39m tests/worldcup-production-flow.test.ts [2m([22m[2m3 tests[22m[2m)[22m[90m 22[2mms[22m[39m
[90mstderr[2m | tests/phase8.5.test.ts[2m > [22m[2mPhase 8.5: System Hardening & Public Trust Layer[2m > [22m[2mTelegram Alert Service (telegram.ts)[2m > [22m[2mshould warn and return false if env credentials are missing
[22m[39m[TelegramAlert] (Disabled - config missing) Message: Test Alert

[90mstdout[2m | tests/phase8.5.test.ts[2m > [22m[2mPhase 8.5: System Hardening & Public Trust Layer[2m > [22m[2mKelly Staking Integration in Ingestion Cron[2m > [22m[2mshould successfully run pipeline querying config and calculating Kelly values
[22m[39m[GenerateSignals Cron] Starting pipeline. Dry Run: false
[GenerateSignals Cron] Active edge thresholds: AH=3%, OU=4%, ML=5% (Brier: null)
[GenerateSignals PIPELINE COMPLETED] Signals generated: 0

[90mstderr[2m | tests/phase8.5.test.ts[2m > [22m[2mPhase 8.5: System Hardening & Public Trust Layer[2m > [22m[2mKelly Staking Integration in Ingestion Cron[2m > [22m[2mshould successfully run pipeline querying config and calculating Kelly values
[22m[39m[GenerateSignals] Error generating ML predictions for match undefined: Error: [FeatureEngine] Match undefined not found in database.
    at FeatureEngine.build [90m(c:\Users\RYZEN\.antigravity-ide\HandicapLab\[39msrc\lib\engines\feature-engine\index.ts:44:13[90m)[39m
[90m    at processTicksAndRejections (node:internal/process/task_queues:104:5)[39m
    at handleGenerateSignals [90m(c:\Users\RYZEN\.antigravity-ide\HandicapLab\[39msrc\app\api\cron\generate-signals\route.ts:377:30[90m)[39m
    at [90mc:\Users\RYZEN\.antigravity-ide\HandicapLab\[39mtests\phase8.5.test.ts:180:24
    at [90mfile:///c:/Users/RYZEN/.antigravity-ide/HandicapLab/[39mnode_modules/[4m@vitest/runner[24m/dist/index.js:533:5
    at runTest [90m(file:///c:/Users/RYZEN/.antigravity-ide/HandicapLab/[39mnode_modules/[4m@vitest/runner[24m/dist/index.js:1056:11[90m)[39m
    at runSuite [90m(file:///c:/Users/RYZEN/.antigravity-ide/HandicapLab/[39mnode_modules/[4m@vitest/runner[24m/dist/index.js:1205:15[90m)[39m
    at runSuite [90m(file:///c:/Users/RYZEN/.antigravity-ide/HandicapLab/[39mnode_modules/[4m@vitest/runner[24m/dist/index.js:1205:15[90m)[39m
    at runSuite [90m(file:///c:/Users/RYZEN/.antigravity-ide/HandicapLab/[39mnode_modules/[4m@vitest/runner[24m/dist/index.js:1205:15[90m)[39m
    at runFiles [90m(file:///c:/Users/RYZEN/.antigravity-ide/HandicapLab/[39mnode_modules/[4m@vitest/runner[24m/dist/index.js:1262:5[90m)[39m
[GenerateSignals] Error generating AH predictions for match undefined: Error: [FeatureEngine] Match undefined not found in database.
    at FeatureEngine.build [90m(c:\Users\RYZEN\.antigravity-ide\HandicapLab\[39msrc\lib\engines\feature-engine\index.ts:44:13[90m)[39m
[90m    at processTicksAndRejections (node:internal/process/task_queues:104:5)[39m
    at handleGenerateSignals [90m(c:\Users\RYZEN\.antigravity-ide\HandicapLab\[39msrc\app\api\cron\generate-signals\route.ts:377:30[90m)[39m
    at [90mc:\Users\RYZEN\.antigravity-ide\HandicapLab\[39mtests\phase8.5.test.ts:180:24
    at [90mfile:///c:/Users/RYZEN/.antigravity-ide/HandicapLab/[39mnode_modules/[4m@vitest/runner[24m/dist/index.js:533:5
    at runTest [90m(file:///c:/Users/RYZEN/.antigravity-ide/HandicapLab/[39mnode_modules/[4m@vitest/runner[24m/dist/index.js:1056:11[90m)[39m
    at runSuite [90m(file:///c:/Users/RYZEN/.antigravity-ide/HandicapLab/[39mnode_modules/[4m@vitest/runner[24m/dist/index.js:1205:15[90m)[39m
    at runSuite [90m(file:///c:/Users/RYZEN/.antigravity-ide/HandicapLab/[39mnode_modules/[4m@vitest/runner[24m/dist/index.js:1205:15[90m)[39m
    at runSuite [90m(file:///c:/Users/RYZEN/.antigravity-ide/HandicapLab/[39mnode_modules/[4m@vitest/runner[24m/dist/index.js:1205:15[90m)[39m
    at runFiles [90m(file:///c:/Users/RYZEN/.antigravity-ide/HandicapLab/[39mnode_modules/[4m@vitest/runner[24m/dist/index.js:1262:5[90m)[39m
[GenerateSignals] Error generating OU predictions for match undefined: Error: [FeatureEngine] Match undefined not found in database.
    at FeatureEngine.build [90m(c:\Users\RYZEN\.antigravity-ide\HandicapLab\[39msrc\lib\engines\feature-engine\index.ts:44:13[90m)[39m
[90m    at processTicksAndRejections (node:internal/process/task_queues:104:5)[39m
    at handleGenerateSignals [90m(c:\Users\RYZEN\.antigravity-ide\HandicapLab\[39msrc\app\api\cron\generate-signals\route.ts:377:30[90m)[39m
    at [90mc:\Users\RYZEN\.antigravity-ide\HandicapLab\[39mtests\phase8.5.test.ts:180:24
    at [90mfile:///c:/Users/RYZEN/.antigravity-ide/HandicapLab/[39mnode_modules/[4m@vitest/runner[24m/dist/index.js:533:5
    at runTest [90m(file:///c:/Users/RYZEN/.antigravity-ide/HandicapLab/[39mnode_modules/[4m@vitest/runner[24m/dist/index.js:1056:11[90m)[39m
    at runSuite [90m(file:///c:/Users/RYZEN/.antigravity-ide/HandicapLab/[39mnode_modules/[4m@vitest/runner[24m/dist/index.js:1205:15[90m)[39m
    at runSuite [90m(file:///c:/Users/RYZEN/.antigravity-ide/HandicapLab/[39mnode_modules/[4m@vitest/runner[24m/dist/index.js:1205:15[90m)[39m
    at runSuite [90m(file:///c:/Users/RYZEN/.antigravity-ide/HandicapLab/[39mnode_modules/[4m@vitest/runner[24m/dist/index.js:1205:15[90m)[39m
    at runFiles [90m(file:///c:/Users/RYZEN/.antigravity-ide/HandicapLab/[39mnode_modules/[4m@vitest/runner[24m/dist/index.js:1262:5[90m)[39m
[GenerateSignals] Error generating ML predictions for match undefined: Error: [FeatureEngine] Match undefined not found in database.
    at FeatureEngine.build [90m(c:\Users\RYZEN\.antigravity-ide\HandicapLab\[39msrc\lib\engines\feature-engine\index.ts:44:13[90m)[39m
[90m    at processTicksAndRejections (node:internal/process/task_queues:104:5)[39m
    at handleGenerateSignals [90m(c:\Users\RYZEN\.antigravity-ide\HandicapLab\[39msrc\app\api\cron\generate-signals\route.ts:377:30[90m)[39m
    at [90mc:\Users\RYZEN\.antigravity-ide\HandicapLab\[39mtests\phase8.5.test.ts:180:24
    at [90mfile:///c:/Users/RYZEN/.antigravity-ide/HandicapLab/[39mnode_modules/[4m@vitest/runner[24m/dist/index.js:533:5
    at runTest [90m(file:///c:/Users/RYZEN/.antigravity-ide/HandicapLab/[39mnode_modules/[4m@vitest/runner[24m/dist/index.js:1056:11[90m)[39m
    at runSuite [90m(file:///c:/Users/RYZEN/.antigravity-ide/HandicapLab/[39mnode_modules/[4m@vitest/runner[24m/dist/index.js:1205:15[90m)[39m
    at runSuite [90m(file:///c:/Users/RYZEN/.antigravity-ide/HandicapLab/[39mnode_modules/[4m@vitest/runner[24m/dist/index.js:1205:15[90m)[39m
    at runSuite [90m(file:///c:/Users/RYZEN/.antigravity-ide/HandicapLab/[39mnode_modules/[4m@vitest/runner[24m/dist/index.js:1205:15[90m)[39m
    at runFiles [90m(file:///c:/Users/RYZEN/.antigravity-ide/HandicapLab/[39mnode_modules/[4m@vitest/runner[24m/dist/index.js:1262:5[90m)[39m
[GenerateSignals] Error generating AH predictions for match undefined: Error: [FeatureEngine] Match undefined not found in database.
    at FeatureEngine.build [90m(c:\Users\RYZEN\.antigravity-ide\HandicapLab\[39msrc\lib\engines\feature-engine\index.ts:44:13[90m)[39m
[90m    at processTicksAndRejections (node:internal/process/task_queues:104:5)[39m
    at handleGenerateSignals [90m(c:\Users\RYZEN\.antigravity-ide\HandicapLab\[39msrc\app\api\cron\generate-signals\route.ts:377:30[90m)[39m
    at [90mc:\Users\RYZEN\.antigravity-ide\HandicapLab\[39mtests\phase8.5.test.ts:180:24
    at [90mfile:///c:/Users/RYZEN/.antigravity-ide/HandicapLab/[39mnode_modules/[4m@vitest/runner[24m/dist/index.js:533:5
    at runTest [90m(file:///c:/Users/RYZEN/.antigravity-ide/HandicapLab/[39mnode_modules/[4m@vitest/runner[24m/dist/index.js:1056:11[90m)[39m
    at runSuite [90m(file:///c:/Users/RYZEN/.antigravity-ide/HandicapLab/[39mnode_modules/[4m@vitest/runner[24m/dist/index.js:1205:15[90m)[39m
    at runSuite [90m(file:///c:/Users/RYZEN/.antigravity-ide/HandicapLab/[39mnode_modules/[4m@vitest/runner[24m/dist/index.js:1205:15[90m)[39m
    at runSuite [90m(file:///c:/Users/RYZEN/.antigravity-ide/HandicapLab/[39mnode_modules/[4m@vitest/runner[24m/dist/index.js:1205:15[90m)[39m
    at runFiles [90m(file:///c:/Users/RYZEN/.antigravity-ide/HandicapLab/[39mnode_modules/[4m@vitest/runner[24m/dist/index.js:1262:5[90m)[39m
[GenerateSignals] Error generating OU predictions for match undefined: Error: [FeatureEngine] Match undefined not found in database.
    at FeatureEngine.build [90m(c:\Users\RYZEN\.antigravity-ide\HandicapLab\[39msrc\lib\engines\feature-engine\index.ts:44:13[90m)[39m
[90m    at processTicksAndRejections (node:internal/process/task_queues:104:5)[39m
    at handleGenerateSignals [90m(c:\Users\RYZEN\.antigravity-ide\HandicapLab\[39msrc\app\api\cron\generate-signals\route.ts:377:30[90m)[39m
    at [90mc:\Users\RYZEN\.antigravity-ide\HandicapLab\[39mtests\phase8.5.test.ts:180:24
    at [90mfile:///c:/Users/RYZEN/.antigravity-ide/HandicapLab/[39mnode_modules/[4m@vitest/runner[24m/dist/index.js:533:5
    at runTest [90m(file:///c:/Users/RYZEN/.antigravity-ide/HandicapLab/[39mnode_modules/[4m@vitest/runner[24m/dist/index.js:1056:11[90m)[39m
    at runSuite [90m(file:///c:/Users/RYZEN/.antigravity-ide/HandicapLab/[39mnode_modules/[4m@vitest/runner[24m/dist/index.js:1205:15[90m)[39m
    at runSuite [90m(file:///c:/Users/RYZEN/.antigravity-ide/HandicapLab/[39mnode_modules/[4m@vitest/runner[24m/dist/index.js:1205:15[90m)[39m
    at runSuite [90m(file:///c:/Users/RYZEN/.antigravity-ide/HandicapLab/[39mnode_modules/[4m@vitest/runner[24m/dist/index.js:1205:15[90m)[39m
    at runFiles [90m(file:///c:/Users/RYZEN/.antigravity-ide/HandicapLab/[39mnode_modules/[4m@vitest/runner[24m/dist/index.js:1262:5[90m)[39m
[GenerateSignals] Error generating ML predictions for match undefined: Error: [FeatureEngine] Match undefined not found in database.
    at FeatureEngine.build [90m(c:\Users\RYZEN\.antigravity-ide\HandicapLab\[39msrc\lib\engines\feature-engine\index.ts:44:13[90m)[39m
[90m    at processTicksAndRejections (node:internal/process/task_queues:104:5)[39m
    at handleGenerateSignals [90m(c:\Users\RYZEN\.antigravity-ide\HandicapLab\[39msrc\app\api\cron\generate-signals\route.ts:377:30[90m)[39m
    at [90mc:\Users\RYZEN\.antigravity-ide\HandicapLab\[39mtests\phase8.5.test.ts:180:24
    at [90mfile:///c:/Users/RYZEN/.antigravity-ide/HandicapLab/[39mnode_modules/[4m@vitest/runner[24m/dist/index.js:533:5
    at runTest [90m(file:///c:/Users/RYZEN/.antigravity-ide/HandicapLab/[39mnode_modules/[4m@vitest/runner[24m/dist/index.js:1056:11[90m)[39m
    at runSuite [90m(file:///c:/Users/RYZEN/.antigravity-ide/HandicapLab/[39mnode_modules/[4m@vitest/runner[24m/dist/index.js:1205:15[90m)[39m
    at runSuite [90m(file:///c:/Users/RYZEN/.antigravity-ide/HandicapLab/[39mnode_modules/[4m@vitest/runner[24m/dist/index.js:1205:15[90m)[39m
    at runSuite [90m(file:///c:/Users/RYZEN/.antigravity-ide/HandicapLab/[39mnode_modules/[4m@vitest/runner[24m/dist/index.js:1205:15[90m)[39m
    at runFiles [90m(file:///c:/Users/RYZEN/.antigravity-ide/HandicapLab/[39mnode_modules/[4m@vitest/runner[24m/dist/index.js:1262:5[90m)[39m
[GenerateSignals] Error generating AH predictions for match undefined: Error: [FeatureEngine] Match undefined not found in database.
    at FeatureEngine.build [90m(c:\Users\RYZEN\.antigravity-ide\HandicapLab\[39msrc\lib\engines\feature-engine\index.ts:44:13[90m)[39m
[90m    at processTicksAndRejections (node:internal/process/task_queues:104:5)[39m
    at handleGenerateSignals [90m(c:\Users\RYZEN\.antigravity-ide\HandicapLab\[39msrc\app\api\cron\generate-signals\route.ts:377:30[90m)[39m
    at [90mc:\Users\RYZEN\.antigravity-ide\HandicapLab\[39mtests\phase8.5.test.ts:180:24
    at [90mfile:///c:/Users/RYZEN/.antigravity-ide/HandicapLab/[39mnode_modules/[4m@vitest/runner[24m/dist/index.js:533:5
    at runTest [90m(file:///c:/Users/RYZEN/.antigravity-ide/HandicapLab/[39mnode_modules/[4m@vitest/runner[24m/dist/index.js:1056:11[90m)[39m
    at runSuite [90m(file:///c:/Users/RYZEN/.antigravity-ide/HandicapLab/[39mnode_modules/[4m@vitest/runner[24m/dist/index.js:1205:15[90m)[39m
    at runSuite [90m(file:///c:/Users/RYZEN/.antigravity-ide/HandicapLab/[39mnode_modules/[4m@vitest/runner[24m/dist/index.js:1205:15[90m)[39m
    at runSuite [90m(file:///c:/Users/RYZEN/.antigravity-ide/HandicapLab/[39mnode_modules/[4m@vitest/runner[24m/dist/index.js:1205:15[90m)[39m
    at runFiles [90m(file:///c:/Users/RYZEN/.antigravity-ide/HandicapLab/[39mnode_modules/[4m@vitest/runner[24m/dist/index.js:1262:5[90m)[39m
[GenerateSignals] Error generating OU predictions for match undefined: Error: [FeatureEngine] Match undefined not found in database.
    at FeatureEngine.build [90m(c:\Users\RYZEN\.antigravity-ide\HandicapLab\[39msrc\lib\engines\feature-engine\index.ts:44:13[90m)[39m
[90m    at processTicksAndRejections (node:internal/process/task_queues:104:5)[39m
    at handleGenerateSignals [90m(c:\Users\RYZEN\.antigravity-ide\HandicapLab\[39msrc\app\api\cron\generate-signals\route.ts:377:30[90m)[39m
    at [90mc:\Users\RYZEN\.antigravity-ide\HandicapLab\[39mtests\phase8.5.test.ts:180:24
    at [90mfile:///c:/Users/RYZEN/.antigravity-ide/HandicapLab/[39mnode_modules/[4m@vitest/runner[24m/dist/index.js:533:5
    at runTest [90m(file:///c:/Users/RYZEN/.antigravity-ide/HandicapLab/[39mnode_modules/[4m@vitest/runner[24m/dist/index.js:1056:11[90m)[39m
    at runSuite [90m(file:///c:/Users/RYZEN/.antigravity-ide/HandicapLab/[39mnode_modules/[4m@vitest/runner[24m/dist/index.js:1205:15[90m)[39m
    at runSuite [90m(file:///c:/Users/RYZEN/.antigravity-ide/HandicapLab/[39mnode_modules/[4m@vitest/runner[24m/dist/index.js:1205:15[90m)[39m
    at runSuite [90m(file:///c:/Users/RYZEN/.antigravity-ide/HandicapLab/[39mnode_modules/[4m@vitest/runner[24m/dist/index.js:1205:15[90m)[39m
    at runFiles [90m(file:///c:/Users/RYZEN/.antigravity-ide/HandicapLab/[39mnode_modules/[4m@vitest/runner[24m/dist/index.js:1262:5[90m)[39m
[GenerateSignals] Error generating ML predictions for match undefined: Error: [FeatureEngine] Match undefined not found in database.
    at FeatureEngine.build [90m(c:\Users\RYZEN\.antigravity-ide\HandicapLab\[39msrc\lib\engines\feature-engine\index.ts:44:13[90m)[39m
[90m    at processTicksAndRejections (node:internal/process/task_queues:104:5)[39m
    at handleGenerateSignals [90m(c:\Users\RYZEN\.antigravity-ide\HandicapLab\[39msrc\app\api\cron\generate-signals\route.ts:377:30[90m)[39m
    at [90mc:\Users\RYZEN\.antigravity-ide\HandicapLab\[39mtests\phase8.5.test.ts:180:24
    at [90mfile:///c:/Users/RYZEN/.antigravity-ide/HandicapLab/[39mnode_modules/[4m@vitest/runner[24m/dist/index.js:533:5
    at runTest [90m(file:///c:/Users/RYZEN/.antigravity-ide/HandicapLab/[39mnode_modules/[4m@vitest/runner[24m/dist/index.js:1056:11[90m)[39m
    at runSuite [90m(file:///c:/Users/RYZEN/.antigravity-ide/HandicapLab/[39mnode_modules/[4m@vitest/runner[24m/dist/index.js:1205:15[90m)[39m
    at runSuite [90m(file:///c:/Users/RYZEN/.antigravity-ide/HandicapLab/[39mnode_modules/[4m@vitest/runner[24m/dist/index.js:1205:15[90m)[39m
    at runSuite [90m(file:///c:/Users/RYZEN/.antigravity-ide/HandicapLab/[39mnode_modules/[4m@vitest/runner[24m/dist/index.js:1205:15[90m)[39m
    at runFiles [90m(file:///c:/Users/RYZEN/.antigravity-ide/HandicapLab/[39mnode_modules/[4m@vitest/runner[24m/dist/index.js:1262:5[90m)[39m
[GenerateSignals] Error generating AH predictions for match undefined: Error: [FeatureEngine] Match undefined not found in database.
    at FeatureEngine.build [90m(c:\Users\RYZEN\.antigravity-ide\HandicapLab\[39msrc\lib\engines\feature-engine\index.ts:44:13[90m)[39m
[90m    at processTicksAndRejections (node:internal/process/task_queues:104:5)[39m
    at handleGenerateSignals [90m(c:\Users\RYZEN\.antigravity-ide\HandicapLab\[39msrc\app\api\cron\generate-signals\route.ts:377:30[90m)[39m
    at [90mc:\Users\RYZEN\.antigravity-ide\HandicapLab\[39mtests\phase8.5.test.ts:180:24
    at [90mfile:///c:/Users/RYZEN/.antigravity-ide/HandicapLab/[39mnode_modules/[4m@vitest/runner[24m/dist/index.js:533:5
    at runTest [90m(file:///c:/Users/RYZEN/.antigravity-ide/HandicapLab/[39mnode_modules/[4m@vitest/runner[24m/dist/index.js:1056:11[90m)[39m
    at runSuite [90m(file:///c:/Users/RYZEN/.antigravity-ide/HandicapLab/[39mnode_modules/[4m@vitest/runner[24m/dist/index.js:1205:15[90m)[39m
    at runSuite [90m(file:///c:/Users/RYZEN/.antigravity-ide/HandicapLab/[39mnode_modules/[4m@vitest/runner[24m/dist/index.js:1205:15[90m)[39m
    at runSuite [90m(file:///c:/Users/RYZEN/.antigravity-ide/HandicapLab/[39mnode_modules/[4m@vitest/runner[24m/dist/index.js:1205:15[90m)[39m
    at runFiles [90m(file:///c:/Users/RYZEN/.antigravity-ide/HandicapLab/[39mnode_modules/[4m@vitest/runner[24m/dist/index.js:1262:5[90m)[39m
[GenerateSignals] Error generating OU predictions for match undefined: Error: [FeatureEngine] Match undefined not found in database.
    at FeatureEngine.build [90m(c:\Users\RYZEN\.antigravity-ide\HandicapLab\[39msrc\lib\engines\feature-engine\index.ts:44:13[90m)[39m
[90m    at processTicksAndRejections (node:internal/process/task_queues:104:5)[39m
    at handleGenerateSignals [90m(c:\Users\RYZEN\.antigravity-ide\HandicapLab\[39msrc\app\api\cron\generate-signals\route.ts:377:30[90m)[39m
    at [90mc:\Users\RYZEN\.antigravity-ide\HandicapLab\[39mtests\phase8.5.test.ts:180:24
    at [90mfile:///c:/Users/RYZEN/.antigravity-ide/HandicapLab/[39mnode_modules/[4m@vitest/runner[24m/dist/index.js:533:5
    at runTest [90m(file:///c:/Users/RYZEN/.antigravity-ide/HandicapLab/[39mnode_modules/[4m@vitest/runner[24m/dist/index.js:1056:11[90m)[39m
    at runSuite [90m(file:///c:/Users/RYZEN/.antigravity-ide/HandicapLab/[39mnode_modules/[4m@vitest/runner[24m/dist/index.js:1205:15[90m)[39m
    at runSuite [90m(file:///c:/Users/RYZEN/.antigravity-ide/HandicapLab/[39mnode_modules/[4m@vitest/runner[24m/dist/index.js:1205:15[90m)[39m
    at runSuite [90m(file:///c:/Users/RYZEN/.antigravity-ide/HandicapLab/[39mnode_modules/[4m@vitest/runner[24m/dist/index.js:1205:15[90m)[39m
    at runFiles [90m(file:///c:/Users/RYZEN/.antigravity-ide/HandicapLab/[39mnode_modules/[4m@vitest/runner[24m/dist/index.js:1262:5[90m)[39m
[GenerateSignals] Error generating ML predictions for match undefined: Error: [FeatureEngine] Match undefined not found in database.
    at FeatureEngine.build [90m(c:\Users\RYZEN\.antigravity-ide\HandicapLab\[39msrc\lib\engines\feature-engine\index.ts:44:13[90m)[39m
[90m    at processTicksAndRejections (node:internal/process/task_queues:104:5)[39m
    at handleGenerateSignals [90m(c:\Users\RYZEN\.antigravity-ide\HandicapLab\[39msrc\app\api\cron\generate-signals\route.ts:377:30[90m)[39m
    at [90mc:\Users\RYZEN\.antigravity-ide\HandicapLab\[39mtests\phase8.5.test.ts:180:24
    at [90mfile:///c:/Users/RYZEN/.antigravity-ide/HandicapLab/[39mnode_modules/[4m@vitest/runner[24m/dist/index.js:533:5
    at runTest [90m(file:///c:/Users/RYZEN/.antigravity-ide/HandicapLab/[39mnode_modules/[4m@vitest/runner[24m/dist/index.js:1056:11[90m)[39m
    at runSuite [90m(file:///c:/Users/RYZEN/.antigravity-ide/HandicapLab/[39mnode_modules/[4m@vitest/runner[24m/dist/index.js:1205:15[90m)[39m
    at runSuite [90m(file:///c:/Users/RYZEN/.antigravity-ide/HandicapLab/[39mnode_modules/[4m@vitest/runner[24m/dist/index.js:1205:15[90m)[39m
    at runSuite [90m(file:///c:/Users/RYZEN/.antigravity-ide/HandicapLab/[39mnode_modules/[4m@vitest/runner[24m/dist/index.js:1205:15[90m)[39m
    at runFiles [90m(file:///c:/Users/RYZEN/.antigravity-ide/HandicapLab/[39mnode_modules/[4m@vitest/runner[24m/dist/index.js:1262:5[90m)[39m
[GenerateSignals] Error generating AH predictions for match undefined: Error: [FeatureEngine] Match undefined not found in database.
    at FeatureEngine.build [90m(c:\Users\RYZEN\.antigravity-ide\HandicapLab\[39msrc\lib\engines\feature-engine\index.ts:44:13[90m)[39m
[90m    at processTicksAndRejections (node:internal/process/task_queues:104:5)[39m
    at handleGenerateSignals [90m(c:\Users\RYZEN\.antigravity-ide\HandicapLab\[39msrc\app\api\cron\generate-signals\route.ts:377:30[90m)[39m
    at [90mc:\Users\RYZEN\.antigravity-ide\HandicapLab\[39mtests\phase8.5.test.ts:180:24
    at [90mfile:///c:/Users/RYZEN/.antigravity-ide/HandicapLab/[39mnode_modules/[4m@vitest/runner[24m/dist/index.js:533:5
    at runTest [90m(file:///c:/Users/RYZEN/.antigravity-ide/HandicapLab/[39mnode_modules/[4m@vitest/runner[24m/dist/index.js:1056:11[90m)[39m
    at runSuite [90m(file:///c:/Users/RYZEN/.antigravity-ide/HandicapLab/[39mnode_modules/[4m@vitest/runner[24m/dist/index.js:1205:15[90m)[39m
    at runSuite [90m(file:///c:/Users/RYZEN/.antigravity-ide/HandicapLab/[39mnode_modules/[4m@vitest/runner[24m/dist/index.js:1205:15[90m)[39m
    at runSuite [90m(file:///c:/Users/RYZEN/.antigravity-ide/HandicapLab/[39mnode_modules/[4m@vitest/runner[24m/dist/index.js:1205:15[90m)[39m
    at runFiles [90m(file:///c:/Users/RYZEN/.antigravity-ide/HandicapLab/[39mnode_modules/[4m@vitest/runner[24m/dist/index.js:1262:5[90m)[39m
[GenerateSignals] Error generating OU predictions for match undefined: Error: [FeatureEngine] Match undefined not found in database.
    at FeatureEngine.build [90m(c:\Users\RYZEN\.antigravity-ide\HandicapLab\[39msrc\lib\engines\feature-engine\index.ts:44:13[90m)[39m
[90m    at processTicksAndRejections (node:internal/process/task_queues:104:5)[39m
    at handleGenerateSignals [90m(c:\Users\RYZEN\.antigravity-ide\HandicapLab\[39msrc\app\api\cron\generate-signals\route.ts:377:30[90m)[39m
    at [90mc:\Users\RYZEN\.antigravity-ide\HandicapLab\[39mtests\phase8.5.test.ts:180:24
    at [90mfile:///c:/Users/RYZEN/.antigravity-ide/HandicapLab/[39mnode_modules/[4m@vitest/runner[24m/dist/index.js:533:5
    at runTest [90m(file:///c:/Users/RYZEN/.antigravity-ide/HandicapLab/[39mnode_modules/[4m@vitest/runner[24m/dist/index.js:1056:11[90m)[39m
    at runSuite [90m(file:///c:/Users/RYZEN/.antigravity-ide/HandicapLab/[39mnode_modules/[4m@vitest/runner[24m/dist/index.js:1205:15[90m)[39m
    at runSuite [90m(file:///c:/Users/RYZEN/.antigravity-ide/HandicapLab/[39mnode_modules/[4m@vitest/runner[24m/dist/index.js:1205:15[90m)[39m
    at runSuite [90m(file:///c:/Users/RYZEN/.antigravity-ide/HandicapLab/[39mnode_modules/[4m@vitest/runner[24m/dist/index.js:1205:15[90m)[39m
    at runFiles [90m(file:///c:/Users/RYZEN/.antigravity-ide/HandicapLab/[39mnode_modules/[4m@vitest/runner[24m/dist/index.js:1262:5[90m)[39m
[GenerateSignals] Error generating ML predictions for match undefined: Error: [FeatureEngine] Match undefined not found in database.
    at FeatureEngine.build [90m(c:\Users\RYZEN\.antigravity-ide\HandicapLab\[39msrc\lib\engines\feature-engine\index.ts:44:13[90m)[39m
[90m    at processTicksAndRejections (node:internal/process/task_queues:104:5)[39m
    at handleGenerateSignals [90m(c:\Users\RYZEN\.antigravity-ide\HandicapLab\[39msrc\app\api\cron\generate-signals\route.ts:377:30[90m)[39m
    at [90mc:\Users\RYZEN\.antigravity-ide\HandicapLab\[39mtests\phase8.5.test.ts:180:24
    at [90mfile:///c:/Users/RYZEN/.antigravity-ide/HandicapLab/[39mnode_modules/[4m@vitest/runner[24m/dist/index.js:533:5
    at runTest [90m(file:///c:/Users/RYZEN/.antigravity-ide/HandicapLab/[39mnode_modules/[4m@vitest/runner[24m/dist/index.js:1056:11[90m)[39m
    at runSuite [90m(file:///c:/Users/RYZEN/.antigravity-ide/HandicapLab/[39mnode_modules/[4m@vitest/runner[24m/dist/index.js:1205:15[90m)[39m
    at runSuite [90m(file:///c:/Users/RYZEN/.antigravity-ide/HandicapLab/[39mnode_modules/[4m@vitest/runner[24m/dist/index.js:1205:15[90m)[39m
    at runSuite [90m(file:///c:/Users/RYZEN/.antigravity-ide/HandicapLab/[39mnode_modules/[4m@vitest/runner[24m/dist/index.js:1205:15[90m)[39m
    at runFiles [90m(file:///c:/Users/RYZEN/.antigravity-ide/HandicapLab/[39mnode_modules/[4m@vitest/runner[24m/dist/index.js:1262:5[90m)[39m
[GenerateSignals] Error generating AH predictions for match undefined: Error: [FeatureEngine] Match undefined not found in database.
    at FeatureEngine.build [90m(c:\Users\RYZEN\.antigravity-ide\HandicapLab\[39msrc\lib\engines\feature-engine\index.ts:44:13[90m)[39m
[90m    at processTicksAndRejections (node:internal/process/task_queues:104:5)[39m
    at handleGenerateSignals [90m(c:\Users\RYZEN\.antigravity-ide\HandicapLab\[39msrc\app\api\cron\generate-signals\route.ts:377:30[90m)[39m
    at [90mc:\Users\RYZEN\.antigravity-ide\HandicapLab\[39mtests\phase8.5.test.ts:180:24
    at [90mfile:///c:/Users/RYZEN/.antigravity-ide/HandicapLab/[39mnode_modules/[4m@vitest/runner[24m/dist/index.js:533:5
    at runTest [90m(file:///c:/Users/RYZEN/.antigravity-ide/HandicapLab/[39mnode_modules/[4m@vitest/runner[24m/dist/index.js:1056:11[90m)[39m
    at runSuite [90m(file:///c:/Users/RYZEN/.antigravity-ide/HandicapLab/[39mnode_modules/[4m@vitest/runner[24m/dist/index.js:1205:15[90m)[39m
    at runSuite [90m(file:///c:/Users/RYZEN/.antigravity-ide/HandicapLab/[39mnode_modules/[4m@vitest/runner[24m/dist/index.js:1205:15[90m)[39m
    at runSuite [90m(file:///c:/Users/RYZEN/.antigravity-ide/HandicapLab/[39mnode_modules/[4m@vitest/runner[24m/dist/index.js:1205:15[90m)[39m
    at runFiles [90m(file:///c:/Users/RYZEN/.antigravity-ide/HandicapLab/[39mnode_modules/[4m@vitest/runner[24m/dist/index.js:1262:5[90m)[39m
[GenerateSignals] Error generating OU predictions for match undefined: Error: [FeatureEngine] Match undefined not found in database.
    at FeatureEngine.build [90m(c:\Users\RYZEN\.antigravity-ide\HandicapLab\[39msrc\lib\engines\feature-engine\index.ts:44:13[90m)[39m
[90m    at processTicksAndRejections (node:internal/process/task_queues:104:5)[39m
    at handleGenerateSignals [90m(c:\Users\RYZEN\.antigravity-ide\HandicapLab\[39msrc\app\api\cron\generate-signals\route.ts:377:30[90m)[39m
    at [90mc:\Users\RYZEN\.antigravity-ide\HandicapLab\[39mtests\phase8.5.test.ts:180:24
    at [90mfile:///c:/Users/RYZEN/.antigravity-ide/HandicapLab/[39mnode_modules/[4m@vitest/runner[24m/dist/index.js:533:5
    at runTest [90m(file:///c:/Users/RYZEN/.antigravity-ide/HandicapLab/[39mnode_modules/[4m@vitest/runner[24m/dist/index.js:1056:11[90m)[39m
    at runSuite [90m(file:///c:/Users/RYZEN/.antigravity-ide/HandicapLab/[39mnode_modules/[4m@vitest/runner[24m/dist/index.js:1205:15[90m)[39m
    at runSuite [90m(file:///c:/Users/RYZEN/.antigravity-ide/HandicapLab/[39mnode_modules/[4m@vitest/runner[24m/dist/index.js:1205:15[90m)[39m
    at runSuite [90m(file:///c:/Users/RYZEN/.antigravity-ide/HandicapLab/[39mnode_modules/[4m@vitest/runner[24m/dist/index.js:1205:15[90m)[39m
    at runFiles [90m(file:///c:/Users/RYZEN/.antigravity-ide/HandicapLab/[39mnode_modules/[4m@vitest/runner[24m/dist/index.js:1262:5[90m)[39m
[GenerateSignals] Error generating ML predictions for match undefined: Error: [FeatureEngine] Match undefined not found in database.
    at FeatureEngine.build [90m(c:\Users\RYZEN\.antigravity-ide\HandicapLab\[39msrc\lib\engines\feature-engine\index.ts:44:13[90m)[39m
[90m    at processTicksAndRejections (node:internal/process/task_queues:104:5)[39m
    at handleGenerateSignals [90m(c:\Users\RYZEN\.antigravity-ide\HandicapLab\[39msrc\app\api\cron\generate-signals\route.ts:377:30[90m)[39m
    at [90mc:\Users\RYZEN\.antigravity-ide\HandicapLab\[39mtests\phase8.5.test.ts:180:24
    at [90mfile:///c:/Users/RYZEN/.antigravity-ide/HandicapLab/[39mnode_modules/[4m@vitest/runner[24m/dist/index.js:533:5
    at runTest [90m(file:///c:/Users/RYZEN/.antigravity-ide/HandicapLab/[39mnode_modules/[4m@vitest/runner[24m/dist/index.js:1056:11[90m)[39m
    at runSuite [90m(file:///c:/Users/RYZEN/.antigravity-ide/HandicapLab/[39mnode_modules/[4m@vitest/runner[24m/dist/index.js:1205:15[90m)[39m
    at runSuite [90m(file:///c:/Users/RYZEN/.antigravity-ide/HandicapLab/[39mnode_modules/[4m@vitest/runner[24m/dist/index.js:1205:15[90m)[39m
    at runSuite [90m(file:///c:/Users/RYZEN/.antigravity-ide/HandicapLab/[39mnode_modules/[4m@vitest/runner[24m/dist/index.js:1205:15[90m)[39m
    at runFiles [90m(file:///c:/Users/RYZEN/.antigravity-ide/HandicapLab/[39mnode_modules/[4m@vitest/runner[24m/dist/index.js:1262:5[90m)[39m
[GenerateSignals] Error generating AH predictions for match undefined: Error: [FeatureEngine] Match undefined not found in database.
    at FeatureEngine.build [90m(c:\Users\RYZEN\.antigravity-ide\HandicapLab\[39msrc\lib\engines\feature-engine\index.ts:44:13[90m)[39m
[90m    at processTicksAndRejections (node:internal/process/task_queues:104:5)[39m
    at handleGenerateSignals [90m(c:\Users\RYZEN\.antigravity-ide\HandicapLab\[39msrc\app\api\cron\generate-signals\route.ts:377:30[90m)[39m
    at [90mc:\Users\RYZEN\.antigravity-ide\HandicapLab\[39mtests\phase8.5.test.ts:180:24
    at [90mfile:///c:/Users/RYZEN/.antigravity-ide/HandicapLab/[39mnode_modules/[4m@vitest/runner[24m/dist/index.js:533:5
    at runTest [90m(file:///c:/Users/RYZEN/.antigravity-ide/HandicapLab/[39mnode_modules/[4m@vitest/runner[24m/dist/index.js:1056:11[90m)[39m
    at runSuite [90m(file:///c:/Users/RYZEN/.antigravity-ide/HandicapLab/[39mnode_modules/[4m@vitest/runner[24m/dist/index.js:1205:15[90m)[39m
    at runSuite [90m(file:///c:/Users/RYZEN/.antigravity-ide/HandicapLab/[39mnode_modules/[4m@vitest/runner[24m/dist/index.js:1205:15[90m)[39m
    at runSuite [90m(file:///c:/Users/RYZEN/.antigravity-ide/HandicapLab/[39mnode_modules/[4m@vitest/runner[24m/dist/index.js:1205:15[90m)[39m
    at runFiles [90m(file:///c:/Users/RYZEN/.antigravity-ide/HandicapLab/[39mnode_modules/[4m@vitest/runner[24m/dist/index.js:1262:5[90m)[39m
[GenerateSignals] Error generating OU predictions for match undefined: Error: [FeatureEngine] Match undefined not found in database.
    at FeatureEngine.build [90m(c:\Users\RYZEN\.antigravity-ide\HandicapLab\[39msrc\lib\engines\feature-engine\index.ts:44:13[90m)[39m
[90m    at processTicksAndRejections (node:internal/process/task_queues:104:5)[39m
    at handleGenerateSignals [90m(c:\Users\RYZEN\.antigravity-ide\HandicapLab\[39msrc\app\api\cron\generate-signals\route.ts:377:30[90m)[39m
    at [90mc:\Users\RYZEN\.antigravity-ide\HandicapLab\[39mtests\phase8.5.test.ts:180:24
    at [90mfile:///c:/Users/RYZEN/.antigravity-ide/HandicapLab/[39mnode_modules/[4m@vitest/runner[24m/dist/index.js:533:5
    at runTest [90m(file:///c:/Users/RYZEN/.antigravity-ide/HandicapLab/[39mnode_modules/[4m@vitest/runner[24m/dist/index.js:1056:11[90m)[39m
    at runSuite [90m(file:///c:/Users/RYZEN/.antigravity-ide/HandicapLab/[39mnode_modules/[4m@vitest/runner[24m/dist/index.js:1205:15[90m)[39m
    at runSuite [90m(file:///c:/Users/RYZEN/.antigravity-ide/HandicapLab/[39mnode_modules/[4m@vitest/runner[24m/dist/index.js:1205:15[90m)[39m
    at runSuite [90m(file:///c:/Users/RYZEN/.antigravity-ide/HandicapLab/[39mnode_modules/[4m@vitest/runner[24m/dist/index.js:1205:15[90m)[39m
    at runFiles [90m(file:///c:/Users/RYZEN/.antigravity-ide/HandicapLab/[39mnode_modules/[4m@vitest/runner[24m/dist/index.js:1262:5[90m)[39m
[GenerateSignals] Error generating ML predictions for match undefined: Error: [FeatureEngine] Match undefined not found in database.
    at FeatureEngine.build [90m(c:\Users\RYZEN\.antigravity-ide\HandicapLab\[39msrc\lib\engines\feature-engine\index.ts:44:13[90m)[39m
[90m    at processTicksAndRejections (node:internal/process/task_queues:104:5)[39m
    at handleGenerateSignals [90m(c:\Users\RYZEN\.antigravity-ide\HandicapLab\[39msrc\app\api\cron\generate-signals\route.ts:377:30[90m)[39m
    at [90mc:\Users\RYZEN\.antigravity-ide\HandicapLab\[39mtests\phase8.5.test.ts:180:24
    at [90mfile:///c:/Users/RYZEN/.antigravity-ide/HandicapLab/[39mnode_modules/[4m@vitest/runner[24m/dist/index.js:533:5
    at runTest [90m(file:///c:/Users/RYZEN/.antigravity-ide/HandicapLab/[39mnode_modules/[4m@vitest/runner[24m/dist/index.js:1056:11[90m)[39m
    at runSuite [90m(file:///c:/Users/RYZEN/.antigravity-ide/HandicapLab/[39mnode_modules/[4m@vitest/runner[24m/dist/index.js:1205:15[90m)[39m
    at runSuite [90m(file:///c:/Users/RYZEN/.antigravity-ide/HandicapLab/[39mnode_modules/[4m@vitest/runner[24m/dist/index.js:1205:15[90m)[39m
    at runSuite [90m(file:///c:/Users/RYZEN/.antigravity-ide/HandicapLab/[39mnode_modules/[4m@vitest/runner[24m/dist/index.js:1205:15[90m)[39m
    at runFiles [90m(file:///c:/Users/RYZEN/.antigravity-ide/HandicapLab/[39mnode_modules/[4m@vitest/runner[24m/dist/index.js:1262:5[90m)[39m
[GenerateSignals] Error generating AH predictions for match undefined: Error: [FeatureEngine] Match undefined not found in database.
    at FeatureEngine.build [90m(c:\Users\RYZEN\.antigravity-ide\HandicapLab\[39msrc\lib\engines\feature-engine\index.ts:44:13[90m)[39m
[90m    at processTicksAndRejections (node:internal/process/task_queues:104:5)[39m
    at handleGenerateSignals [90m(c:\Users\RYZEN\.antigravity-ide\HandicapLab\[39msrc\app\api\cron\generate-signals\route.ts:377:30[90m)[39m
    at [90mc:\Users\RYZEN\.antigravity-ide\HandicapLab\[39mtests\phase8.5.test.ts:180:24
    at [90mfile:///c:/Users/RYZEN/.antigravity-ide/HandicapLab/[39mnode_modules/[4m@vitest/runner[24m/dist/index.js:533:5
    at runTest [90m(file:///c:/Users/RYZEN/.antigravity-ide/HandicapLab/[39mnode_modules/[4m@vitest/runner[24m/dist/index.js:1056:11[90m)[39m
    at runSuite [90m(file:///c:/Users/RYZEN/.antigravity-ide/HandicapLab/[39mnode_modules/[4m@vitest/runner[24m/dist/index.js:1205:15[90m)[39m
    at runSuite [90m(file:///c:/Users/RYZEN/.antigravity-ide/HandicapLab/[39mnode_modules/[4m@vitest/runner[24m/dist/index.js:1205:15[90m)[39m
    at runSuite [90m(file:///c:/Users/RYZEN/.antigravity-ide/HandicapLab/[39mnode_modules/[4m@vitest/runner[24m/dist/index.js:1205:15[90m)[39m
    at runFiles [90m(file:///c:/Users/RYZEN/.antigravity-ide/HandicapLab/[39mnode_modules/[4m@vitest/runner[24m/dist/index.js:1262:5[90m)[39m
[GenerateSignals] Error generating OU predictions for match undefined: Error: [FeatureEngine] Match undefined not found in database.
    at FeatureEngine.build [90m(c:\Users\RYZEN\.antigravity-ide\HandicapLab\[39msrc\lib\engines\feature-engine\index.ts:44:13[90m)[39m
[90m    at processTicksAndRejections (node:internal/process/task_queues:104:5)[39m
    at handleGenerateSignals [90m(c:\Users\RYZEN\.antigravity-ide\HandicapLab\[39msrc\app\api\cron\generate-signals\route.ts:377:30[90m)[39m
    at [90mc:\Users\RYZEN\.antigravity-ide\HandicapLab\[39mtests\phase8.5.test.ts:180:24
    at [90mfile:///c:/Users/RYZEN/.antigravity-ide/HandicapLab/[39mnode_modules/[4m@vitest/runner[24m/dist/index.js:533:5
    at runTest [90m(file:///c:/Users/RYZEN/.antigravity-ide/HandicapLab/[39mnode_modules/[4m@vitest/runner[24m/dist/index.js:1056:11[90m)[39m
    at runSuite [90m(file:///c:/Users/RYZEN/.antigravity-ide/HandicapLab/[39mnode_modules/[4m@vitest/runner[24m/dist/index.js:1205:15[90m)[39m
    at runSuite [90m(file:///c:/Users/RYZEN/.antigravity-ide/HandicapLab/[39mnode_modules/[4m@vitest/runner[24m/dist/index.js:1205:15[90m)[39m
    at runSuite [90m(file:///c:/Users/RYZEN/.antigravity-ide/HandicapLab/[39mnode_modules/[4m@vitest/runner[24m/dist/index.js:1205:15[90m)[39m
    at runFiles [90m(file:///c:/Users/RYZEN/.antigravity-ide/HandicapLab/[39mnode_modules/[4m@vitest/runner[24m/dist/index.js:1262:5[90m)[39m
[GenerateSignals] Error generating ML predictions for match undefined: Error: [FeatureEngine] Match undefined not found in database.
    at FeatureEngine.build [90m(c:\Users\RYZEN\.antigravity-ide\HandicapLab\[39msrc\lib\engines\feature-engine\index.ts:44:13[90m)[39m
[90m    at processTicksAndRejections (node:internal/process/task_queues:104:5)[39m
    at handleGenerateSignals [90m(c:\Users\RYZEN\.antigravity-ide\HandicapLab\[39msrc\app\api\cron\generate-signals\route.ts:377:30[90m)[39m
    at [90mc:\Users\RYZEN\.antigravity-ide\HandicapLab\[39mtests\phase8.5.test.ts:180:24
    at [90mfile:///c:/Users/RYZEN/.antigravity-ide/HandicapLab/[39mnode_modules/[4m@vitest/runner[24m/dist/index.js:533:5
    at runTest [90m(file:///c:/Users/RYZEN/.antigravity-ide/HandicapLab/[39mnode_modules/[4m@vitest/runner[24m/dist/index.js:1056:11[90m)[39m
    at runSuite [90m(file:///c:/Users/RYZEN/.antigravity-ide/HandicapLab/[39mnode_modules/[4m@vitest/runner[24m/dist/index.js:1205:15[90m)[39m
    at runSuite [90m(file:///c:/Users/RYZEN/.antigravity-ide/HandicapLab/[39mnode_modules/[4m@vitest/runner[24m/dist/index.js:1205:15[90m)[39m
    at runSuite [90m(file:///c:/Users/RYZEN/.antigravity-ide/HandicapLab/[39mnode_modules/[4m@vitest/runner[24m/dist/index.js:1205:15[90m)[39m
    at runFiles [90m(file:///c:/Users/RYZEN/.antigravity-ide/HandicapLab/[39mnode_modules/[4m@vitest/runner[24m/dist/index.js:1262:5[90m)[39m
[GenerateSignals] Error generating AH predictions for match undefined: Error: [FeatureEngine] Match undefined not found in database.
    at FeatureEngine.build [90m(c:\Users\RYZEN\.antigravity-ide\HandicapLab\[39msrc\lib\engines\feature-engine\index.ts:44:13[90m)[39m
[90m    at processTicksAndRejections (node:internal/process/task_queues:104:5)[39m
    at handleGenerateSignals [90m(c:\Users\RYZEN\.antigravity-ide\HandicapLab\[39msrc\app\api\cron\generate-signals\route.ts:377:30[90m)[39m
    at [90mc:\Users\RYZEN\.antigravity-ide\HandicapLab\[39mtests\phase8.5.test.ts:180:24
    at [90mfile:///c:/Users/RYZEN/.antigravity-ide/HandicapLab/[39mnode_modules/[4m@vitest/runner[24m/dist/index.js:533:5
    at runTest [90m(file:///c:/Users/RYZEN/.antigravity-ide/HandicapLab/[39mnode_modules/[4m@vitest/runner[24m/dist/index.js:1056:11[90m)[39m
    at runSuite [90m(file:///c:/Users/RYZEN/.antigravity-ide/HandicapLab/[39mnode_modules/[4m@vitest/runner[24m/dist/index.js:1205:15[90m)[39m
    at runSuite [90m(file:///c:/Users/RYZEN/.antigravity-ide/HandicapLab/[39mnode_modules/[4m@vitest/runner[24m/dist/index.js:1205:15[90m)[39m
    at runSuite [90m(file:///c:/Users/RYZEN/.antigravity-ide/HandicapLab/[39mnode_modules/[4m@vitest/runner[24m/dist/index.js:1205:15[90m)[39m
    at runFiles [90m(file:///c:/Users/RYZEN/.antigravity-ide/HandicapLab/[39mnode_modules/[4m@vitest/runner[24m/dist/index.js:1262:5[90m)[39m
[GenerateSignals] Error generating OU predictions for match undefined: Error: [FeatureEngine] Match undefined not found in database.
    at FeatureEngine.build [90m(c:\Users\RYZEN\.antigravity-ide\HandicapLab\[39msrc\lib\engines\feature-engine\index.ts:44:13[90m)[39m
[90m    at processTicksAndRejections (node:internal/process/task_queues:104:5)[39m
    at handleGenerateSignals [90m(c:\Users\RYZEN\.antigravity-ide\HandicapLab\[39msrc\app\api\cron\generate-signals\route.ts:377:30[90m)[39m
    at [90mc:\Users\RYZEN\.antigravity-ide\HandicapLab\[39mtests\phase8.5.test.ts:180:24
    at [90mfile:///c:/Users/RYZEN/.antigravity-ide/HandicapLab/[39mnode_modules/[4m@vitest/runner[24m/dist/index.js:533:5
    at runTest [90m(file:///c:/Users/RYZEN/.antigravity-ide/HandicapLab/[39mnode_modules/[4m@vitest/runner[24m/dist/index.js:1056:11[90m)[39m
    at runSuite [90m(file:///c:/Users/RYZEN/.antigravity-ide/HandicapLab/[39mnode_modules/[4m@vitest/runner[24m/dist/index.js:1205:15[90m)[39m
    at runSuite [90m(file:///c:/Users/RYZEN/.antigravity-ide/HandicapLab/[39mnode_modules/[4m@vitest/runner[24m/dist/index.js:1205:15[90m)[39m
    at runSuite [90m(file:///c:/Users/RYZEN/.antigravity-ide/HandicapLab/[39mnode_modules/[4m@vitest/runner[24m/dist/index.js:1205:15[90m)[39m
    at runFiles [90m(file:///c:/Users/RYZEN/.antigravity-ide/HandicapLab/[39mnode_modules/[4m@vitest/runner[24m/dist/index.js:1262:5[90m)[39m
[GenerateSignals] Error generating ML predictions for match undefined: Error: [FeatureEngine] Match undefined not found in database.
    at FeatureEngine.build [90m(c:\Users\RYZEN\.antigravity-ide\HandicapLab\[39msrc\lib\engines\feature-engine\index.ts:44:13[90m)[39m
[90m    at processTicksAndRejections (node:internal/process/task_queues:104:5)[39m
    at handleGenerateSignals [90m(c:\Users\RYZEN\.antigravity-ide\HandicapLab\[39msrc\app\api\cron\generate-signals\route.ts:377:30[90m)[39m
    at [90mc:\Users\RYZEN\.antigravity-ide\HandicapLab\[39mtests\phase8.5.test.ts:180:24
    at [90mfile:///c:/Users/RYZEN/.antigravity-ide/HandicapLab/[39mnode_modules/[4m@vitest/runner[24m/dist/index.js:533:5
    at runTest [90m(file:///c:/Users/RYZEN/.antigravity-ide/HandicapLab/[39mnode_modules/[4m@vitest/runner[24m/dist/index.js:1056:11[90m)[39m
    at runSuite [90m(file:///c:/Users/RYZEN/.antigravity-ide/HandicapLab/[39mnode_modules/[4m@vitest/runner[24m/dist/index.js:1205:15[90m)[39m
    at runSuite [90m(file:///c:/Users/RYZEN/.antigravity-ide/HandicapLab/[39mnode_modules/[4m@vitest/runner[24m/dist/index.js:1205:15[90m)[39m
    at runSuite [90m(file:///c:/Users/RYZEN/.antigravity-ide/HandicapLab/[39mnode_modules/[4m@vitest/runner[24m/dist/index.js:1205:15[90m)[39m
    at runFiles [90m(file:///c:/Users/RYZEN/.antigravity-ide/HandicapLab/[39mnode_modules/[4m@vitest/runner[24m/dist/index.js:1262:5[90m)[39m
[GenerateSignals] Error generating AH predictions for match undefined: Error: [FeatureEngine] Match undefined not found in database.
    at FeatureEngine.build [90m(c:\Users\RYZEN\.antigravity-ide\HandicapLab\[39msrc\lib\engines\feature-engine\index.ts:44:13[90m)[39m
[90m    at processTicksAndRejections (node:internal/process/task_queues:104:5)[39m
    at handleGenerateSignals [90m(c:\Users\RYZEN\.antigravity-ide\HandicapLab\[39msrc\app\api\cron\generate-signals\route.ts:377:30[90m)[39m
    at [90mc:\Users\RYZEN\.antigravity-ide\HandicapLab\[39mtests\phase8.5.test.ts:180:24
    at [90mfile:///c:/Users/RYZEN/.antigravity-ide/HandicapLab/[39mnode_modules/[4m@vitest/runner[24m/dist/index.js:533:5
    at runTest [90m(file:///c:/Users/RYZEN/.antigravity-ide/HandicapLab/[39mnode_modules/[4m@vitest/runner[24m/dist/index.js:1056:11[90m)[39m
    at runSuite [90m(file:///c:/Users/RYZEN/.antigravity-ide/HandicapLab/[39mnode_modules/[4m@vitest/runner[24m/dist/index.js:1205:15[90m)[39m
    at runSuite [90m(file:///c:/Users/RYZEN/.antigravity-ide/HandicapLab/[39mnode_modules/[4m@vitest/runner[24m/dist/index.js:1205:15[90m)[39m
    at runSuite [90m(file:///c:/Users/RYZEN/.antigravity-ide/HandicapLab/[39mnode_modules/[4m@vitest/runner[24m/dist/index.js:1205:15[90m)[39m
    at runFiles [90m(file:///c:/Users/RYZEN/.antigravity-ide/HandicapLab/[39mnode_modules/[4m@vitest/runner[24m/dist/index.js:1262:5[90m)[39m
[GenerateSignals] Error generating OU predictions for match undefined: Error: [FeatureEngine] Match undefined not found in database.
    at FeatureEngine.build [90m(c:\Users\RYZEN\.antigravity-ide\HandicapLab\[39msrc\lib\engines\feature-engine\index.ts:44:13[90m)[39m
[90m    at processTicksAndRejections (node:internal/process/task_queues:104:5)[39m
    at handleGenerateSignals [90m(c:\Users\RYZEN\.antigravity-ide\HandicapLab\[39msrc\app\api\cron\generate-signals\route.ts:377:30[90m)[39m
    at [90mc:\Users\RYZEN\.antigravity-ide\HandicapLab\[39mtests\phase8.5.test.ts:180:24
    at [90mfile:///c:/Users/RYZEN/.antigravity-ide/HandicapLab/[39mnode_modules/[4m@vitest/runner[24m/dist/index.js:533:5
    at runTest [90m(file:///c:/Users/RYZEN/.antigravity-ide/HandicapLab/[39mnode_modules/[4m@vitest/runner[24m/dist/index.js:1056:11[90m)[39m
    at runSuite [90m(file:///c:/Users/RYZEN/.antigravity-ide/HandicapLab/[39mnode_modules/[4m@vitest/runner[24m/dist/index.js:1205:15[90m)[39m
    at runSuite [90m(file:///c:/Users/RYZEN/.antigravity-ide/HandicapLab/[39mnode_modules/[4m@vitest/runner[24m/dist/index.js:1205:15[90m)[39m
    at runSuite [90m(file:///c:/Users/RYZEN/.antigravity-ide/HandicapLab/[39mnode_modules/[4m@vitest/runner[24m/dist/index.js:1205:15[90m)[39m
    at runFiles [90m(file:///c:/Users/RYZEN/.antigravity-ide/HandicapLab/[39mnode_modules/[4m@vitest/runner[24m/dist/index.js:1262:5[90m)[39m
[GenerateSignals] Error generating ML predictions for match undefined: Error: [FeatureEngine] Match undefined not found in database.
    at FeatureEngine.build [90m(c:\Users\RYZEN\.antigravity-ide\HandicapLab\[39msrc\lib\engines\feature-engine\index.ts:44:13[90m)[39m
[90m    at processTicksAndRejections (node:internal/process/task_queues:104:5)[39m
    at handleGenerateSignals [90m(c:\Users\RYZEN\.antigravity-ide\HandicapLab\[39msrc\app\api\cron\generate-signals\route.ts:377:30[90m)[39m
    at [90mc:\Users\RYZEN\.antigravity-ide\HandicapLab\[39mtests\phase8.5.test.ts:180:24
    at [90mfile:///c:/Users/RYZEN/.antigravity-ide/HandicapLab/[39mnode_modules/[4m@vitest/runner[24m/dist/index.js:533:5
    at runTest [90m(file:///c:/Users/RYZEN/.antigravity-ide/HandicapLab/[39mnode_modules/[4m@vitest/runner[24m/dist/index.js:1056:11[90m)[39m
    at runSuite [90m(file:///c:/Users/RYZEN/.antigravity-ide/HandicapLab/[39mnode_modules/[4m@vitest/runner[24m/dist/index.js:1205:15[90m)[39m
    at runSuite [90m(file:///c:/Users/RYZEN/.antigravity-ide/HandicapLab/[39mnode_modules/[4m@vitest/runner[24m/dist/index.js:1205:15[90m)[39m
    at runSuite [90m(file:///c:/Users/RYZEN/.antigravity-ide/HandicapLab/[39mnode_modules/[4m@vitest/runner[24m/dist/index.js:1205:15[90m)[39m
    at runFiles [90m(file:///c:/Users/RYZEN/.antigravity-ide/HandicapLab/[39mnode_modules/[4m@vitest/runner[24m/dist/index.js:1262:5[90m)[39m
[GenerateSignals] Error generating AH predictions for match undefined: Error: [FeatureEngine] Match undefined not found in database.
    at FeatureEngine.build [90m(c:\Users\RYZEN\.antigravity-ide\HandicapLab\[39msrc\lib\engines\feature-engine\index.ts:44:13[90m)[39m
[90m    at processTicksAndRejections (node:internal/process/task_queues:104:5)[39m
    at handleGenerateSignals [90m(c:\Users\RYZEN\.antigravity-ide\HandicapLab\[39msrc\app\api\cron\generate-signals\route.ts:377:30[90m)[39m
    at [90mc:\Users\RYZEN\.antigravity-ide\HandicapLab\[39mtests\phase8.5.test.ts:180:24
    at [90mfile:///c:/Users/RYZEN/.antigravity-ide/HandicapLab/[39mnode_modules/[4m@vitest/runner[24m/dist/index.js:533:5
    at runTest [90m(file:///c:/Users/RYZEN/.antigravity-ide/HandicapLab/[39mnode_modules/[4m@vitest/runner[24m/dist/index.js:1056:11[90m)[39m
    at runSuite [90m(file:///c:/Users/RYZEN/.antigravity-ide/HandicapLab/[39mnode_modules/[4m@vitest/runner[24m/dist/index.js:1205:15[90m)[39m
    at runSuite [90m(file:///c:/Users/RYZEN/.antigravity-ide/HandicapLab/[39mnode_modules/[4m@vitest/runner[24m/dist/index.js:1205:15[90m)[39m
    at runSuite [90m(file:///c:/Users/RYZEN/.antigravity-ide/HandicapLab/[39mnode_modules/[4m@vitest/runner[24m/dist/index.js:1205:15[90m)[39m
    at runFiles [90m(file:///c:/Users/RYZEN/.antigravity-ide/HandicapLab/[39mnode_modules/[4m@vitest/runner[24m/dist/index.js:1262:5[90m)[39m
[GenerateSignals] Error generating OU predictions for match undefined: Error: [FeatureEngine] Match undefined not found in database.
    at FeatureEngine.build [90m(c:\Users\RYZEN\.antigravity-ide\HandicapLab\[39msrc\lib\engines\feature-engine\index.ts:44:13[90m)[39m
[90m    at processTicksAndRejections (node:internal/process/task_queues:104:5)[39m
    at handleGenerateSignals [90m(c:\Users\RYZEN\.antigravity-ide\HandicapLab\[39msrc\app\api\cron\generate-signals\route.ts:377:30[90m)[39m
    at [90mc:\Users\RYZEN\.antigravity-ide\HandicapLab\[39mtests\phase8.5.test.ts:180:24
    at [90mfile:///c:/Users/RYZEN/.antigravity-ide/HandicapLab/[39mnode_modules/[4m@vitest/runner[24m/dist/index.js:533:5
    at runTest [90m(file:///c:/Users/RYZEN/.antigravity-ide/HandicapLab/[39mnode_modules/[4m@vitest/runner[24m/dist/index.js:1056:11[90m)[39m
    at runSuite [90m(file:///c:/Users/RYZEN/.antigravity-ide/HandicapLab/[39mnode_modules/[4m@vitest/runner[24m/dist/index.js:1205:15[90m)[39m
    at runSuite [90m(file:///c:/Users/RYZEN/.antigravity-ide/HandicapLab/[39mnode_modules/[4m@vitest/runner[24m/dist/index.js:1205:15[90m)[39m
    at runSuite [90m(file:///c:/Users/RYZEN/.antigravity-ide/HandicapLab/[39mnode_modules/[4m@vitest/runner[24m/dist/index.js:1205:15[90m)[39m
    at runFiles [90m(file:///c:/Users/RYZEN/.antigravity-ide/HandicapLab/[39mnode_modules/[4m@vitest/runner[24m/dist/index.js:1262:5[90m)[39m
[GenerateSignals] Error generating ML predictions for match undefined: Error: [FeatureEngine] Match undefined not found in database.
    at FeatureEngine.build [90m(c:\Users\RYZEN\.antigravity-ide\HandicapLab\[39msrc\lib\engines\feature-engine\index.ts:44:13[90m)[39m
[90m    at processTicksAndRejections (node:internal/process/task_queues:104:5)[39m
    at handleGenerateSignals [90m(c:\Users\RYZEN\.antigravity-ide\HandicapLab\[39msrc\app\api\cron\generate-signals\route.ts:377:30[90m)[39m
    at [90mc:\Users\RYZEN\.antigravity-ide\HandicapLab\[39mtests\phase8.5.test.ts:180:24
    at [90mfile:///c:/Users/RYZEN/.antigravity-ide/HandicapLab/[39mnode_modules/[4m@vitest/runner[24m/dist/index.js:533:5
    at runTest [90m(file:///c:/Users/RYZEN/.antigravity-ide/HandicapLab/[39mnode_modules/[4m@vitest/runner[24m/dist/index.js:1056:11[90m)[39m
    at runSuite [90m(file:///c:/Users/RYZEN/.antigravity-ide/HandicapLab/[39mnode_modules/[4m@vitest/runner[24m/dist/index.js:1205:15[90m)[39m
    at runSuite [90m(file:///c:/Users/RYZEN/.antigravity-ide/HandicapLab/[39mnode_modules/[4m@vitest/runner[24m/dist/index.js:1205:15[90m)[39m
    at runSuite [90m(file:///c:/Users/RYZEN/.antigravity-ide/HandicapLab/[39mnode_modules/[4m@vitest/runner[24m/dist/index.js:1205:15[90m)[39m
    at runFiles [90m(file:///c:/Users/RYZEN/.antigravity-ide/HandicapLab/[39mnode_modules/[4m@vitest/runner[24m/dist/index.js:1262:5[90m)[39m
[GenerateSignals] Error generating AH predictions for match undefined: Error: [FeatureEngine] Match undefined not found in database.
    at FeatureEngine.build [90m(c:\Users\RYZEN\.antigravity-ide\HandicapLab\[39msrc\lib\engines\feature-engine\index.ts:44:13[90m)[39m
[90m    at processTicksAndRejections (node:internal/process/task_queues:104:5)[39m
    at handleGenerateSignals [90m(c:\Users\RYZEN\.antigravity-ide\HandicapLab\[39msrc\app\api\cron\generate-signals\route.ts:377:30[90m)[39m
    at [90mc:\Users\RYZEN\.antigravity-ide\HandicapLab\[39mtests\phase8.5.test.ts:180:24
    at [90mfile:///c:/Users/RYZEN/.antigravity-ide/HandicapLab/[39mnode_modules/[4m@vitest/runner[24m/dist/index.js:533:5
    at runTest [90m(file:///c:/Users/RYZEN/.antigravity-ide/HandicapLab/[39mnode_modules/[4m@vitest/runner[24m/dist/index.js:1056:11[90m)[39m
    at runSuite [90m(file:///c:/Users/RYZEN/.antigravity-ide/HandicapLab/[39mnode_modules/[4m@vitest/runner[24m/dist/index.js:1205:15[90m)[39m
    at runSuite [90m(file:///c:/Users/RYZEN/.antigravity-ide/HandicapLab/[39mnode_modules/[4m@vitest/runner[24m/dist/index.js:1205:15[90m)[39m
    at runSuite [90m(file:///c:/Users/RYZEN/.antigravity-ide/HandicapLab/[39mnode_modules/[4m@vitest/runner[24m/dist/index.js:1205:15[90m)[39m
    at runFiles [90m(file:///c:/Users/RYZEN/.antigravity-ide/HandicapLab/[39mnode_modules/[4m@vitest/runner[24m/dist/index.js:1262:5[90m)[39m
[GenerateSignals] Error generating OU predictions for match undefined: Error: [FeatureEngine] Match undefined not found in database.
    at FeatureEngine.build [90m(c:\Users\RYZEN\.antigravity-ide\HandicapLab\[39msrc\lib\engines\feature-engine\index.ts:44:13[90m)[39m
[90m    at processTicksAndRejections (node:internal/process/task_queues:104:5)[39m
    at handleGenerateSignals [90m(c:\Users\RYZEN\.antigravity-ide\HandicapLab\[39msrc\app\api\cron\generate-signals\route.ts:377:30[90m)[39m
    at [90mc:\Users\RYZEN\.antigravity-ide\HandicapLab\[39mtests\phase8.5.test.ts:180:24
    at [90mfile:///c:/Users/RYZEN/.antigravity-ide/HandicapLab/[39mnode_modules/[4m@vitest/runner[24m/dist/index.js:533:5
    at runTest [90m(file:///c:/Users/RYZEN/.antigravity-ide/HandicapLab/[39mnode_modules/[4m@vitest/runner[24m/dist/index.js:1056:11[90m)[39m
    at runSuite [90m(file:///c:/Users/RYZEN/.antigravity-ide/HandicapLab/[39mnode_modules/[4m@vitest/runner[24m/dist/index.js:1205:15[90m)[39m
    at runSuite [90m(file:///c:/Users/RYZEN/.antigravity-ide/HandicapLab/[39mnode_modules/[4m@vitest/runner[24m/dist/index.js:1205:15[90m)[39m
    at runSuite [90m(file:///c:/Users/RYZEN/.antigravity-ide/HandicapLab/[39mnode_modules/[4m@vitest/runner[24m/dist/index.js:1205:15[90m)[39m
    at runFiles [90m(file:///c:/Users/RYZEN/.antigravity-ide/HandicapLab/[39mnode_modules/[4m@vitest/runner[24m/dist/index.js:1262:5[90m)[39m
[GenerateSignals] Error generating ML predictions for match undefined: Error: [FeatureEngine] Match undefined not found in database.
    at FeatureEngine.build [90m(c:\Users\RYZEN\.antigravity-ide\HandicapLab\[39msrc\lib\engines\feature-engine\index.ts:44:13[90m)[39m
[90m    at processTicksAndRejections (node:internal/process/task_queues:104:5)[39m
    at handleGenerateSignals [90m(c:\Users\RYZEN\.antigravity-ide\HandicapLab\[39msrc\app\api\cron\generate-signals\route.ts:377:30[90m)[39m
    at [90mc:\Users\RYZEN\.antigravity-ide\HandicapLab\[39mtests\phase8.5.test.ts:180:24
    at [90mfile:///c:/Users/RYZEN/.antigravity-ide/HandicapLab/[39mnode_modules/[4m@vitest/runner[24m/dist/index.js:533:5
    at runTest [90m(file:///c:/Users/RYZEN/.antigravity-ide/HandicapLab/[39mnode_modules/[4m@vitest/runner[24m/dist/index.js:1056:11[90m)[39m
    at runSuite [90m(file:///c:/Users/RYZEN/.antigravity-ide/HandicapLab/[39mnode_modules/[4m@vitest/runner[24m/dist/index.js:1205:15[90m)[39m
    at runSuite [90m(file:///c:/Users/RYZEN/.antigravity-ide/HandicapLab/[39mnode_modules/[4m@vitest/runner[24m/dist/index.js:1205:15[90m)[39m
    at runSuite [90m(file:///c:/Users/RYZEN/.antigravity-ide/HandicapLab/[39mnode_modules/[4m@vitest/runner[24m/dist/index.js:1205:15[90m)[39m
    at runFiles [90m(file:///c:/Users/RYZEN/.antigravity-ide/HandicapLab/[39mnode_modules/[4m@vitest/runner[24m/dist/index.js:1262:5[90m)[39m
[GenerateSignals] Error generating AH predictions for match undefined: Error: [FeatureEngine] Match undefined not found in database.
    at FeatureEngine.build [90m(c:\Users\RYZEN\.antigravity-ide\HandicapLab\[39msrc\lib\engines\feature-engine\index.ts:44:13[90m)[39m
[90m    at processTicksAndRejections (node:internal/process/task_queues:104:5)[39m
    at handleGenerateSignals [90m(c:\Users\RYZEN\.antigravity-ide\HandicapLab\[39msrc\app\api\cron\generate-signals\route.ts:377:30[90m)[39m
    at [90mc:\Users\RYZEN\.antigravity-ide\HandicapLab\[39mtests\phase8.5.test.ts:180:24
    at [90mfile:///c:/Users/RYZEN/.antigravity-ide/HandicapLab/[39mnode_modules/[4m@vitest/runner[24m/dist/index.js:533:5
    at runTest [90m(file:///c:/Users/RYZEN/.antigravity-ide/HandicapLab/[39mnode_modules/[4m@vitest/runner[24m/dist/index.js:1056:11[90m)[39m
    at runSuite [90m(file:///c:/Users/RYZEN/.antigravity-ide/HandicapLab/[39mnode_modules/[4m@vitest/runner[24m/dist/index.js:1205:15[90m)[39m
    at runSuite [90m(file:///c:/Users/RYZEN/.antigravity-ide/HandicapLab/[39mnode_modules/[4m@vitest/runner[24m/dist/index.js:1205:15[90m)[39m
    at runSuite [90m(file:///c:/Users/RYZEN/.antigravity-ide/HandicapLab/[39mnode_modules/[4m@vitest/runner[24m/dist/index.js:1205:15[90m)[39m
    at runFiles [90m(file:///c:/Users/RYZEN/.antigravity-ide/HandicapLab/[39mnode_modules/[4m@vitest/runner[24m/dist/index.js:1262:5[90m)[39m
[GenerateSignals] Error generating OU predictions for match undefined: Error: [FeatureEngine] Match undefined not found in database.
    at FeatureEngine.build [90m(c:\Users\RYZEN\.antigravity-ide\HandicapLab\[39msrc\lib\engines\feature-engine\index.ts:44:13[90m)[39m
[90m    at processTicksAndRejections (node:internal/process/task_queues:104:5)[39m
    at handleGenerateSignals [90m(c:\Users\RYZEN\.antigravity-ide\HandicapLab\[39msrc\app\api\cron\generate-signals\route.ts:377:30[90m)[39m
    at [90mc:\Users\RYZEN\.antigravity-ide\HandicapLab\[39mtests\phase8.5.test.ts:180:24
    at [90mfile:///c:/Users/RYZEN/.antigravity-ide/HandicapLab/[39mnode_modules/[4m@vitest/runner[24m/dist/index.js:533:5
    at runTest [90m(file:///c:/Users/RYZEN/.antigravity-ide/HandicapLab/[39mnode_modules/[4m@vitest/runner[24m/dist/index.js:1056:11[90m)[39m
    at runSuite [90m(file:///c:/Users/RYZEN/.antigravity-ide/HandicapLab/[39mnode_modules/[4m@vitest/runner[24m/dist/index.js:1205:15[90m)[39m
    at runSuite [90m(file:///c:/Users/RYZEN/.antigravity-ide/HandicapLab/[39mnode_modules/[4m@vitest/runner[24m/dist/index.js:1205:15[90m)[39m
    at runSuite [90m(file:///c:/Users/RYZEN/.antigravity-ide/HandicapLab/[39mnode_modules/[4m@vitest/runner[24m/dist/index.js:1205:15[90m)[39m
    at runFiles [90m(file:///c:/Users/RYZEN/.antigravity-ide/HandicapLab/[39mnode_modules/[4m@vitest/runner[24m/dist/index.js:1262:5[90m)[39m
[GenerateSignals] Error generating ML predictions for match undefined: Error: [FeatureEngine] Match undefined not found in database.
    at FeatureEngine.build [90m(c:\Users\RYZEN\.antigravity-ide\HandicapLab\[39msrc\lib\engines\feature-engine\index.ts:44:13[90m)[39m
[90m    at processTicksAndRejections (node:internal/process/task_queues:104:5)[39m
    at handleGenerateSignals [90m(c:\Users\RYZEN\.antigravity-ide\HandicapLab\[39msrc\app\api\cron\generate-signals\route.ts:377:30[90m)[39m
    at [90mc:\Users\RYZEN\.antigravity-ide\HandicapLab\[39mtests\phase8.5.test.ts:180:24
    at [90mfile:///c:/Users/RYZEN/.antigravity-ide/HandicapLab/[39mnode_modules/[4m@vitest/runner[24m/dist/index.js:533:5
    at runTest [90m(file:///c:/Users/RYZEN/.antigravity-ide/HandicapLab/[39mnode_modules/[4m@vitest/runner[24m/dist/index.js:1056:11[90m)[39m
    at runSuite [90m(file:///c:/Users/RYZEN/.antigravity-ide/HandicapLab/[39mnode_modules/[4m@vitest/runner[24m/dist/index.js:1205:15[90m)[39m
    at runSuite [90m(file:///c:/Users/RYZEN/.antigravity-ide/HandicapLab/[39mnode_modules/[4m@vitest/runner[24m/dist/index.js:1205:15[90m)[39m
    at runSuite [90m(file:///c:/Users/RYZEN/.antigravity-ide/HandicapLab/[39mnode_modules/[4m@vitest/runner[24m/dist/index.js:1205:15[90m)[39m
    at runFiles [90m(file:///c:/Users/RYZEN/.antigravity-ide/HandicapLab/[39mnode_modules/[4m@vitest/runner[24m/dist/index.js:1262:5[90m)[39m
[GenerateSignals] Error generating AH predictions for match undefined: Error: [FeatureEngine] Match undefined not found in database.
    at FeatureEngine.build [90m(c:\Users\RYZEN\.antigravity-ide\HandicapLab\[39msrc\lib\engines\feature-engine\index.ts:44:13[90m)[39m
[90m    at processTicksAndRejections (node:internal/process/task_queues:104:5)[39m
    at handleGenerateSignals [90m(c:\Users\RYZEN\.antigravity-ide\HandicapLab\[39msrc\app\api\cron\generate-signals\route.ts:377:30[90m)[39m
    at [90mc:\Users\RYZEN\.antigravity-ide\HandicapLab\[39mtests\phase8.5.test.ts:180:24
    at [90mfile:///c:/Users/RYZEN/.antigravity-ide/HandicapLab/[39mnode_modules/[4m@vitest/runner[24m/dist/index.js:533:5
    at runTest [90m(file:///c:/Users/RYZEN/.antigravity-ide/HandicapLab/[39mnode_modules/[4m@vitest/runner[24m/dist/index.js:1056:11[90m)[39m
    at runSuite [90m(file:///c:/Users/RYZEN/.antigravity-ide/HandicapLab/[39mnode_modules/[4m@vitest/runner[24m/dist/index.js:1205:15[90m)[39m
    at runSuite [90m(file:///c:/Users/RYZEN/.antigravity-ide/HandicapLab/[39mnode_modules/[4m@vitest/runner[24m/dist/index.js:1205:15[90m)[39m
    at runSuite [90m(file:///c:/Users/RYZEN/.antigravity-ide/HandicapLab/[39mnode_modules/[4m@vitest/runner[24m/dist/index.js:1205:15[90m)[39m
    at runFiles [90m(file:///c:/Users/RYZEN/.antigravity-ide/HandicapLab/[39mnode_modules/[4m@vitest/runner[24m/dist/index.js:1262:5[90m)[39m
[GenerateSignals] Error generating OU predictions for match undefined: Error: [FeatureEngine] Match undefined not found in database.
    at FeatureEngine.build [90m(c:\Users\RYZEN\.antigravity-ide\HandicapLab\[39msrc\lib\engines\feature-engine\index.ts:44:13[90m)[39m
[90m    at processTicksAndRejections (node:internal/process/task_queues:104:5)[39m
    at handleGenerateSignals [90m(c:\Users\RYZEN\.antigravity-ide\HandicapLab\[39msrc\app\api\cron\generate-signals\route.ts:377:30[90m)[39m
    at [90mc:\Users\RYZEN\.antigravity-ide\HandicapLab\[39mtests\phase8.5.test.ts:180:24
    at [90mfile:///c:/Users/RYZEN/.antigravity-ide/HandicapLab/[39mnode_modules/[4m@vitest/runner[24m/dist/index.js:533:5
    at runTest [90m(file:///c:/Users/RYZEN/.antigravity-ide/HandicapLab/[39mnode_modules/[4m@vitest/runner[24m/dist/index.js:1056:11[90m)[39m
    at runSuite [90m(file:///c:/Users/RYZEN/.antigravity-ide/HandicapLab/[39mnode_modules/[4m@vitest/runner[24m/dist/index.js:1205:15[90m)[39m
    at runSuite [90m(file:///c:/Users/RYZEN/.antigravity-ide/HandicapLab/[39mnode_modules/[4m@vitest/runner[24m/dist/index.js:1205:15[90m)[39m
    at runSuite [90m(file:///c:/Users/RYZEN/.antigravity-ide/HandicapLab/[39mnode_modules/[4m@vitest/runner[24m/dist/index.js:1205:15[90m)[39m
    at runFiles [90m(file:///c:/Users/RYZEN/.antigravity-ide/HandicapLab/[39mnode_modules/[4m@vitest/runner[24m/dist/index.js:1262:5[90m)[39m
[GenerateSignals] Error generating ML predictions for match undefined: Error: [FeatureEngine] Match undefined not found in database.
    at FeatureEngine.build [90m(c:\Users\RYZEN\.antigravity-ide\HandicapLab\[39msrc\lib\engines\feature-engine\index.ts:44:13[90m)[39m
[90m    at processTicksAndRejections (node:internal/process/task_queues:104:5)[39m
    at handleGenerateSignals [90m(c:\Users\RYZEN\.antigravity-ide\HandicapLab\[39msrc\app\api\cron\generate-signals\route.ts:377:30[90m)[39m
    at [90mc:\Users\RYZEN\.antigravity-ide\HandicapLab\[39mtests\phase8.5.test.ts:180:24
    at [90mfile:///c:/Users/RYZEN/.antigravity-ide/HandicapLab/[39mnode_modules/[4m@vitest/runner[24m/dist/index.js:533:5
    at runTest [90m(file:///c:/Users/RYZEN/.antigravity-ide/HandicapLab/[39mnode_modules/[4m@vitest/runner[24m/dist/index.js:1056:11[90m)[39m
    at runSuite [90m(file:///c:/Users/RYZEN/.antigravity-ide/HandicapLab/[39mnode_modules/[4m@vitest/runner[24m/dist/index.js:1205:15[90m)[39m
    at runSuite [90m(file:///c:/Users/RYZEN/.antigravity-ide/HandicapLab/[39mnode_modules/[4m@vitest/runner[24m/dist/index.js:1205:15[90m)[39m
    at runSuite [90m(file:///c:/Users/RYZEN/.antigravity-ide/HandicapLab/[39mnode_modules/[4m@vitest/runner[24m/dist/index.js:1205:15[90m)[39m
    at runFiles [90m(file:///c:/Users/RYZEN/.antigravity-ide/HandicapLab/[39mnode_modules/[4m@vitest/runner[24m/dist/index.js:1262:5[90m)[39m
[GenerateSignals] Error generating AH predictions for match undefined: Error: [FeatureEngine] Match undefined not found in database.
    at FeatureEngine.build [90m(c:\Users\RYZEN\.antigravity-ide\HandicapLab\[39msrc\lib\engines\feature-engine\index.ts:44:13[90m)[39m
[90m    at processTicksAndRejections (node:internal/process/task_queues:104:5)[39m
    at handleGenerateSignals [90m(c:\Users\RYZEN\.antigravity-ide\HandicapLab\[39msrc\app\api\cron\generate-signals\route.ts:377:30[90m)[39m
    at [90mc:\Users\RYZEN\.antigravity-ide\HandicapLab\[39mtests\phase8.5.test.ts:180:24
    at [90mfile:///c:/Users/RYZEN/.antigravity-ide/HandicapLab/[39mnode_modules/[4m@vitest/runner[24m/dist/index.js:533:5
    at runTest [90m(file:///c:/Users/RYZEN/.antigravity-ide/HandicapLab/[39mnode_modules/[4m@vitest/runner[24m/dist/index.js:1056:11[90m)[39m
    at runSuite [90m(file:///c:/Users/RYZEN/.antigravity-ide/HandicapLab/[39mnode_modules/[4m@vitest/runner[24m/dist/index.js:1205:15[90m)[39m
    at runSuite [90m(file:///c:/Users/RYZEN/.antigravity-ide/HandicapLab/[39mnode_modules/[4m@vitest/runner[24m/dist/index.js:1205:15[90m)[39m
    at runSuite [90m(file:///c:/Users/RYZEN/.antigravity-ide/HandicapLab/[39mnode_modules/[4m@vitest/runner[24m/dist/index.js:1205:15[90m)[39m
    at runFiles [90m(file:///c:/Users/RYZEN/.antigravity-ide/HandicapLab/[39mnode_modules/[4m@vitest/runner[24m/dist/index.js:1262:5[90m)[39m
[GenerateSignals] Error generating OU predictions for match undefined: Error: [FeatureEngine] Match undefined not found in database.
    at FeatureEngine.build [90m(c:\Users\RYZEN\.antigravity-ide\HandicapLab\[39msrc\lib\engines\feature-engine\index.ts:44:13[90m)[39m
[90m    at processTicksAndRejections (node:internal/process/task_queues:104:5)[39m
    at handleGenerateSignals [90m(c:\Users\RYZEN\.antigravity-ide\HandicapLab\[39msrc\app\api\cron\generate-signals\route.ts:377:30[90m)[39m
    at [90mc:\Users\RYZEN\.antigravity-ide\HandicapLab\[39mtests\phase8.5.test.ts:180:24
    at [90mfile:///c:/Users/RYZEN/.antigravity-ide/HandicapLab/[39mnode_modules/[4m@vitest/runner[24m/dist/index.js:533:5
    at runTest [90m(file:///c:/Users/RYZEN/.antigravity-ide/HandicapLab/[39mnode_modules/[4m@vitest/runner[24m/dist/index.js:1056:11[90m)[39m
    at runSuite [90m(file:///c:/Users/RYZEN/.antigravity-ide/HandicapLab/[39mnode_modules/[4m@vitest/runner[24m/dist/index.js:1205:15[90m)[39m
    at runSuite [90m(file:///c:/Users/RYZEN/.antigravity-ide/HandicapLab/[39mnode_modules/[4m@vitest/runner[24m/dist/index.js:1205:15[90m)[39m
    at runSuite [90m(file:///c:/Users/RYZEN/.antigravity-ide/HandicapLab/[39mnode_modules/[4m@vitest/runner[24m/dist/index.js:1205:15[90m)[39m
    at runFiles [90m(file:///c:/Users/RYZEN/.antigravity-ide/HandicapLab/[39mnode_modules/[4m@vitest/runner[24m/dist/index.js:1262:5[90m)[39m
[GenerateSignals] Error generating ML predictions for match undefined: Error: [FeatureEngine] Match undefined not found in database.
    at FeatureEngine.build [90m(c:\Users\RYZEN\.antigravity-ide\HandicapLab\[39msrc\lib\engines\feature-engine\index.ts:44:13[90m)[39m
[90m    at processTicksAndRejections (node:internal/process/task_queues:104:5)[39m
    at handleGenerateSignals [90m(c:\Users\RYZEN\.antigravity-ide\HandicapLab\[39msrc\app\api\cron\generate-signals\route.ts:377:30[90m)[39m
    at [90mc:\Users\RYZEN\.antigravity-ide\HandicapLab\[39mtests\phase8.5.test.ts:180:24
    at [90mfile:///c:/Users/RYZEN/.antigravity-ide/HandicapLab/[39mnode_modules/[4m@vitest/runner[24m/dist/index.js:533:5
    at runTest [90m(file:///c:/Users/RYZEN/.antigravity-ide/HandicapLab/[39mnode_modules/[4m@vitest/runner[24m/dist/index.js:1056:11[90m)[39m
    at runSuite [90m(file:///c:/Users/RYZEN/.antigravity-ide/HandicapLab/[39mnode_modules/[4m@vitest/runner[24m/dist/index.js:1205:15[90m)[39m
    at runSuite [90m(file:///c:/Users/RYZEN/.antigravity-ide/HandicapLab/[39mnode_modules/[4m@vitest/runner[24m/dist/index.js:1205:15[90m)[39m
    at runSuite [90m(file:///c:/Users/RYZEN/.antigravity-ide/HandicapLab/[39mnode_modules/[4m@vitest/runner[24m/dist/index.js:1205:15[90m)[39m
    at runFiles [90m(file:///c:/Users/RYZEN/.antigravity-ide/HandicapLab/[39mnode_modules/[4m@vitest/runner[24m/dist/index.js:1262:5[90m)[39m
[GenerateSignals] Error generating AH predictions for match undefined: Error: [FeatureEngine] Match undefined not found in database.
    at FeatureEngine.build [90m(c:\Users\RYZEN\.antigravity-ide\HandicapLab\[39msrc\lib\engines\feature-engine\index.ts:44:13[90m)[39m
[90m    at processTicksAndRejections (node:internal/process/task_queues:104:5)[39m
    at handleGenerateSignals [90m(c:\Users\RYZEN\.antigravity-ide\HandicapLab\[39msrc\app\api\cron\generate-signals\route.ts:377:30[90m)[39m
    at [90mc:\Users\RYZEN\.antigravity-ide\HandicapLab\[39mtests\phase8.5.test.ts:180:24
    at [90mfile:///c:/Users/RYZEN/.antigravity-ide/HandicapLab/[39mnode_modules/[4m@vitest/runner[24m/dist/index.js:533:5
    at runTest [90m(file:///c:/Users/RYZEN/.antigravity-ide/HandicapLab/[39mnode_modules/[4m@vitest/runner[24m/dist/index.js:1056:11[90m)[39m
    at runSuite [90m(file:///c:/Users/RYZEN/.antigravity-ide/HandicapLab/[39mnode_modules/[4m@vitest/runner[24m/dist/index.js:1205:15[90m)[39m
    at runSuite [90m(file:///c:/Users/RYZEN/.antigravity-ide/HandicapLab/[39mnode_modules/[4m@vitest/runner[24m/dist/index.js:1205:15[90m)[39m
    at runSuite [90m(file:///c:/Users/RYZEN/.antigravity-ide/HandicapLab/[39mnode_modules/[4m@vitest/runner[24m/dist/index.js:1205:15[90m)[39m
    at runFiles [90m(file:///c:/Users/RYZEN/.antigravity-ide/HandicapLab/[39mnode_modules/[4m@vitest/runner[24m/dist/index.js:1262:5[90m)[39m
[GenerateSignals] Error generating OU predictions for match undefined: Error: [FeatureEngine] Match undefined not found in database.
    at FeatureEngine.build [90m(c:\Users\RYZEN\.antigravity-ide\HandicapLab\[39msrc\lib\engines\feature-engine\index.ts:44:13[90m)[39m
[90m    at processTicksAndRejections (node:internal/process/task_queues:104:5)[39m
    at handleGenerateSignals [90m(c:\Users\RYZEN\.antigravity-ide\HandicapLab\[39msrc\app\api\cron\generate-signals\route.ts:377:30[90m)[39m
    at [90mc:\Users\RYZEN\.antigravity-ide\HandicapLab\[39mtests\phase8.5.test.ts:180:24
    at [90mfile:///c:/Users/RYZEN/.antigravity-ide/HandicapLab/[39mnode_modules/[4m@vitest/runner[24m/dist/index.js:533:5
    at runTest [90m(file:///c:/Users/RYZEN/.antigravity-ide/HandicapLab/[39mnode_modules/[4m@vitest/runner[24m/dist/index.js:1056:11[90m)[39m
    at runSuite [90m(file:///c:/Users/RYZEN/.antigravity-ide/HandicapLab/[39mnode_modules/[4m@vitest/runner[24m/dist/index.js:1205:15[90m)[39m
    at runSuite [90m(file:///c:/Users/RYZEN/.antigravity-ide/HandicapLab/[39mnode_modules/[4m@vitest/runner[24m/dist/index.js:1205:15[90m)[39m
    at runSuite [90m(file:///c:/Users/RYZEN/.antigravity-ide/HandicapLab/[39mnode_modules/[4m@vitest/runner[24m/dist/index.js:1205:15[90m)[39m
    at runFiles [90m(file:///c:/Users/RYZEN/.antigravity-ide/HandicapLab/[39mnode_modules/[4m@vitest/runner[24m/dist/index.js:1262:5[90m)[39m
[GenerateSignals] Error generating ML predictions for match undefined: Error: [FeatureEngine] Match undefined not found in database.
    at FeatureEngine.build [90m(c:\Users\RYZEN\.antigravity-ide\HandicapLab\[39msrc\lib\engines\feature-engine\index.ts:44:13[90m)[39m
[90m    at processTicksAndRejections (node:internal/process/task_queues:104:5)[39m
    at handleGenerateSignals [90m(c:\Users\RYZEN\.antigravity-ide\HandicapLab\[39msrc\app\api\cron\generate-signals\route.ts:377:30[90m)[39m
    at [90mc:\Users\RYZEN\.antigravity-ide\HandicapLab\[39mtests\phase8.5.test.ts:180:24
    at [90mfile:///c:/Users/RYZEN/.antigravity-ide/HandicapLab/[39mnode_modules/[4m@vitest/runner[24m/dist/index.js:533:5
    at runTest [90m(file:///c:/Users/RYZEN/.antigravity-ide/HandicapLab/[39mnode_modules/[4m@vitest/runner[24m/dist/index.js:1056:11[90m)[39m
    at runSuite [90m(file:///c:/Users/RYZEN/.antigravity-ide/HandicapLab/[39mnode_modules/[4m@vitest/runner[24m/dist/index.js:1205:15[90m)[39m
    at runSuite [90m(file:///c:/Users/RYZEN/.antigravity-ide/HandicapLab/[39mnode_modules/[4m@vitest/runner[24m/dist/index.js:1205:15[90m)[39m
    at runSuite [90m(file:///c:/Users/RYZEN/.antigravity-ide/HandicapLab/[39mnode_modules/[4m@vitest/runner[24m/dist/index.js:1205:15[90m)[39m
    at runFiles [90m(file:///c:/Users/RYZEN/.antigravity-ide/HandicapLab/[39mnode_modules/[4m@vitest/runner[24m/dist/index.js:1262:5[90m)[39m
[GenerateSignals] Error generating AH predictions for match undefined: Error: [FeatureEngine] Match undefined not found in database.
    at FeatureEngine.build [90m(c:\Users\RYZEN\.antigravity-ide\HandicapLab\[39msrc\lib\engines\feature-engine\index.ts:44:13[90m)[39m
[90m    at processTicksAndRejections (node:internal/process/task_queues:104:5)[39m
    at handleGenerateSignals [90m(c:\Users\RYZEN\.antigravity-ide\HandicapLab\[39msrc\app\api\cron\generate-signals\route.ts:377:30[90m)[39m
    at [90mc:\Users\RYZEN\.antigravity-ide\HandicapLab\[39mtests\phase8.5.test.ts:180:24
    at [90mfile:///c:/Users/RYZEN/.antigravity-ide/HandicapLab/[39mnode_modules/[4m@vitest/runner[24m/dist/index.js:533:5
    at runTest [90m(file:///c:/Users/RYZEN/.antigravity-ide/HandicapLab/[39mnode_modules/[4m@vitest/runner[24m/dist/index.js:1056:11[90m)[39m
    at runSuite [90m(file:///c:/Users/RYZEN/.antigravity-ide/HandicapLab/[39mnode_modules/[4m@vitest/runner[24m/dist/index.js:1205:15[90m)[39m
    at runSuite [90m(file:///c:/Users/RYZEN/.antigravity-ide/HandicapLab/[39mnode_modules/[4m@vitest/runner[24m/dist/index.js:1205:15[90m)[39m
    at runSuite [90m(file:///c:/Users/RYZEN/.antigravity-ide/HandicapLab/[39mnode_modules/[4m@vitest/runner[24m/dist/index.js:1205:15[90m)[39m
    at runFiles [90m(file:///c:/Users/RYZEN/.antigravity-ide/HandicapLab/[39mnode_modules/[4m@vitest/runner[24m/dist/index.js:1262:5[90m)[39m
[GenerateSignals] Error generating OU predictions for match undefined: Error: [FeatureEngine] Match undefined not found in database.
    at FeatureEngine.build [90m(c:\Users\RYZEN\.antigravity-ide\HandicapLab\[39msrc\lib\engines\feature-engine\index.ts:44:13[90m)[39m
[90m    at processTicksAndRejections (node:internal/process/task_queues:104:5)[39m
    at handleGenerateSignals [90m(c:\Users\RYZEN\.antigravity-ide\HandicapLab\[39msrc\app\api\cron\generate-signals\route.ts:377:30[90m)[39m
    at [90mc:\Users\RYZEN\.antigravity-ide\HandicapLab\[39mtests\phase8.5.test.ts:180:24
    at [90mfile:///c:/Users/RYZEN/.antigravity-ide/HandicapLab/[39mnode_modules/[4m@vitest/runner[24m/dist/index.js:533:5
    at runTest [90m(file:///c:/Users/RYZEN/.antigravity-ide/HandicapLab/[39mnode_modules/[4m@vitest/runner[24m/dist/index.js:1056:11[90m)[39m
    at runSuite [90m(file:///c:/Users/RYZEN/.antigravity-ide/HandicapLab/[39mnode_modules/[4m@vitest/runner[24m/dist/index.js:1205:15[90m)[39m
    at runSuite [90m(file:///c:/Users/RYZEN/.antigravity-ide/HandicapLab/[39mnode_modules/[4m@vitest/runner[24m/dist/index.js:1205:15[90m)[39m
    at runSuite [90m(file:///c:/Users/RYZEN/.antigravity-ide/HandicapLab/[39mnode_modules/[4m@vitest/runner[24m/dist/index.js:1205:15[90m)[39m
    at runFiles [90m(file:///c:/Users/RYZEN/.antigravity-ide/HandicapLab/[39mnode_modules/[4m@vitest/runner[24m/dist/index.js:1262:5[90m)[39m
[GenerateSignals] Error generating ML predictions for match undefined: Error: [FeatureEngine] Match undefined not found in database.
    at FeatureEngine.build [90m(c:\Users\RYZEN\.antigravity-ide\HandicapLab\[39msrc\lib\engines\feature-engine\index.ts:44:13[90m)[39m
[90m    at processTicksAndRejections (node:internal/process/task_queues:104:5)[39m
    at handleGenerateSignals [90m(c:\Users\RYZEN\.antigravity-ide\HandicapLab\[39msrc\app\api\cron\generate-signals\route.ts:377:30[90m)[39m
    at [90mc:\Users\RYZEN\.antigravity-ide\HandicapLab\[39mtests\phase8.5.test.ts:180:24
    at [90mfile:///c:/Users/RYZEN/.antigravity-ide/HandicapLab/[39mnode_modules/[4m@vitest/runner[24m/dist/index.js:533:5
    at runTest [90m(file:///c:/Users/RYZEN/.antigravity-ide/HandicapLab/[39mnode_modules/[4m@vitest/runner[24m/dist/index.js:1056:11[90m)[39m
    at runSuite [90m(file:///c:/Users/RYZEN/.antigravity-ide/HandicapLab/[39mnode_modules/[4m@vitest/runner[24m/dist/index.js:1205:15[90m)[39m
    at runSuite [90m(file:///c:/Users/RYZEN/.antigravity-ide/HandicapLab/[39mnode_modules/[4m@vitest/runner[24m/dist/index.js:1205:15[90m)[39m
    at runSuite [90m(file:///c:/Users/RYZEN/.antigravity-ide/HandicapLab/[39mnode_modules/[4m@vitest/runner[24m/dist/index.js:1205:15[90m)[39m
    at runFiles [90m(file:///c:/Users/RYZEN/.antigravity-ide/HandicapLab/[39mnode_modules/[4m@vitest/runner[24m/dist/index.js:1262:5[90m)[39m
[GenerateSignals] Error generating AH predictions for match undefined: Error: [FeatureEngine] Match undefined not found in database.
    at FeatureEngine.build [90m(c:\Users\RYZEN\.antigravity-ide\HandicapLab\[39msrc\lib\engines\feature-engine\index.ts:44:13[90m)[39m
[90m    at processTicksAndRejections (node:internal/process/task_queues:104:5)[39m
    at handleGenerateSignals [90m(c:\Users\RYZEN\.antigravity-ide\HandicapLab\[39msrc\app\api\cron\generate-signals\route.ts:377:30[90m)[39m
    at [90mc:\Users\RYZEN\.antigravity-ide\HandicapLab\[39mtests\phase8.5.test.ts:180:24
    at [90mfile:///c:/Users/RYZEN/.antigravity-ide/HandicapLab/[39mnode_modules/[4m@vitest/runner[24m/dist/index.js:533:5
    at runTest [90m(file:///c:/Users/RYZEN/.antigravity-ide/HandicapLab/[39mnode_modules/[4m@vitest/runner[24m/dist/index.js:1056:11[90m)[39m
    at runSuite [90m(file:///c:/Users/RYZEN/.antigravity-ide/HandicapLab/[39mnode_modules/[4m@vitest/runner[24m/dist/index.js:1205:15[90m)[39m
    at runSuite [90m(file:///c:/Users/RYZEN/.antigravity-ide/HandicapLab/[39mnode_modules/[4m@vitest/runner[24m/dist/index.js:1205:15[90m)[39m
    at runSuite [90m(file:///c:/Users/RYZEN/.antigravity-ide/HandicapLab/[39mnode_modules/[4m@vitest/runner[24m/dist/index.js:1205:15[90m)[39m
    at runFiles [90m(file:///c:/Users/RYZEN/.antigravity-ide/HandicapLab/[39mnode_modules/[4m@vitest/runner[24m/dist/index.js:1262:5[90m)[39m
[GenerateSignals] Error generating OU predictions for match undefined: Error: [FeatureEngine] Match undefined not found in database.
    at FeatureEngine.build [90m(c:\Users\RYZEN\.antigravity-ide\HandicapLab\[39msrc\lib\engines\feature-engine\index.ts:44:13[90m)[39m
[90m    at processTicksAndRejections (node:internal/process/task_queues:104:5)[39m
    at handleGenerateSignals [90m(c:\Users\RYZEN\.antigravity-ide\HandicapLab\[39msrc\app\api\cron\generate-signals\route.ts:377:30[90m)[39m
    at [90mc:\Users\RYZEN\.antigravity-ide\HandicapLab\[39mtests\phase8.5.test.ts:180:24
    at [90mfile:///c:/Users/RYZEN/.antigravity-ide/HandicapLab/[39mnode_modules/[4m@vitest/runner[24m/dist/index.js:533:5
    at runTest [90m(file:///c:/Users/RYZEN/.antigravity-ide/HandicapLab/[39mnode_modules/[4m@vitest/runner[24m/dist/index.js:1056:11[90m)[39m
    at runSuite [90m(file:///c:/Users/RYZEN/.antigravity-ide/HandicapLab/[39mnode_modules/[4m@vitest/runner[24m/dist/index.js:1205:15[90m)[39m
    at runSuite [90m(file:///c:/Users/RYZEN/.antigravity-ide/HandicapLab/[39mnode_modules/[4m@vitest/runner[24m/dist/index.js:1205:15[90m)[39m
    at runSuite [90m(file:///c:/Users/RYZEN/.antigravity-ide/HandicapLab/[39mnode_modules/[4m@vitest/runner[24m/dist/index.js:1205:15[90m)[39m
    at runFiles [90m(file:///c:/Users/RYZEN/.antigravity-ide/HandicapLab/[39mnode_modules/[4m@vitest/runner[24m/dist/index.js:1262:5[90m)[39m
[GenerateSignals] Error generating ML predictions for match undefined: Error: [FeatureEngine] Match undefined not found in database.
    at FeatureEngine.build [90m(c:\Users\RYZEN\.antigravity-ide\HandicapLab\[39msrc\lib\engines\feature-engine\index.ts:44:13[90m)[39m
[90m    at processTicksAndRejections (node:internal/process/task_queues:104:5)[39m
    at handleGenerateSignals [90m(c:\Users\RYZEN\.antigravity-ide\HandicapLab\[39msrc\app\api\cron\generate-signals\route.ts:377:30[90m)[39m
    at [90mc:\Users\RYZEN\.antigravity-ide\HandicapLab\[39mtests\phase8.5.test.ts:180:24
    at [90mfile:///c:/Users/RYZEN/.antigravity-ide/HandicapLab/[39mnode_modules/[4m@vitest/runner[24m/dist/index.js:533:5
    at runTest [90m(file:///c:/Users/RYZEN/.antigravity-ide/HandicapLab/[39mnode_modules/[4m@vitest/runner[24m/dist/index.js:1056:11[90m)[39m
    at runSuite [90m(file:///c:/Users/RYZEN/.antigravity-ide/HandicapLab/[39mnode_modules/[4m@vitest/runner[24m/dist/index.js:1205:15[90m)[39m
    at runSuite [90m(file:///c:/Users/RYZEN/.antigravity-ide/HandicapLab/[39mnode_modules/[4m@vitest/runner[24m/dist/index.js:1205:15[90m)[39m
    at runSuite [90m(file:///c:/Users/RYZEN/.antigravity-ide/HandicapLab/[39mnode_modules/[4m@vitest/runner[24m/dist/index.js:1205:15[90m)[39m
    at runFiles [90m(file:///c:/Users/RYZEN/.antigravity-ide/HandicapLab/[39mnode_modules/[4m@vitest/runner[24m/dist/index.js:1262:5[90m)[39m
[GenerateSignals] Error generating AH predictions for match undefined: Error: [FeatureEngine] Match undefined not found in database.
    at FeatureEngine.build [90m(c:\Users\RYZEN\.antigravity-ide\HandicapLab\[39msrc\lib\engines\feature-engine\index.ts:44:13[90m)[39m
[90m    at processTicksAndRejections (node:internal/process/task_queues:104:5)[39m
    at handleGenerateSignals [90m(c:\Users\RYZEN\.antigravity-ide\HandicapLab\[39msrc\app\api\cron\generate-signals\route.ts:377:30[90m)[39m
    at [90mc:\Users\RYZEN\.antigravity-ide\HandicapLab\[39mtests\phase8.5.test.ts:180:24
    at [90mfile:///c:/Users/RYZEN/.antigravity-ide/HandicapLab/[39mnode_modules/[4m@vitest/runner[24m/dist/index.js:533:5
    at runTest [90m(file:///c:/Users/RYZEN/.antigravity-ide/HandicapLab/[39mnode_modules/[4m@vitest/runner[24m/dist/index.js:1056:11[90m)[39m
    at runSuite [90m(file:///c:/Users/RYZEN/.antigravity-ide/HandicapLab/[39mnode_modules/[4m@vitest/runner[24m/dist/index.js:1205:15[90m)[39m
    at runSuite [90m(file:///c:/Users/RYZEN/.antigravity-ide/HandicapLab/[39mnode_modules/[4m@vitest/runner[24m/dist/index.js:1205:15[90m)[39m
    at runSuite [90m(file:///c:/Users/RYZEN/.antigravity-ide/HandicapLab/[39mnode_modules/[4m@vitest/runner[24m/dist/index.js:1205:15[90m)[39m
    at runFiles [90m(file:///c:/Users/RYZEN/.antigravity-ide/HandicapLab/[39mnode_modules/[4m@vitest/runner[24m/dist/index.js:1262:5[90m)[39m
[GenerateSignals] Error generating OU predictions for match undefined: Error: [FeatureEngine] Match undefined not found in database.
    at FeatureEngine.build [90m(c:\Users\RYZEN\.antigravity-ide\HandicapLab\[39msrc\lib\engines\feature-engine\index.ts:44:13[90m)[39m
[90m    at processTicksAndRejections (node:internal/process/task_queues:104:5)[39m
    at handleGenerateSignals [90m(c:\Users\RYZEN\.antigravity-ide\HandicapLab\[39msrc\app\api\cron\generate-signals\route.ts:377:30[90m)[39m
    at [90mc:\Users\RYZEN\.antigravity-ide\HandicapLab\[39mtests\phase8.5.test.ts:180:24
    at [90mfile:///c:/Users/RYZEN/.antigravity-ide/HandicapLab/[39mnode_modules/[4m@vitest/runner[24m/dist/index.js:533:5
    at runTest [90m(file:///c:/Users/RYZEN/.antigravity-ide/HandicapLab/[39mnode_modules/[4m@vitest/runner[24m/dist/index.js:1056:11[90m)[39m
    at runSuite [90m(file:///c:/Users/RYZEN/.antigravity-ide/HandicapLab/[39mnode_modules/[4m@vitest/runner[24m/dist/index.js:1205:15[90m)[39m
    at runSuite [90m(file:///c:/Users/RYZEN/.antigravity-ide/HandicapLab/[39mnode_modules/[4m@vitest/runner[24m/dist/index.js:1205:15[90m)[39m
    at runSuite [90m(file:///c:/Users/RYZEN/.antigravity-ide/HandicapLab/[39mnode_modules/[4m@vitest/runner[24m/dist/index.js:1205:15[90m)[39m
    at runFiles [90m(file:///c:/Users/RYZEN/.antigravity-ide/HandicapLab/[39mnode_modules/[4m@vitest/runner[24m/dist/index.js:1262:5[90m)[39m
[GenerateSignals] Error generating ML predictions for match undefined: Error: [FeatureEngine] Match undefined not found in database.
    at FeatureEngine.build [90m(c:\Users\RYZEN\.antigravity-ide\HandicapLab\[39msrc\lib\engines\feature-engine\index.ts:44:13[90m)[39m
[90m    at processTicksAndRejections (node:internal/process/task_queues:104:5)[39m
    at handleGenerateSignals [90m(c:\Users\RYZEN\.antigravity-ide\HandicapLab\[39msrc\app\api\cron\generate-signals\route.ts:377:30[90m)[39m
    at [90mc:\Users\RYZEN\.antigravity-ide\HandicapLab\[39mtests\phase8.5.test.ts:180:24
    at [90mfile:///c:/Users/RYZEN/.antigravity-ide/HandicapLab/[39mnode_modules/[4m@vitest/runner[24m/dist/index.js:533:5
    at runTest [90m(file:///c:/Users/RYZEN/.antigravity-ide/HandicapLab/[39mnode_modules/[4m@vitest/runner[24m/dist/index.js:1056:11[90m)[39m
    at runSuite [90m(file:///c:/Users/RYZEN/.antigravity-ide/HandicapLab/[39mnode_modules/[4m@vitest/runner[24m/dist/index.js:1205:15[90m)[39m
    at runSuite [90m(file:///c:/Users/RYZEN/.antigravity-ide/HandicapLab/[39mnode_modules/[4m@vitest/runner[24m/dist/index.js:1205:15[90m)[39m
    at runSuite [90m(file:///c:/Users/RYZEN/.antigravity-ide/HandicapLab/[39mnode_modules/[4m@vitest/runner[24m/dist/index.js:1205:15[90m)[39m
    at runFiles [90m(file:///c:/Users/RYZEN/.antigravity-ide/HandicapLab/[39mnode_modules/[4m@vitest/runner[24m/dist/index.js:1262:5[90m)[39m
[GenerateSignals] Error generating AH predictions for match undefined: Error: [FeatureEngine] Match undefined not found in database.
    at FeatureEngine.build [90m(c:\Users\RYZEN\.antigravity-ide\HandicapLab\[39msrc\lib\engines\feature-engine\index.ts:44:13[90m)[39m
[90m    at processTicksAndRejections (node:internal/process/task_queues:104:5)[39m
    at handleGenerateSignals [90m(c:\Users\RYZEN\.antigravity-ide\HandicapLab\[39msrc\app\api\cron\generate-signals\route.ts:377:30[90m)[39m
    at [90mc:\Users\RYZEN\.antigravity-ide\HandicapLab\[39mtests\phase8.5.test.ts:180:24
    at [90mfile:///c:/Users/RYZEN/.antigravity-ide/HandicapLab/[39mnode_modules/[4m@vitest/runner[24m/dist/index.js:533:5
    at runTest [90m(file:///c:/Users/RYZEN/.antigravity-ide/HandicapLab/[39mnode_modules/[4m@vitest/runner[24m/dist/index.js:1056:11[90m)[39m
    at runSuite [90m(file:///c:/Users/RYZEN/.antigravity-ide/HandicapLab/[39mnode_modules/[4m@vitest/runner[24m/dist/index.js:1205:15[90m)[39m
    at runSuite [90m(file:///c:/Users/RYZEN/.antigravity-ide/HandicapLab/[39mnode_modules/[4m@vitest/runner[24m/dist/index.js:1205:15[90m)[39m
    at runSuite [90m(file:///c:/Users/RYZEN/.antigravity-ide/HandicapLab/[39mnode_modules/[4m@vitest/runner[24m/dist/index.js:1205:15[90m)[39m
    at runFiles [90m(file:///c:/Users/RYZEN/.antigravity-ide/HandicapLab/[39mnode_modules/[4m@vitest/runner[24m/dist/index.js:1262:5[90m)[39m
[GenerateSignals] Error generating OU predictions for match undefined: Error: [FeatureEngine] Match undefined not found in database.
    at FeatureEngine.build [90m(c:\Users\RYZEN\.antigravity-ide\HandicapLab\[39msrc\lib\engines\feature-engine\index.ts:44:13[90m)[39m
[90m    at processTicksAndRejections (node:internal/process/task_queues:104:5)[39m
    at handleGenerateSignals [90m(c:\Users\RYZEN\.antigravity-ide\HandicapLab\[39msrc\app\api\cron\generate-signals\route.ts:377:30[90m)[39m
    at [90mc:\Users\RYZEN\.antigravity-ide\HandicapLab\[39mtests\phase8.5.test.ts:180:24
    at [90mfile:///c:/Users/RYZEN/.antigravity-ide/HandicapLab/[39mnode_modules/[4m@vitest/runner[24m/dist/index.js:533:5
    at runTest [90m(file:///c:/Users/RYZEN/.antigravity-ide/HandicapLab/[39mnode_modules/[4m@vitest/runner[24m/dist/index.js:1056:11[90m)[39m
    at runSuite [90m(file:///c:/Users/RYZEN/.antigravity-ide/HandicapLab/[39mnode_modules/[4m@vitest/runner[24m/dist/index.js:1205:15[90m)[39m
    at runSuite [90m(file:///c:/Users/RYZEN/.antigravity-ide/HandicapLab/[39mnode_modules/[4m@vitest/runner[24m/dist/index.js:1205:15[90m)[39m
    at runSuite [90m(file:///c:/Users/RYZEN/.antigravity-ide/HandicapLab/[39mnode_modules/[4m@vitest/runner[24m/dist/index.js:1205:15[90m)[39m
    at runFiles [90m(file:///c:/Users/RYZEN/.antigravity-ide/HandicapLab/[39mnode_modules/[4m@vitest/runner[24m/dist/index.js:1262:5[90m)[39m
[GenerateSignals] Error generating ML predictions for match undefined: Error: [FeatureEngine] Match undefined not found in database.
    at FeatureEngine.build [90m(c:\Users\RYZEN\.antigravity-ide\HandicapLab\[39msrc\lib\engines\feature-engine\index.ts:44:13[90m)[39m
[90m    at processTicksAndRejections (node:internal/process/task_queues:104:5)[39m
    at handleGenerateSignals [90m(c:\Users\RYZEN\.antigravity-ide\HandicapLab\[39msrc\app\api\cron\generate-signals\route.ts:377:30[90m)[39m
    at [90mc:\Users\RYZEN\.antigravity-ide\HandicapLab\[39mtests\phase8.5.test.ts:180:24
    at [90mfile:///c:/Users/RYZEN/.antigravity-ide/HandicapLab/[39mnode_modules/[4m@vitest/runner[24m/dist/index.js:533:5
    at runTest [90m(file:///c:/Users/RYZEN/.antigravity-ide/HandicapLab/[39mnode_modules/[4m@vitest/runner[24m/dist/index.js:1056:11[90m)[39m
    at runSuite [90m(file:///c:/Users/RYZEN/.antigravity-ide/HandicapLab/[39mnode_modules/[4m@vitest/runner[24m/dist/index.js:1205:15[90m)[39m
    at runSuite [90m(file:///c:/Users/RYZEN/.antigravity-ide/HandicapLab/[39mnode_modules/[4m@vitest/runner[24m/dist/index.js:1205:15[90m)[39m
    at runSuite [90m(file:///c:/Users/RYZEN/.antigravity-ide/HandicapLab/[39mnode_modules/[4m@vitest/runner[24m/dist/index.js:1205:15[90m)[39m
    at runFiles [90m(file:///c:/Users/RYZEN/.antigravity-ide/HandicapLab/[39mnode_modules/[4m@vitest/runner[24m/dist/index.js:1262:5[90m)[39m
[GenerateSignals] Error generating AH predictions for match undefined: Error: [FeatureEngine] Match undefined not found in database.
    at FeatureEngine.build [90m(c:\Users\RYZEN\.antigravity-ide\HandicapLab\[39msrc\lib\engines\feature-engine\index.ts:44:13[90m)[39m
[90m    at processTicksAndRejections (node:internal/process/task_queues:104:5)[39m
    at handleGenerateSignals [90m(c:\Users\RYZEN\.antigravity-ide\HandicapLab\[39msrc\app\api\cron\generate-signals\route.ts:377:30[90m)[39m
    at [90mc:\Users\RYZEN\.antigravity-ide\HandicapLab\[39mtests\phase8.5.test.ts:180:24
    at [90mfile:///c:/Users/RYZEN/.antigravity-ide/HandicapLab/[39mnode_modules/[4m@vitest/runner[24m/dist/index.js:533:5
    at runTest [90m(file:///c:/Users/RYZEN/.antigravity-ide/HandicapLab/[39mnode_modules/[4m@vitest/runner[24m/dist/index.js:1056:11[90m)[39m
    at runSuite [90m(file:///c:/Users/RYZEN/.antigravity-ide/HandicapLab/[39mnode_modules/[4m@vitest/runner[24m/dist/index.js:1205:15[90m)[39m
    at runSuite [90m(file:///c:/Users/RYZEN/.antigravity-ide/HandicapLab/[39mnode_modules/[4m@vitest/runner[24m/dist/index.js:1205:15[90m)[39m
    at runSuite [90m(file:///c:/Users/RYZEN/.antigravity-ide/HandicapLab/[39mnode_modules/[4m@vitest/runner[24m/dist/index.js:1205:15[90m)[39m
    at runFiles [90m(file:///c:/Users/RYZEN/.antigravity-ide/HandicapLab/[39mnode_modules/[4m@vitest/runner[24m/dist/index.js:1262:5[90m)[39m
[GenerateSignals] Error generating OU predictions for match undefined: Error: [FeatureEngine] Match undefined not found in database.
    at FeatureEngine.build [90m(c:\Users\RYZEN\.antigravity-ide\HandicapLab\[39msrc\lib\engines\feature-engine\index.ts:44:13[90m)[39m
[90m    at processTicksAndRejections (node:internal/process/task_queues:104:5)[39m
    at handleGenerateSignals [90m(c:\Users\RYZEN\.antigravity-ide\HandicapLab\[39msrc\app\api\cron\generate-signals\route.ts:377:30[90m)[39m
    at [90mc:\Users\RYZEN\.antigravity-ide\HandicapLab\[39mtests\phase8.5.test.ts:180:24
    at [90mfile:///c:/Users/RYZEN/.antigravity-ide/HandicapLab/[39mnode_modules/[4m@vitest/runner[24m/dist/index.js:533:5
    at runTest [90m(file:///c:/Users/RYZEN/.antigravity-ide/HandicapLab/[39mnode_modules/[4m@vitest/runner[24m/dist/index.js:1056:11[90m)[39m
    at runSuite [90m(file:///c:/Users/RYZEN/.antigravity-ide/HandicapLab/[39mnode_modules/[4m@vitest/runner[24m/dist/index.js:1205:15[90m)[39m
    at runSuite [90m(file:///c:/Users/RYZEN/.antigravity-ide/HandicapLab/[39mnode_modules/[4m@vitest/runner[24m/dist/index.js:1205:15[90m)[39m
    at runSuite [90m(file:///c:/Users/RYZEN/.antigravity-ide/HandicapLab/[39mnode_modules/[4m@vitest/runner[24m/dist/index.js:1205:15[90m)[39m
    at runFiles [90m(file:///c:/Users/RYZEN/.antigravity-ide/HandicapLab/[39mnode_modules/[4m@vitest/runner[24m/dist/index.js:1262:5[90m)[39m
[GenerateSignals] Error generating ML predictions for match undefined: Error: [FeatureEngine] Match undefined not found in database.
    at FeatureEngine.build [90m(c:\Users\RYZEN\.antigravity-ide\HandicapLab\[39msrc\lib\engines\feature-engine\index.ts:44:13[90m)[39m
[90m    at processTicksAndRejections (node:internal/process/task_queues:104:5)[39m
    at handleGenerateSignals [90m(c:\Users\RYZEN\.antigravity-ide\HandicapLab\[39msrc\app\api\cron\generate-signals\route.ts:377:30[90m)[39m
    at [90mc:\Users\RYZEN\.antigravity-ide\HandicapLab\[39mtests\phase8.5.test.ts:180:24
    at [90mfile:///c:/Users/RYZEN/.antigravity-ide/HandicapLab/[39mnode_modules/[4m@vitest/runner[24m/dist/index.js:533:5
    at runTest [90m(file:///c:/Users/RYZEN/.antigravity-ide/HandicapLab/[39mnode_modules/[4m@vitest/runner[24m/dist/index.js:1056:11[90m)[39m
    at runSuite [90m(file:///c:/Users/RYZEN/.antigravity-ide/HandicapLab/[39mnode_modules/[4m@vitest/runner[24m/dist/index.js:1205:15[90m)[39m
    at runSuite [90m(file:///c:/Users/RYZEN/.antigravity-ide/HandicapLab/[39mnode_modules/[4m@vitest/runner[24m/dist/index.js:1205:15[90m)[39m
    at runSuite [90m(file:///c:/Users/RYZEN/.antigravity-ide/HandicapLab/[39mnode_modules/[4m@vitest/runner[24m/dist/index.js:1205:15[90m)[39m
    at runFiles [90m(file:///c:/Users/RYZEN/.antigravity-ide/HandicapLab/[39mnode_modules/[4m@vitest/runner[24m/dist/index.js:1262:5[90m)[39m
[GenerateSignals] Error generating AH predictions for match undefined: Error: [FeatureEngine] Match undefined not found in database.
    at FeatureEngine.build [90m(c:\Users\RYZEN\.antigravity-ide\HandicapLab\[39msrc\lib\engines\feature-engine\index.ts:44:13[90m)[39m
[90m    at processTicksAndRejections (node:internal/process/task_queues:104:5)[39m
    at handleGenerateSignals [90m(c:\Users\RYZEN\.antigravity-ide\HandicapLab\[39msrc\app\api\cron\generate-signals\route.ts:377:30[90m)[39m
    at [90mc:\Users\RYZEN\.antigravity-ide\HandicapLab\[39mtests\phase8.5.test.ts:180:24
    at [90mfile:///c:/Users/RYZEN/.antigravity-ide/HandicapLab/[39mnode_modules/[4m@vitest/runner[24m/dist/index.js:533:5
    at runTest [90m(file:///c:/Users/RYZEN/.antigravity-ide/HandicapLab/[39mnode_modules/[4m@vitest/runner[24m/dist/index.js:1056:11[90m)[39m
    at runSuite [90m(file:///c:/Users/RYZEN/.antigravity-ide/HandicapLab/[39mnode_modules/[4m@vitest/runner[24m/dist/index.js:1205:15[90m)[39m
    at runSuite [90m(file:///c:/Users/RYZEN/.antigravity-ide/HandicapLab/[39mnode_modules/[4m@vitest/runner[24m/dist/index.js:1205:15[90m)[39m
    at runSuite [90m(file:///c:/Users/RYZEN/.antigravity-ide/HandicapLab/[39mnode_modules/[4m@vitest/runner[24m/dist/index.js:1205:15[90m)[39m
    at runFiles [90m(file:///c:/Users/RYZEN/.antigravity-ide/HandicapLab/[39mnode_modules/[4m@vitest/runner[24m/dist/index.js:1262:5[90m)[39m
[GenerateSignals] Error generating OU predictions for match undefined: Error: [FeatureEngine] Match undefined not found in database.
    at FeatureEngine.build [90m(c:\Users\RYZEN\.antigravity-ide\HandicapLab\[39msrc\lib\engines\feature-engine\index.ts:44:13[90m)[39m
[90m    at processTicksAndRejections (node:internal/process/task_queues:104:5)[39m
    at handleGenerateSignals [90m(c:\Users\RYZEN\.antigravity-ide\HandicapLab\[39msrc\app\api\cron\generate-signals\route.ts:377:30[90m)[39m
    at [90mc:\Users\RYZEN\.antigravity-ide\HandicapLab\[39mtests\phase8.5.test.ts:180:24
    at [90mfile:///c:/Users/RYZEN/.antigravity-ide/HandicapLab/[39mnode_modules/[4m@vitest/runner[24m/dist/index.js:533:5
    at runTest [90m(file:///c:/Users/RYZEN/.antigravity-ide/HandicapLab/[39mnode_modules/[4m@vitest/runner[24m/dist/index.js:1056:11[90m)[39m
    at runSuite [90m(file:///c:/Users/RYZEN/.antigravity-ide/HandicapLab/[39mnode_modules/[4m@vitest/runner[24m/dist/index.js:1205:15[90m)[39m
    at runSuite [90m(file:///c:/Users/RYZEN/.antigravity-ide/HandicapLab/[39mnode_modules/[4m@vitest/runner[24m/dist/index.js:1205:15[90m)[39m
    at runSuite [90m(file:///c:/Users/RYZEN/.antigravity-ide/HandicapLab/[39mnode_modules/[4m@vitest/runner[24m/dist/index.js:1205:15[90m)[39m
    at runFiles [90m(file:///c:/Users/RYZEN/.antigravity-ide/HandicapLab/[39mnode_modules/[4m@vitest/runner[24m/dist/index.js:1262:5[90m)[39m
[GenerateSignals] Error generating ML predictions for match undefined: Error: [FeatureEngine] Match undefined not found in database.
    at FeatureEngine.build [90m(c:\Users\RYZEN\.antigravity-ide\HandicapLab\[39msrc\lib\engines\feature-engine\index.ts:44:13[90m)[39m
[90m    at processTicksAndRejections (node:internal/process/task_queues:104:5)[39m
    at handleGenerateSignals [90m(c:\Users\RYZEN\.antigravity-ide\HandicapLab\[39msrc\app\api\cron\generate-signals\route.ts:377:30[90m)[39m
    at [90mc:\Users\RYZEN\.antigravity-ide\HandicapLab\[39mtests\phase8.5.test.ts:180:24
    at [90mfile:///c:/Users/RYZEN/.antigravity-ide/HandicapLab/[39mnode_modules/[4m@vitest/runner[24m/dist/index.js:533:5
    at runTest [90m(file:///c:/Users/RYZEN/.antigravity-ide/HandicapLab/[39mnode_modules/[4m@vitest/runner[24m/dist/index.js:1056:11[90m)[39m
    at runSuite [90m(file:///c:/Users/RYZEN/.antigravity-ide/HandicapLab/[39mnode_modules/[4m@vitest/runner[24m/dist/index.js:1205:15[90m)[39m
    at runSuite [90m(file:///c:/Users/RYZEN/.antigravity-ide/HandicapLab/[39mnode_modules/[4m@vitest/runner[24m/dist/index.js:1205:15[90m)[39m
    at runSuite [90m(file:///c:/Users/RYZEN/.antigravity-ide/HandicapLab/[39mnode_modules/[4m@vitest/runner[24m/dist/index.js:1205:15[90m)[39m
    at runFiles [90m(file:///c:/Users/RYZEN/.antigravity-ide/HandicapLab/[39mnode_modules/[4m@vitest/runner[24m/dist/index.js:1262:5[90m)[39m
[GenerateSignals] Error generating AH predictions for match undefined: Error: [FeatureEngine] Match undefined not found in database.
    at FeatureEngine.build [90m(c:\Users\RYZEN\.antigravity-ide\HandicapLab\[39msrc\lib\engines\feature-engine\index.ts:44:13[90m)[39m
[90m    at processTicksAndRejections (node:internal/process/task_queues:104:5)[39m
    at handleGenerateSignals [90m(c:\Users\RYZEN\.antigravity-ide\HandicapLab\[39msrc\app\api\cron\generate-signals\route.ts:377:30[90m)[39m
    at [90mc:\Users\RYZEN\.antigravity-ide\HandicapLab\[39mtests\phase8.5.test.ts:180:24
    at [90mfile:///c:/Users/RYZEN/.antigravity-ide/HandicapLab/[39mnode_modules/[4m@vitest/runner[24m/dist/index.js:533:5
    at runTest [90m(file:///c:/Users/RYZEN/.antigravity-ide/HandicapLab/[39mnode_modules/[4m@vitest/runner[24m/dist/index.js:1056:11[90m)[39m
    at runSuite [90m(file:///c:/Users/RYZEN/.antigravity-ide/HandicapLab/[39mnode_modules/[4m@vitest/runner[24m/dist/index.js:1205:15[90m)[39m
    at runSuite [90m(file:///c:/Users/RYZEN/.antigravity-ide/HandicapLab/[39mnode_modules/[4m@vitest/runner[24m/dist/index.js:1205:15[90m)[39m
    at runSuite [90m(file:///c:/Users/RYZEN/.antigravity-ide/HandicapLab/[39mnode_modules/[4m@vitest/runner[24m/dist/index.js:1205:15[90m)[39m
    at runFiles [90m(file:///c:/Users/RYZEN/.antigravity-ide/HandicapLab/[39mnode_modules/[4m@vitest/runner[24m/dist/index.js:1262:5[90m)[39m
[GenerateSignals] Error generating OU predictions for match undefined: Error: [FeatureEngine] Match undefined not found in database.
    at FeatureEngine.build [90m(c:\Users\RYZEN\.antigravity-ide\HandicapLab\[39msrc\lib\engines\feature-engine\index.ts:44:13[90m)[39m
[90m    at processTicksAndRejections (node:internal/process/task_queues:104:5)[39m
    at handleGenerateSignals [90m(c:\Users\RYZEN\.antigravity-ide\HandicapLab\[39msrc\app\api\cron\generate-signals\route.ts:377:30[90m)[39m
    at [90mc:\Users\RYZEN\.antigravity-ide\HandicapLab\[39mtests\phase8.5.test.ts:180:24
    at [90mfile:///c:/Users/RYZEN/.antigravity-ide/HandicapLab/[39mnode_modules/[4m@vitest/runner[24m/dist/index.js:533:5
    at runTest [90m(file:///c:/Users/RYZEN/.antigravity-ide/HandicapLab/[39mnode_modules/[4m@vitest/runner[24m/dist/index.js:1056:11[90m)[39m
    at runSuite [90m(file:///c:/Users/RYZEN/.antigravity-ide/HandicapLab/[39mnode_modules/[4m@vitest/runner[24m/dist/index.js:1205:15[90m)[39m
    at runSuite [90m(file:///c:/Users/RYZEN/.antigravity-ide/HandicapLab/[39mnode_modules/[4m@vitest/runner[24m/dist/index.js:1205:15[90m)[39m
    at runSuite [90m(file:///c:/Users/RYZEN/.antigravity-ide/HandicapLab/[39mnode_modules/[4m@vitest/runner[24m/dist/index.js:1205:15[90m)[39m
    at runFiles [90m(file:///c:/Users/RYZEN/.antigravity-ide/HandicapLab/[39mnode_modules/[4m@vitest/runner[24m/dist/index.js:1262:5[90m)[39m
[GenerateSignals] Error generating ML predictions for match undefined: Error: [FeatureEngine] Match undefined not found in database.
    at FeatureEngine.build [90m(c:\Users\RYZEN\.antigravity-ide\HandicapLab\[39msrc\lib\engines\feature-engine\index.ts:44:13[90m)[39m
[90m    at processTicksAndRejections (node:internal/process/task_queues:104:5)[39m
    at handleGenerateSignals [90m(c:\Users\RYZEN\.antigravity-ide\HandicapLab\[39msrc\app\api\cron\generate-signals\route.ts:377:30[90m)[39m
    at [90mc:\Users\RYZEN\.antigravity-ide\HandicapLab\[39mtests\phase8.5.test.ts:180:24
    at [90mfile:///c:/Users/RYZEN/.antigravity-ide/HandicapLab/[39mnode_modules/[4m@vitest/runner[24m/dist/index.js:533:5
    at runTest [90m(file:///c:/Users/RYZEN/.antigravity-ide/HandicapLab/[39mnode_modules/[4m@vitest/runner[24m/dist/index.js:1056:11[90m)[39m
    at runSuite [90m(file:///c:/Users/RYZEN/.antigravity-ide/HandicapLab/[39mnode_modules/[4m@vitest/runner[24m/dist/index.js:1205:15[90m)[39m
    at runSuite [90m(file:///c:/Users/RYZEN/.antigravity-ide/HandicapLab/[39mnode_modules/[4m@vitest/runner[24m/dist/index.js:1205:15[90m)[39m
    at runSuite [90m(file:///c:/Users/RYZEN/.antigravity-ide/HandicapLab/[39mnode_modules/[4m@vitest/runner[24m/dist/index.js:1205:15[90m)[39m
    at runFiles [90m(file:///c:/Users/RYZEN/.antigravity-ide/HandicapLab/[39mnode_modules/[4m@vitest/runner[24m/dist/index.js:1262:5[90m)[39m
[GenerateSignals] Error generating AH predictions for match undefined: Error: [FeatureEngine] Match undefined not found in database.
    at FeatureEngine.build [90m(c:\Users\RYZEN\.antigravity-ide\HandicapLab\[39msrc\lib\engines\feature-engine\index.ts:44:13[90m)[39m
[90m    at processTicksAndRejections (node:internal/process/task_queues:104:5)[39m
    at handleGenerateSignals [90m(c:\Users\RYZEN\.antigravity-ide\HandicapLab\[39msrc\app\api\cron\generate-signals\route.ts:377:30[90m)[39m
    at [90mc:\Users\RYZEN\.antigravity-ide\HandicapLab\[39mtests\phase8.5.test.ts:180:24
    at [90mfile:///c:/Users/RYZEN/.antigravity-ide/HandicapLab/[39mnode_modules/[4m@vitest/runner[24m/dist/index.js:533:5
    at runTest [90m(file:///c:/Users/RYZEN/.antigravity-ide/HandicapLab/[39mnode_modules/[4m@vitest/runner[24m/dist/index.js:1056:11[90m)[39m
    at runSuite [90m(file:///c:/Users/RYZEN/.antigravity-ide/HandicapLab/[39mnode_modules/[4m@vitest/runner[24m/dist/index.js:1205:15[90m)[39m
    at runSuite [90m(file:///c:/Users/RYZEN/.antigravity-ide/HandicapLab/[39mnode_modules/[4m@vitest/runner[24m/dist/index.js:1205:15[90m)[39m
    at runSuite [90m(file:///c:/Users/RYZEN/.antigravity-ide/HandicapLab/[39mnode_modules/[4m@vitest/runner[24m/dist/index.js:1205:15[90m)[39m
    at runFiles [90m(file:///c:/Users/RYZEN/.antigravity-ide/HandicapLab/[39mnode_modules/[4m@vitest/runner[24m/dist/index.js:1262:5[90m)[39m
[GenerateSignals] Error generating OU predictions for match undefined: Error: [FeatureEngine] Match undefined not found in database.
    at FeatureEngine.build [90m(c:\Users\RYZEN\.antigravity-ide\HandicapLab\[39msrc\lib\engines\feature-engine\index.ts:44:13[90m)[39m
[90m    at processTicksAndRejections (node:internal/process/task_queues:104:5)[39m
    at handleGenerateSignals [90m(c:\Users\RYZEN\.antigravity-ide\HandicapLab\[39msrc\app\api\cron\generate-signals\route.ts:377:30[90m)[39m
    at [90mc:\Users\RYZEN\.antigravity-ide\HandicapLab\[39mtests\phase8.5.test.ts:180:24
    at [90mfile:///c:/Users/RYZEN/.antigravity-ide/HandicapLab/[39mnode_modules/[4m@vitest/runner[24m/dist/index.js:533:5
    at runTest [90m(file:///c:/Users/RYZEN/.antigravity-ide/HandicapLab/[39mnode_modules/[4m@vitest/runner[24m/dist/index.js:1056:11[90m)[39m
    at runSuite [90m(file:///c:/Users/RYZEN/.antigravity-ide/HandicapLab/[39mnode_modules/[4m@vitest/runner[24m/dist/index.js:1205:15[90m)[39m
    at runSuite [90m(file:///c:/Users/RYZEN/.antigravity-ide/HandicapLab/[39mnode_modules/[4m@vitest/runner[24m/dist/index.js:1205:15[90m)[39m
    at runSuite [90m(file:///c:/Users/RYZEN/.antigravity-ide/HandicapLab/[39mnode_modules/[4m@vitest/runner[24m/dist/index.js:1205:15[90m)[39m
    at runFiles [90m(file:///c:/Users/RYZEN/.antigravity-ide/HandicapLab/[39mnode_modules/[4m@vitest/runner[24m/dist/index.js:1262:5[90m)[39m
[GenerateSignals] Error generating ML predictions for match undefined: Error: [FeatureEngine] Match undefined not found in database.
    at FeatureEngine.build [90m(c:\Users\RYZEN\.antigravity-ide\HandicapLab\[39msrc\lib\engines\feature-engine\index.ts:44:13[90m)[39m
[90m    at processTicksAndRejections (node:internal/process/task_queues:104:5)[39m
    at handleGenerateSignals [90m(c:\Users\RYZEN\.antigravity-ide\HandicapLab\[39msrc\app\api\cron\generate-signals\route.ts:377:30[90m)[39m
    at [90mc:\Users\RYZEN\.antigravity-ide\HandicapLab\[39mtests\phase8.5.test.ts:180:24
    at [90mfile:///c:/Users/RYZEN/.antigravity-ide/HandicapLab/[39mnode_modules/[4m@vitest/runner[24m/dist/index.js:533:5
    at runTest [90m(file:///c:/Users/RYZEN/.antigravity-ide/HandicapLab/[39mnode_modules/[4m@vitest/runner[24m/dist/index.js:1056:11[90m)[39m
    at runSuite [90m(file:///c:/Users/RYZEN/.antigravity-ide/HandicapLab/[39mnode_modules/[4m@vitest/runner[24m/dist/index.js:1205:15[90m)[39m
    at runSuite [90m(file:///c:/Users/RYZEN/.antigravity-ide/HandicapLab/[39mnode_modules/[4m@vitest/runner[24m/dist/index.js:1205:15[90m)[39m
    at runSuite [90m(file:///c:/Users/RYZEN/.antigravity-ide/HandicapLab/[39mnode_modules/[4m@vitest/runner[24m/dist/index.js:1205:15[90m)[39m
    at runFiles [90m(file:///c:/Users/RYZEN/.antigravity-ide/HandicapLab/[39mnode_modules/[4m@vitest/runner[24m/dist/index.js:1262:5[90m)[39m
[GenerateSignals] Error generating AH predictions for match undefined: Error: [FeatureEngine] Match undefined not found in database.
    at FeatureEngine.build [90m(c:\Users\RYZEN\.antigravity-ide\HandicapLab\[39msrc\lib\engines\feature-engine\index.ts:44:13[90m)[39m
[90m    at processTicksAndRejections (node:internal/process/task_queues:104:5)[39m
    at handleGenerateSignals [90m(c:\Users\RYZEN\.antigravity-ide\HandicapLab\[39msrc\app\api\cron\generate-signals\route.ts:377:30[90m)[39m
    at [90mc:\Users\RYZEN\.antigravity-ide\HandicapLab\[39mtests\phase8.5.test.ts:180:24
    at [90mfile:///c:/Users/RYZEN/.antigravity-ide/HandicapLab/[39mnode_modules/[4m@vitest/runner[24m/dist/index.js:533:5
    at runTest [90m(file:///c:/Users/RYZEN/.antigravity-ide/HandicapLab/[39mnode_modules/[4m@vitest/runner[24m/dist/index.js:1056:11[90m)[39m
    at runSuite [90m(file:///c:/Users/RYZEN/.antigravity-ide/HandicapLab/[39mnode_modules/[4m@vitest/runner[24m/dist/index.js:1205:15[90m)[39m
    at runSuite [90m(file:///c:/Users/RYZEN/.antigravity-ide/HandicapLab/[39mnode_modules/[4m@vitest/runner[24m/dist/index.js:1205:15[90m)[39m
    at runSuite [90m(file:///c:/Users/RYZEN/.antigravity-ide/HandicapLab/[39mnode_modules/[4m@vitest/runner[24m/dist/index.js:1205:15[90m)[39m
    at runFiles [90m(file:///c:/Users/RYZEN/.antigravity-ide/HandicapLab/[39mnode_modules/[4m@vitest/runner[24m/dist/index.js:1262:5[90m)[39m
[GenerateSignals] Error generating OU predictions for match undefined: Error: [FeatureEngine] Match undefined not found in database.
    at FeatureEngine.build [90m(c:\Users\RYZEN\.antigravity-ide\HandicapLab\[39msrc\lib\engines\feature-engine\index.ts:44:13[90m)[39m
[90m    at processTicksAndRejections (node:internal/process/task_queues:104:5)[39m
    at handleGenerateSignals [90m(c:\Users\RYZEN\.antigravity-ide\HandicapLab\[39msrc\app\api\cron\generate-signals\route.ts:377:30[90m)[39m
    at [90mc:\Users\RYZEN\.antigravity-ide\HandicapLab\[39mtests\phase8.5.test.ts:180:24
    at [90mfile:///c:/Users/RYZEN/.antigravity-ide/HandicapLab/[39mnode_modules/[4m@vitest/runner[24m/dist/index.js:533:5
    at runTest [90m(file:///c:/Users/RYZEN/.antigravity-ide/HandicapLab/[39mnode_modules/[4m@vitest/runner[24m/dist/index.js:1056:11[90m)[39m
    at runSuite [90m(file:///c:/Users/RYZEN/.antigravity-ide/HandicapLab/[39mnode_modules/[4m@vitest/runner[24m/dist/index.js:1205:15[90m)[39m
    at runSuite [90m(file:///c:/Users/RYZEN/.antigravity-ide/HandicapLab/[39mnode_modules/[4m@vitest/runner[24m/dist/index.js:1205:15[90m)[39m
    at runSuite [90m(file:///c:/Users/RYZEN/.antigravity-ide/HandicapLab/[39mnode_modules/[4m@vitest/runner[24m/dist/index.js:1205:15[90m)[39m
    at runFiles [90m(file:///c:/Users/RYZEN/.antigravity-ide/HandicapLab/[39mnode_modules/[4m@vitest/runner[24m/dist/index.js:1262:5[90m)[39m
[GenerateSignals] Error generating ML predictions for match undefined: Error: [FeatureEngine] Match undefined not found in database.
    at FeatureEngine.build [90m(c:\Users\RYZEN\.antigravity-ide\HandicapLab\[39msrc\lib\engines\feature-engine\index.ts:44:13[90m)[39m
[90m    at processTicksAndRejections (node:internal/process/task_queues:104:5)[39m
    at handleGenerateSignals [90m(c:\Users\RYZEN\.antigravity-ide\HandicapLab\[39msrc\app\api\cron\generate-signals\route.ts:377:30[90m)[39m
    at [90mc:\Users\RYZEN\.antigravity-ide\HandicapLab\[39mtests\phase8.5.test.ts:180:24
    at [90mfile:///c:/Users/RYZEN/.antigravity-ide/HandicapLab/[39mnode_modules/[4m@vitest/runner[24m/dist/index.js:533:5
    at runTest [90m(file:///c:/Users/RYZEN/.antigravity-ide/HandicapLab/[39mnode_modules/[4m@vitest/runner[24m/dist/index.js:1056:11[90m)[39m
    at runSuite [90m(file:///c:/Users/RYZEN/.antigravity-ide/HandicapLab/[39mnode_modules/[4m@vitest/runner[24m/dist/index.js:1205:15[90m)[39m
    at runSuite [90m(file:///c:/Users/RYZEN/.antigravity-ide/HandicapLab/[39mnode_modules/[4m@vitest/runner[24m/dist/index.js:1205:15[90m)[39m
    at runSuite [90m(file:///c:/Users/RYZEN/.antigravity-ide/HandicapLab/[39mnode_modules/[4m@vitest/runner[24m/dist/index.js:1205:15[90m)[39m
    at runFiles [90m(file:///c:/Users/RYZEN/.antigravity-ide/HandicapLab/[39mnode_modules/[4m@vitest/runner[24m/dist/index.js:1262:5[90m)[39m
[GenerateSignals] Error generating AH predictions for match undefined: Error: [FeatureEngine] Match undefined not found in database.
    at FeatureEngine.build [90m(c:\Users\RYZEN\.antigravity-ide\HandicapLab\[39msrc\lib\engines\feature-engine\index.ts:44:13[90m)[39m
[90m    at processTicksAndRejections (node:internal/process/task_queues:104:5)[39m
    at handleGenerateSignals [90m(c:\Users\RYZEN\.antigravity-ide\HandicapLab\[39msrc\app\api\cron\generate-signals\route.ts:377:30[90m)[39m
    at [90mc:\Users\RYZEN\.antigravity-ide\HandicapLab\[39mtests\phase8.5.test.ts:180:24
    at [90mfile:///c:/Users/RYZEN/.antigravity-ide/HandicapLab/[39mnode_modules/[4m@vitest/runner[24m/dist/index.js:533:5
    at runTest [90m(file:///c:/Users/RYZEN/.antigravity-ide/HandicapLab/[39mnode_modules/[4m@vitest/runner[24m/dist/index.js:1056:11[90m)[39m
    at runSuite [90m(file:///c:/Users/RYZEN/.antigravity-ide/HandicapLab/[39mnode_modules/[4m@vitest/runner[24m/dist/index.js:1205:15[90m)[39m
    at runSuite [90m(file:///c:/Users/RYZEN/.antigravity-ide/HandicapLab/[39mnode_modules/[4m@vitest/runner[24m/dist/index.js:1205:15[90m)[39m
    at runSuite [90m(file:///c:/Users/RYZEN/.antigravity-ide/HandicapLab/[39mnode_modules/[4m@vitest/runner[24m/dist/index.js:1205:15[90m)[39m
    at runFiles [90m(file:///c:/Users/RYZEN/.antigravity-ide/HandicapLab/[39mnode_modules/[4m@vitest/runner[24m/dist/index.js:1262:5[90m)[39m
[GenerateSignals] Error generating OU predictions for match undefined: Error: [FeatureEngine] Match undefined not found in database.
    at FeatureEngine.build [90m(c:\Users\RYZEN\.antigravity-ide\HandicapLab\[39msrc\lib\engines\feature-engine\index.ts:44:13[90m)[39m
[90m    at processTicksAndRejections (node:internal/process/task_queues:104:5)[39m
    at handleGenerateSignals [90m(c:\Users\RYZEN\.antigravity-ide\HandicapLab\[39msrc\app\api\cron\generate-signals\route.ts:377:30[90m)[39m
    at [90mc:\Users\RYZEN\.antigravity-ide\HandicapLab\[39mtests\phase8.5.test.ts:180:24
    at [90mfile:///c:/Users/RYZEN/.antigravity-ide/HandicapLab/[39mnode_modules/[4m@vitest/runner[24m/dist/index.js:533:5
    at runTest [90m(file:///c:/Users/RYZEN/.antigravity-ide/HandicapLab/[39mnode_modules/[4m@vitest/runner[24m/dist/index.js:1056:11[90m)[39m
    at runSuite [90m(file:///c:/Users/RYZEN/.antigravity-ide/HandicapLab/[39mnode_modules/[4m@vitest/runner[24m/dist/index.js:1205:15[90m)[39m
    at runSuite [90m(file:///c:/Users/RYZEN/.antigravity-ide/HandicapLab/[39mnode_modules/[4m@vitest/runner[24m/dist/index.js:1205:15[90m)[39m
    at runSuite [90m(file:///c:/Users/RYZEN/.antigravity-ide/HandicapLab/[39mnode_modules/[4m@vitest/runner[24m/dist/index.js:1205:15[90m)[39m
    at runFiles [90m(file:///c:/Users/RYZEN/.antigravity-ide/HandicapLab/[39mnode_modules/[4m@vitest/runner[24m/dist/index.js:1262:5[90m)[39m
[GenerateSignals] Error generating ML predictions for match undefined: Error: [FeatureEngine] Match undefined not found in database.
    at FeatureEngine.build [90m(c:\Users\RYZEN\.antigravity-ide\HandicapLab\[39msrc\lib\engines\feature-engine\index.ts:44:13[90m)[39m
[90m    at processTicksAndRejections (node:internal/process/task_queues:104:5)[39m
    at handleGenerateSignals [90m(c:\Users\RYZEN\.antigravity-ide\HandicapLab\[39msrc\app\api\cron\generate-signals\route.ts:377:30[90m)[39m
    at [90mc:\Users\RYZEN\.antigravity-ide\HandicapLab\[39mtests\phase8.5.test.ts:180:24
    at [90mfile:///c:/Users/RYZEN/.antigravity-ide/HandicapLab/[39mnode_modules/[4m@vitest/runner[24m/dist/index.js:533:5
    at runTest [90m(file:///c:/Users/RYZEN/.antigravity-ide/HandicapLab/[39mnode_modules/[4m@vitest/runner[24m/dist/index.js:1056:11[90m)[39m
    at runSuite [90m(file:///c:/Users/RYZEN/.antigravity-ide/HandicapLab/[39mnode_modules/[4m@vitest/runner[24m/dist/index.js:1205:15[90m)[39m
    at runSuite [90m(file:///c:/Users/RYZEN/.antigravity-ide/HandicapLab/[39mnode_modules/[4m@vitest/runner[24m/dist/index.js:1205:15[90m)[39m
    at runSuite [90m(file:///c:/Users/RYZEN/.antigravity-ide/HandicapLab/[39mnode_modules/[4m@vitest/runner[24m/dist/index.js:1205:15[90m)[39m
    at runFiles [90m(file:///c:/Users/RYZEN/.antigravity-ide/HandicapLab/[39mnode_modules/[4m@vitest/runner[24m/dist/index.js:1262:5[90m)[39m
[GenerateSignals] Error generating AH predictions for match undefined: Error: [FeatureEngine] Match undefined not found in database.
    at FeatureEngine.build [90m(c:\Users\RYZEN\.antigravity-ide\HandicapLab\[39msrc\lib\engines\feature-engine\index.ts:44:13[90m)[39m
[90m    at processTicksAndRejections (node:internal/process/task_queues:104:5)[39m
    at handleGenerateSignals [90m(c:\Users\RYZEN\.antigravity-ide\HandicapLab\[39msrc\app\api\cron\generate-signals\route.ts:377:30[90m)[39m
    at [90mc:\Users\RYZEN\.antigravity-ide\HandicapLab\[39mtests\phase8.5.test.ts:180:24
    at [90mfile:///c:/Users/RYZEN/.antigravity-ide/HandicapLab/[39mnode_modules/[4m@vitest/runner[24m/dist/index.js:533:5
    at runTest [90m(file:///c:/Users/RYZEN/.antigravity-ide/HandicapLab/[39mnode_modules/[4m@vitest/runner[24m/dist/index.js:1056:11[90m)[39m
    at runSuite [90m(file:///c:/Users/RYZEN/.antigravity-ide/HandicapLab/[39mnode_modules/[4m@vitest/runner[24m/dist/index.js:1205:15[90m)[39m
    at runSuite [90m(file:///c:/Users/RYZEN/.antigravity-ide/HandicapLab/[39mnode_modules/[4m@vitest/runner[24m/dist/index.js:1205:15[90m)[39m
    at runSuite [90m(file:///c:/Users/RYZEN/.antigravity-ide/HandicapLab/[39mnode_modules/[4m@vitest/runner[24m/dist/index.js:1205:15[90m)[39m
    at runFiles [90m(file:///c:/Users/RYZEN/.antigravity-ide/HandicapLab/[39mnode_modules/[4m@vitest/runner[24m/dist/index.js:1262:5[90m)[39m
[GenerateSignals] Error generating OU predictions for match undefined: Error: [FeatureEngine] Match undefined not found in database.
    at FeatureEngine.build [90m(c:\Users\RYZEN\.antigravity-ide\HandicapLab\[39msrc\lib\engines\feature-engine\index.ts:44:13[90m)[39m
[90m    at processTicksAndRejections (node:internal/process/task_queues:104:5)[39m
    at handleGenerateSignals [90m(c:\Users\RYZEN\.antigravity-ide\HandicapLab\[39msrc\app\api\cron\generate-signals\route.ts:377:30[90m)[39m
    at [90mc:\Users\RYZEN\.antigravity-ide\HandicapLab\[39mtests\phase8.5.test.ts:180:24
    at [90mfile:///c:/Users/RYZEN/.antigravity-ide/HandicapLab/[39mnode_modules/[4m@vitest/runner[24m/dist/index.js:533:5
    at runTest [90m(file:///c:/Users/RYZEN/.antigravity-ide/HandicapLab/[39mnode_modules/[4m@vitest/runner[24m/dist/index.js:1056:11[90m)[39m
    at runSuite [90m(file:///c:/Users/RYZEN/.antigravity-ide/HandicapLab/[39mnode_modules/[4m@vitest/runner[24m/dist/index.js:1205:15[90m)[39m
    at runSuite [90m(file:///c:/Users/RYZEN/.antigravity-ide/HandicapLab/[39mnode_modules/[4m@vitest/runner[24m/dist/index.js:1205:15[90m)[39m
    at runSuite [90m(file:///c:/Users/RYZEN/.antigravity-ide/HandicapLab/[39mnode_modules/[4m@vitest/runner[24m/dist/index.js:1205:15[90m)[39m
    at runFiles [90m(file:///c:/Users/RYZEN/.antigravity-ide/HandicapLab/[39mnode_modules/[4m@vitest/runner[24m/dist/index.js:1262:5[90m)[39m
[GenerateSignals] Error generating ML predictions for match undefined: Error: [FeatureEngine] Match undefined not found in database.
    at FeatureEngine.build [90m(c:\Users\RYZEN\.antigravity-ide\HandicapLab\[39msrc\lib\engines\feature-engine\index.ts:44:13[90m)[39m
[90m    at processTicksAndRejections (node:internal/process/task_queues:104:5)[39m
    at handleGenerateSignals [90m(c:\Users\RYZEN\.antigravity-ide\HandicapLab\[39msrc\app\api\cron\generate-signals\route.ts:377:30[90m)[39m
    at [90mc:\Users\RYZEN\.antigravity-ide\HandicapLab\[39mtests\phase8.5.test.ts:180:24
    at [90mfile:///c:/Users/RYZEN/.antigravity-ide/HandicapLab/[39mnode_modules/[4m@vitest/runner[24m/dist/index.js:533:5
    at runTest [90m(file:///c:/Users/RYZEN/.antigravity-ide/HandicapLab/[39mnode_modules/[4m@vitest/runner[24m/dist/index.js:1056:11[90m)[39m
    at runSuite [90m(file:///c:/Users/RYZEN/.antigravity-ide/HandicapLab/[39mnode_modules/[4m@vitest/runner[24m/dist/index.js:1205:15[90m)[39m
    at runSuite [90m(file:///c:/Users/RYZEN/.antigravity-ide/HandicapLab/[39mnode_modules/[4m@vitest/runner[24m/dist/index.js:1205:15[90m)[39m
    at runSuite [90m(file:///c:/Users/RYZEN/.antigravity-ide/HandicapLab/[39mnode_modules/[4m@vitest/runner[24m/dist/index.js:1205:15[90m)[39m
    at runFiles [90m(file:///c:/Users/RYZEN/.antigravity-ide/HandicapLab/[39mnode_modules/[4m@vitest/runner[24m/dist/index.js:1262:5[90m)[39m
[GenerateSignals] Error generating AH predictions for match undefined: Error: [FeatureEngine] Match undefined not found in database.
    at FeatureEngine.build [90m(c:\Users\RYZEN\.antigravity-ide\HandicapLab\[39msrc\lib\engines\feature-engine\index.ts:44:13[90m)[39m
[90m    at processTicksAndRejections (node:internal/process/task_queues:104:5)[39m
    at handleGenerateSignals [90m(c:\Users\RYZEN\.antigravity-ide\HandicapLab\[39msrc\app\api\cron\generate-signals\route.ts:377:30[90m)[39m
    at [90mc:\Users\RYZEN\.antigravity-ide\HandicapLab\[39mtests\phase8.5.test.ts:180:24
    at [90mfile:///c:/Users/RYZEN/.antigravity-ide/HandicapLab/[39mnode_modules/[4m@vitest/runner[24m/dist/index.js:533:5
    at runTest [90m(file:///c:/Users/RYZEN/.antigravity-ide/HandicapLab/[39mnode_modules/[4m@vitest/runner[24m/dist/index.js:1056:11[90m)[39m
    at runSuite [90m(file:///c:/Users/RYZEN/.antigravity-ide/HandicapLab/[39mnode_modules/[4m@vitest/runner[24m/dist/index.js:1205:15[90m)[39m
    at runSuite [90m(file:///c:/Users/RYZEN/.antigravity-ide/HandicapLab/[39mnode_modules/[4m@vitest/runner[24m/dist/index.js:1205:15[90m)[39m
    at runSuite [90m(file:///c:/Users/RYZEN/.antigravity-ide/HandicapLab/[39mnode_modules/[4m@vitest/runner[24m/dist/index.js:1205:15[90m)[39m
    at runFiles [90m(file:///c:/Users/RYZEN/.antigravity-ide/HandicapLab/[39mnode_modules/[4m@vitest/runner[24m/dist/index.js:1262:5[90m)[39m
[GenerateSignals] Error generating OU predictions for match undefined: Error: [FeatureEngine] Match undefined not found in database.
    at FeatureEngine.build [90m(c:\Users\RYZEN\.antigravity-ide\HandicapLab\[39msrc\lib\engines\feature-engine\index.ts:44:13[90m)[39m
[90m    at processTicksAndRejections (node:internal/process/task_queues:104:5)[39m
    at handleGenerateSignals [90m(c:\Users\RYZEN\.antigravity-ide\HandicapLab\[39msrc\app\api\cron\generate-signals\route.ts:377:30[90m)[39m
    at [90mc:\Users\RYZEN\.antigravity-ide\HandicapLab\[39mtests\phase8.5.test.ts:180:24
    at [90mfile:///c:/Users/RYZEN/.antigravity-ide/HandicapLab/[39mnode_modules/[4m@vitest/runner[24m/dist/index.js:533:5
    at runTest [90m(file:///c:/Users/RYZEN/.antigravity-ide/HandicapLab/[39mnode_modules/[4m@vitest/runner[24m/dist/index.js:1056:11[90m)[39m
    at runSuite [90m(file:///c:/Users/RYZEN/.antigravity-ide/HandicapLab/[39mnode_modules/[4m@vitest/runner[24m/dist/index.js:1205:15[90m)[39m
    at runSuite [90m(file:///c:/Users/RYZEN/.antigravity-ide/HandicapLab/[39mnode_modules/[4m@vitest/runner[24m/dist/index.js:1205:15[90m)[39m
    at runSuite [90m(file:///c:/Users/RYZEN/.antigravity-ide/HandicapLab/[39mnode_modules/[4m@vitest/runner[24m/dist/index.js:1205:15[90m)[39m
    at runFiles [90m(file:///c:/Users/RYZEN/.antigravity-ide/HandicapLab/[39mnode_modules/[4m@vitest/runner[24m/dist/index.js:1262:5[90m)[39m
[GenerateSignals] Error generating ML predictions for match undefined: Error: [FeatureEngine] Match undefined not found in database.
    at FeatureEngine.build [90m(c:\Users\RYZEN\.antigravity-ide\HandicapLab\[39msrc\lib\engines\feature-engine\index.ts:44:13[90m)[39m
[90m    at processTicksAndRejections (node:internal/process/task_queues:104:5)[39m
    at handleGenerateSignals [90m(c:\Users\RYZEN\.antigravity-ide\HandicapLab\[39msrc\app\api\cron\generate-signals\route.ts:377:30[90m)[39m
    at [90mc:\Users\RYZEN\.antigravity-ide\HandicapLab\[39mtests\phase8.5.test.ts:180:24
    at [90mfile:///c:/Users/RYZEN/.antigravity-ide/HandicapLab/[39mnode_modules/[4m@vitest/runner[24m/dist/index.js:533:5
    at runTest [90m(file:///c:/Users/RYZEN/.antigravity-ide/HandicapLab/[39mnode_modules/[4m@vitest/runner[24m/dist/index.js:1056:11[90m)[39m
    at runSuite [90m(file:///c:/Users/RYZEN/.antigravity-ide/HandicapLab/[39mnode_modules/[4m@vitest/runner[24m/dist/index.js:1205:15[90m)[39m
    at runSuite [90m(file:///c:/Users/RYZEN/.antigravity-ide/HandicapLab/[39mnode_modules/[4m@vitest/runner[24m/dist/index.js:1205:15[90m)[39m
    at runSuite [90m(file:///c:/Users/RYZEN/.antigravity-ide/HandicapLab/[39mnode_modules/[4m@vitest/runner[24m/dist/index.js:1205:15[90m)[39m
    at runFiles [90m(file:///c:/Users/RYZEN/.antigravity-ide/HandicapLab/[39mnode_modules/[4m@vitest/runner[24m/dist/index.js:1262:5[90m)[39m
[GenerateSignals] Error generating AH predictions for match undefined: Error: [FeatureEngine] Match undefined not found in database.
    at FeatureEngine.build [90m(c:\Users\RYZEN\.antigravity-ide\HandicapLab\[39msrc\lib\engines\feature-engine\index.ts:44:13[90m)[39m
[90m    at processTicksAndRejections (node:internal/process/task_queues:104:5)[39m
    at handleGenerateSignals [90m(c:\Users\RYZEN\.antigravity-ide\HandicapLab\[39msrc\app\api\cron\generate-signals\route.ts:377:30[90m)[39m
    at [90mc:\Users\RYZEN\.antigravity-ide\HandicapLab\[39mtests\phase8.5.test.ts:180:24
    at [90mfile:///c:/Users/RYZEN/.antigravity-ide/HandicapLab/[39mnode_modules/[4m@vitest/runner[24m/dist/index.js:533:5
    at runTest [90m(file:///c:/Users/RYZEN/.antigravity-ide/HandicapLab/[39mnode_modules/[4m@vitest/runner[24m/dist/index.js:1056:11[90m)[39m
    at runSuite [90m(file:///c:/Users/RYZEN/.antigravity-ide/HandicapLab/[39mnode_modules/[4m@vitest/runner[24m/dist/index.js:1205:15[90m)[39m
    at runSuite [90m(file:///c:/Users/RYZEN/.antigravity-ide/HandicapLab/[39mnode_modules/[4m@vitest/runner[24m/dist/index.js:1205:15[90m)[39m
    at runSuite [90m(file:///c:/Users/RYZEN/.antigravity-ide/HandicapLab/[39mnode_modules/[4m@vitest/runner[24m/dist/index.js:1205:15[90m)[39m
    at runFiles [90m(file:///c:/Users/RYZEN/.antigravity-ide/HandicapLab/[39mnode_modules/[4m@vitest/runner[24m/dist/index.js:1262:5[90m)[39m
[GenerateSignals] Error generating OU predictions for match undefined: Error: [FeatureEngine] Match undefined not found in database.
    at FeatureEngine.build [90m(c:\Users\RYZEN\.antigravity-ide\HandicapLab\[39msrc\lib\engines\feature-engine\index.ts:44:13[90m)[39m
[90m    at processTicksAndRejections (node:internal/process/task_queues:104:5)[39m
    at handleGenerateSignals [90m(c:\Users\RYZEN\.antigravity-ide\HandicapLab\[39msrc\app\api\cron\generate-signals\route.ts:377:30[90m)[39m
    at [90mc:\Users\RYZEN\.antigravity-ide\HandicapLab\[39mtests\phase8.5.test.ts:180:24
    at [90mfile:///c:/Users/RYZEN/.antigravity-ide/HandicapLab/[39mnode_modules/[4m@vitest/runner[24m/dist/index.js:533:5
    at runTest [90m(file:///c:/Users/RYZEN/.antigravity-ide/HandicapLab/[39mnode_modules/[4m@vitest/runner[24m/dist/index.js:1056:11[90m)[39m
    at runSuite [90m(file:///c:/Users/RYZEN/.antigravity-ide/HandicapLab/[39mnode_modules/[4m@vitest/runner[24m/dist/index.js:1205:15[90m)[39m
    at runSuite [90m(file:///c:/Users/RYZEN/.antigravity-ide/HandicapLab/[39mnode_modules/[4m@vitest/runner[24m/dist/index.js:1205:15[90m)[39m
    at runSuite [90m(file:///c:/Users/RYZEN/.antigravity-ide/HandicapLab/[39mnode_modules/[4m@vitest/runner[24m/dist/index.js:1205:15[90m)[39m
    at runFiles [90m(file:///c:/Users/RYZEN/.antigravity-ide/HandicapLab/[39mnode_modules/[4m@vitest/runner[24m/dist/index.js:1262:5[90m)[39m
[GenerateSignals] Error generating ML predictions for match undefined: Error: [FeatureEngine] Match undefined not found in database.
    at FeatureEngine.build [90m(c:\Users\RYZEN\.antigravity-ide\HandicapLab\[39msrc\lib\engines\feature-engine\index.ts:44:13[90m)[39m
[90m    at processTicksAndRejections (node:internal/process/task_queues:104:5)[39m
    at handleGenerateSignals [90m(c:\Users\RYZEN\.antigravity-ide\HandicapLab\[39msrc\app\api\cron\generate-signals\route.ts:377:30[90m)[39m
    at [90mc:\Users\RYZEN\.antigravity-ide\HandicapLab\[39mtests\phase8.5.test.ts:180:24
    at [90mfile:///c:/Users/RYZEN/.antigravity-ide/HandicapLab/[39mnode_modules/[4m@vitest/runner[24m/dist/index.js:533:5
    at runTest [90m(file:///c:/Users/RYZEN/.antigravity-ide/HandicapLab/[39mnode_modules/[4m@vitest/runner[24m/dist/index.js:1056:11[90m)[39m
    at runSuite [90m(file:///c:/Users/RYZEN/.antigravity-ide/HandicapLab/[39mnode_modules/[4m@vitest/runner[24m/dist/index.js:1205:15[90m)[39m
    at runSuite [90m(file:///c:/Users/RYZEN/.antigravity-ide/HandicapLab/[39mnode_modules/[4m@vitest/runner[24m/dist/index.js:1205:15[90m)[39m
    at runSuite [90m(file:///c:/Users/RYZEN/.antigravity-ide/HandicapLab/[39mnode_modules/[4m@vitest/runner[24m/dist/index.js:1205:15[90m)[39m
    at runFiles [90m(file:///c:/Users/RYZEN/.antigravity-ide/HandicapLab/[39mnode_modules/[4m@vitest/runner[24m/dist/index.js:1262:5[90m)[39m
[GenerateSignals] Error generating AH predictions for match undefined: Error: [FeatureEngine] Match undefined not found in database.
    at FeatureEngine.build [90m(c:\Users\RYZEN\.antigravity-ide\HandicapLab\[39msrc\lib\engines\feature-engine\index.ts:44:13[90m)[39m
[90m    at processTicksAndRejections (node:internal/process/task_queues:104:5)[39m
    at handleGenerateSignals [90m(c:\Users\RYZEN\.antigravity-ide\HandicapLab\[39msrc\app\api\cron\generate-signals\route.ts:377:30[90m)[39m
    at [90mc:\Users\RYZEN\.antigravity-ide\HandicapLab\[39mtests\phase8.5.test.ts:180:24
    at [90mfile:///c:/Users/RYZEN/.antigravity-ide/HandicapLab/[39mnode_modules/[4m@vitest/runner[24m/dist/index.js:533:5
    at runTest [90m(file:///c:/Users/RYZEN/.antigravity-ide/HandicapLab/[39mnode_modules/[4m@vitest/runner[24m/dist/index.js:1056:11[90m)[39m
    at runSuite [90m(file:///c:/Users/RYZEN/.antigravity-ide/HandicapLab/[39mnode_modules/[4m@vitest/runner[24m/dist/index.js:1205:15[90m)[39m
    at runSuite [90m(file:///c:/Users/RYZEN/.antigravity-ide/HandicapLab/[39mnode_modules/[4m@vitest/runner[24m/dist/index.js:1205:15[90m)[39m
    at runSuite [90m(file:///c:/Users/RYZEN/.antigravity-ide/HandicapLab/[39mnode_modules/[4m@vitest/runner[24m/dist/index.js:1205:15[90m)[39m
    at runFiles [90m(file:///c:/Users/RYZEN/.antigravity-ide/HandicapLab/[39mnode_modules/[4m@vitest/runner[24m/dist/index.js:1262:5[90m)[39m
[GenerateSignals] Error generating OU predictions for match undefined: Error: [FeatureEngine] Match undefined not found in database.
    at FeatureEngine.build [90m(c:\Users\RYZEN\.antigravity-ide\HandicapLab\[39msrc\lib\engines\feature-engine\index.ts:44:13[90m)[39m
[90m    at processTicksAndRejections (node:internal/process/task_queues:104:5)[39m
    at handleGenerateSignals [90m(c:\Users\RYZEN\.antigravity-ide\HandicapLab\[39msrc\app\api\cron\generate-signals\route.ts:377:30[90m)[39m
    at [90mc:\Users\RYZEN\.antigravity-ide\HandicapLab\[39mtests\phase8.5.test.ts:180:24
    at [90mfile:///c:/Users/RYZEN/.antigravity-ide/HandicapLab/[39mnode_modules/[4m@vitest/runner[24m/dist/index.js:533:5
    at runTest [90m(file:///c:/Users/RYZEN/.antigravity-ide/HandicapLab/[39mnode_modules/[4m@vitest/runner[24m/dist/index.js:1056:11[90m)[39m
    at runSuite [90m(file:///c:/Users/RYZEN/.antigravity-ide/HandicapLab/[39mnode_modules/[4m@vitest/runner[24m/dist/index.js:1205:15[90m)[39m
    at runSuite [90m(file:///c:/Users/RYZEN/.antigravity-ide/HandicapLab/[39mnode_modules/[4m@vitest/runner[24m/dist/index.js:1205:15[90m)[39m
    at runSuite [90m(file:///c:/Users/RYZEN/.antigravity-ide/HandicapLab/[39mnode_modules/[4m@vitest/runner[24m/dist/index.js:1205:15[90m)[39m
    at runFiles [90m(file:///c:/Users/RYZEN/.antigravity-ide/HandicapLab/[39mnode_modules/[4m@vitest/runner[24m/dist/index.js:1262:5[90m)[39m
[GenerateSignals] Error generating ML predictions for match undefined: Error: [FeatureEngine] Match undefined not found in database.
    at FeatureEngine.build [90m(c:\Users\RYZEN\.antigravity-ide\HandicapLab\[39msrc\lib\engines\feature-engine\index.ts:44:13[90m)[39m
[90m    at processTicksAndRejections (node:internal/process/task_queues:104:5)[39m
    at handleGenerateSignals [90m(c:\Users\RYZEN\.antigravity-ide\HandicapLab\[39msrc\app\api\cron\generate-signals\route.ts:377:30[90m)[39m
    at [90mc:\Users\RYZEN\.antigravity-ide\HandicapLab\[39mtests\phase8.5.test.ts:180:24
    at [90mfile:///c:/Users/RYZEN/.antigravity-ide/HandicapLab/[39mnode_modules/[4m@vitest/runner[24m/dist/index.js:533:5
    at runTest [90m(file:///c:/Users/RYZEN/.antigravity-ide/HandicapLab/[39mnode_modules/[4m@vitest/runner[24m/dist/index.js:1056:11[90m)[39m
    at runSuite [90m(file:///c:/Users/RYZEN/.antigravity-ide/HandicapLab/[39mnode_modules/[4m@vitest/runner[24m/dist/index.js:1205:15[90m)[39m
    at runSuite [90m(file:///c:/Users/RYZEN/.antigravity-ide/HandicapLab/[39mnode_modules/[4m@vitest/runner[24m/dist/index.js:1205:15[90m)[39m
    at runSuite [90m(file:///c:/Users/RYZEN/.antigravity-ide/HandicapLab/[39mnode_modules/[4m@vitest/runner[24m/dist/index.js:1205:15[90m)[39m
    at runFiles [90m(file:///c:/Users/RYZEN/.antigravity-ide/HandicapLab/[39mnode_modules/[4m@vitest/runner[24m/dist/index.js:1262:5[90m)[39m
[GenerateSignals] Error generating AH predictions for match undefined: Error: [FeatureEngine] Match undefined not found in database.
    at FeatureEngine.build [90m(c:\Users\RYZEN\.antigravity-ide\HandicapLab\[39msrc\lib\engines\feature-engine\index.ts:44:13[90m)[39m
[90m    at processTicksAndRejections (node:internal/process/task_queues:104:5)[39m
    at handleGenerateSignals [90m(c:\Users\RYZEN\.antigravity-ide\HandicapLab\[39msrc\app\api\cron\generate-signals\route.ts:377:30[90m)[39m
    at [90mc:\Users\RYZEN\.antigravity-ide\HandicapLab\[39mtests\phase8.5.test.ts:180:24
    at [90mfile:///c:/Users/RYZEN/.antigravity-ide/HandicapLab/[39mnode_modules/[4m@vitest/runner[24m/dist/index.js:533:5
    at runTest [90m(file:///c:/Users/RYZEN/.antigravity-ide/HandicapLab/[39mnode_modules/[4m@vitest/runner[24m/dist/index.js:1056:11[90m)[39m
    at runSuite [90m(file:///c:/Users/RYZEN/.antigravity-ide/HandicapLab/[39mnode_modules/[4m@vitest/runner[24m/dist/index.js:1205:15[90m)[39m
    at runSuite [90m(file:///c:/Users/RYZEN/.antigravity-ide/HandicapLab/[39mnode_modules/[4m@vitest/runner[24m/dist/index.js:1205:15[90m)[39m
    at runSuite [90m(file:///c:/Users/RYZEN/.antigravity-ide/HandicapLab/[39mnode_modules/[4m@vitest/runner[24m/dist/index.js:1205:15[90m)[39m
    at runFiles [90m(file:///c:/Users/RYZEN/.antigravity-ide/HandicapLab/[39mnode_modules/[4m@vitest/runner[24m/dist/index.js:1262:5[90m)[39m
[GenerateSignals] Error generating OU predictions for match undefined: Error: [FeatureEngine] Match undefined not found in database.
    at FeatureEngine.build [90m(c:\Users\RYZEN\.antigravity-ide\HandicapLab\[39msrc\lib\engines\feature-engine\index.ts:44:13[90m)[39m
[90m    at processTicksAndRejections (node:internal/process/task_queues:104:5)[39m
    at handleGenerateSignals [90m(c:\Users\RYZEN\.antigravity-ide\HandicapLab\[39msrc\app\api\cron\generate-signals\route.ts:377:30[90m)[39m
    at [90mc:\Users\RYZEN\.antigravity-ide\HandicapLab\[39mtests\phase8.5.test.ts:180:24
    at [90mfile:///c:/Users/RYZEN/.antigravity-ide/HandicapLab/[39mnode_modules/[4m@vitest/runner[24m/dist/index.js:533:5
    at runTest [90m(file:///c:/Users/RYZEN/.antigravity-ide/HandicapLab/[39mnode_modules/[4m@vitest/runner[24m/dist/index.js:1056:11[90m)[39m
    at runSuite [90m(file:///c:/Users/RYZEN/.antigravity-ide/HandicapLab/[39mnode_modules/[4m@vitest/runner[24m/dist/index.js:1205:15[90m)[39m
    at runSuite [90m(file:///c:/Users/RYZEN/.antigravity-ide/HandicapLab/[39mnode_modules/[4m@vitest/runner[24m/dist/index.js:1205:15[90m)[39m
    at runSuite [90m(file:///c:/Users/RYZEN/.antigravity-ide/HandicapLab/[39mnode_modules/[4m@vitest/runner[24m/dist/index.js:1205:15[90m)[39m
    at runFiles [90m(file:///c:/Users/RYZEN/.antigravity-ide/HandicapLab/[39mnode_modules/[4m@vitest/runner[24m/dist/index.js:1262:5[90m)[39m
[GenerateSignals] Error generating ML predictions for match undefined: Error: [FeatureEngine] Match undefined not found in database.
    at FeatureEngine.build [90m(c:\Users\RYZEN\.antigravity-ide\HandicapLab\[39msrc\lib\engines\feature-engine\index.ts:44:13[90m)[39m
[90m    at processTicksAndRejections (node:internal/process/task_queues:104:5)[39m
    at handleGenerateSignals [90m(c:\Users\RYZEN\.antigravity-ide\HandicapLab\[39msrc\app\api\cron\generate-signals\route.ts:377:30[90m)[39m
    at [90mc:\Users\RYZEN\.antigravity-ide\HandicapLab\[39mtests\phase8.5.test.ts:180:24
    at [90mfile:///c:/Users/RYZEN/.antigravity-ide/HandicapLab/[39mnode_modules/[4m@vitest/runner[24m/dist/index.js:533:5
    at runTest [90m(file:///c:/Users/RYZEN/.antigravity-ide/HandicapLab/[39mnode_modules/[4m@vitest/runner[24m/dist/index.js:1056:11[90m)[39m
    at runSuite [90m(file:///c:/Users/RYZEN/.antigravity-ide/HandicapLab/[39mnode_modules/[4m@vitest/runner[24m/dist/index.js:1205:15[90m)[39m
    at runSuite [90m(file:///c:/Users/RYZEN/.antigravity-ide/HandicapLab/[39mnode_modules/[4m@vitest/runner[24m/dist/index.js:1205:15[90m)[39m
    at runSuite [90m(file:///c:/Users/RYZEN/.antigravity-ide/HandicapLab/[39mnode_modules/[4m@vitest/runner[24m/dist/index.js:1205:15[90m)[39m
    at runFiles [90m(file:///c:/Users/RYZEN/.antigravity-ide/HandicapLab/[39mnode_modules/[4m@vitest/runner[24m/dist/index.js:1262:5[90m)[39m
[GenerateSignals] Error generating AH predictions for match undefined: Error: [FeatureEngine] Match undefined not found in database.
    at FeatureEngine.build [90m(c:\Users\RYZEN\.antigravity-ide\HandicapLab\[39msrc\lib\engines\feature-engine\index.ts:44:13[90m)[39m
[90m    at processTicksAndRejections (node:internal/process/task_queues:104:5)[39m
    at handleGenerateSignals [90m(c:\Users\RYZEN\.antigravity-ide\HandicapLab\[39msrc\app\api\cron\generate-signals\route.ts:377:30[90m)[39m
    at [90mc:\Users\RYZEN\.antigravity-ide\HandicapLab\[39mtests\phase8.5.test.ts:180:24
    at [90mfile:///c:/Users/RYZEN/.antigravity-ide/HandicapLab/[39mnode_modules/[4m@vitest/runner[24m/dist/index.js:533:5
    at runTest [90m(file:///c:/Users/RYZEN/.antigravity-ide/HandicapLab/[39mnode_modules/[4m@vitest/runner[24m/dist/index.js:1056:11[90m)[39m
    at runSuite [90m(file:///c:/Users/RYZEN/.antigravity-ide/HandicapLab/[39mnode_modules/[4m@vitest/runner[24m/dist/index.js:1205:15[90m)[39m
    at runSuite [90m(file:///c:/Users/RYZEN/.antigravity-ide/HandicapLab/[39mnode_modules/[4m@vitest/runner[24m/dist/index.js:1205:15[90m)[39m
    at runSuite [90m(file:///c:/Users/RYZEN/.antigravity-ide/HandicapLab/[39mnode_modules/[4m@vitest/runner[24m/dist/index.js:1205:15[90m)[39m
    at runFiles [90m(file:///c:/Users/RYZEN/.antigravity-ide/HandicapLab/[39mnode_modules/[4m@vitest/runner[24m/dist/index.js:1262:5[90m)[39m
[GenerateSignals] Error generating OU predictions for match undefined: Error: [FeatureEngine] Match undefined not found in database.
    at FeatureEngine.build [90m(c:\Users\RYZEN\.antigravity-ide\HandicapLab\[39msrc\lib\engines\feature-engine\index.ts:44:13[90m)[39m
[90m    at processTicksAndRejections (node:internal/process/task_queues:104:5)[39m
    at handleGenerateSignals [90m(c:\Users\RYZEN\.antigravity-ide\HandicapLab\[39msrc\app\api\cron\generate-signals\route.ts:377:30[90m)[39m
    at [90mc:\Users\RYZEN\.antigravity-ide\HandicapLab\[39mtests\phase8.5.test.ts:180:24
    at [90mfile:///c:/Users/RYZEN/.antigravity-ide/HandicapLab/[39mnode_modules/[4m@vitest/runner[24m/dist/index.js:533:5
    at runTest [90m(file:///c:/Users/RYZEN/.antigravity-ide/HandicapLab/[39mnode_modules/[4m@vitest/runner[24m/dist/index.js:1056:11[90m)[39m
    at runSuite [90m(file:///c:/Users/RYZEN/.antigravity-ide/HandicapLab/[39mnode_modules/[4m@vitest/runner[24m/dist/index.js:1205:15[90m)[39m
    at runSuite [90m(file:///c:/Users/RYZEN/.antigravity-ide/HandicapLab/[39mnode_modules/[4m@vitest/runner[24m/dist/index.js:1205:15[90m)[39m
    at runSuite [90m(file:///c:/Users/RYZEN/.antigravity-ide/HandicapLab/[39mnode_modules/[4m@vitest/runner[24m/dist/index.js:1205:15[90m)[39m
    at runFiles [90m(file:///c:/Users/RYZEN/.antigravity-ide/HandicapLab/[39mnode_modules/[4m@vitest/runner[24m/dist/index.js:1262:5[90m)[39m
[GenerateSignals] Error generating ML predictions for match undefined: Error: [FeatureEngine] Match undefined not found in database.
    at FeatureEngine.build [90m(c:\Users\RYZEN\.antigravity-ide\HandicapLab\[39msrc\lib\engines\feature-engine\index.ts:44:13[90m)[39m
[90m    at processTicksAndRejections (node:internal/process/task_queues:104:5)[39m
    at handleGenerateSignals [90m(c:\Users\RYZEN\.antigravity-ide\HandicapLab\[39msrc\app\api\cron\generate-signals\route.ts:377:30[90m)[39m
    at [90mc:\Users\RYZEN\.antigravity-ide\HandicapLab\[39mtests\phase8.5.test.ts:180:24
    at [90mfile:///c:/Users/RYZEN/.antigravity-ide/HandicapLab/[39mnode_modules/[4m@vitest/runner[24m/dist/index.js:533:5
    at runTest [90m(file:///c:/Users/RYZEN/.antigravity-ide/HandicapLab/[39mnode_modules/[4m@vitest/runner[24m/dist/index.js:1056:11[90m)[39m
    at runSuite [90m(file:///c:/Users/RYZEN/.antigravity-ide/HandicapLab/[39mnode_modules/[4m@vitest/runner[24m/dist/index.js:1205:15[90m)[39m
    at runSuite [90m(file:///c:/Users/RYZEN/.antigravity-ide/HandicapLab/[39mnode_modules/[4m@vitest/runner[24m/dist/index.js:1205:15[90m)[39m
    at runSuite [90m(file:///c:/Users/RYZEN/.antigravity-ide/HandicapLab/[39mnode_modules/[4m@vitest/runner[24m/dist/index.js:1205:15[90m)[39m
    at runFiles [90m(file:///c:/Users/RYZEN/.antigravity-ide/HandicapLab/[39mnode_modules/[4m@vitest/runner[24m/dist/index.js:1262:5[90m)[39m
[GenerateSignals] Error generating AH predictions for match undefined: Error: [FeatureEngine] Match undefined not found in database.
    at FeatureEngine.build [90m(c:\Users\RYZEN\.antigravity-ide\HandicapLab\[39msrc\lib\engines\feature-engine\index.ts:44:13[90m)[39m
[90m    at processTicksAndRejections (node:internal/process/task_queues:104:5)[39m
    at handleGenerateSignals [90m(c:\Users\RYZEN\.antigravity-ide\HandicapLab\[39msrc\app\api\cron\generate-signals\route.ts:377:30[90m)[39m
    at [90mc:\Users\RYZEN\.antigravity-ide\HandicapLab\[39mtests\phase8.5.test.ts:180:24
    at [90mfile:///c:/Users/RYZEN/.antigravity-ide/HandicapLab/[39mnode_modules/[4m@vitest/runner[24m/dist/index.js:533:5
    at runTest [90m(file:///c:/Users/RYZEN/.antigravity-ide/HandicapLab/[39mnode_modules/[4m@vitest/runner[24m/dist/index.js:1056:11[90m)[39m
    at runSuite [90m(file:///c:/Users/RYZEN/.antigravity-ide/HandicapLab/[39mnode_modules/[4m@vitest/runner[24m/dist/index.js:1205:15[90m)[39m
    at runSuite [90m(file:///c:/Users/RYZEN/.antigravity-ide/HandicapLab/[39mnode_modules/[4m@vitest/runner[24m/dist/index.js:1205:15[90m)[39m
    at runSuite [90m(file:///c:/Users/RYZEN/.antigravity-ide/HandicapLab/[39mnode_modules/[4m@vitest/runner[24m/dist/index.js:1205:15[90m)[39m
    at runFiles [90m(file:///c:/Users/RYZEN/.antigravity-ide/HandicapLab/[39mnode_modules/[4m@vitest/runner[24m/dist/index.js:1262:5[90m)[39m
[GenerateSignals] Error generating OU predictions for match undefined: Error: [FeatureEngine] Match undefined not found in database.
    at FeatureEngine.build [90m(c:\Users\RYZEN\.antigravity-ide\HandicapLab\[39msrc\lib\engines\feature-engine\index.ts:44:13[90m)[39m
[90m    at processTicksAndRejections (node:internal/process/task_queues:104:5)[39m
    at handleGenerateSignals [90m(c:\Users\RYZEN\.antigravity-ide\HandicapLab\[39msrc\app\api\cron\generate-signals\route.ts:377:30[90m)[39m
    at [90mc:\Users\RYZEN\.antigravity-ide\HandicapLab\[39mtests\phase8.5.test.ts:180:24
    at [90mfile:///c:/Users/RYZEN/.antigravity-ide/HandicapLab/[39mnode_modules/[4m@vitest/runner[24m/dist/index.js:533:5
    at runTest [90m(file:///c:/Users/RYZEN/.antigravity-ide/HandicapLab/[39mnode_modules/[4m@vitest/runner[24m/dist/index.js:1056:11[90m)[39m
    at runSuite [90m(file:///c:/Users/RYZEN/.antigravity-ide/HandicapLab/[39mnode_modules/[4m@vitest/runner[24m/dist/index.js:1205:15[90m)[39m
    at runSuite [90m(file:///c:/Users/RYZEN/.antigravity-ide/HandicapLab/[39mnode_modules/[4m@vitest/runner[24m/dist/index.js:1205:15[90m)[39m
    at runSuite [90m(file:///c:/Users/RYZEN/.antigravity-ide/HandicapLab/[39mnode_modules/[4m@vitest/runner[24m/dist/index.js:1205:15[90m)[39m
    at runFiles [90m(file:///c:/Users/RYZEN/.antigravity-ide/HandicapLab/[39mnode_modules/[4m@vitest/runner[24m/dist/index.js:1262:5[90m)[39m
[GenerateSignals] Error generating ML predictions for match undefined: Error: [FeatureEngine] Match undefined not found in database.
    at FeatureEngine.build [90m(c:\Users\RYZEN\.antigravity-ide\HandicapLab\[39msrc\lib\engines\feature-engine\index.ts:44:13[90m)[39m
[90m    at processTicksAndRejections (node:internal/process/task_queues:104:5)[39m
    at handleGenerateSignals [90m(c:\Users\RYZEN\.antigravity-ide\HandicapLab\[39msrc\app\api\cron\generate-signals\route.ts:377:30[90m)[39m
    at [90mc:\Users\RYZEN\.antigravity-ide\HandicapLab\[39mtests\phase8.5.test.ts:180:24
    at [90mfile:///c:/Users/RYZEN/.antigravity-ide/HandicapLab/[39mnode_modules/[4m@vitest/runner[24m/dist/index.js:533:5
    at runTest [90m(file:///c:/Users/RYZEN/.antigravity-ide/HandicapLab/[39mnode_modules/[4m@vitest/runner[24m/dist/index.js:1056:11[90m)[39m
    at runSuite [90m(file:///c:/Users/RYZEN/.antigravity-ide/HandicapLab/[39mnode_modules/[4m@vitest/runner[24m/dist/index.js:1205:15[90m)[39m
    at runSuite [90m(file:///c:/Users/RYZEN/.antigravity-ide/HandicapLab/[39mnode_modules/[4m@vitest/runner[24m/dist/index.js:1205:15[90m)[39m
    at runSuite [90m(file:///c:/Users/RYZEN/.antigravity-ide/HandicapLab/[39mnode_modules/[4m@vitest/runner[24m/dist/index.js:1205:15[90m)[39m
    at runFiles [90m(file:///c:/Users/RYZEN/.antigravity-ide/HandicapLab/[39mnode_modules/[4m@vitest/runner[24m/dist/index.js:1262:5[90m)[39m
[GenerateSignals] Error generating AH predictions for match undefined: Error: [FeatureEngine] Match undefined not found in database.
    at FeatureEngine.build [90m(c:\Users\RYZEN\.antigravity-ide\HandicapLab\[39msrc\lib\engines\feature-engine\index.ts:44:13[90m)[39m
[90m    at processTicksAndRejections (node:internal/process/task_queues:104:5)[39m
    at handleGenerateSignals [90m(c:\Users\RYZEN\.antigravity-ide\HandicapLab\[39msrc\app\api\cron\generate-signals\route.ts:377:30[90m)[39m
    at [90mc:\Users\RYZEN\.antigravity-ide\HandicapLab\[39mtests\phase8.5.test.ts:180:24
    at [90mfile:///c:/Users/RYZEN/.antigravity-ide/HandicapLab/[39mnode_modules/[4m@vitest/runner[24m/dist/index.js:533:5
    at runTest [90m(file:///c:/Users/RYZEN/.antigravity-ide/HandicapLab/[39mnode_modules/[4m@vitest/runner[24m/dist/index.js:1056:11[90m)[39m
    at runSuite [90m(file:///c:/Users/RYZEN/.antigravity-ide/HandicapLab/[39mnode_modules/[4m@vitest/runner[24m/dist/index.js:1205:15[90m)[39m
    at runSuite [90m(file:///c:/Users/RYZEN/.antigravity-ide/HandicapLab/[39mnode_modules/[4m@vitest/runner[24m/dist/index.js:1205:15[90m)[39m
    at runSuite [90m(file:///c:/Users/RYZEN/.antigravity-ide/HandicapLab/[39mnode_modules/[4m@vitest/runner[24m/dist/index.js:1205:15[90m)[39m
    at runFiles [90m(file:///c:/Users/RYZEN/.antigravity-ide/HandicapLab/[39mnode_modules/[4m@vitest/runner[24m/dist/index.js:1262:5[90m)[39m
[GenerateSignals] Error generating OU predictions for match undefined: Error: [FeatureEngine] Match undefined not found in database.
    at FeatureEngine.build [90m(c:\Users\RYZEN\.antigravity-ide\HandicapLab\[39msrc\lib\engines\feature-engine\index.ts:44:13[90m)[39m
[90m    at processTicksAndRejections (node:internal/process/task_queues:104:5)[39m
    at handleGenerateSignals [90m(c:\Users\RYZEN\.antigravity-ide\HandicapLab\[39msrc\app\api\cron\generate-signals\route.ts:377:30[90m)[39m
    at [90mc:\Users\RYZEN\.antigravity-ide\HandicapLab\[39mtests\phase8.5.test.ts:180:24
    at [90mfile:///c:/Users/RYZEN/.antigravity-ide/HandicapLab/[39mnode_modules/[4m@vitest/runner[24m/dist/index.js:533:5
    at runTest [90m(file:///c:/Users/RYZEN/.antigravity-ide/HandicapLab/[39mnode_modules/[4m@vitest/runner[24m/dist/index.js:1056:11[90m)[39m
    at runSuite [90m(file:///c:/Users/RYZEN/.antigravity-ide/HandicapLab/[39mnode_modules/[4m@vitest/runner[24m/dist/index.js:1205:15[90m)[39m
    at runSuite [90m(file:///c:/Users/RYZEN/.antigravity-ide/HandicapLab/[39mnode_modules/[4m@vitest/runner[24m/dist/index.js:1205:15[90m)[39m
    at runSuite [90m(file:///c:/Users/RYZEN/.antigravity-ide/HandicapLab/[39mnode_modules/[4m@vitest/runner[24m/dist/index.js:1205:15[90m)[39m
    at runFiles [90m(file:///c:/Users/RYZEN/.antigravity-ide/HandicapLab/[39mnode_modules/[4m@vitest/runner[24m/dist/index.js:1262:5[90m)[39m
[GenerateSignals] Error generating ML predictions for match undefined: Error: [FeatureEngine] Match undefined not found in database.
    at FeatureEngine.build [90m(c:\Users\RYZEN\.antigravity-ide\HandicapLab\[39msrc\lib\engines\feature-engine\index.ts:44:13[90m)[39m
[90m    at processTicksAndRejections (node:internal/process/task_queues:104:5)[39m
    at handleGenerateSignals [90m(c:\Users\RYZEN\.antigravity-ide\HandicapLab\[39msrc\app\api\cron\generate-signals\route.ts:377:30[90m)[39m
    at [90mc:\Users\RYZEN\.antigravity-ide\HandicapLab\[39mtests\phase8.5.test.ts:180:24
    at [90mfile:///c:/Users/RYZEN/.antigravity-ide/HandicapLab/[39mnode_modules/[4m@vitest/runner[24m/dist/index.js:533:5
    at runTest [90m(file:///c:/Users/RYZEN/.antigravity-ide/HandicapLab/[39mnode_modules/[4m@vitest/runner[24m/dist/index.js:1056:11[90m)[39m
    at runSuite [90m(file:///c:/Users/RYZEN/.antigravity-ide/HandicapLab/[39mnode_modules/[4m@vitest/runner[24m/dist/index.js:1205:15[90m)[39m
    at runSuite [90m(file:///c:/Users/RYZEN/.antigravity-ide/HandicapLab/[39mnode_modules/[4m@vitest/runner[24m/dist/index.js:1205:15[90m)[39m
    at runSuite [90m(file:///c:/Users/RYZEN/.antigravity-ide/HandicapLab/[39mnode_modules/[4m@vitest/runner[24m/dist/index.js:1205:15[90m)[39m
    at runFiles [90m(file:///c:/Users/RYZEN/.antigravity-ide/HandicapLab/[39mnode_modules/[4m@vitest/runner[24m/dist/index.js:1262:5[90m)[39m
[GenerateSignals] Error generating AH predictions for match undefined: Error: [FeatureEngine] Match undefined not found in database.
    at FeatureEngine.build [90m(c:\Users\RYZEN\.antigravity-ide\HandicapLab\[39msrc\lib\engines\feature-engine\index.ts:44:13[90m)[39m
[90m    at processTicksAndRejections (node:internal/process/task_queues:104:5)[39m
    at handleGenerateSignals [90m(c:\Users\RYZEN\.antigravity-ide\HandicapLab\[39msrc\app\api\cron\generate-signals\route.ts:377:30[90m)[39m
    at [90mc:\Users\RYZEN\.antigravity-ide\HandicapLab\[39mtests\phase8.5.test.ts:180:24
    at [90mfile:///c:/Users/RYZEN/.antigravity-ide/HandicapLab/[39mnode_modules/[4m@vitest/runner[24m/dist/index.js:533:5
    at runTest [90m(file:///c:/Users/RYZEN/.antigravity-ide/HandicapLab/[39mnode_modules/[4m@vitest/runner[24m/dist/index.js:1056:11[90m)[39m
    at runSuite [90m(file:///c:/Users/RYZEN/.antigravity-ide/HandicapLab/[39mnode_modules/[4m@vitest/runner[24m/dist/index.js:1205:15[90m)[39m
    at runSuite [90m(file:///c:/Users/RYZEN/.antigravity-ide/HandicapLab/[39mnode_modules/[4m@vitest/runner[24m/dist/index.js:1205:15[90m)[39m
    at runSuite [90m(file:///c:/Users/RYZEN/.antigravity-ide/HandicapLab/[39mnode_modules/[4m@vitest/runner[24m/dist/index.js:1205:15[90m)[39m
    at runFiles [90m(file:///c:/Users/RYZEN/.antigravity-ide/HandicapLab/[39mnode_modules/[4m@vitest/runner[24m/dist/index.js:1262:5[90m)[39m
[GenerateSignals] Error generating OU predictions for match undefined: Error: [FeatureEngine] Match undefined not found in database.
    at FeatureEngine.build [90m(c:\Users\RYZEN\.antigravity-ide\HandicapLab\[39msrc\lib\engines\feature-engine\index.ts:44:13[90m)[39m
[90m    at processTicksAndRejections (node:internal/process/task_queues:104:5)[39m
    at handleGenerateSignals [90m(c:\Users\RYZEN\.antigravity-ide\HandicapLab\[39msrc\app\api\cron\generate-signals\route.ts:377:30[90m)[39m
    at [90mc:\Users\RYZEN\.antigravity-ide\HandicapLab\[39mtests\phase8.5.test.ts:180:24
    at [90mfile:///c:/Users/RYZEN/.antigravity-ide/HandicapLab/[39mnode_modules/[4m@vitest/runner[24m/dist/index.js:533:5
    at runTest [90m(file:///c:/Users/RYZEN/.antigravity-ide/HandicapLab/[39mnode_modules/[4m@vitest/runner[24m/dist/index.js:1056:11[90m)[39m
    at runSuite [90m(file:///c:/Users/RYZEN/.antigravity-ide/HandicapLab/[39mnode_modules/[4m@vitest/runner[24m/dist/index.js:1205:15[90m)[39m
    at runSuite [90m(file:///c:/Users/RYZEN/.antigravity-ide/HandicapLab/[39mnode_modules/[4m@vitest/runner[24m/dist/index.js:1205:15[90m)[39m
    at runSuite [90m(file:///c:/Users/RYZEN/.antigravity-ide/HandicapLab/[39mnode_modules/[4m@vitest/runner[24m/dist/index.js:1205:15[90m)[39m
    at runFiles [90m(file:///c:/Users/RYZEN/.antigravity-ide/HandicapLab/[39mnode_modules/[4m@vitest/runner[24m/dist/index.js:1262:5[90m)[39m
[CronLogger] Exception ending log for logId sig-inserted-456: TypeError: __vite_ssr_import_0__.supabase.from(...).update is not a function
    at CronLogger.end [90m(c:\Users\RYZEN\.antigravity-ide\HandicapLab\[39msrc\lib\services\cronLogger.ts:124:10[90m)[39m
    at handleGenerateSignals [90m(c:\Users\RYZEN\.antigravity-ide\HandicapLab\[39msrc\app\api\cron\generate-signals\route.ts:770:22[90m)[39m
[90m    at processTicksAndRejections (node:internal/process/task_queues:104:5)[39m
    at [90mc:\Users\RYZEN\.antigravity-ide\HandicapLab\[39mtests\phase8.5.test.ts:180:24
    at [90mfile:///c:/Users/RYZEN/.antigravity-ide/HandicapLab/[39mnode_modules/[4m@vitest/runner[24m/dist/index.js:533:5
    at runTest [90m(file:///c:/Users/RYZEN/.antigravity-ide/HandicapLab/[39mnode_modules/[4m@vitest/runner[24m/dist/index.js:1056:11[90m)[39m
    at runSuite [90m(file:///c:/Users/RYZEN/.antigravity-ide/HandicapLab/[39mnode_modules/[4m@vitest/runner[24m/dist/index.js:1205:15[90m)[39m
    at runSuite [90m(file:///c:/Users/RYZEN/.antigravity-ide/HandicapLab/[39mnode_modules/[4m@vitest/runner[24m/dist/index.js:1205:15[90m)[39m
    at runSuite [90m(file:///c:/Users/RYZEN/.antigravity-ide/HandicapLab/[39mnode_modules/[4m@vitest/runner[24m/dist/index.js:1205:15[90m)[39m
    at runFiles [90m(file:///c:/Users/RYZEN/.antigravity-ide/HandicapLab/[39mnode_modules/[4m@vitest/runner[24m/dist/index.js:1262:5[90m)[39m
[OddsIngestionContext] flush (insert) exception for execution 2778eee3-5085-4525-b5cc-97afbcd99d5e (cron: "generate-signals"): TypeError: __vite_ssr_import_0__.supabase.from(...).insert(...).select(...).maybeSingle is not a function
    at OddsIngestionContext.flush [90m(c:\Users\RYZEN\.antigravity-ide\HandicapLab\[39msrc\lib\observability\oddsIngestion.ts:128:23[90m)[39m
    at handleGenerateSignals [90m(c:\Users\RYZEN\.antigravity-ide\HandicapLab\[39msrc\app\api\cron\generate-signals\route.ts:771:19[90m)[39m
[90m    at processTicksAndRejections (node:internal/process/task_queues:104:5)[39m
    at [90mc:\Users\RYZEN\.antigravity-ide\HandicapLab\[39mtests\phase8.5.test.ts:180:24
    at [90mfile:///c:/Users/RYZEN/.antigravity-ide/HandicapLab/[39mnode_modules/[4m@vitest/runner[24m/dist/index.js:533:5
    at runTest [90m(file:///c:/Users/RYZEN/.antigravity-ide/HandicapLab/[39mnode_modules/[4m@vitest/runner[24m/dist/index.js:1056:11[90m)[39m
    at runSuite [90m(file:///c:/Users/RYZEN/.antigravity-ide/HandicapLab/[39mnode_modules/[4m@vitest/runner[24m/dist/index.js:1205:15[90m)[39m
    at runSuite [90m(file:///c:/Users/RYZEN/.antigravity-ide/HandicapLab/[39mnode_modules/[4m@vitest/runner[24m/dist/index.js:1205:15[90m)[39m
    at runSuite [90m(file:///c:/Users/RYZEN/.antigravity-ide/HandicapLab/[39mnode_modules/[4m@vitest/runner[24m/dist/index.js:1205:15[90m)[39m
    at runFiles [90m(file:///c:/Users/RYZEN/.antigravity-ide/HandicapLab/[39mnode_modules/[4m@vitest/runner[24m/dist/index.js:1262:5[90m)[39m
[TelegramAlert] (Disabled - config missing) Message: Production Health Degraded!

<b>Stale Data Ingestion:</b>
- FIFA World Cup (international_tournament): Fixtures stale (N/Ah vs limit 3h). Odds stale (N/Ah vs limit 3h).
- UEFA Champions League (champions_league): Fixtures stale (N/Ah vs limit 4h). Odds stale (N/Ah vs limit 4h).
- UEFA Europa League (champions_league): Fixtures stale (N/Ah vs limit 4h). Odds stale (N/Ah vs limit 4h).
- Premier League (top_domestic): Fixtures stale (N/Ah vs limit 6h). Odds stale (N/Ah vs limit 6h).
- La Liga (top_domestic): Fixtures stale (N/Ah vs limit 6h). Odds stale (N/Ah vs limit 6h).
- Serie A (top_domestic): Fixtures stale (N/Ah vs limit 6h). Odds stale (N/Ah vs limit 6h).
- Bundesliga (top_domestic): Fixtures stale (N/Ah vs limit 6h). Odds stale (N/Ah vs limit 6h).
- Ligue 1 (top_domestic): Fixtures stale (N/Ah vs limit 6h). Odds stale (N/Ah vs limit 6h).
- UEFA Conference League (champions_league): Fixtures stale (N/Ah vs limit 4h). Odds stale (N/Ah vs limit 4h).
- UEFA Champions League Qualification (champions_league): Fixtures stale (N/Ah vs limit 4h). Odds stale (N/Ah vs limit 4h).
- UEFA Europa League Qualification (champions_league): Fixtures stale (N/Ah vs limit 4h). Odds stale (N/Ah vs limit 4h).
- UEFA Conference League Qualification (champions_league): Fixtures stale (N/Ah vs limit 4h). Odds stale (N/Ah vs limit 4h).
- Norway Eliteserien (top_domestic): Fixtures stale (N/Ah vs limit 6h). Odds stale (N/Ah vs limit 6h).
- Sweden Allsvenskan (top_domestic): Fixtures stale (N/Ah vs limit 6h). Odds stale (N/Ah vs limit 6h).
- Denmark Superliga (top_domestic): Fixtures stale (N/Ah vs limit 6h). Odds stale (N/Ah vs limit 6h).
- Finland Veikkausliiga (top_domestic): Fixtures stale (N/Ah vs limit 6h). Odds stale (N/Ah vs limit 6h).
- Iceland Besta deild (top_domestic): Fixtures stale (N/Ah vs limit 6h). Odds stale (N/Ah vs limit 6h).
- Ireland Premier Division (top_domestic): Fixtures stale (N/Ah vs limit 6h). Odds stale (N/Ah vs limit 6h).
- Brazil Serie A (top_domestic): Fixtures stale (N/Ah vs limit 6h). Odds stale (N/Ah vs limit 6h).
- Argentina Primera Division (top_domestic): Fixtures stale (N/Ah vs limit 6h). Odds stale (N/Ah vs limit 6h).
- Chile Primera Division (top_domestic): Fixtures stale (N/Ah vs limit 6h). Odds stale (N/Ah vs limit 6h).
- Colombia Primera A (top_domestic): Fixtures stale (N/Ah vs limit 6h). Odds stale (N/Ah vs limit 6h).
- Ecuador Liga Pro (top_domestic): Fixtures stale (N/Ah vs limit 6h). Odds stale (N/Ah vs limit 6h).
- Uruguay Primera Division (top_domestic): Fixtures stale (N/Ah vs limit 6h). Odds stale (N/Ah vs limit 6h).
- Paraguay Primera Division (top_domestic): Fixtures stale (N/Ah vs limit 6h). Odds stale (N/Ah vs limit 6h).
- Peru Liga 1 (top_domestic): Fixtures stale (N/Ah vs limit 6h). Odds stale (N/Ah vs limit 6h).
- Japan J1 League (top_domestic): Fixtures stale (N/Ah vs limit 6h). Odds stale (N/Ah vs limit 6h).
- K League (top_domestic): Fixtures stale (N/Ah vs limit 6h). Odds stale (N/Ah vs limit 6h).
- China Super League (top_domestic): Fixtures stale (N/Ah vs limit 6h). Odds stale (N/Ah vs limit 6h).
- Saudi Pro League (top_domestic): Fixtures stale (N/Ah vs limit 6h). Odds stale (N/Ah vs limit 6h).
- UAE Pro League (top_domestic): Fixtures stale (N/Ah vs limit 6h). Odds stale (N/Ah vs limit 6h).
- Qatar Stars League (top_domestic): Fixtures stale (N/Ah vs limit 6h). Odds stale (N/Ah vs limit 6h).
- Thailand League (top_domestic): Fixtures stale (N/Ah vs limit 6h). Odds stale (N/Ah vs limit 6h).
- Indonesia Liga 1 (top_domestic): Fixtures stale (N/Ah vs limit 6h). Odds stale (N/Ah vs limit 6h).
- MLS (top_domestic): Fixtures stale (N/Ah vs limit 6h). Odds stale (N/Ah vs limit 6h).



 [32m✓[39m tests/phase8.5.test.ts [2m([22m[2m5 tests[22m[2m)[22m[90m 72[2mms[22m[39m
 [32m✓[39m tests/phase9.test.ts [2m([22m[2m12 tests[22m[2m)[22m[90m 7[2mms[22m[39m
[90mstderr[2m | tests/prediction-determinism.test.ts[2m > [22m[2mrunPredictionCron determinism[2m > [22m[2mshould generate identical odds snapshots on multiple runs
[22m[39m[LedgerV2] Safe write error: __vite_ssr_import_0__.supabase.from(...).insert(...).then is not a function
[LedgerV2] Safe write error: __vite_ssr_import_0__.supabase.from(...).insert(...).then is not a function
[LedgerV2] Safe write error: __vite_ssr_import_0__.supabase.from(...).insert(...).then is not a function
[LedgerV2] Safe write error: __vite_ssr_import_0__.supabase.from(...).insert(...).then is not a function
[LedgerV2] Safe write error: __vite_ssr_import_0__.supabase.from(...).insert(...).then is not a function
[LedgerV2] Safe write error: __vite_ssr_import_0__.supabase.from(...).insert(...).then is not a function

[90mstderr[2m | tests/phase34.2.test.ts[2m > [22m[2mPhase 34.2: Live Prediction Validation & Competition Coverage tests[2m > [22m[2mPart 1, 2, 3, 5 & 7: Data Health Extension & Production Readiness[2m > [22m[2mshould aggregate coverage, validate registries, and return the Production Readiness Report
[22m[39m[TelegramAlert] (Disabled - config missing) Message: Production Health Degraded!

<b>Stale Data Ingestion:</b>
- FIFA World Cup (international_tournament): Fixtures stale (N/Ah vs limit 3h). Odds stale (N/Ah vs limit 3h).
- UEFA Champions League (champions_league): Fixtures stale (N/Ah vs limit 4h). Odds stale (N/Ah vs limit 4h).
- UEFA Europa League (champions_league): Fixtures stale (N/Ah vs limit 4h). Odds stale (N/Ah vs limit 4h).
- Premier League (top_domestic): Fixtures stale (N/Ah vs limit 6h). Odds stale (N/Ah vs limit 6h).
- La Liga (top_domestic): Fixtures stale (N/Ah vs limit 6h). Odds stale (N/Ah vs limit 6h).
- Serie A (top_domestic): Fixtures stale (N/Ah vs limit 6h). Odds stale (N/Ah vs limit 6h).
- Bundesliga (top_domestic): Fixtures stale (N/Ah vs limit 6h). Odds stale (N/Ah vs limit 6h).
- Ligue 1 (top_domestic): Fixtures stale (N/Ah vs limit 6h). Odds stale (N/Ah vs limit 6h).
- UEFA Conference League (champions_league): Fixtures stale (N/Ah vs limit 4h). Odds stale (N/Ah vs limit 4h).
- UEFA Champions League Qualification (champions_league): Fixtures stale (N/Ah vs limit 4h). Odds stale (N/Ah vs limit 4h).
- UEFA Europa League Qualification (champions_league): Fixtures stale (N/Ah vs limit 4h). Odds stale (N/Ah vs limit 4h).
- UEFA Conference League Qualification (champions_league): Fixtures stale (N/Ah vs limit 4h). Odds stale (N/Ah vs limit 4h).
- Norway Eliteserien (top_domestic): Fixtures stale (N/Ah vs limit 6h). Odds stale (N/Ah vs limit 6h).
- Sweden Allsvenskan (top_domestic): Fixtures stale (N/Ah vs limit 6h). Odds stale (N/Ah vs limit 6h).
- Denmark Superliga (top_domestic): Fixtures stale (N/Ah vs limit 6h). Odds stale (N/Ah vs limit 6h).
- Finland Veikkausliiga (top_domestic): Fixtures stale (N/Ah vs limit 6h). Odds stale (N/Ah vs limit 6h).
- Iceland Besta deild (top_domestic): Fixtures stale (N/Ah vs limit 6h). Odds stale (N/Ah vs limit 6h).
- Ireland Premier Division (top_domestic): Fixtures stale (N/Ah vs limit 6h). Odds stale (N/Ah vs limit 6h).
- Brazil Serie A (top_domestic): Fixtures stale (N/Ah vs limit 6h). Odds stale (N/Ah vs limit 6h).
- Argentina Primera Division (top_domestic): Fixtures stale (N/Ah vs limit 6h). Odds stale (N/Ah vs limit 6h).
- Chile Primera Division (top_domestic): Fixtures stale (N/Ah vs limit 6h). Odds stale (N/Ah vs limit 6h).
- Colombia Primera A (top_domestic): Fixtures stale (N/Ah vs limit 6h). Odds stale (N/Ah vs limit 6h).
- Ecuador Liga Pro (top_domestic): Fixtures stale (N/Ah vs limit 6h). Odds stale (N/Ah vs limit 6h).
- Uruguay Primera Division (top_domestic): Fixtures stale (N/Ah vs limit 6h). Odds stale (N/Ah vs limit 6h).
- Paraguay Primera Division (top_domestic): Fixtures stale (N/Ah vs limit 6h). Odds stale (N/Ah vs limit 6h).
- Peru Liga 1 (top_domestic): Fixtures stale (N/Ah vs limit 6h). Odds stale (N/Ah vs limit 6h).
- Japan J1 League (top_domestic): Fixtures stale (N/Ah vs limit 6h). Odds stale (N/Ah vs limit 6h).
- K League (top_domestic): Fixtures stale (N/Ah vs limit 6h). Odds stale (N/Ah vs limit 6h).
- China Super League (top_domestic): Fixtures stale (N/Ah vs limit 6h). Odds stale (N/Ah vs limit 6h).
- Saudi Pro League (top_domestic): Fixtures stale (N/Ah vs limit 6h). Odds stale (N/Ah vs limit 6h).
- UAE Pro League (top_domestic): Fixtures stale (N/Ah vs limit 6h). Odds stale (N/Ah vs limit 6h).
- Qatar Stars League (top_domestic): Fixtures stale (N/Ah vs limit 6h). Odds stale (N/Ah vs limit 6h).
- Thailand League (top_domestic): Fixtures stale (N/Ah vs limit 6h). Odds stale (N/Ah vs limit 6h).
- Indonesia Liga 1 (top_domestic): Fixtures stale (N/Ah vs limit 6h). Odds stale (N/Ah vs limit 6h).
- MLS (top_domestic): Fixtures stale (N/Ah vs limit 6h). Odds stale (N/Ah vs limit 6h).



 [32m✓[39m tests/prediction-determinism.test.ts [2m([22m[2m1 test[22m[2m)[22m[90m 28[2mms[22m[39m
 [32m✓[39m tests/phase34.2.test.ts [2m([22m[2m2 tests[22m[2m)[22m[90m 20[2mms[22m[39m
 [32m✓[39m tests/leakage.test.ts [2m([22m[2m4 tests[22m[2m)[22m[90m 10[2mms[22m[39m
[90mstderr[2m | tests/pipeline-runtime-safety.test.ts[2m > [22m[2mPrediction Pipeline Runtime Safety - Integration Tests[2m > [22m[2mEndpoint degrades gracefully under malformed odds scenario
[22m[39mSkipping invalid market data {
  fixtureId: [32m'test-match-1'[39m,
  homeTeam: [32m'HomeTeam'[39m,
  awayTeam: [32m'AwayTeam'[39m,
  market: [32m'ML'[39m,
  rawOdds: [32m'abc'[39m,
  rawProbability: [33m0.6[39m
}
Skipping invalid market data {
  fixtureId: [32m'test-match-1'[39m,
  homeTeam: [32m'HomeTeam'[39m,
  awayTeam: [32m'AwayTeam'[39m,
  market: [32m'AH'[39m,
  rawOdds: [32m'abc'[39m,
  rawProbability: [33m0.6[39m
}
Skipping invalid market data {
  fixtureId: [32m'test-match-1'[39m,
  homeTeam: [32m'HomeTeam'[39m,
  awayTeam: [32m'AwayTeam'[39m,
  market: [32m'OU'[39m,
  rawOdds: [32m'abc'[39m,
  rawProbability: [33m0.6[39m
}

 [32m✓[39m tests/pipeline-runtime-safety.test.ts [2m([22m[2m3 tests[22m[2m)[22m[90m 14[2mms[22m[39m
[90mstderr[2m | tests/phase35.2.test.ts[2m > [22m[2mPhase 35.2: Live Production Dry Run tests[2m > [22m[2mPart 1 & 2 & 3: Full Pipeline & Competition Coverage Runs[2m > [22m[2mshould complete checks for WORLD_CUP_MODE and Tier 1 active leagues
[22m[39m[TelegramAlert] (Disabled - config missing) Message: Production Health Degraded!

<b>Stale Data Ingestion:</b>
- FIFA World Cup (international_tournament): Fixtures stale (N/Ah vs limit 3h). Odds stale (N/Ah vs limit 3h).
- UEFA Champions League (champions_league): Fixtures stale (N/Ah vs limit 4h). Odds stale (N/Ah vs limit 4h).
- UEFA Europa League (champions_league): Fixtures stale (N/Ah vs limit 4h). Odds stale (N/Ah vs limit 4h).
- Premier League (top_domestic): Fixtures stale (N/Ah vs limit 6h). Odds stale (N/Ah vs limit 6h).
- La Liga (top_domestic): Fixtures stale (N/Ah vs limit 6h). Odds stale (N/Ah vs limit 6h).
- Serie A (top_domestic): Fixtures stale (N/Ah vs limit 6h). Odds stale (N/Ah vs limit 6h).
- Bundesliga (top_domestic): Fixtures stale (N/Ah vs limit 6h). Odds stale (N/Ah vs limit 6h).
- Ligue 1 (top_domestic): Fixtures stale (N/Ah vs limit 6h). Odds stale (N/Ah vs limit 6h).
- UEFA Conference League (champions_league): Fixtures stale (N/Ah vs limit 4h). Odds stale (N/Ah vs limit 4h).
- UEFA Champions League Qualification (champions_league): Fixtures stale (N/Ah vs limit 4h). Odds stale (N/Ah vs limit 4h).
- UEFA Europa League Qualification (champions_league): Fixtures stale (N/Ah vs limit 4h). Odds stale (N/Ah vs limit 4h).
- UEFA Conference League Qualification (champions_league): Fixtures stale (N/Ah vs limit 4h). Odds stale (N/Ah vs limit 4h).
- Norway Eliteserien (top_domestic): Fixtures stale (N/Ah vs limit 6h). Odds stale (N/Ah vs limit 6h).
- Sweden Allsvenskan (top_domestic): Fixtures stale (N/Ah vs limit 6h). Odds stale (N/Ah vs limit 6h).
- Denmark Superliga (top_domestic): Fixtures stale (N/Ah vs limit 6h). Odds stale (N/Ah vs limit 6h).
- Finland Veikkausliiga (top_domestic): Fixtures stale (N/Ah vs limit 6h). Odds stale (N/Ah vs limit 6h).
- Iceland Besta deild (top_domestic): Fixtures stale (N/Ah vs limit 6h). Odds stale (N/Ah vs limit 6h).
- Ireland Premier Division (top_domestic): Fixtures stale (N/Ah vs limit 6h). Odds stale (N/Ah vs limit 6h).
- Brazil Serie A (top_domestic): Fixtures stale (N/Ah vs limit 6h). Odds stale (N/Ah vs limit 6h).
- Argentina Primera Division (top_domestic): Fixtures stale (N/Ah vs limit 6h). Odds stale (N/Ah vs limit 6h).
- Chile Primera Division (top_domestic): Fixtures stale (N/Ah vs limit 6h). Odds stale (N/Ah vs limit 6h).
- Colombia Primera A (top_domestic): Fixtures stale (N/Ah vs limit 6h). Odds stale (N/Ah vs limit 6h).
- Ecuador Liga Pro (top_domestic): Fixtures stale (N/Ah vs limit 6h). Odds stale (N/Ah vs limit 6h).
- Uruguay Primera Division (top_domestic): Fixtures stale (N/Ah vs limit 6h). Odds stale (N/Ah vs limit 6h).
- Paraguay Primera Division (top_domestic): Fixtures stale (N/Ah vs limit 6h). Odds stale (N/Ah vs limit 6h).
- Peru Liga 1 (top_domestic): Fixtures stale (N/Ah vs limit 6h). Odds stale (N/Ah vs limit 6h).
- Japan J1 League (top_domestic): Fixtures stale (N/Ah vs limit 6h). Odds stale (N/Ah vs limit 6h).
- K League (top_domestic): Fixtures stale (N/Ah vs limit 6h). Odds stale (N/Ah vs limit 6h).
- China Super League (top_domestic): Fixtures stale (N/Ah vs limit 6h). Odds stale (N/Ah vs limit 6h).
- Saudi Pro League (top_domestic): Fixtures stale (N/Ah vs limit 6h). Odds stale (N/Ah vs limit 6h).
- UAE Pro League (top_domestic): Fixtures stale (N/Ah vs limit 6h). Odds stale (N/Ah vs limit 6h).
- Qatar Stars League (top_domestic): Fixtures stale (N/Ah vs limit 6h). Odds stale (N/Ah vs limit 6h).
- Thailand League (top_domestic): Fixtures stale (N/Ah vs limit 6h). Odds stale (N/Ah vs limit 6h).
- Indonesia Liga 1 (top_domestic): Fixtures stale (N/Ah vs limit 6h). Odds stale (N/Ah vs limit 6h).
- MLS (top_domestic): Fixtures stale (N/Ah vs limit 6h). Odds stale (N/Ah vs limit 6h).



 [32m✓[39m tests/phase35.2.test.ts [2m([22m[2m3 tests[22m[2m)[22m[90m 11[2mms[22m[39m
 [32m✓[39m tests/sprint4-engines.test.ts [2m([22m[2m6 tests[22m[2m)[22m[90m 10[2mms[22m[39m
 [32m✓[39m tests/phase34.3.test.ts [2m([22m[2m2 tests[22m[2m)[22m[90m 17[2mms[22m[39m
 [32m✓[39m tests/simulation.test.ts [2m([22m[2m6 tests[22m[2m)[22m[90m 8[2mms[22m[39m
 [32m✓[39m tests/league-config.test.ts [2m([22m[2m6 tests[22m[2m)[22m[90m 9[2mms[22m[39m
[90mstdout[2m | tests/scheduler.test.ts[2m > [22m[2mFixtureStateMachine[2m > [22m[2mtransitions SCHEDULED → LIVE
[22m[39m[2026-07-10T08:30:37.054Z] INFO fixture-state-machine: transition {"fixtureId":"f1","from":"SCHEDULED","to":"LIVE"}

[90mstdout[2m | tests/scheduler.test.ts[2m > [22m[2mFixtureStateMachine[2m > [22m[2mtransitions LIVE → FINISHED
[22m[39m[2026-07-10T08:30:37.057Z] INFO fixture-state-machine: transition {"fixtureId":"f1","from":"SCHEDULED","to":"LIVE"}
[2026-07-10T08:30:37.057Z] INFO fixture-state-machine: transition {"fixtureId":"f1","from":"LIVE","to":"FINISHED"}

[90mstderr[2m | tests/scheduler.test.ts[2m > [22m[2mFixtureStateMachine[2m > [22m[2mprevents invalid transitions
[22m[39m[2026-07-10T08:30:37.057Z] WARN fixture-state-machine: transition_invalid {"fixtureId":"f1","fromState":"SCHEDULED","toState":"FINISHED","allowed":["LIVE"]}

[90mstderr[2m | tests/scheduler.test.ts[2m > [22m[2mFixtureStateMachine[2m > [22m[2mprevents SKIP transition SCHEDULED → SETTLED
[22m[39m[2026-07-10T08:30:37.058Z] WARN fixture-state-machine: transition_invalid {"fixtureId":"f1","fromState":"SCHEDULED","toState":"SETTLED","allowed":["LIVE"]}

[90mstdout[2m | tests/scheduler.test.ts[2m > [22m[2mFixtureStateMachine[2m > [22m[2mfull lifecycle: SCHEDULED → LIVE → FINISHED → SETTLED → ARCHIVED
[22m[39m[2026-07-10T08:30:37.058Z] INFO fixture-state-machine: transition {"fixtureId":"f1","from":"SCHEDULED","to":"LIVE"}
[2026-07-10T08:30:37.059Z] INFO fixture-state-machine: transition {"fixtureId":"f1","from":"LIVE","to":"FINISHED"}
[2026-07-10T08:30:37.059Z] INFO fixture-state-machine: transition {"fixtureId":"f1","from":"FINISHED","to":"SETTLED"}
[2026-07-10T08:30:37.059Z] INFO fixture-state-machine: transition {"fixtureId":"f1","from":"SETTLED","to":"ARCHIVED"}

[90mstdout[2m | tests/scheduler.test.ts[2m > [22m[2mFixtureStateMachine[2m > [22m[2mARCHIVED cannot transition further
[22m[39m[2026-07-10T08:30:37.059Z] INFO fixture-state-machine: transition {"fixtureId":"f1","from":"SCHEDULED","to":"LIVE"}
[2026-07-10T08:30:37.059Z] INFO fixture-state-machine: transition {"fixtureId":"f1","from":"LIVE","to":"FINISHED"}
[2026-07-10T08:30:37.059Z] INFO fixture-state-machine: transition {"fixtureId":"f1","from":"FINISHED","to":"SETTLED"}
[2026-07-10T08:30:37.059Z] INFO fixture-state-machine: transition {"fixtureId":"f1","from":"SETTLED","to":"ARCHIVED"}

[90mstderr[2m | tests/scheduler.test.ts[2m > [22m[2mFixtureStateMachine[2m > [22m[2mARCHIVED cannot transition further
[22m[39m[2026-07-10T08:30:37.059Z] WARN fixture-state-machine: transition_invalid {"fixtureId":"f1","fromState":"ARCHIVED","toState":"LIVE","allowed":[]}

[90mstdout[2m | tests/scheduler.test.ts[2m > [22m[2mFixtureStateMachine[2m > [22m[2mgetStateCounts returns correct counts
[22m[39m[2026-07-10T08:30:37.060Z] INFO fixture-state-machine: transition {"fixtureId":"f1","from":"SCHEDULED","to":"LIVE"}

[90mstdout[2m | tests/scheduler.test.ts[2m > [22m[2mFixtureStateMachine[2m > [22m[2mreset clears everything
[22m[39m[2026-07-10T08:30:37.061Z] INFO fixture-state-machine: state_machine_reset

[90mstdout[2m | tests/scheduler.test.ts[2m > [22m[2mScheduler[2m > [22m[2mstart and stop work correctly
[22m[39m[2026-07-10T08:30:37.063Z] INFO scheduler: scheduler_started {"pollIntervalMs":60000}
[2026-07-10T08:30:37.063Z] INFO scheduler: scheduler_stopped

[90mstderr[2m | tests/scheduler.test.ts[2m > [22m[2mScheduler[2m > [22m[2mstart and stop work correctly
[22m[39m[2026-07-10T08:30:37.063Z] ERROR scheduler: tick_failed {"error":"No fixtures provider registered"}

[90mstdout[2m | tests/scheduler.test.ts[2m > [22m[2mScheduler[2m > [22m[2mstarting twice warns but still works
[22m[39m[2026-07-10T08:30:37.068Z] INFO scheduler: scheduler_started {"pollIntervalMs":60000}
[2026-07-10T08:30:37.068Z] INFO scheduler: scheduler_stopped

[90mstderr[2m | tests/scheduler.test.ts[2m > [22m[2mScheduler[2m > [22m[2mstarting twice warns but still works
[22m[39m[2026-07-10T08:30:37.068Z] WARN scheduler: scheduler_already_running
[2026-07-10T08:30:37.068Z] ERROR scheduler: tick_failed {"error":"No fixtures provider registered"}

 [32m✓[39m tests/scheduler.test.ts [2m([22m[2m15 tests[22m[2m)[22m[90m 18[2mms[22m[39m
 [32m✓[39m tests/providers-repos.test.ts [2m([22m[2m7 tests[22m[2m)[22m[90m 10[2mms[22m[39m
 [31m❯[39m tests/accuracy-metrics.test.ts [2m([22m[2m5 tests[22m[2m | [22m[31m1 failed[39m[2m)[22m[90m 23[2mms[22m[39m
[31m   [31m×[31m Accuracy and Analytics Metrics[2m > [22mAccuracyCalculator Orchestrator[2m > [22mshould aggregate metrics and partition them by market, league, and confidence[90m 14[2mms[22m[31m[39m
[31m     → expected +0 to be 1 // Object.is equality[39m
 [32m✓[39m tests/odds-intelligence.test.ts [2m([22m[2m8 tests[22m[2m)[22m[90m 7[2mms[22m[39m
 [32m✓[39m tests/providers-core.test.ts [2m([22m[2m10 tests[22m[2m)[22m[90m 9[2mms[22m[39m
 [32m✓[39m tests/odds-platform.test.ts [2m([22m[2m8 tests[22m[2m)[22m[90m 7[2mms[22m[39m
 [32m✓[39m tests/shadow-pipeline-prediction.test.ts [2m([22m[2m13 tests[22m[2m)[22m[90m 14[2mms[22m[39m
 [32m✓[39m tests/clv-sprint9.test.ts [2m([22m[2m7 tests[22m[2m)[22m[90m 10[2mms[22m[39m
 [32m✓[39m tests/admin-auth.test.ts [2m([22m[2m5 tests[22m[2m)[22m[90m 24[2mms[22m[39m
[90mstdout[2m | tests/phase7.5.test.ts[2m > [22m[2mPhase 7.5 & 8: Quant Audit Trails & Paper Trading Engine[2m > [22m[2mDivergence Anomaly Flagging[2m > [22m[2mshould calculate divergence and flag anomalies when probability and market odds differ > 15%
[22m[39m[GenerateSignals Cron] Starting pipeline. Dry Run: false
[GenerateSignals Cron] Active edge thresholds: AH=3%, OU=4%, ML=5% (Brier: null)
[GenerateSignals PIPELINE COMPLETED] Signals generated: 0
[OddsIngestionContext] flushed — execution: 0e4dc9c5-7881-4cd5-a735-217a690e2cbc | cron: generate-signals | received: 0 | enriched: 0 | rejected: 0 | signals: 0 | no-odds fixtures: 0

[90mstderr[2m | tests/phase7.5.test.ts[2m > [22m[2mPhase 7.5 & 8: Quant Audit Trails & Paper Trading Engine[2m > [22m[2mDivergence Anomaly Flagging[2m > [22m[2mshould calculate divergence and flag anomalies when probability and market odds differ > 15%
[22m[39m[GenerateSignals] Error generating ML predictions for match sig-inserted-123: RangeError: Invalid time value
    at Date.toISOString (<anonymous>)
    at FeatureEngine.build [90m(c:\Users\RYZEN\.antigravity-ide\HandicapLab\[39msrc\lib\engines\feature-engine\index.ts:77:34[90m)[39m
[90m    at processTicksAndRejections (node:internal/process/task_queues:104:5)[39m
    at handleGenerateSignals [90m(c:\Users\RYZEN\.antigravity-ide\HandicapLab\[39msrc\app\api\cron\generate-signals\route.ts:377:30[90m)[39m
    at [90mc:\Users\RYZEN\.antigravity-ide\HandicapLab\[39mtests\phase7.5.test.ts:117:24
    at [90mfile:///c:/Users/RYZEN/.antigravity-ide/HandicapLab/[39mnode_modules/[4m@vitest/runner[24m/dist/index.js:533:5
    at runTest [90m(file:///c:/Users/RYZEN/.antigravity-ide/HandicapLab/[39mnode_modules/[4m@vitest/runner[24m/dist/index.js:1056:11[90m)[39m
    at runSuite [90m(file:///c:/Users/RYZEN/.antigravity-ide/HandicapLab/[39mnode_modules/[4m@vitest/runner[24m/dist/index.js:1205:15[90m)[39m
    at runSuite [90m(file:///c:/Users/RYZEN/.antigravity-ide/HandicapLab/[39mnode_modules/[4m@vitest/runner[24m/dist/index.js:1205:15[90m)[39m
    at runSuite [90m(file:///c:/Users/RYZEN/.antigravity-ide/HandicapLab/[39mnode_modules/[4m@vitest/runner[24m/dist/index.js:1205:15[90m)[39m
[GenerateSignals] Error generating AH predictions for match sig-inserted-123: RangeError: Invalid time value
    at Date.toISOString (<anonymous>)
    at FeatureEngine.build [90m(c:\Users\RYZEN\.antigravity-ide\HandicapLab\[39msrc\lib\engines\feature-engine\index.ts:77:34[90m)[39m
[90m    at processTicksAndRejections (node:internal/process/task_queues:104:5)[39m
    at handleGenerateSignals [90m(c:\Users\RYZEN\.antigravity-ide\HandicapLab\[39msrc\app\api\cron\generate-signals\route.ts:377:30[90m)[39m
    at [90mc:\Users\RYZEN\.antigravity-ide\HandicapLab\[39mtests\phase7.5.test.ts:117:24
    at [90mfile:///c:/Users/RYZEN/.antigravity-ide/HandicapLab/[39mnode_modules/[4m@vitest/runner[24m/dist/index.js:533:5
    at runTest [90m(file:///c:/Users/RYZEN/.antigravity-ide/HandicapLab/[39mnode_modules/[4m@vitest/runner[24m/dist/index.js:1056:11[90m)[39m
    at runSuite [90m(file:///c:/Users/RYZEN/.antigravity-ide/HandicapLab/[39mnode_modules/[4m@vitest/runner[24m/dist/index.js:1205:15[90m)[39m
    at runSuite [90m(file:///c:/Users/RYZEN/.antigravity-ide/HandicapLab/[39mnode_modules/[4m@vitest/runner[24m/dist/index.js:1205:15[90m)[39m
    at runSuite [90m(file:///c:/Users/RYZEN/.antigravity-ide/HandicapLab/[39mnode_modules/[4m@vitest/runner[24m/dist/index.js:1205:15[90m)[39m
[GenerateSignals] Error generating OU predictions for match sig-inserted-123: RangeError: Invalid time value
    at Date.toISOString (<anonymous>)
    at FeatureEngine.build [90m(c:\Users\RYZEN\.antigravity-ide\HandicapLab\[39msrc\lib\engines\feature-engine\index.ts:77:34[90m)[39m
[90m    at processTicksAndRejections (node:internal/process/task_queues:104:5)[39m
    at handleGenerateSignals [90m(c:\Users\RYZEN\.antigravity-ide\HandicapLab\[39msrc\app\api\cron\generate-signals\route.ts:377:30[90m)[39m
    at [90mc:\Users\RYZEN\.antigravity-ide\HandicapLab\[39mtests\phase7.5.test.ts:117:24
    at [90mfile:///c:/Users/RYZEN/.antigravity-ide/HandicapLab/[39mnode_modules/[4m@vitest/runner[24m/dist/index.js:533:5
    at runTest [90m(file:///c:/Users/RYZEN/.antigravity-ide/HandicapLab/[39mnode_modules/[4m@vitest/runner[24m/dist/index.js:1056:11[90m)[39m
    at runSuite [90m(file:///c:/Users/RYZEN/.antigravity-ide/HandicapLab/[39mnode_modules/[4m@vitest/runner[24m/dist/index.js:1205:15[90m)[39m
    at runSuite [90m(file:///c:/Users/RYZEN/.antigravity-ide/HandicapLab/[39mnode_modules/[4m@vitest/runner[24m/dist/index.js:1205:15[90m)[39m
    at runSuite [90m(file:///c:/Users/RYZEN/.antigravity-ide/HandicapLab/[39mnode_modules/[4m@vitest/runner[24m/dist/index.js:1205:15[90m)[39m
[GenerateSignals] Error generating ML predictions for match sig-inserted-123: RangeError: Invalid time value
    at Date.toISOString (<anonymous>)
    at FeatureEngine.build [90m(c:\Users\RYZEN\.antigravity-ide\HandicapLab\[39msrc\lib\engines\feature-engine\index.ts:77:34[90m)[39m
[90m    at processTicksAndRejections (node:internal/process/task_queues:104:5)[39m
    at handleGenerateSignals [90m(c:\Users\RYZEN\.antigravity-ide\HandicapLab\[39msrc\app\api\cron\generate-signals\route.ts:377:30[90m)[39m
    at [90mc:\Users\RYZEN\.antigravity-ide\HandicapLab\[39mtests\phase7.5.test.ts:117:24
    at [90mfile:///c:/Users/RYZEN/.antigravity-ide/HandicapLab/[39mnode_modules/[4m@vitest/runner[24m/dist/index.js:533:5
    at runTest [90m(file:///c:/Users/RYZEN/.antigravity-ide/HandicapLab/[39mnode_modules/[4m@vitest/runner[24m/dist/index.js:1056:11[90m)[39m
    at runSuite [90m(file:///c:/Users/RYZEN/.antigravity-ide/HandicapLab/[39mnode_modules/[4m@vitest/runner[24m/dist/index.js:1205:15[90m)[39m
    at runSuite [90m(file:///c:/Users/RYZEN/.antigravity-ide/HandicapLab/[39mnode_modules/[4m@vitest/runner[24m/dist/index.js:1205:15[90m)[39m
    at runSuite [90m(file:///c:/Users/RYZEN/.antigravity-ide/HandicapLab/[39mnode_modules/[4m@vitest/runner[24m/dist/index.js:1205:15[90m)[39m
[GenerateSignals] Error generating AH predictions for match sig-inserted-123: RangeError: Invalid time value
    at Date.toISOString (<anonymous>)
    at FeatureEngine.build [90m(c:\Users\RYZEN\.antigravity-ide\HandicapLab\[39msrc\lib\engines\feature-engine\index.ts:77:34[90m)[39m
[90m    at processTicksAndRejections (node:internal/process/task_queues:104:5)[39m
    at handleGenerateSignals [90m(c:\Users\RYZEN\.antigravity-ide\HandicapLab\[39msrc\app\api\cron\generate-signals\route.ts:377:30[90m)[39m
    at [90mc:\Users\RYZEN\.antigravity-ide\HandicapLab\[39mtests\phase7.5.test.ts:117:24
    at [90mfile:///c:/Users/RYZEN/.antigravity-ide/HandicapLab/[39mnode_modules/[4m@vitest/runner[24m/dist/index.js:533:5
    at runTest [90m(file:///c:/Users/RYZEN/.antigravity-ide/HandicapLab/[39mnode_modules/[4m@vitest/runner[24m/dist/index.js:1056:11[90m)[39m
    at runSuite [90m(file:///c:/Users/RYZEN/.antigravity-ide/HandicapLab/[39mnode_modules/[4m@vitest/runner[24m/dist/index.js:1205:15[90m)[39m
    at runSuite [90m(file:///c:/Users/RYZEN/.antigravity-ide/HandicapLab/[39mnode_modules/[4m@vitest/runner[24m/dist/index.js:1205:15[90m)[39m
    at runSuite [90m(file:///c:/Users/RYZEN/.antigravity-ide/HandicapLab/[39mnode_modules/[4m@vitest/runner[24m/dist/index.js:1205:15[90m)[39m
[GenerateSignals] Error generating OU predictions for match sig-inserted-123: RangeError: Invalid time value
    at Date.toISOString (<anonymous>)
    at FeatureEngine.build [90m(c:\Users\RYZEN\.antigravity-ide\HandicapLab\[39msrc\lib\engines\feature-engine\index.ts:77:34[90m)[39m
[90m    at processTicksAndRejections (node:internal/process/task_queues:104:5)[39m
    at handleGenerateSignals [90m(c:\Users\RYZEN\.antigravity-ide\HandicapLab\[39msrc\app\api\cron\generate-signals\route.ts:377:30[90m)[39m
    at [90mc:\Users\RYZEN\.antigravity-ide\HandicapLab\[39mtests\phase7.5.test.ts:117:24
    at [90mfile:///c:/Users/RYZEN/.antigravity-ide/HandicapLab/[39mnode_modules/[4m@vitest/runner[24m/dist/index.js:533:5
    at runTest [90m(file:///c:/Users/RYZEN/.antigravity-ide/HandicapLab/[39mnode_modules/[4m@vitest/runner[24m/dist/index.js:1056:11[90m)[39m
    at runSuite [90m(file:///c:/Users/RYZEN/.antigravity-ide/HandicapLab/[39mnode_modules/[4m@vitest/runner[24m/dist/index.js:1205:15[90m)[39m
    at runSuite [90m(file:///c:/Users/RYZEN/.antigravity-ide/HandicapLab/[39mnode_modules/[4m@vitest/runner[24m/dist/index.js:1205:15[90m)[39m
    at runSuite [90m(file:///c:/Users/RYZEN/.antigravity-ide/HandicapLab/[39mnode_modules/[4m@vitest/runner[24m/dist/index.js:1205:15[90m)[39m
[GenerateSignals] Error generating ML predictions for match sig-inserted-123: RangeError: Invalid time value
    at Date.toISOString (<anonymous>)
    at FeatureEngine.build [90m(c:\Users\RYZEN\.antigravity-ide\HandicapLab\[39msrc\lib\engines\feature-engine\index.ts:77:34[90m)[39m
[90m    at processTicksAndRejections (node:internal/process/task_queues:104:5)[39m
    at handleGenerateSignals [90m(c:\Users\RYZEN\.antigravity-ide\HandicapLab\[39msrc\app\api\cron\generate-signals\route.ts:377:30[90m)[39m
    at [90mc:\Users\RYZEN\.antigravity-ide\HandicapLab\[39mtests\phase7.5.test.ts:117:24
    at [90mfile:///c:/Users/RYZEN/.antigravity-ide/HandicapLab/[39mnode_modules/[4m@vitest/runner[24m/dist/index.js:533:5
    at runTest [90m(file:///c:/Users/RYZEN/.antigravity-ide/HandicapLab/[39mnode_modules/[4m@vitest/runner[24m/dist/index.js:1056:11[90m)[39m
    at runSuite [90m(file:///c:/Users/RYZEN/.antigravity-ide/HandicapLab/[39mnode_modules/[4m@vitest/runner[24m/dist/index.js:1205:15[90m)[39m
    at runSuite [90m(file:///c:/Users/RYZEN/.antigravity-ide/HandicapLab/[39mnode_modules/[4m@vitest/runner[24m/dist/index.js:1205:15[90m)[39m
    at runSuite [90m(file:///c:/Users/RYZEN/.antigravity-ide/HandicapLab/[39mnode_modules/[4m@vitest/runner[24m/dist/index.js:1205:15[90m)[39m
[GenerateSignals] Error generating AH predictions for match sig-inserted-123: RangeError: Invalid time value
    at Date.toISOString (<anonymous>)
    at FeatureEngine.build [90m(c:\Users\RYZEN\.antigravity-ide\HandicapLab\[39msrc\lib\engines\feature-engine\index.ts:77:34[90m)[39m
[90m    at processTicksAndRejections (node:internal/process/task_queues:104:5)[39m
    at handleGenerateSignals [90m(c:\Users\RYZEN\.antigravity-ide\HandicapLab\[39msrc\app\api\cron\generate-signals\route.ts:377:30[90m)[39m
    at [90mc:\Users\RYZEN\.antigravity-ide\HandicapLab\[39mtests\phase7.5.test.ts:117:24
    at [90mfile:///c:/Users/RYZEN/.antigravity-ide/HandicapLab/[39mnode_modules/[4m@vitest/runner[24m/dist/index.js:533:5
    at runTest [90m(file:///c:/Users/RYZEN/.antigravity-ide/HandicapLab/[39mnode_modules/[4m@vitest/runner[24m/dist/index.js:1056:11[90m)[39m
    at runSuite [90m(file:///c:/Users/RYZEN/.antigravity-ide/HandicapLab/[39mnode_modules/[4m@vitest/runner[24m/dist/index.js:1205:15[90m)[39m
    at runSuite [90m(file:///c:/Users/RYZEN/.antigravity-ide/HandicapLab/[39mnode_modules/[4m@vitest/runner[24m/dist/index.js:1205:15[90m)[39m
    at runSuite [90m(file:///c:/Users/RYZEN/.antigravity-ide/HandicapLab/[39mnode_modules/[4m@vitest/runner[24m/dist/index.js:1205:15[90m)[39m
[GenerateSignals] Error generating OU predictions for match sig-inserted-123: RangeError: Invalid time value
    at Date.toISOString (<anonymous>)
    at FeatureEngine.build [90m(c:\Users\RYZEN\.antigravity-ide\HandicapLab\[39msrc\lib\engines\feature-engine\index.ts:77:34[90m)[39m
[90m    at processTicksAndRejections (node:internal/process/task_queues:104:5)[39m
    at handleGenerateSignals [90m(c:\Users\RYZEN\.antigravity-ide\HandicapLab\[39msrc\app\api\cron\generate-signals\route.ts:377:30[90m)[39m
    at [90mc:\Users\RYZEN\.antigravity-ide\HandicapLab\[39mtests\phase7.5.test.ts:117:24
    at [90mfile:///c:/Users/RYZEN/.antigravity-ide/HandicapLab/[39mnode_modules/[4m@vitest/runner[24m/dist/index.js:533:5
    at runTest [90m(file:///c:/Users/RYZEN/.antigravity-ide/HandicapLab/[39mnode_modules/[4m@vitest/runner[24m/dist/index.js:1056:11[90m)[39m
    at runSuite [90m(file:///c:/Users/RYZEN/.antigravity-ide/HandicapLab/[39mnode_modules/[4m@vitest/runner[24m/dist/index.js:1205:15[90m)[39m
    at runSuite [90m(file:///c:/Users/RYZEN/.antigravity-ide/HandicapLab/[39mnode_modules/[4m@vitest/runner[24m/dist/index.js:1205:15[90m)[39m
    at runSuite [90m(file:///c:/Users/RYZEN/.antigravity-ide/HandicapLab/[39mnode_modules/[4m@vitest/runner[24m/dist/index.js:1205:15[90m)[39m
[GenerateSignals] Error generating ML predictions for match sig-inserted-123: RangeError: Invalid time value
    at Date.toISOString (<anonymous>)
    at FeatureEngine.build [90m(c:\Users\RYZEN\.antigravity-ide\HandicapLab\[39msrc\lib\engines\feature-engine\index.ts:77:34[90m)[39m
[90m    at processTicksAndRejections (node:internal/process/task_queues:104:5)[39m
    at handleGenerateSignals [90m(c:\Users\RYZEN\.antigravity-ide\HandicapLab\[39msrc\app\api\cron\generate-signals\route.ts:377:30[90m)[39m
    at [90mc:\Users\RYZEN\.antigravity-ide\HandicapLab\[39mtests\phase7.5.test.ts:117:24
    at [90mfile:///c:/Users/RYZEN/.antigravity-ide/HandicapLab/[39mnode_modules/[4m@vitest/runner[24m/dist/index.js:533:5
    at runTest [90m(file:///c:/Users/RYZEN/.antigravity-ide/HandicapLab/[39mnode_modules/[4m@vitest/runner[24m/dist/index.js:1056:11[90m)[39m
    at runSuite [90m(file:///c:/Users/RYZEN/.antigravity-ide/HandicapLab/[39mnode_modules/[4m@vitest/runner[24m/dist/index.js:1205:15[90m)[39m
    at runSuite [90m(file:///c:/Users/RYZEN/.antigravity-ide/HandicapLab/[39mnode_modules/[4m@vitest/runner[24m/dist/index.js:1205:15[90m)[39m
    at runSuite [90m(file:///c:/Users/RYZEN/.antigravity-ide/HandicapLab/[39mnode_modules/[4m@vitest/runner[24m/dist/index.js:1205:15[90m)[39m
[GenerateSignals] Error generating AH predictions for match sig-inserted-123: RangeError: Invalid time value
    at Date.toISOString (<anonymous>)
    at FeatureEngine.build [90m(c:\Users\RYZEN\.antigravity-ide\HandicapLab\[39msrc\lib\engines\feature-engine\index.ts:77:34[90m)[39m
[90m    at processTicksAndRejections (node:internal/process/task_queues:104:5)[39m
    at handleGenerateSignals [90m(c:\Users\RYZEN\.antigravity-ide\HandicapLab\[39msrc\app\api\cron\generate-signals\route.ts:377:30[90m)[39m
    at [90mc:\Users\RYZEN\.antigravity-ide\HandicapLab\[39mtests\phase7.5.test.ts:117:24
    at [90mfile:///c:/Users/RYZEN/.antigravity-ide/HandicapLab/[39mnode_modules/[4m@vitest/runner[24m/dist/index.js:533:5
    at runTest [90m(file:///c:/Users/RYZEN/.antigravity-ide/HandicapLab/[39mnode_modules/[4m@vitest/runner[24m/dist/index.js:1056:11[90m)[39m
    at runSuite [90m(file:///c:/Users/RYZEN/.antigravity-ide/HandicapLab/[39mnode_modules/[4m@vitest/runner[24m/dist/index.js:1205:15[90m)[39m
    at runSuite [90m(file:///c:/Users/RYZEN/.antigravity-ide/HandicapLab/[39mnode_modules/[4m@vitest/runner[24m/dist/index.js:1205:15[90m)[39m
    at runSuite [90m(file:///c:/Users/RYZEN/.antigravity-ide/HandicapLab/[39mnode_modules/[4m@vitest/runner[24m/dist/index.js:1205:15[90m)[39m
[GenerateSignals] Error generating OU predictions for match sig-inserted-123: RangeError: Invalid time value
    at Date.toISOString (<anonymous>)
    at FeatureEngine.build [90m(c:\Users\RYZEN\.antigravity-ide\HandicapLab\[39msrc\lib\engines\feature-engine\index.ts:77:34[90m)[39m
[90m    at processTicksAndRejections (node:internal/process/task_queues:104:5)[39m
    at handleGenerateSignals [90m(c:\Users\RYZEN\.antigravity-ide\HandicapLab\[39msrc\app\api\cron\generate-signals\route.ts:377:30[90m)[39m
    at [90mc:\Users\RYZEN\.antigravity-ide\HandicapLab\[39mtests\phase7.5.test.ts:117:24
    at [90mfile:///c:/Users/RYZEN/.antigravity-ide/HandicapLab/[39mnode_modules/[4m@vitest/runner[24m/dist/index.js:533:5
    at runTest [90m(file:///c:/Users/RYZEN/.antigravity-ide/HandicapLab/[39mnode_modules/[4m@vitest/runner[24m/dist/index.js:1056:11[90m)[39m
    at runSuite [90m(file:///c:/Users/RYZEN/.antigravity-ide/HandicapLab/[39mnode_modules/[4m@vitest/runner[24m/dist/index.js:1205:15[90m)[39m
    at runSuite [90m(file:///c:/Users/RYZEN/.antigravity-ide/HandicapLab/[39mnode_modules/[4m@vitest/runner[24m/dist/index.js:1205:15[90m)[39m
    at runSuite [90m(file:///c:/Users/RYZEN/.antigravity-ide/HandicapLab/[39mnode_modules/[4m@vitest/runner[24m/dist/index.js:1205:15[90m)[39m
[GenerateSignals] Error generating ML predictions for match sig-inserted-123: RangeError: Invalid time value
    at Date.toISOString (<anonymous>)
    at FeatureEngine.build [90m(c:\Users\RYZEN\.antigravity-ide\HandicapLab\[39msrc\lib\engines\feature-engine\index.ts:77:34[90m)[39m
[90m    at processTicksAndRejections (node:internal/process/task_queues:104:5)[39m
    at handleGenerateSignals [90m(c:\Users\RYZEN\.antigravity-ide\HandicapLab\[39msrc\app\api\cron\generate-signals\route.ts:377:30[90m)[39m
    at [90mc:\Users\RYZEN\.antigravity-ide\HandicapLab\[39mtests\phase7.5.test.ts:117:24
    at [90mfile:///c:/Users/RYZEN/.antigravity-ide/HandicapLab/[39mnode_modules/[4m@vitest/runner[24m/dist/index.js:533:5
    at runTest [90m(file:///c:/Users/RYZEN/.antigravity-ide/HandicapLab/[39mnode_modules/[4m@vitest/runner[24m/dist/index.js:1056:11[90m)[39m
    at runSuite [90m(file:///c:/Users/RYZEN/.antigravity-ide/HandicapLab/[39mnode_modules/[4m@vitest/runner[24m/dist/index.js:1205:15[90m)[39m
    at runSuite [90m(file:///c:/Users/RYZEN/.antigravity-ide/HandicapLab/[39mnode_modules/[4m@vitest/runner[24m/dist/index.js:1205:15[90m)[39m
    at runSuite [90m(file:///c:/Users/RYZEN/.antigravity-ide/HandicapLab/[39mnode_modules/[4m@vitest/runner[24m/dist/index.js:1205:15[90m)[39m
[GenerateSignals] Error generating AH predictions for match sig-inserted-123: RangeError: Invalid time value
    at Date.toISOString (<anonymous>)
    at FeatureEngine.build [90m(c:\Users\RYZEN\.antigravity-ide\HandicapLab\[39msrc\lib\engines\feature-engine\index.ts:77:34[90m)[39m
[90m    at processTicksAndRejections (node:internal/process/task_queues:104:5)[39m
    at handleGenerateSignals [90m(c:\Users\RYZEN\.antigravity-ide\HandicapLab\[39msrc\app\api\cron\generate-signals\route.ts:377:30[90m)[39m
    at [90mc:\Users\RYZEN\.antigravity-ide\HandicapLab\[39mtests\phase7.5.test.ts:117:24
    at [90mfile:///c:/Users/RYZEN/.antigravity-ide/HandicapLab/[39mnode_modules/[4m@vitest/runner[24m/dist/index.js:533:5
    at runTest [90m(file:///c:/Users/RYZEN/.antigravity-ide/HandicapLab/[39mnode_modules/[4m@vitest/runner[24m/dist/index.js:1056:11[90m)[39m
    at runSuite [90m(file:///c:/Users/RYZEN/.antigravity-ide/HandicapLab/[39mnode_modules/[4m@vitest/runner[24m/dist/index.js:1205:15[90m)[39m
    at runSuite [90m(file:///c:/Users/RYZEN/.antigravity-ide/HandicapLab/[39mnode_modules/[4m@vitest/runner[24m/dist/index.js:1205:15[90m)[39m
    at runSuite [90m(file:///c:/Users/RYZEN/.antigravity-ide/HandicapLab/[39mnode_modules/[4m@vitest/runner[24m/dist/index.js:1205:15[90m)[39m
[GenerateSignals] Error generating OU predictions for match sig-inserted-123: RangeError: Invalid time value
    at Date.toISOString (<anonymous>)
    at FeatureEngine.build [90m(c:\Users\RYZEN\.antigravity-ide\HandicapLab\[39msrc\lib\engines\feature-engine\index.ts:77:34[90m)[39m
[90m    at processTicksAndRejections (node:internal/process/task_queues:104:5)[39m
    at handleGenerateSignals [90m(c:\Users\RYZEN\.antigravity-ide\HandicapLab\[39msrc\app\api\cron\generate-signals\route.ts:377:30[90m)[39m
    at [90mc:\Users\RYZEN\.antigravity-ide\HandicapLab\[39mtests\phase7.5.test.ts:117:24
    at [90mfile:///c:/Users/RYZEN/.antigravity-ide/HandicapLab/[39mnode_modules/[4m@vitest/runner[24m/dist/index.js:533:5
    at runTest [90m(file:///c:/Users/RYZEN/.antigravity-ide/HandicapLab/[39mnode_modules/[4m@vitest/runner[24m/dist/index.js:1056:11[90m)[39m
    at runSuite [90m(file:///c:/Users/RYZEN/.antigravity-ide/HandicapLab/[39mnode_modules/[4m@vitest/runner[24m/dist/index.js:1205:15[90m)[39m
    at runSuite [90m(file:///c:/Users/RYZEN/.antigravity-ide/HandicapLab/[39mnode_modules/[4m@vitest/runner[24m/dist/index.js:1205:15[90m)[39m
    at runSuite [90m(file:///c:/Users/RYZEN/.antigravity-ide/HandicapLab/[39mnode_modules/[4m@vitest/runner[24m/dist/index.js:1205:15[90m)[39m
[GenerateSignals] Error generating ML predictions for match sig-inserted-123: RangeError: Invalid time value
    at Date.toISOString (<anonymous>)
    at FeatureEngine.build [90m(c:\Users\RYZEN\.antigravity-ide\HandicapLab\[39msrc\lib\engines\feature-engine\index.ts:77:34[90m)[39m
[90m    at processTicksAndRejections (node:internal/process/task_queues:104:5)[39m
    at handleGenerateSignals [90m(c:\Users\RYZEN\.antigravity-ide\HandicapLab\[39msrc\app\api\cron\generate-signals\route.ts:377:30[90m)[39m
    at [90mc:\Users\RYZEN\.antigravity-ide\HandicapLab\[39mtests\phase7.5.test.ts:117:24
    at [90mfile:///c:/Users/RYZEN/.antigravity-ide/HandicapLab/[39mnode_modules/[4m@vitest/runner[24m/dist/index.js:533:5
    at runTest [90m(file:///c:/Users/RYZEN/.antigravity-ide/HandicapLab/[39mnode_modules/[4m@vitest/runner[24m/dist/index.js:1056:11[90m)[39m
    at runSuite [90m(file:///c:/Users/RYZEN/.antigravity-ide/HandicapLab/[39mnode_modules/[4m@vitest/runner[24m/dist/index.js:1205:15[90m)[39m
    at runSuite [90m(file:///c:/Users/RYZEN/.antigravity-ide/HandicapLab/[39mnode_modules/[4m@vitest/runner[24m/dist/index.js:1205:15[90m)[39m
    at runSuite [90m(file:///c:/Users/RYZEN/.antigravity-ide/HandicapLab/[39mnode_modules/[4m@vitest/runner[24m/dist/index.js:1205:15[90m)[39m
[GenerateSignals] Error generating AH predictions for match sig-inserted-123: RangeError: Invalid time value
    at Date.toISOString (<anonymous>)
    at FeatureEngine.build [90m(c:\Users\RYZEN\.antigravity-ide\HandicapLab\[39msrc\lib\engines\feature-engine\index.ts:77:34[90m)[39m
[90m    at processTicksAndRejections (node:internal/process/task_queues:104:5)[39m
    at handleGenerateSignals [90m(c:\Users\RYZEN\.antigravity-ide\HandicapLab\[39msrc\app\api\cron\generate-signals\route.ts:377:30[90m)[39m
    at [90mc:\Users\RYZEN\.antigravity-ide\HandicapLab\[39mtests\phase7.5.test.ts:117:24
    at [90mfile:///c:/Users/RYZEN/.antigravity-ide/HandicapLab/[39mnode_modules/[4m@vitest/runner[24m/dist/index.js:533:5
    at runTest [90m(file:///c:/Users/RYZEN/.antigravity-ide/HandicapLab/[39mnode_modules/[4m@vitest/runner[24m/dist/index.js:1056:11[90m)[39m
    at runSuite [90m(file:///c:/Users/RYZEN/.antigravity-ide/HandicapLab/[39mnode_modules/[4m@vitest/runner[24m/dist/index.js:1205:15[90m)[39m
    at runSuite [90m(file:///c:/Users/RYZEN/.antigravity-ide/HandicapLab/[39mnode_modules/[4m@vitest/runner[24m/dist/index.js:1205:15[90m)[39m
    at runSuite [90m(file:///c:/Users/RYZEN/.antigravity-ide/HandicapLab/[39mnode_modules/[4m@vitest/runner[24m/dist/index.js:1205:15[90m)[39m
[GenerateSignals] Error generating OU predictions for match sig-inserted-123: RangeError: Invalid time value
    at Date.toISOString (<anonymous>)
    at FeatureEngine.build [90m(c:\Users\RYZEN\.antigravity-ide\HandicapLab\[39msrc\lib\engines\feature-engine\index.ts:77:34[90m)[39m
[90m    at processTicksAndRejections (node:internal/process/task_queues:104:5)[39m
    at handleGenerateSignals [90m(c:\Users\RYZEN\.antigravity-ide\HandicapLab\[39msrc\app\api\cron\generate-signals\route.ts:377:30[90m)[39m
    at [90mc:\Users\RYZEN\.antigravity-ide\HandicapLab\[39mtests\phase7.5.test.ts:117:24
    at [90mfile:///c:/Users/RYZEN/.antigravity-ide/HandicapLab/[39mnode_modules/[4m@vitest/runner[24m/dist/index.js:533:5
    at runTest [90m(file:///c:/Users/RYZEN/.antigravity-ide/HandicapLab/[39mnode_modules/[4m@vitest/runner[24m/dist/index.js:1056:11[90m)[39m
    at runSuite [90m(file:///c:/Users/RYZEN/.antigravity-ide/HandicapLab/[39mnode_modules/[4m@vitest/runner[24m/dist/index.js:1205:15[90m)[39m
    at runSuite [90m(file:///c:/Users/RYZEN/.antigravity-ide/HandicapLab/[39mnode_modules/[4m@vitest/runner[24m/dist/index.js:1205:15[90m)[39m
    at runSuite [90m(file:///c:/Users/RYZEN/.antigravity-ide/HandicapLab/[39mnode_modules/[4m@vitest/runner[24m/dist/index.js:1205:15[90m)[39m
[GenerateSignals] Error generating ML predictions for match sig-inserted-123: RangeError: Invalid time value
    at Date.toISOString (<anonymous>)
    at FeatureEngine.build [90m(c:\Users\RYZEN\.antigravity-ide\HandicapLab\[39msrc\lib\engines\feature-engine\index.ts:77:34[90m)[39m
[90m    at processTicksAndRejections (node:internal/process/task_queues:104:5)[39m
    at handleGenerateSignals [90m(c:\Users\RYZEN\.antigravity-ide\HandicapLab\[39msrc\app\api\cron\generate-signals\route.ts:377:30[90m)[39m
    at [90mc:\Users\RYZEN\.antigravity-ide\HandicapLab\[39mtests\phase7.5.test.ts:117:24
    at [90mfile:///c:/Users/RYZEN/.antigravity-ide/HandicapLab/[39mnode_modules/[4m@vitest/runner[24m/dist/index.js:533:5
    at runTest [90m(file:///c:/Users/RYZEN/.antigravity-ide/HandicapLab/[39mnode_modules/[4m@vitest/runner[24m/dist/index.js:1056:11[90m)[39m
    at runSuite [90m(file:///c:/Users/RYZEN/.antigravity-ide/HandicapLab/[39mnode_modules/[4m@vitest/runner[24m/dist/index.js:1205:15[90m)[39m
    at runSuite [90m(file:///c:/Users/RYZEN/.antigravity-ide/HandicapLab/[39mnode_modules/[4m@vitest/runner[24m/dist/index.js:1205:15[90m)[39m
    at runSuite [90m(file:///c:/Users/RYZEN/.antigravity-ide/HandicapLab/[39mnode_modules/[4m@vitest/runner[24m/dist/index.js:1205:15[90m)[39m
[GenerateSignals] Error generating AH predictions for match sig-inserted-123: RangeError: Invalid time value
    at Date.toISOString (<anonymous>)
    at FeatureEngine.build [90m(c:\Users\RYZEN\.antigravity-ide\HandicapLab\[39msrc\lib\engines\feature-engine\index.ts:77:34[90m)[39m
[90m    at processTicksAndRejections (node:internal/process/task_queues:104:5)[39m
    at handleGenerateSignals [90m(c:\Users\RYZEN\.antigravity-ide\HandicapLab\[39msrc\app\api\cron\generate-signals\route.ts:377:30[90m)[39m
    at [90mc:\Users\RYZEN\.antigravity-ide\HandicapLab\[39mtests\phase7.5.test.ts:117:24
    at [90mfile:///c:/Users/RYZEN/.antigravity-ide/HandicapLab/[39mnode_modules/[4m@vitest/runner[24m/dist/index.js:533:5
    at runTest [90m(file:///c:/Users/RYZEN/.antigravity-ide/HandicapLab/[39mnode_modules/[4m@vitest/runner[24m/dist/index.js:1056:11[90m)[39m
    at runSuite [90m(file:///c:/Users/RYZEN/.antigravity-ide/HandicapLab/[39mnode_modules/[4m@vitest/runner[24m/dist/index.js:1205:15[90m)[39m
    at runSuite [90m(file:///c:/Users/RYZEN/.antigravity-ide/HandicapLab/[39mnode_modules/[4m@vitest/runner[24m/dist/index.js:1205:15[90m)[39m
    at runSuite [90m(file:///c:/Users/RYZEN/.antigravity-ide/HandicapLab/[39mnode_modules/[4m@vitest/runner[24m/dist/index.js:1205:15[90m)[39m
[GenerateSignals] Error generating OU predictions for match sig-inserted-123: RangeError: Invalid time value
    at Date.toISOString (<anonymous>)
    at FeatureEngine.build [90m(c:\Users\RYZEN\.antigravity-ide\HandicapLab\[39msrc\lib\engines\feature-engine\index.ts:77:34[90m)[39m
[90m    at processTicksAndRejections (node:internal/process/task_queues:104:5)[39m
    at handleGenerateSignals [90m(c:\Users\RYZEN\.antigravity-ide\HandicapLab\[39msrc\app\api\cron\generate-signals\route.ts:377:30[90m)[39m
    at [90mc:\Users\RYZEN\.antigravity-ide\HandicapLab\[39mtests\phase7.5.test.ts:117:24
    at [90mfile:///c:/Users/RYZEN/.antigravity-ide/HandicapLab/[39mnode_modules/[4m@vitest/runner[24m/dist/index.js:533:5
    at runTest [90m(file:///c:/Users/RYZEN/.antigravity-ide/HandicapLab/[39mnode_modules/[4m@vitest/runner[24m/dist/index.js:1056:11[90m)[39m
    at runSuite [90m(file:///c:/Users/RYZEN/.antigravity-ide/HandicapLab/[39mnode_modules/[4m@vitest/runner[24m/dist/index.js:1205:15[90m)[39m
    at runSuite [90m(file:///c:/Users/RYZEN/.antigravity-ide/HandicapLab/[39mnode_modules/[4m@vitest/runner[24m/dist/index.js:1205:15[90m)[39m
    at runSuite [90m(file:///c:/Users/RYZEN/.antigravity-ide/HandicapLab/[39mnode_modules/[4m@vitest/runner[24m/dist/index.js:1205:15[90m)[39m
[GenerateSignals] Error generating ML predictions for match sig-inserted-123: RangeError: Invalid time value
    at Date.toISOString (<anonymous>)
    at FeatureEngine.build [90m(c:\Users\RYZEN\.antigravity-ide\HandicapLab\[39msrc\lib\engines\feature-engine\index.ts:77:34[90m)[39m
[90m    at processTicksAndRejections (node:internal/process/task_queues:104:5)[39m
    at handleGenerateSignals [90m(c:\Users\RYZEN\.antigravity-ide\HandicapLab\[39msrc\app\api\cron\generate-signals\route.ts:377:30[90m)[39m
    at [90mc:\Users\RYZEN\.antigravity-ide\HandicapLab\[39mtests\phase7.5.test.ts:117:24
    at [90mfile:///c:/Users/RYZEN/.antigravity-ide/HandicapLab/[39mnode_modules/[4m@vitest/runner[24m/dist/index.js:533:5
    at runTest [90m(file:///c:/Users/RYZEN/.antigravity-ide/HandicapLab/[39mnode_modules/[4m@vitest/runner[24m/dist/index.js:1056:11[90m)[39m
    at runSuite [90m(file:///c:/Users/RYZEN/.antigravity-ide/HandicapLab/[39mnode_modules/[4m@vitest/runner[24m/dist/index.js:1205:15[90m)[39m
    at runSuite [90m(file:///c:/Users/RYZEN/.antigravity-ide/HandicapLab/[39mnode_modules/[4m@vitest/runner[24m/dist/index.js:1205:15[90m)[39m
    at runSuite [90m(file:///c:/Users/RYZEN/.antigravity-ide/HandicapLab/[39mnode_modules/[4m@vitest/runner[24m/dist/index.js:1205:15[90m)[39m
[GenerateSignals] Error generating AH predictions for match sig-inserted-123: RangeError: Invalid time value
    at Date.toISOString (<anonymous>)
    at FeatureEngine.build [90m(c:\Users\RYZEN\.antigravity-ide\HandicapLab\[39msrc\lib\engines\feature-engine\index.ts:77:34[90m)[39m
[90m    at processTicksAndRejections (node:internal/process/task_queues:104:5)[39m
    at handleGenerateSignals [90m(c:\Users\RYZEN\.antigravity-ide\HandicapLab\[39msrc\app\api\cron\generate-signals\route.ts:377:30[90m)[39m
    at [90mc:\Users\RYZEN\.antigravity-ide\HandicapLab\[39mtests\phase7.5.test.ts:117:24
    at [90mfile:///c:/Users/RYZEN/.antigravity-ide/HandicapLab/[39mnode_modules/[4m@vitest/runner[24m/dist/index.js:533:5
    at runTest [90m(file:///c:/Users/RYZEN/.antigravity-ide/HandicapLab/[39mnode_modules/[4m@vitest/runner[24m/dist/index.js:1056:11[90m)[39m
    at runSuite [90m(file:///c:/Users/RYZEN/.antigravity-ide/HandicapLab/[39mnode_modules/[4m@vitest/runner[24m/dist/index.js:1205:15[90m)[39m
    at runSuite [90m(file:///c:/Users/RYZEN/.antigravity-ide/HandicapLab/[39mnode_modules/[4m@vitest/runner[24m/dist/index.js:1205:15[90m)[39m
    at runSuite [90m(file:///c:/Users/RYZEN/.antigravity-ide/HandicapLab/[39mnode_modules/[4m@vitest/runner[24m/dist/index.js:1205:15[90m)[39m
[GenerateSignals] Error generating OU predictions for match sig-inserted-123: RangeError: Invalid time value
    at Date.toISOString (<anonymous>)
    at FeatureEngine.build [90m(c:\Users\RYZEN\.antigravity-ide\HandicapLab\[39msrc\lib\engines\feature-engine\index.ts:77:34[90m)[39m
[90m    at processTicksAndRejections (node:internal/process/task_queues:104:5)[39m
    at handleGenerateSignals [90m(c:\Users\RYZEN\.antigravity-ide\HandicapLab\[39msrc\app\api\cron\generate-signals\route.ts:377:30[90m)[39m
    at [90mc:\Users\RYZEN\.antigravity-ide\HandicapLab\[39mtests\phase7.5.test.ts:117:24
    at [90mfile:///c:/Users/RYZEN/.antigravity-ide/HandicapLab/[39mnode_modules/[4m@vitest/runner[24m/dist/index.js:533:5
    at runTest [90m(file:///c:/Users/RYZEN/.antigravity-ide/HandicapLab/[39mnode_modules/[4m@vitest/runner[24m/dist/index.js:1056:11[90m)[39m
    at runSuite [90m(file:///c:/Users/RYZEN/.antigravity-ide/HandicapLab/[39mnode_modules/[4m@vitest/runner[24m/dist/index.js:1205:15[90m)[39m
    at runSuite [90m(file:///c:/Users/RYZEN/.antigravity-ide/HandicapLab/[39mnode_modules/[4m@vitest/runner[24m/dist/index.js:1205:15[90m)[39m
    at runSuite [90m(file:///c:/Users/RYZEN/.antigravity-ide/HandicapLab/[39mnode_modules/[4m@vitest/runner[24m/dist/index.js:1205:15[90m)[39m
[GenerateSignals] Error generating ML predictions for match sig-inserted-123: RangeError: Invalid time value
    at Date.toISOString (<anonymous>)
    at FeatureEngine.build [90m(c:\Users\RYZEN\.antigravity-ide\HandicapLab\[39msrc\lib\engines\feature-engine\index.ts:77:34[90m)[39m
[90m    at processTicksAndRejections (node:internal/process/task_queues:104:5)[39m
    at handleGenerateSignals [90m(c:\Users\RYZEN\.antigravity-ide\HandicapLab\[39msrc\app\api\cron\generate-signals\route.ts:377:30[90m)[39m
    at [90mc:\Users\RYZEN\.antigravity-ide\HandicapLab\[39mtests\phase7.5.test.ts:117:24
    at [90mfile:///c:/Users/RYZEN/.antigravity-ide/HandicapLab/[39mnode_modules/[4m@vitest/runner[24m/dist/index.js:533:5
    at runTest [90m(file:///c:/Users/RYZEN/.antigravity-ide/HandicapLab/[39mnode_modules/[4m@vitest/runner[24m/dist/index.js:1056:11[90m)[39m
    at runSuite [90m(file:///c:/Users/RYZEN/.antigravity-ide/HandicapLab/[39mnode_modules/[4m@vitest/runner[24m/dist/index.js:1205:15[90m)[39m
    at runSuite [90m(file:///c:/Users/RYZEN/.antigravity-ide/HandicapLab/[39mnode_modules/[4m@vitest/runner[24m/dist/index.js:1205:15[90m)[39m
    at runSuite [90m(file:///c:/Users/RYZEN/.antigravity-ide/HandicapLab/[39mnode_modules/[4m@vitest/runner[24m/dist/index.js:1205:15[90m)[39m
[GenerateSignals] Error generating AH predictions for match sig-inserted-123: RangeError: Invalid time value
    at Date.toISOString (<anonymous>)
    at FeatureEngine.build [90m(c:\Users\RYZEN\.antigravity-ide\HandicapLab\[39msrc\lib\engines\feature-engine\index.ts:77:34[90m)[39m
[90m    at processTicksAndRejections (node:internal/process/task_queues:104:5)[39m
    at handleGenerateSignals [90m(c:\Users\RYZEN\.antigravity-ide\HandicapLab\[39msrc\app\api\cron\generate-signals\route.ts:377:30[90m)[39m
    at [90mc:\Users\RYZEN\.antigravity-ide\HandicapLab\[39mtests\phase7.5.test.ts:117:24
    at [90mfile:///c:/Users/RYZEN/.antigravity-ide/HandicapLab/[39mnode_modules/[4m@vitest/runner[24m/dist/index.js:533:5
    at runTest [90m(file:///c:/Users/RYZEN/.antigravity-ide/HandicapLab/[39mnode_modules/[4m@vitest/runner[24m/dist/index.js:1056:11[90m)[39m
    at runSuite [90m(file:///c:/Users/RYZEN/.antigravity-ide/HandicapLab/[39mnode_modules/[4m@vitest/runner[24m/dist/index.js:1205:15[90m)[39m
    at runSuite [90m(file:///c:/Users/RYZEN/.antigravity-ide/HandicapLab/[39mnode_modules/[4m@vitest/runner[24m/dist/index.js:1205:15[90m)[39m
    at runSuite [90m(file:///c:/Users/RYZEN/.antigravity-ide/HandicapLab/[39mnode_modules/[4m@vitest/runner[24m/dist/index.js:1205:15[90m)[39m
[GenerateSignals] Error generating OU predictions for match sig-inserted-123: RangeError: Invalid time value
    at Date.toISOString (<anonymous>)
    at FeatureEngine.build [90m(c:\Users\RYZEN\.antigravity-ide\HandicapLab\[39msrc\lib\engines\feature-engine\index.ts:77:34[90m)[39m
[90m    at processTicksAndRejections (node:internal/process/task_queues:104:5)[39m
    at handleGenerateSignals [90m(c:\Users\RYZEN\.antigravity-ide\HandicapLab\[39msrc\app\api\cron\generate-signals\route.ts:377:30[90m)[39m
    at [90mc:\Users\RYZEN\.antigravity-ide\HandicapLab\[39mtests\phase7.5.test.ts:117:24
    at [90mfile:///c:/Users/RYZEN/.antigravity-ide/HandicapLab/[39mnode_modules/[4m@vitest/runner[24m/dist/index.js:533:5
    at runTest [90m(file:///c:/Users/RYZEN/.antigravity-ide/HandicapLab/[39mnode_modules/[4m@vitest/runner[24m/dist/index.js:1056:11[90m)[39m
    at runSuite [90m(file:///c:/Users/RYZEN/.antigravity-ide/HandicapLab/[39mnode_modules/[4m@vitest/runner[24m/dist/index.js:1205:15[90m)[39m
    at runSuite [90m(file:///c:/Users/RYZEN/.antigravity-ide/HandicapLab/[39mnode_modules/[4m@vitest/runner[24m/dist/index.js:1205:15[90m)[39m
    at runSuite [90m(file:///c:/Users/RYZEN/.antigravity-ide/HandicapLab/[39mnode_modules/[4m@vitest/runner[24m/dist/index.js:1205:15[90m)[39m
[GenerateSignals] Error generating ML predictions for match sig-inserted-123: RangeError: Invalid time value
    at Date.toISOString (<anonymous>)
    at FeatureEngine.build [90m(c:\Users\RYZEN\.antigravity-ide\HandicapLab\[39msrc\lib\engines\feature-engine\index.ts:77:34[90m)[39m
[90m    at processTicksAndRejections (node:internal/process/task_queues:104:5)[39m
    at handleGenerateSignals [90m(c:\Users\RYZEN\.antigravity-ide\HandicapLab\[39msrc\app\api\cron\generate-signals\route.ts:377:30[90m)[39m
    at [90mc:\Users\RYZEN\.antigravity-ide\HandicapLab\[39mtests\phase7.5.test.ts:117:24
    at [90mfile:///c:/Users/RYZEN/.antigravity-ide/HandicapLab/[39mnode_modules/[4m@vitest/runner[24m/dist/index.js:533:5
    at runTest [90m(file:///c:/Users/RYZEN/.antigravity-ide/HandicapLab/[39mnode_modules/[4m@vitest/runner[24m/dist/index.js:1056:11[90m)[39m
    at runSuite [90m(file:///c:/Users/RYZEN/.antigravity-ide/HandicapLab/[39mnode_modules/[4m@vitest/runner[24m/dist/index.js:1205:15[90m)[39m
    at runSuite [90m(file:///c:/Users/RYZEN/.antigravity-ide/HandicapLab/[39mnode_modules/[4m@vitest/runner[24m/dist/index.js:1205:15[90m)[39m
    at runSuite [90m(file:///c:/Users/RYZEN/.antigravity-ide/HandicapLab/[39mnode_modules/[4m@vitest/runner[24m/dist/index.js:1205:15[90m)[39m
[GenerateSignals] Error generating AH predictions for match sig-inserted-123: RangeError: Invalid time value
    at Date.toISOString (<anonymous>)
    at FeatureEngine.build [90m(c:\Users\RYZEN\.antigravity-ide\HandicapLab\[39msrc\lib\engines\feature-engine\index.ts:77:34[90m)[39m
[90m    at processTicksAndRejections (node:internal/process/task_queues:104:5)[39m
    at handleGenerateSignals [90m(c:\Users\RYZEN\.antigravity-ide\HandicapLab\[39msrc\app\api\cron\generate-signals\route.ts:377:30[90m)[39m
    at [90mc:\Users\RYZEN\.antigravity-ide\HandicapLab\[39mtests\phase7.5.test.ts:117:24
    at [90mfile:///c:/Users/RYZEN/.antigravity-ide/HandicapLab/[39mnode_modules/[4m@vitest/runner[24m/dist/index.js:533:5
    at runTest [90m(file:///c:/Users/RYZEN/.antigravity-ide/HandicapLab/[39mnode_modules/[4m@vitest/runner[24m/dist/index.js:1056:11[90m)[39m
    at runSuite [90m(file:///c:/Users/RYZEN/.antigravity-ide/HandicapLab/[39mnode_modules/[4m@vitest/runner[24m/dist/index.js:1205:15[90m)[39m
    at runSuite [90m(file:///c:/Users/RYZEN/.antigravity-ide/HandicapLab/[39mnode_modules/[4m@vitest/runner[24m/dist/index.js:1205:15[90m)[39m
    at runSuite [90m(file:///c:/Users/RYZEN/.antigravity-ide/HandicapLab/[39mnode_modules/[4m@vitest/runner[24m/dist/index.js:1205:15[90m)[39m
[GenerateSignals] Error generating OU predictions for match sig-inserted-123: RangeError: Invalid time value
    at Date.toISOString (<anonymous>)
    at FeatureEngine.build [90m(c:\Users\RYZEN\.antigravity-ide\HandicapLab\[39msrc\lib\engines\feature-engine\index.ts:77:34[90m)[39m
[90m    at processTicksAndRejections (node:internal/process/task_queues:104:5)[39m
    at handleGenerateSignals [90m(c:\Users\RYZEN\.antigravity-ide\HandicapLab\[39msrc\app\api\cron\generate-signals\route.ts:377:30[90m)[39m
    at [90mc:\Users\RYZEN\.antigravity-ide\HandicapLab\[39mtests\phase7.5.test.ts:117:24
    at [90mfile:///c:/Users/RYZEN/.antigravity-ide/HandicapLab/[39mnode_modules/[4m@vitest/runner[24m/dist/index.js:533:5
    at runTest [90m(file:///c:/Users/RYZEN/.antigravity-ide/HandicapLab/[39mnode_modules/[4m@vitest/runner[24m/dist/index.js:1056:11[90m)[39m
    at runSuite [90m(file:///c:/Users/RYZEN/.antigravity-ide/HandicapLab/[39mnode_modules/[4m@vitest/runner[24m/dist/index.js:1205:15[90m)[39m
    at runSuite [90m(file:///c:/Users/RYZEN/.antigravity-ide/HandicapLab/[39mnode_modules/[4m@vitest/runner[24m/dist/index.js:1205:15[90m)[39m
    at runSuite [90m(file:///c:/Users/RYZEN/.antigravity-ide/HandicapLab/[39mnode_modules/[4m@vitest/runner[24m/dist/index.js:1205:15[90m)[39m
[GenerateSignals] Error generating ML predictions for match sig-inserted-123: RangeError: Invalid time value
    at Date.toISOString (<anonymous>)
    at FeatureEngine.build [90m(c:\Users\RYZEN\.antigravity-ide\HandicapLab\[39msrc\lib\engines\feature-engine\index.ts:77:34[90m)[39m
[90m    at processTicksAndRejections (node:internal/process/task_queues:104:5)[39m
    at handleGenerateSignals [90m(c:\Users\RYZEN\.antigravity-ide\HandicapLab\[39msrc\app\api\cron\generate-signals\route.ts:377:30[90m)[39m
    at [90mc:\Users\RYZEN\.antigravity-ide\HandicapLab\[39mtests\phase7.5.test.ts:117:24
    at [90mfile:///c:/Users/RYZEN/.antigravity-ide/HandicapLab/[39mnode_modules/[4m@vitest/runner[24m/dist/index.js:533:5
    at runTest [90m(file:///c:/Users/RYZEN/.antigravity-ide/HandicapLab/[39mnode_modules/[4m@vitest/runner[24m/dist/index.js:1056:11[90m)[39m
    at runSuite [90m(file:///c:/Users/RYZEN/.antigravity-ide/HandicapLab/[39mnode_modules/[4m@vitest/runner[24m/dist/index.js:1205:15[90m)[39m
    at runSuite [90m(file:///c:/Users/RYZEN/.antigravity-ide/HandicapLab/[39mnode_modules/[4m@vitest/runner[24m/dist/index.js:1205:15[90m)[39m
    at runSuite [90m(file:///c:/Users/RYZEN/.antigravity-ide/HandicapLab/[39mnode_modules/[4m@vitest/runner[24m/dist/index.js:1205:15[90m)[39m
[GenerateSignals] Error generating AH predictions for match sig-inserted-123: RangeError: Invalid time value
    at Date.toISOString (<anonymous>)
    at FeatureEngine.build [90m(c:\Users\RYZEN\.antigravity-ide\HandicapLab\[39msrc\lib\engines\feature-engine\index.ts:77:34[90m)[39m
[90m    at processTicksAndRejections (node:internal/process/task_queues:104:5)[39m
    at handleGenerateSignals [90m(c:\Users\RYZEN\.antigravity-ide\HandicapLab\[39msrc\app\api\cron\generate-signals\route.ts:377:30[90m)[39m
    at [90mc:\Users\RYZEN\.antigravity-ide\HandicapLab\[39mtests\phase7.5.test.ts:117:24
    at [90mfile:///c:/Users/RYZEN/.antigravity-ide/HandicapLab/[39mnode_modules/[4m@vitest/runner[24m/dist/index.js:533:5
    at runTest [90m(file:///c:/Users/RYZEN/.antigravity-ide/HandicapLab/[39mnode_modules/[4m@vitest/runner[24m/dist/index.js:1056:11[90m)[39m
    at runSuite [90m(file:///c:/Users/RYZEN/.antigravity-ide/HandicapLab/[39mnode_modules/[4m@vitest/runner[24m/dist/index.js:1205:15[90m)[39m
    at runSuite [90m(file:///c:/Users/RYZEN/.antigravity-ide/HandicapLab/[39mnode_modules/[4m@vitest/runner[24m/dist/index.js:1205:15[90m)[39m
    at runSuite [90m(file:///c:/Users/RYZEN/.antigravity-ide/HandicapLab/[39mnode_modules/[4m@vitest/runner[24m/dist/index.js:1205:15[90m)[39m
[GenerateSignals] Error generating OU predictions for match sig-inserted-123: RangeError: Invalid time value
    at Date.toISOString (<anonymous>)
    at FeatureEngine.build [90m(c:\Users\RYZEN\.antigravity-ide\HandicapLab\[39msrc\lib\engines\feature-engine\index.ts:77:34[90m)[39m
[90m    at processTicksAndRejections (node:internal/process/task_queues:104:5)[39m
    at handleGenerateSignals [90m(c:\Users\RYZEN\.antigravity-ide\HandicapLab\[39msrc\app\api\cron\generate-signals\route.ts:377:30[90m)[39m
    at [90mc:\Users\RYZEN\.antigravity-ide\HandicapLab\[39mtests\phase7.5.test.ts:117:24
    at [90mfile:///c:/Users/RYZEN/.antigravity-ide/HandicapLab/[39mnode_modules/[4m@vitest/runner[24m/dist/index.js:533:5
    at runTest [90m(file:///c:/Users/RYZEN/.antigravity-ide/HandicapLab/[39mnode_modules/[4m@vitest/runner[24m/dist/index.js:1056:11[90m)[39m
    at runSuite [90m(file:///c:/Users/RYZEN/.antigravity-ide/HandicapLab/[39mnode_modules/[4m@vitest/runner[24m/dist/index.js:1205:15[90m)[39m
    at runSuite [90m(file:///c:/Users/RYZEN/.antigravity-ide/HandicapLab/[39mnode_modules/[4m@vitest/runner[24m/dist/index.js:1205:15[90m)[39m
    at runSuite [90m(file:///c:/Users/RYZEN/.antigravity-ide/HandicapLab/[39mnode_modules/[4m@vitest/runner[24m/dist/index.js:1205:15[90m)[39m
[GenerateSignals] Error generating ML predictions for match sig-inserted-123: RangeError: Invalid time value
    at Date.toISOString (<anonymous>)
    at FeatureEngine.build [90m(c:\Users\RYZEN\.antigravity-ide\HandicapLab\[39msrc\lib\engines\feature-engine\index.ts:77:34[90m)[39m
[90m    at processTicksAndRejections (node:internal/process/task_queues:104:5)[39m
    at handleGenerateSignals [90m(c:\Users\RYZEN\.antigravity-ide\HandicapLab\[39msrc\app\api\cron\generate-signals\route.ts:377:30[90m)[39m
    at [90mc:\Users\RYZEN\.antigravity-ide\HandicapLab\[39mtests\phase7.5.test.ts:117:24
    at [90mfile:///c:/Users/RYZEN/.antigravity-ide/HandicapLab/[39mnode_modules/[4m@vitest/runner[24m/dist/index.js:533:5
    at runTest [90m(file:///c:/Users/RYZEN/.antigravity-ide/HandicapLab/[39mnode_modules/[4m@vitest/runner[24m/dist/index.js:1056:11[90m)[39m
    at runSuite [90m(file:///c:/Users/RYZEN/.antigravity-ide/HandicapLab/[39mnode_modules/[4m@vitest/runner[24m/dist/index.js:1205:15[90m)[39m
    at runSuite [90m(file:///c:/Users/RYZEN/.antigravity-ide/HandicapLab/[39mnode_modules/[4m@vitest/runner[24m/dist/index.js:1205:15[90m)[39m
    at runSuite [90m(file:///c:/Users/RYZEN/.antigravity-ide/HandicapLab/[39mnode_modules/[4m@vitest/runner[24m/dist/index.js:1205:15[90m)[39m
[GenerateSignals] Error generating AH predictions for match sig-inserted-123: RangeError: Invalid time value
    at Date.toISOString (<anonymous>)
    at FeatureEngine.build [90m(c:\Users\RYZEN\.antigravity-ide\HandicapLab\[39msrc\lib\engines\feature-engine\index.ts:77:34[90m)[39m
[90m    at processTicksAndRejections (node:internal/process/task_queues:104:5)[39m
    at handleGenerateSignals [90m(c:\Users\RYZEN\.antigravity-ide\HandicapLab\[39msrc\app\api\cron\generate-signals\route.ts:377:30[90m)[39m
    at [90mc:\Users\RYZEN\.antigravity-ide\HandicapLab\[39mtests\phase7.5.test.ts:117:24
    at [90mfile:///c:/Users/RYZEN/.antigravity-ide/HandicapLab/[39mnode_modules/[4m@vitest/runner[24m/dist/index.js:533:5
    at runTest [90m(file:///c:/Users/RYZEN/.antigravity-ide/HandicapLab/[39mnode_modules/[4m@vitest/runner[24m/dist/index.js:1056:11[90m)[39m
    at runSuite [90m(file:///c:/Users/RYZEN/.antigravity-ide/HandicapLab/[39mnode_modules/[4m@vitest/runner[24m/dist/index.js:1205:15[90m)[39m
    at runSuite [90m(file:///c:/Users/RYZEN/.antigravity-ide/HandicapLab/[39mnode_modules/[4m@vitest/runner[24m/dist/index.js:1205:15[90m)[39m
    at runSuite [90m(file:///c:/Users/RYZEN/.antigravity-ide/HandicapLab/[39mnode_modules/[4m@vitest/runner[24m/dist/index.js:1205:15[90m)[39m
[GenerateSignals] Error generating OU predictions for match sig-inserted-123: RangeError: Invalid time value
    at Date.toISOString (<anonymous>)
    at FeatureEngine.build [90m(c:\Users\RYZEN\.antigravity-ide\HandicapLab\[39msrc\lib\engines\feature-engine\index.ts:77:34[90m)[39m
[90m    at processTicksAndRejections (node:internal/process/task_queues:104:5)[39m
    at handleGenerateSignals [90m(c:\Users\RYZEN\.antigravity-ide\HandicapLab\[39msrc\app\api\cron\generate-signals\route.ts:377:30[90m)[39m
    at [90mc:\Users\RYZEN\.antigravity-ide\HandicapLab\[39mtests\phase7.5.test.ts:117:24
    at [90mfile:///c:/Users/RYZEN/.antigravity-ide/HandicapLab/[39mnode_modules/[4m@vitest/runner[24m/dist/index.js:533:5
    at runTest [90m(file:///c:/Users/RYZEN/.antigravity-ide/HandicapLab/[39mnode_modules/[4m@vitest/runner[24m/dist/index.js:1056:11[90m)[39m
    at runSuite [90m(file:///c:/Users/RYZEN/.antigravity-ide/HandicapLab/[39mnode_modules/[4m@vitest/runner[24m/dist/index.js:1205:15[90m)[39m
    at runSuite [90m(file:///c:/Users/RYZEN/.antigravity-ide/HandicapLab/[39mnode_modules/[4m@vitest/runner[24m/dist/index.js:1205:15[90m)[39m
    at runSuite [90m(file:///c:/Users/RYZEN/.antigravity-ide/HandicapLab/[39mnode_modules/[4m@vitest/runner[24m/dist/index.js:1205:15[90m)[39m
[GenerateSignals] Error generating ML predictions for match sig-inserted-123: RangeError: Invalid time value
    at Date.toISOString (<anonymous>)
    at FeatureEngine.build [90m(c:\Users\RYZEN\.antigravity-ide\HandicapLab\[39msrc\lib\engines\feature-engine\index.ts:77:34[90m)[39m
[90m    at processTicksAndRejections (node:internal/process/task_queues:104:5)[39m
    at handleGenerateSignals [90m(c:\Users\RYZEN\.antigravity-ide\HandicapLab\[39msrc\app\api\cron\generate-signals\route.ts:377:30[90m)[39m
    at [90mc:\Users\RYZEN\.antigravity-ide\HandicapLab\[39mtests\phase7.5.test.ts:117:24
    at [90mfile:///c:/Users/RYZEN/.antigravity-ide/HandicapLab/[39mnode_modules/[4m@vitest/runner[24m/dist/index.js:533:5
    at runTest [90m(file:///c:/Users/RYZEN/.antigravity-ide/HandicapLab/[39mnode_modules/[4m@vitest/runner[24m/dist/index.js:1056:11[90m)[39m
    at runSuite [90m(file:///c:/Users/RYZEN/.antigravity-ide/HandicapLab/[39mnode_modules/[4m@vitest/runner[24m/dist/index.js:1205:15[90m)[39m
    at runSuite [90m(file:///c:/Users/RYZEN/.antigravity-ide/HandicapLab/[39mnode_modules/[4m@vitest/runner[24m/dist/index.js:1205:15[90m)[39m
    at runSuite [90m(file:///c:/Users/RYZEN/.antigravity-ide/HandicapLab/[39mnode_modules/[4m@vitest/runner[24m/dist/index.js:1205:15[90m)[39m
[GenerateSignals] Error generating AH predictions for match sig-inserted-123: RangeError: Invalid time value
    at Date.toISOString (<anonymous>)
    at FeatureEngine.build [90m(c:\Users\RYZEN\.antigravity-ide\HandicapLab\[39msrc\lib\engines\feature-engine\index.ts:77:34[90m)[39m
[90m    at processTicksAndRejections (node:internal/process/task_queues:104:5)[39m
    at handleGenerateSignals [90m(c:\Users\RYZEN\.antigravity-ide\HandicapLab\[39msrc\app\api\cron\generate-signals\route.ts:377:30[90m)[39m
    at [90mc:\Users\RYZEN\.antigravity-ide\HandicapLab\[39mtests\phase7.5.test.ts:117:24
    at [90mfile:///c:/Users/RYZEN/.antigravity-ide/HandicapLab/[39mnode_modules/[4m@vitest/runner[24m/dist/index.js:533:5
    at runTest [90m(file:///c:/Users/RYZEN/.antigravity-ide/HandicapLab/[39mnode_modules/[4m@vitest/runner[24m/dist/index.js:1056:11[90m)[39m
    at runSuite [90m(file:///c:/Users/RYZEN/.antigravity-ide/HandicapLab/[39mnode_modules/[4m@vitest/runner[24m/dist/index.js:1205:15[90m)[39m
    at runSuite [90m(file:///c:/Users/RYZEN/.antigravity-ide/HandicapLab/[39mnode_modules/[4m@vitest/runner[24m/dist/index.js:1205:15[90m)[39m
    at runSuite [90m(file:///c:/Users/RYZEN/.antigravity-ide/HandicapLab/[39mnode_modules/[4m@vitest/runner[24m/dist/index.js:1205:15[90m)[39m
[GenerateSignals] Error generating OU predictions for match sig-inserted-123: RangeError: Invalid time value
    at Date.toISOString (<anonymous>)
    at FeatureEngine.build [90m(c:\Users\RYZEN\.antigravity-ide\HandicapLab\[39msrc\lib\engines\feature-engine\index.ts:77:34[90m)[39m
[90m    at processTicksAndRejections (node:internal/process/task_queues:104:5)[39m
    at handleGenerateSignals [90m(c:\Users\RYZEN\.antigravity-ide\HandicapLab\[39msrc\app\api\cron\generate-signals\route.ts:377:30[90m)[39m
    at [90mc:\Users\RYZEN\.antigravity-ide\HandicapLab\[39mtests\phase7.5.test.ts:117:24
    at [90mfile:///c:/Users/RYZEN/.antigravity-ide/HandicapLab/[39mnode_modules/[4m@vitest/runner[24m/dist/index.js:533:5
    at runTest [90m(file:///c:/Users/RYZEN/.antigravity-ide/HandicapLab/[39mnode_modules/[4m@vitest/runner[24m/dist/index.js:1056:11[90m)[39m
    at runSuite [90m(file:///c:/Users/RYZEN/.antigravity-ide/HandicapLab/[39mnode_modules/[4m@vitest/runner[24m/dist/index.js:1205:15[90m)[39m
    at runSuite [90m(file:///c:/Users/RYZEN/.antigravity-ide/HandicapLab/[39mnode_modules/[4m@vitest/runner[24m/dist/index.js:1205:15[90m)[39m
    at runSuite [90m(file:///c:/Users/RYZEN/.antigravity-ide/HandicapLab/[39mnode_modules/[4m@vitest/runner[24m/dist/index.js:1205:15[90m)[39m
[GenerateSignals] Error generating ML predictions for match sig-inserted-123: RangeError: Invalid time value
    at Date.toISOString (<anonymous>)
    at FeatureEngine.build [90m(c:\Users\RYZEN\.antigravity-ide\HandicapLab\[39msrc\lib\engines\feature-engine\index.ts:77:34[90m)[39m
[90m    at processTicksAndRejections (node:internal/process/task_queues:104:5)[39m
    at handleGenerateSignals [90m(c:\Users\RYZEN\.antigravity-ide\HandicapLab\[39msrc\app\api\cron\generate-signals\route.ts:377:30[90m)[39m
    at [90mc:\Users\RYZEN\.antigravity-ide\HandicapLab\[39mtests\phase7.5.test.ts:117:24
    at [90mfile:///c:/Users/RYZEN/.antigravity-ide/HandicapLab/[39mnode_modules/[4m@vitest/runner[24m/dist/index.js:533:5
    at runTest [90m(file:///c:/Users/RYZEN/.antigravity-ide/HandicapLab/[39mnode_modules/[4m@vitest/runner[24m/dist/index.js:1056:11[90m)[39m
    at runSuite [90m(file:///c:/Users/RYZEN/.antigravity-ide/HandicapLab/[39mnode_modules/[4m@vitest/runner[24m/dist/index.js:1205:15[90m)[39m
    at runSuite [90m(file:///c:/Users/RYZEN/.antigravity-ide/HandicapLab/[39mnode_modules/[4m@vitest/runner[24m/dist/index.js:1205:15[90m)[39m
    at runSuite [90m(file:///c:/Users/RYZEN/.antigravity-ide/HandicapLab/[39mnode_modules/[4m@vitest/runner[24m/dist/index.js:1205:15[90m)[39m
[GenerateSignals] Error generating AH predictions for match sig-inserted-123: RangeError: Invalid time value
    at Date.toISOString (<anonymous>)
    at FeatureEngine.build [90m(c:\Users\RYZEN\.antigravity-ide\HandicapLab\[39msrc\lib\engines\feature-engine\index.ts:77:34[90m)[39m
[90m    at processTicksAndRejections (node:internal/process/task_queues:104:5)[39m
    at handleGenerateSignals [90m(c:\Users\RYZEN\.antigravity-ide\HandicapLab\[39msrc\app\api\cron\generate-signals\route.ts:377:30[90m)[39m
    at [90mc:\Users\RYZEN\.antigravity-ide\HandicapLab\[39mtests\phase7.5.test.ts:117:24
    at [90mfile:///c:/Users/RYZEN/.antigravity-ide/HandicapLab/[39mnode_modules/[4m@vitest/runner[24m/dist/index.js:533:5
    at runTest [90m(file:///c:/Users/RYZEN/.antigravity-ide/HandicapLab/[39mnode_modules/[4m@vitest/runner[24m/dist/index.js:1056:11[90m)[39m
    at runSuite [90m(file:///c:/Users/RYZEN/.antigravity-ide/HandicapLab/[39mnode_modules/[4m@vitest/runner[24m/dist/index.js:1205:15[90m)[39m
    at runSuite [90m(file:///c:/Users/RYZEN/.antigravity-ide/HandicapLab/[39mnode_modules/[4m@vitest/runner[24m/dist/index.js:1205:15[90m)[39m
    at runSuite [90m(file:///c:/Users/RYZEN/.antigravity-ide/HandicapLab/[39mnode_modules/[4m@vitest/runner[24m/dist/index.js:1205:15[90m)[39m
[GenerateSignals] Error generating OU predictions for match sig-inserted-123: RangeError: Invalid time value
    at Date.toISOString (<anonymous>)
    at FeatureEngine.build [90m(c:\Users\RYZEN\.antigravity-ide\HandicapLab\[39msrc\lib\engines\feature-engine\index.ts:77:34[90m)[39m
[90m    at processTicksAndRejections (node:internal/process/task_queues:104:5)[39m
    at handleGenerateSignals [90m(c:\Users\RYZEN\.antigravity-ide\HandicapLab\[39msrc\app\api\cron\generate-signals\route.ts:377:30[90m)[39m
    at [90mc:\Users\RYZEN\.antigravity-ide\HandicapLab\[39mtests\phase7.5.test.ts:117:24
    at [90mfile:///c:/Users/RYZEN/.antigravity-ide/HandicapLab/[39mnode_modules/[4m@vitest/runner[24m/dist/index.js:533:5
    at runTest [90m(file:///c:/Users/RYZEN/.antigravity-ide/HandicapLab/[39mnode_modules/[4m@vitest/runner[24m/dist/index.js:1056:11[90m)[39m
    at runSuite [90m(file:///c:/Users/RYZEN/.antigravity-ide/HandicapLab/[39mnode_modules/[4m@vitest/runner[24m/dist/index.js:1205:15[90m)[39m
    at runSuite [90m(file:///c:/Users/RYZEN/.antigravity-ide/HandicapLab/[39mnode_modules/[4m@vitest/runner[24m/dist/index.js:1205:15[90m)[39m
    at runSuite [90m(file:///c:/Users/RYZEN/.antigravity-ide/HandicapLab/[39mnode_modules/[4m@vitest/runner[24m/dist/index.js:1205:15[90m)[39m
[GenerateSignals] Error generating ML predictions for match sig-inserted-123: RangeError: Invalid time value
    at Date.toISOString (<anonymous>)
    at FeatureEngine.build [90m(c:\Users\RYZEN\.antigravity-ide\HandicapLab\[39msrc\lib\engines\feature-engine\index.ts:77:34[90m)[39m
[90m    at processTicksAndRejections (node:internal/process/task_queues:104:5)[39m
    at handleGenerateSignals [90m(c:\Users\RYZEN\.antigravity-ide\HandicapLab\[39msrc\app\api\cron\generate-signals\route.ts:377:30[90m)[39m
    at [90mc:\Users\RYZEN\.antigravity-ide\HandicapLab\[39mtests\phase7.5.test.ts:117:24
    at [90mfile:///c:/Users/RYZEN/.antigravity-ide/HandicapLab/[39mnode_modules/[4m@vitest/runner[24m/dist/index.js:533:5
    at runTest [90m(file:///c:/Users/RYZEN/.antigravity-ide/HandicapLab/[39mnode_modules/[4m@vitest/runner[24m/dist/index.js:1056:11[90m)[39m
    at runSuite [90m(file:///c:/Users/RYZEN/.antigravity-ide/HandicapLab/[39mnode_modules/[4m@vitest/runner[24m/dist/index.js:1205:15[90m)[39m
    at runSuite [90m(file:///c:/Users/RYZEN/.antigravity-ide/HandicapLab/[39mnode_modules/[4m@vitest/runner[24m/dist/index.js:1205:15[90m)[39m
    at runSuite [90m(file:///c:/Users/RYZEN/.antigravity-ide/HandicapLab/[39mnode_modules/[4m@vitest/runner[24m/dist/index.js:1205:15[90m)[39m
[GenerateSignals] Error generating AH predictions for match sig-inserted-123: RangeError: Invalid time value
    at Date.toISOString (<anonymous>)
    at FeatureEngine.build [90m(c:\Users\RYZEN\.antigravity-ide\HandicapLab\[39msrc\lib\engines\feature-engine\index.ts:77:34[90m)[39m
[90m    at processTicksAndRejections (node:internal/process/task_queues:104:5)[39m
    at handleGenerateSignals [90m(c:\Users\RYZEN\.antigravity-ide\HandicapLab\[39msrc\app\api\cron\generate-signals\route.ts:377:30[90m)[39m
    at [90mc:\Users\RYZEN\.antigravity-ide\HandicapLab\[39mtests\phase7.5.test.ts:117:24
    at [90mfile:///c:/Users/RYZEN/.antigravity-ide/HandicapLab/[39mnode_modules/[4m@vitest/runner[24m/dist/index.js:533:5
    at runTest [90m(file:///c:/Users/RYZEN/.antigravity-ide/HandicapLab/[39mnode_modules/[4m@vitest/runner[24m/dist/index.js:1056:11[90m)[39m
    at runSuite [90m(file:///c:/Users/RYZEN/.antigravity-ide/HandicapLab/[39mnode_modules/[4m@vitest/runner[24m/dist/index.js:1205:15[90m)[39m
    at runSuite [90m(file:///c:/Users/RYZEN/.antigravity-ide/HandicapLab/[39mnode_modules/[4m@vitest/runner[24m/dist/index.js:1205:15[90m)[39m
    at runSuite [90m(file:///c:/Users/RYZEN/.antigravity-ide/HandicapLab/[39mnode_modules/[4m@vitest/runner[24m/dist/index.js:1205:15[90m)[39m
[GenerateSignals] Error generating OU predictions for match sig-inserted-123: RangeError: Invalid time value
    at Date.toISOString (<anonymous>)
    at FeatureEngine.build [90m(c:\Users\RYZEN\.antigravity-ide\HandicapLab\[39msrc\lib\engines\feature-engine\index.ts:77:34[90m)[39m
[90m    at processTicksAndRejections (node:internal/process/task_queues:104:5)[39m
    at handleGenerateSignals [90m(c:\Users\RYZEN\.antigravity-ide\HandicapLab\[39msrc\app\api\cron\generate-signals\route.ts:377:30[90m)[39m
    at [90mc:\Users\RYZEN\.antigravity-ide\HandicapLab\[39mtests\phase7.5.test.ts:117:24
    at [90mfile:///c:/Users/RYZEN/.antigravity-ide/HandicapLab/[39mnode_modules/[4m@vitest/runner[24m/dist/index.js:533:5
    at runTest [90m(file:///c:/Users/RYZEN/.antigravity-ide/HandicapLab/[39mnode_modules/[4m@vitest/runner[24m/dist/index.js:1056:11[90m)[39m
    at runSuite [90m(file:///c:/Users/RYZEN/.antigravity-ide/HandicapLab/[39mnode_modules/[4m@vitest/runner[24m/dist/index.js:1205:15[90m)[39m
    at runSuite [90m(file:///c:/Users/RYZEN/.antigravity-ide/HandicapLab/[39mnode_modules/[4m@vitest/runner[24m/dist/index.js:1205:15[90m)[39m
    at runSuite [90m(file:///c:/Users/RYZEN/.antigravity-ide/HandicapLab/[39mnode_modules/[4m@vitest/runner[24m/dist/index.js:1205:15[90m)[39m
[GenerateSignals] Error generating ML predictions for match sig-inserted-123: RangeError: Invalid time value
    at Date.toISOString (<anonymous>)
    at FeatureEngine.build [90m(c:\Users\RYZEN\.antigravity-ide\HandicapLab\[39msrc\lib\engines\feature-engine\index.ts:77:34[90m)[39m
[90m    at processTicksAndRejections (node:internal/process/task_queues:104:5)[39m
    at handleGenerateSignals [90m(c:\Users\RYZEN\.antigravity-ide\HandicapLab\[39msrc\app\api\cron\generate-signals\route.ts:377:30[90m)[39m
    at [90mc:\Users\RYZEN\.antigravity-ide\HandicapLab\[39mtests\phase7.5.test.ts:117:24
    at [90mfile:///c:/Users/RYZEN/.antigravity-ide/HandicapLab/[39mnode_modules/[4m@vitest/runner[24m/dist/index.js:533:5
    at runTest [90m(file:///c:/Users/RYZEN/.antigravity-ide/HandicapLab/[39mnode_modules/[4m@vitest/runner[24m/dist/index.js:1056:11[90m)[39m
    at runSuite [90m(file:///c:/Users/RYZEN/.antigravity-ide/HandicapLab/[39mnode_modules/[4m@vitest/runner[24m/dist/index.js:1205:15[90m)[39m
    at runSuite [90m(file:///c:/Users/RYZEN/.antigravity-ide/HandicapLab/[39mnode_modules/[4m@vitest/runner[24m/dist/index.js:1205:15[90m)[39m
    at runSuite [90m(file:///c:/Users/RYZEN/.antigravity-ide/HandicapLab/[39mnode_modules/[4m@vitest/runner[24m/dist/index.js:1205:15[90m)[39m
[GenerateSignals] Error generating AH predictions for match sig-inserted-123: RangeError: Invalid time value
    at Date.toISOString (<anonymous>)
    at FeatureEngine.build [90m(c:\Users\RYZEN\.antigravity-ide\HandicapLab\[39msrc\lib\engines\feature-engine\index.ts:77:34[90m)[39m
[90m    at processTicksAndRejections (node:internal/process/task_queues:104:5)[39m
    at handleGenerateSignals [90m(c:\Users\RYZEN\.antigravity-ide\HandicapLab\[39msrc\app\api\cron\generate-signals\route.ts:377:30[90m)[39m
    at [90mc:\Users\RYZEN\.antigravity-ide\HandicapLab\[39mtests\phase7.5.test.ts:117:24
    at [90mfile:///c:/Users/RYZEN/.antigravity-ide/HandicapLab/[39mnode_modules/[4m@vitest/runner[24m/dist/index.js:533:5
    at runTest [90m(file:///c:/Users/RYZEN/.antigravity-ide/HandicapLab/[39mnode_modules/[4m@vitest/runner[24m/dist/index.js:1056:11[90m)[39m
    at runSuite [90m(file:///c:/Users/RYZEN/.antigravity-ide/HandicapLab/[39mnode_modules/[4m@vitest/runner[24m/dist/index.js:1205:15[90m)[39m
    at runSuite [90m(file:///c:/Users/RYZEN/.antigravity-ide/HandicapLab/[39mnode_modules/[4m@vitest/runner[24m/dist/index.js:1205:15[90m)[39m
    at runSuite [90m(file:///c:/Users/RYZEN/.antigravity-ide/HandicapLab/[39mnode_modules/[4m@vitest/runner[24m/dist/index.js:1205:15[90m)[39m
[GenerateSignals] Error generating OU predictions for match sig-inserted-123: RangeError: Invalid time value
    at Date.toISOString (<anonymous>)
    at FeatureEngine.build [90m(c:\Users\RYZEN\.antigravity-ide\HandicapLab\[39msrc\lib\engines\feature-engine\index.ts:77:34[90m)[39m
[90m    at processTicksAndRejections (node:internal/process/task_queues:104:5)[39m
    at handleGenerateSignals [90m(c:\Users\RYZEN\.antigravity-ide\HandicapLab\[39msrc\app\api\cron\generate-signals\route.ts:377:30[90m)[39m
    at [90mc:\Users\RYZEN\.antigravity-ide\HandicapLab\[39mtests\phase7.5.test.ts:117:24
    at [90mfile:///c:/Users/RYZEN/.antigravity-ide/HandicapLab/[39mnode_modules/[4m@vitest/runner[24m/dist/index.js:533:5
    at runTest [90m(file:///c:/Users/RYZEN/.antigravity-ide/HandicapLab/[39mnode_modules/[4m@vitest/runner[24m/dist/index.js:1056:11[90m)[39m
    at runSuite [90m(file:///c:/Users/RYZEN/.antigravity-ide/HandicapLab/[39mnode_modules/[4m@vitest/runner[24m/dist/index.js:1205:15[90m)[39m
    at runSuite [90m(file:///c:/Users/RYZEN/.antigravity-ide/HandicapLab/[39mnode_modules/[4m@vitest/runner[24m/dist/index.js:1205:15[90m)[39m
    at runSuite [90m(file:///c:/Users/RYZEN/.antigravity-ide/HandicapLab/[39mnode_modules/[4m@vitest/runner[24m/dist/index.js:1205:15[90m)[39m
[GenerateSignals] Error generating ML predictions for match sig-inserted-123: RangeError: Invalid time value
    at Date.toISOString (<anonymous>)
    at FeatureEngine.build [90m(c:\Users\RYZEN\.antigravity-ide\HandicapLab\[39msrc\lib\engines\feature-engine\index.ts:77:34[90m)[39m
[90m    at processTicksAndRejections (node:internal/process/task_queues:104:5)[39m
    at handleGenerateSignals [90m(c:\Users\RYZEN\.antigravity-ide\HandicapLab\[39msrc\app\api\cron\generate-signals\route.ts:377:30[90m)[39m
    at [90mc:\Users\RYZEN\.antigravity-ide\HandicapLab\[39mtests\phase7.5.test.ts:117:24
    at [90mfile:///c:/Users/RYZEN/.antigravity-ide/HandicapLab/[39mnode_modules/[4m@vitest/runner[24m/dist/index.js:533:5
    at runTest [90m(file:///c:/Users/RYZEN/.antigravity-ide/HandicapLab/[39mnode_modules/[4m@vitest/runner[24m/dist/index.js:1056:11[90m)[39m
    at runSuite [90m(file:///c:/Users/RYZEN/.antigravity-ide/HandicapLab/[39mnode_modules/[4m@vitest/runner[24m/dist/index.js:1205:15[90m)[39m
    at runSuite [90m(file:///c:/Users/RYZEN/.antigravity-ide/HandicapLab/[39mnode_modules/[4m@vitest/runner[24m/dist/index.js:1205:15[90m)[39m
    at runSuite [90m(file:///c:/Users/RYZEN/.antigravity-ide/HandicapLab/[39mnode_modules/[4m@vitest/runner[24m/dist/index.js:1205:15[90m)[39m
[GenerateSignals] Error generating AH predictions for match sig-inserted-123: RangeError: Invalid time value
    at Date.toISOString (<anonymous>)
    at FeatureEngine.build [90m(c:\Users\RYZEN\.antigravity-ide\HandicapLab\[39msrc\lib\engines\feature-engine\index.ts:77:34[90m)[39m
[90m    at processTicksAndRejections (node:internal/process/task_queues:104:5)[39m
    at handleGenerateSignals [90m(c:\Users\RYZEN\.antigravity-ide\HandicapLab\[39msrc\app\api\cron\generate-signals\route.ts:377:30[90m)[39m
    at [90mc:\Users\RYZEN\.antigravity-ide\HandicapLab\[39mtests\phase7.5.test.ts:117:24
    at [90mfile:///c:/Users/RYZEN/.antigravity-ide/HandicapLab/[39mnode_modules/[4m@vitest/runner[24m/dist/index.js:533:5
    at runTest [90m(file:///c:/Users/RYZEN/.antigravity-ide/HandicapLab/[39mnode_modules/[4m@vitest/runner[24m/dist/index.js:1056:11[90m)[39m
    at runSuite [90m(file:///c:/Users/RYZEN/.antigravity-ide/HandicapLab/[39mnode_modules/[4m@vitest/runner[24m/dist/index.js:1205:15[90m)[39m
    at runSuite [90m(file:///c:/Users/RYZEN/.antigravity-ide/HandicapLab/[39mnode_modules/[4m@vitest/runner[24m/dist/index.js:1205:15[90m)[39m
    at runSuite [90m(file:///c:/Users/RYZEN/.antigravity-ide/HandicapLab/[39mnode_modules/[4m@vitest/runner[24m/dist/index.js:1205:15[90m)[39m
[GenerateSignals] Error generating OU predictions for match sig-inserted-123: RangeError: Invalid time value
    at Date.toISOString (<anonymous>)
    at FeatureEngine.build [90m(c:\Users\RYZEN\.antigravity-ide\HandicapLab\[39msrc\lib\engines\feature-engine\index.ts:77:34[90m)[39m
[90m    at processTicksAndRejections (node:internal/process/task_queues:104:5)[39m
    at handleGenerateSignals [90m(c:\Users\RYZEN\.antigravity-ide\HandicapLab\[39msrc\app\api\cron\generate-signals\route.ts:377:30[90m)[39m
    at [90mc:\Users\RYZEN\.antigravity-ide\HandicapLab\[39mtests\phase7.5.test.ts:117:24
    at [90mfile:///c:/Users/RYZEN/.antigravity-ide/HandicapLab/[39mnode_modules/[4m@vitest/runner[24m/dist/index.js:533:5
    at runTest [90m(file:///c:/Users/RYZEN/.antigravity-ide/HandicapLab/[39mnode_modules/[4m@vitest/runner[24m/dist/index.js:1056:11[90m)[39m
    at runSuite [90m(file:///c:/Users/RYZEN/.antigravity-ide/HandicapLab/[39mnode_modules/[4m@vitest/runner[24m/dist/index.js:1205:15[90m)[39m
    at runSuite [90m(file:///c:/Users/RYZEN/.antigravity-ide/HandicapLab/[39mnode_modules/[4m@vitest/runner[24m/dist/index.js:1205:15[90m)[39m
    at runSuite [90m(file:///c:/Users/RYZEN/.antigravity-ide/HandicapLab/[39mnode_modules/[4m@vitest/runner[24m/dist/index.js:1205:15[90m)[39m
[GenerateSignals] Error generating ML predictions for match sig-inserted-123: RangeError: Invalid time value
    at Date.toISOString (<anonymous>)
    at FeatureEngine.build [90m(c:\Users\RYZEN\.antigravity-ide\HandicapLab\[39msrc\lib\engines\feature-engine\index.ts:77:34[90m)[39m
[90m    at processTicksAndRejections (node:internal/process/task_queues:104:5)[39m
    at handleGenerateSignals [90m(c:\Users\RYZEN\.antigravity-ide\HandicapLab\[39msrc\app\api\cron\generate-signals\route.ts:377:30[90m)[39m
    at [90mc:\Users\RYZEN\.antigravity-ide\HandicapLab\[39mtests\phase7.5.test.ts:117:24
    at [90mfile:///c:/Users/RYZEN/.antigravity-ide/HandicapLab/[39mnode_modules/[4m@vitest/runner[24m/dist/index.js:533:5
    at runTest [90m(file:///c:/Users/RYZEN/.antigravity-ide/HandicapLab/[39mnode_modules/[4m@vitest/runner[24m/dist/index.js:1056:11[90m)[39m
    at runSuite [90m(file:///c:/Users/RYZEN/.antigravity-ide/HandicapLab/[39mnode_modules/[4m@vitest/runner[24m/dist/index.js:1205:15[90m)[39m
    at runSuite [90m(file:///c:/Users/RYZEN/.antigravity-ide/HandicapLab/[39mnode_modules/[4m@vitest/runner[24m/dist/index.js:1205:15[90m)[39m
    at runSuite [90m(file:///c:/Users/RYZEN/.antigravity-ide/HandicapLab/[39mnode_modules/[4m@vitest/runner[24m/dist/index.js:1205:15[90m)[39m
[GenerateSignals] Error generating AH predictions for match sig-inserted-123: RangeError: Invalid time value
    at Date.toISOString (<anonymous>)
    at FeatureEngine.build [90m(c:\Users\RYZEN\.antigravity-ide\HandicapLab\[39msrc\lib\engines\feature-engine\index.ts:77:34[90m)[39m
[90m    at processTicksAndRejections (node:internal/process/task_queues:104:5)[39m
    at handleGenerateSignals [90m(c:\Users\RYZEN\.antigravity-ide\HandicapLab\[39msrc\app\api\cron\generate-signals\route.ts:377:30[90m)[39m
    at [90mc:\Users\RYZEN\.antigravity-ide\HandicapLab\[39mtests\phase7.5.test.ts:117:24
    at [90mfile:///c:/Users/RYZEN/.antigravity-ide/HandicapLab/[39mnode_modules/[4m@vitest/runner[24m/dist/index.js:533:5
    at runTest [90m(file:///c:/Users/RYZEN/.antigravity-ide/HandicapLab/[39mnode_modules/[4m@vitest/runner[24m/dist/index.js:1056:11[90m)[39m
    at runSuite [90m(file:///c:/Users/RYZEN/.antigravity-ide/HandicapLab/[39mnode_modules/[4m@vitest/runner[24m/dist/index.js:1205:15[90m)[39m
    at runSuite [90m(file:///c:/Users/RYZEN/.antigravity-ide/HandicapLab/[39mnode_modules/[4m@vitest/runner[24m/dist/index.js:1205:15[90m)[39m
    at runSuite [90m(file:///c:/Users/RYZEN/.antigravity-ide/HandicapLab/[39mnode_modules/[4m@vitest/runner[24m/dist/index.js:1205:15[90m)[39m
[GenerateSignals] Error generating OU predictions for match sig-inserted-123: RangeError: Invalid time value
    at Date.toISOString (<anonymous>)
    at FeatureEngine.build [90m(c:\Users\RYZEN\.antigravity-ide\HandicapLab\[39msrc\lib\engines\feature-engine\index.ts:77:34[90m)[39m
[90m    at processTicksAndRejections (node:internal/process/task_queues:104:5)[39m
    at handleGenerateSignals [90m(c:\Users\RYZEN\.antigravity-ide\HandicapLab\[39msrc\app\api\cron\generate-signals\route.ts:377:30[90m)[39m
    at [90mc:\Users\RYZEN\.antigravity-ide\HandicapLab\[39mtests\phase7.5.test.ts:117:24
    at [90mfile:///c:/Users/RYZEN/.antigravity-ide/HandicapLab/[39mnode_modules/[4m@vitest/runner[24m/dist/index.js:533:5
    at runTest [90m(file:///c:/Users/RYZEN/.antigravity-ide/HandicapLab/[39mnode_modules/[4m@vitest/runner[24m/dist/index.js:1056:11[90m)[39m
    at runSuite [90m(file:///c:/Users/RYZEN/.antigravity-ide/HandicapLab/[39mnode_modules/[4m@vitest/runner[24m/dist/index.js:1205:15[90m)[39m
    at runSuite [90m(file:///c:/Users/RYZEN/.antigravity-ide/HandicapLab/[39mnode_modules/[4m@vitest/runner[24m/dist/index.js:1205:15[90m)[39m
    at runSuite [90m(file:///c:/Users/RYZEN/.antigravity-ide/HandicapLab/[39mnode_modules/[4m@vitest/runner[24m/dist/index.js:1205:15[90m)[39m
[GenerateSignals] Error generating ML predictions for match sig-inserted-123: RangeError: Invalid time value
    at Date.toISOString (<anonymous>)
    at FeatureEngine.build [90m(c:\Users\RYZEN\.antigravity-ide\HandicapLab\[39msrc\lib\engines\feature-engine\index.ts:77:34[90m)[39m
[90m    at processTicksAndRejections (node:internal/process/task_queues:104:5)[39m
    at handleGenerateSignals [90m(c:\Users\RYZEN\.antigravity-ide\HandicapLab\[39msrc\app\api\cron\generate-signals\route.ts:377:30[90m)[39m
    at [90mc:\Users\RYZEN\.antigravity-ide\HandicapLab\[39mtests\phase7.5.test.ts:117:24
    at [90mfile:///c:/Users/RYZEN/.antigravity-ide/HandicapLab/[39mnode_modules/[4m@vitest/runner[24m/dist/index.js:533:5
    at runTest [90m(file:///c:/Users/RYZEN/.antigravity-ide/HandicapLab/[39mnode_modules/[4m@vitest/runner[24m/dist/index.js:1056:11[90m)[39m
    at runSuite [90m(file:///c:/Users/RYZEN/.antigravity-ide/HandicapLab/[39mnode_modules/[4m@vitest/runner[24m/dist/index.js:1205:15[90m)[39m
    at runSuite [90m(file:///c:/Users/RYZEN/.antigravity-ide/HandicapLab/[39mnode_modules/[4m@vitest/runner[24m/dist/index.js:1205:15[90m)[39m
    at runSuite [90m(file:///c:/Users/RYZEN/.antigravity-ide/HandicapLab/[39mnode_modules/[4m@vitest/runner[24m/dist/index.js:1205:15[90m)[39m
[GenerateSignals] Error generating AH predictions for match sig-inserted-123: RangeError: Invalid time value
    at Date.toISOString (<anonymous>)
    at FeatureEngine.build [90m(c:\Users\RYZEN\.antigravity-ide\HandicapLab\[39msrc\lib\engines\feature-engine\index.ts:77:34[90m)[39m
[90m    at processTicksAndRejections (node:internal/process/task_queues:104:5)[39m
    at handleGenerateSignals [90m(c:\Users\RYZEN\.antigravity-ide\HandicapLab\[39msrc\app\api\cron\generate-signals\route.ts:377:30[90m)[39m
    at [90mc:\Users\RYZEN\.antigravity-ide\HandicapLab\[39mtests\phase7.5.test.ts:117:24
    at [90mfile:///c:/Users/RYZEN/.antigravity-ide/HandicapLab/[39mnode_modules/[4m@vitest/runner[24m/dist/index.js:533:5
    at runTest [90m(file:///c:/Users/RYZEN/.antigravity-ide/HandicapLab/[39mnode_modules/[4m@vitest/runner[24m/dist/index.js:1056:11[90m)[39m
    at runSuite [90m(file:///c:/Users/RYZEN/.antigravity-ide/HandicapLab/[39mnode_modules/[4m@vitest/runner[24m/dist/index.js:1205:15[90m)[39m
    at runSuite [90m(file:///c:/Users/RYZEN/.antigravity-ide/HandicapLab/[39mnode_modules/[4m@vitest/runner[24m/dist/index.js:1205:15[90m)[39m
    at runSuite [90m(file:///c:/Users/RYZEN/.antigravity-ide/HandicapLab/[39mnode_modules/[4m@vitest/runner[24m/dist/index.js:1205:15[90m)[39m
[GenerateSignals] Error generating OU predictions for match sig-inserted-123: RangeError: Invalid time value
    at Date.toISOString (<anonymous>)
    at FeatureEngine.build [90m(c:\Users\RYZEN\.antigravity-ide\HandicapLab\[39msrc\lib\engines\feature-engine\index.ts:77:34[90m)[39m
[90m    at processTicksAndRejections (node:internal/process/task_queues:104:5)[39m
    at handleGenerateSignals [90m(c:\Users\RYZEN\.antigravity-ide\HandicapLab\[39msrc\app\api\cron\generate-signals\route.ts:377:30[90m)[39m
    at [90mc:\Users\RYZEN\.antigravity-ide\HandicapLab\[39mtests\phase7.5.test.ts:117:24
    at [90mfile:///c:/Users/RYZEN/.antigravity-ide/HandicapLab/[39mnode_modules/[4m@vitest/runner[24m/dist/index.js:533:5
    at runTest [90m(file:///c:/Users/RYZEN/.antigravity-ide/HandicapLab/[39mnode_modules/[4m@vitest/runner[24m/dist/index.js:1056:11[90m)[39m
    at runSuite [90m(file:///c:/Users/RYZEN/.antigravity-ide/HandicapLab/[39mnode_modules/[4m@vitest/runner[24m/dist/index.js:1205:15[90m)[39m
    at runSuite [90m(file:///c:/Users/RYZEN/.antigravity-ide/HandicapLab/[39mnode_modules/[4m@vitest/runner[24m/dist/index.js:1205:15[90m)[39m
    at runSuite [90m(file:///c:/Users/RYZEN/.antigravity-ide/HandicapLab/[39mnode_modules/[4m@vitest/runner[24m/dist/index.js:1205:15[90m)[39m
[GenerateSignals] Error generating ML predictions for match sig-inserted-123: RangeError: Invalid time value
    at Date.toISOString (<anonymous>)
    at FeatureEngine.build [90m(c:\Users\RYZEN\.antigravity-ide\HandicapLab\[39msrc\lib\engines\feature-engine\index.ts:77:34[90m)[39m
[90m    at processTicksAndRejections (node:internal/process/task_queues:104:5)[39m
    at handleGenerateSignals [90m(c:\Users\RYZEN\.antigravity-ide\HandicapLab\[39msrc\app\api\cron\generate-signals\route.ts:377:30[90m)[39m
    at [90mc:\Users\RYZEN\.antigravity-ide\HandicapLab\[39mtests\phase7.5.test.ts:117:24
    at [90mfile:///c:/Users/RYZEN/.antigravity-ide/HandicapLab/[39mnode_modules/[4m@vitest/runner[24m/dist/index.js:533:5
    at runTest [90m(file:///c:/Users/RYZEN/.antigravity-ide/HandicapLab/[39mnode_modules/[4m@vitest/runner[24m/dist/index.js:1056:11[90m)[39m
    at runSuite [90m(file:///c:/Users/RYZEN/.antigravity-ide/HandicapLab/[39mnode_modules/[4m@vitest/runner[24m/dist/index.js:1205:15[90m)[39m
    at runSuite [90m(file:///c:/Users/RYZEN/.antigravity-ide/HandicapLab/[39mnode_modules/[4m@vitest/runner[24m/dist/index.js:1205:15[90m)[39m
    at runSuite [90m(file:///c:/Users/RYZEN/.antigravity-ide/HandicapLab/[39mnode_modules/[4m@vitest/runner[24m/dist/index.js:1205:15[90m)[39m
[GenerateSignals] Error generating AH predictions for match sig-inserted-123: RangeError: Invalid time value
    at Date.toISOString (<anonymous>)
    at FeatureEngine.build [90m(c:\Users\RYZEN\.antigravity-ide\HandicapLab\[39msrc\lib\engines\feature-engine\index.ts:77:34[90m)[39m
[90m    at processTicksAndRejections (node:internal/process/task_queues:104:5)[39m
    at handleGenerateSignals [90m(c:\Users\RYZEN\.antigravity-ide\HandicapLab\[39msrc\app\api\cron\generate-signals\route.ts:377:30[90m)[39m
    at [90mc:\Users\RYZEN\.antigravity-ide\HandicapLab\[39mtests\phase7.5.test.ts:117:24
    at [90mfile:///c:/Users/RYZEN/.antigravity-ide/HandicapLab/[39mnode_modules/[4m@vitest/runner[24m/dist/index.js:533:5
    at runTest [90m(file:///c:/Users/RYZEN/.antigravity-ide/HandicapLab/[39mnode_modules/[4m@vitest/runner[24m/dist/index.js:1056:11[90m)[39m
    at runSuite [90m(file:///c:/Users/RYZEN/.antigravity-ide/HandicapLab/[39mnode_modules/[4m@vitest/runner[24m/dist/index.js:1205:15[90m)[39m
    at runSuite [90m(file:///c:/Users/RYZEN/.antigravity-ide/HandicapLab/[39mnode_modules/[4m@vitest/runner[24m/dist/index.js:1205:15[90m)[39m
    at runSuite [90m(file:///c:/Users/RYZEN/.antigravity-ide/HandicapLab/[39mnode_modules/[4m@vitest/runner[24m/dist/index.js:1205:15[90m)[39m
[GenerateSignals] Error generating OU predictions for match sig-inserted-123: RangeError: Invalid time value
    at Date.toISOString (<anonymous>)
    at FeatureEngine.build [90m(c:\Users\RYZEN\.antigravity-ide\HandicapLab\[39msrc\lib\engines\feature-engine\index.ts:77:34[90m)[39m
[90m    at processTicksAndRejections (node:internal/process/task_queues:104:5)[39m
    at handleGenerateSignals [90m(c:\Users\RYZEN\.antigravity-ide\HandicapLab\[39msrc\app\api\cron\generate-signals\route.ts:377:30[90m)[39m
    at [90mc:\Users\RYZEN\.antigravity-ide\HandicapLab\[39mtests\phase7.5.test.ts:117:24
    at [90mfile:///c:/Users/RYZEN/.antigravity-ide/HandicapLab/[39mnode_modules/[4m@vitest/runner[24m/dist/index.js:533:5
    at runTest [90m(file:///c:/Users/RYZEN/.antigravity-ide/HandicapLab/[39mnode_modules/[4m@vitest/runner[24m/dist/index.js:1056:11[90m)[39m
    at runSuite [90m(file:///c:/Users/RYZEN/.antigravity-ide/HandicapLab/[39mnode_modules/[4m@vitest/runner[24m/dist/index.js:1205:15[90m)[39m
    at runSuite [90m(file:///c:/Users/RYZEN/.antigravity-ide/HandicapLab/[39mnode_modules/[4m@vitest/runner[24m/dist/index.js:1205:15[90m)[39m
    at runSuite [90m(file:///c:/Users/RYZEN/.antigravity-ide/HandicapLab/[39mnode_modules/[4m@vitest/runner[24m/dist/index.js:1205:15[90m)[39m
[GenerateSignals] Error generating ML predictions for match sig-inserted-123: RangeError: Invalid time value
    at Date.toISOString (<anonymous>)
    at FeatureEngine.build [90m(c:\Users\RYZEN\.antigravity-ide\HandicapLab\[39msrc\lib\engines\feature-engine\index.ts:77:34[90m)[39m
[90m    at processTicksAndRejections (node:internal/process/task_queues:104:5)[39m
    at handleGenerateSignals [90m(c:\Users\RYZEN\.antigravity-ide\HandicapLab\[39msrc\app\api\cron\generate-signals\route.ts:377:30[90m)[39m
    at [90mc:\Users\RYZEN\.antigravity-ide\HandicapLab\[39mtests\phase7.5.test.ts:117:24
    at [90mfile:///c:/Users/RYZEN/.antigravity-ide/HandicapLab/[39mnode_modules/[4m@vitest/runner[24m/dist/index.js:533:5
    at runTest [90m(file:///c:/Users/RYZEN/.antigravity-ide/HandicapLab/[39mnode_modules/[4m@vitest/runner[24m/dist/index.js:1056:11[90m)[39m
    at runSuite [90m(file:///c:/Users/RYZEN/.antigravity-ide/HandicapLab/[39mnode_modules/[4m@vitest/runner[24m/dist/index.js:1205:15[90m)[39m
    at runSuite [90m(file:///c:/Users/RYZEN/.antigravity-ide/HandicapLab/[39mnode_modules/[4m@vitest/runner[24m/dist/index.js:1205:15[90m)[39m
    at runSuite [90m(file:///c:/Users/RYZEN/.antigravity-ide/HandicapLab/[39mnode_modules/[4m@vitest/runner[24m/dist/index.js:1205:15[90m)[39m
[GenerateSignals] Error generating AH predictions for match sig-inserted-123: RangeError: Invalid time value
    at Date.toISOString (<anonymous>)
    at FeatureEngine.build [90m(c:\Users\RYZEN\.antigravity-ide\HandicapLab\[39msrc\lib\engines\feature-engine\index.ts:77:34[90m)[39m
[90m    at processTicksAndRejections (node:internal/process/task_queues:104:5)[39m
    at handleGenerateSignals [90m(c:\Users\RYZEN\.antigravity-ide\HandicapLab\[39msrc\app\api\cron\generate-signals\route.ts:377:30[90m)[39m
    at [90mc:\Users\RYZEN\.antigravity-ide\HandicapLab\[39mtests\phase7.5.test.ts:117:24
    at [90mfile:///c:/Users/RYZEN/.antigravity-ide/HandicapLab/[39mnode_modules/[4m@vitest/runner[24m/dist/index.js:533:5
    at runTest [90m(file:///c:/Users/RYZEN/.antigravity-ide/HandicapLab/[39mnode_modules/[4m@vitest/runner[24m/dist/index.js:1056:11[90m)[39m
    at runSuite [90m(file:///c:/Users/RYZEN/.antigravity-ide/HandicapLab/[39mnode_modules/[4m@vitest/runner[24m/dist/index.js:1205:15[90m)[39m
    at runSuite [90m(file:///c:/Users/RYZEN/.antigravity-ide/HandicapLab/[39mnode_modules/[4m@vitest/runner[24m/dist/index.js:1205:15[90m)[39m
    at runSuite [90m(file:///c:/Users/RYZEN/.antigravity-ide/HandicapLab/[39mnode_modules/[4m@vitest/runner[24m/dist/index.js:1205:15[90m)[39m
[GenerateSignals] Error generating OU predictions for match sig-inserted-123: RangeError: Invalid time value
    at Date.toISOString (<anonymous>)
    at FeatureEngine.build [90m(c:\Users\RYZEN\.antigravity-ide\HandicapLab\[39msrc\lib\engines\feature-engine\index.ts:77:34[90m)[39m
[90m    at processTicksAndRejections (node:internal/process/task_queues:104:5)[39m
    at handleGenerateSignals [90m(c:\Users\RYZEN\.antigravity-ide\HandicapLab\[39msrc\app\api\cron\generate-signals\route.ts:377:30[90m)[39m
    at [90mc:\Users\RYZEN\.antigravity-ide\HandicapLab\[39mtests\phase7.5.test.ts:117:24
    at [90mfile:///c:/Users/RYZEN/.antigravity-ide/HandicapLab/[39mnode_modules/[4m@vitest/runner[24m/dist/index.js:533:5
    at runTest [90m(file:///c:/Users/RYZEN/.antigravity-ide/HandicapLab/[39mnode_modules/[4m@vitest/runner[24m/dist/index.js:1056:11[90m)[39m
    at runSuite [90m(file:///c:/Users/RYZEN/.antigravity-ide/HandicapLab/[39mnode_modules/[4m@vitest/runner[24m/dist/index.js:1205:15[90m)[39m
    at runSuite [90m(file:///c:/Users/RYZEN/.antigravity-ide/HandicapLab/[39mnode_modules/[4m@vitest/runner[24m/dist/index.js:1205:15[90m)[39m
    at runSuite [90m(file:///c:/Users/RYZEN/.antigravity-ide/HandicapLab/[39mnode_modules/[4m@vitest/runner[24m/dist/index.js:1205:15[90m)[39m
[GenerateSignals] Error generating ML predictions for match sig-inserted-123: RangeError: Invalid time value
    at Date.toISOString (<anonymous>)
    at FeatureEngine.build [90m(c:\Users\RYZEN\.antigravity-ide\HandicapLab\[39msrc\lib\engines\feature-engine\index.ts:77:34[90m)[39m
[90m    at processTicksAndRejections (node:internal/process/task_queues:104:5)[39m
    at handleGenerateSignals [90m(c:\Users\RYZEN\.antigravity-ide\HandicapLab\[39msrc\app\api\cron\generate-signals\route.ts:377:30[90m)[39m
    at [90mc:\Users\RYZEN\.antigravity-ide\HandicapLab\[39mtests\phase7.5.test.ts:117:24
    at [90mfile:///c:/Users/RYZEN/.antigravity-ide/HandicapLab/[39mnode_modules/[4m@vitest/runner[24m/dist/index.js:533:5
    at runTest [90m(file:///c:/Users/RYZEN/.antigravity-ide/HandicapLab/[39mnode_modules/[4m@vitest/runner[24m/dist/index.js:1056:11[90m)[39m
    at runSuite [90m(file:///c:/Users/RYZEN/.antigravity-ide/HandicapLab/[39mnode_modules/[4m@vitest/runner[24m/dist/index.js:1205:15[90m)[39m
    at runSuite [90m(file:///c:/Users/RYZEN/.antigravity-ide/HandicapLab/[39mnode_modules/[4m@vitest/runner[24m/dist/index.js:1205:15[90m)[39m
    at runSuite [90m(file:///c:/Users/RYZEN/.antigravity-ide/HandicapLab/[39mnode_modules/[4m@vitest/runner[24m/dist/index.js:1205:15[90m)[39m
[GenerateSignals] Error generating AH predictions for match sig-inserted-123: RangeError: Invalid time value
    at Date.toISOString (<anonymous>)
    at FeatureEngine.build [90m(c:\Users\RYZEN\.antigravity-ide\HandicapLab\[39msrc\lib\engines\feature-engine\index.ts:77:34[90m)[39m
[90m    at processTicksAndRejections (node:internal/process/task_queues:104:5)[39m
    at handleGenerateSignals [90m(c:\Users\RYZEN\.antigravity-ide\HandicapLab\[39msrc\app\api\cron\generate-signals\route.ts:377:30[90m)[39m
    at [90mc:\Users\RYZEN\.antigravity-ide\HandicapLab\[39mtests\phase7.5.test.ts:117:24
    at [90mfile:///c:/Users/RYZEN/.antigravity-ide/HandicapLab/[39mnode_modules/[4m@vitest/runner[24m/dist/index.js:533:5
    at runTest [90m(file:///c:/Users/RYZEN/.antigravity-ide/HandicapLab/[39mnode_modules/[4m@vitest/runner[24m/dist/index.js:1056:11[90m)[39m
    at runSuite [90m(file:///c:/Users/RYZEN/.antigravity-ide/HandicapLab/[39mnode_modules/[4m@vitest/runner[24m/dist/index.js:1205:15[90m)[39m
    at runSuite [90m(file:///c:/Users/RYZEN/.antigravity-ide/HandicapLab/[39mnode_modules/[4m@vitest/runner[24m/dist/index.js:1205:15[90m)[39m
    at runSuite [90m(file:///c:/Users/RYZEN/.antigravity-ide/HandicapLab/[39mnode_modules/[4m@vitest/runner[24m/dist/index.js:1205:15[90m)[39m
[GenerateSignals] Error generating OU predictions for match sig-inserted-123: RangeError: Invalid time value
    at Date.toISOString (<anonymous>)
    at FeatureEngine.build [90m(c:\Users\RYZEN\.antigravity-ide\HandicapLab\[39msrc\lib\engines\feature-engine\index.ts:77:34[90m)[39m
[90m    at processTicksAndRejections (node:internal/process/task_queues:104:5)[39m
    at handleGenerateSignals [90m(c:\Users\RYZEN\.antigravity-ide\HandicapLab\[39msrc\app\api\cron\generate-signals\route.ts:377:30[90m)[39m
    at [90mc:\Users\RYZEN\.antigravity-ide\HandicapLab\[39mtests\phase7.5.test.ts:117:24
    at [90mfile:///c:/Users/RYZEN/.antigravity-ide/HandicapLab/[39mnode_modules/[4m@vitest/runner[24m/dist/index.js:533:5
    at runTest [90m(file:///c:/Users/RYZEN/.antigravity-ide/HandicapLab/[39mnode_modules/[4m@vitest/runner[24m/dist/index.js:1056:11[90m)[39m
    at runSuite [90m(file:///c:/Users/RYZEN/.antigravity-ide/HandicapLab/[39mnode_modules/[4m@vitest/runner[24m/dist/index.js:1205:15[90m)[39m
    at runSuite [90m(file:///c:/Users/RYZEN/.antigravity-ide/HandicapLab/[39mnode_modules/[4m@vitest/runner[24m/dist/index.js:1205:15[90m)[39m
    at runSuite [90m(file:///c:/Users/RYZEN/.antigravity-ide/HandicapLab/[39mnode_modules/[4m@vitest/runner[24m/dist/index.js:1205:15[90m)[39m
[GenerateSignals] Error generating ML predictions for match sig-inserted-123: RangeError: Invalid time value
    at Date.toISOString (<anonymous>)
    at FeatureEngine.build [90m(c:\Users\RYZEN\.antigravity-ide\HandicapLab\[39msrc\lib\engines\feature-engine\index.ts:77:34[90m)[39m
[90m    at processTicksAndRejections (node:internal/process/task_queues:104:5)[39m
    at handleGenerateSignals [90m(c:\Users\RYZEN\.antigravity-ide\HandicapLab\[39msrc\app\api\cron\generate-signals\route.ts:377:30[90m)[39m
    at [90mc:\Users\RYZEN\.antigravity-ide\HandicapLab\[39mtests\phase7.5.test.ts:117:24
    at [90mfile:///c:/Users/RYZEN/.antigravity-ide/HandicapLab/[39mnode_modules/[4m@vitest/runner[24m/dist/index.js:533:5
    at runTest [90m(file:///c:/Users/RYZEN/.antigravity-ide/HandicapLab/[39mnode_modules/[4m@vitest/runner[24m/dist/index.js:1056:11[90m)[39m
    at runSuite [90m(file:///c:/Users/RYZEN/.antigravity-ide/HandicapLab/[39mnode_modules/[4m@vitest/runner[24m/dist/index.js:1205:15[90m)[39m
    at runSuite [90m(file:///c:/Users/RYZEN/.antigravity-ide/HandicapLab/[39mnode_modules/[4m@vitest/runner[24m/dist/index.js:1205:15[90m)[39m
    at runSuite [90m(file:///c:/Users/RYZEN/.antigravity-ide/HandicapLab/[39mnode_modules/[4m@vitest/runner[24m/dist/index.js:1205:15[90m)[39m
[GenerateSignals] Error generating AH predictions for match sig-inserted-123: RangeError: Invalid time value
    at Date.toISOString (<anonymous>)
    at FeatureEngine.build [90m(c:\Users\RYZEN\.antigravity-ide\HandicapLab\[39msrc\lib\engines\feature-engine\index.ts:77:34[90m)[39m
[90m    at processTicksAndRejections (node:internal/process/task_queues:104:5)[39m
    at handleGenerateSignals [90m(c:\Users\RYZEN\.antigravity-ide\HandicapLab\[39msrc\app\api\cron\generate-signals\route.ts:377:30[90m)[39m
    at [90mc:\Users\RYZEN\.antigravity-ide\HandicapLab\[39mtests\phase7.5.test.ts:117:24
    at [90mfile:///c:/Users/RYZEN/.antigravity-ide/HandicapLab/[39mnode_modules/[4m@vitest/runner[24m/dist/index.js:533:5
    at runTest [90m(file:///c:/Users/RYZEN/.antigravity-ide/HandicapLab/[39mnode_modules/[4m@vitest/runner[24m/dist/index.js:1056:11[90m)[39m
    at runSuite [90m(file:///c:/Users/RYZEN/.antigravity-ide/HandicapLab/[39mnode_modules/[4m@vitest/runner[24m/dist/index.js:1205:15[90m)[39m
    at runSuite [90m(file:///c:/Users/RYZEN/.antigravity-ide/HandicapLab/[39mnode_modules/[4m@vitest/runner[24m/dist/index.js:1205:15[90m)[39m
    at runSuite [90m(file:///c:/Users/RYZEN/.antigravity-ide/HandicapLab/[39mnode_modules/[4m@vitest/runner[24m/dist/index.js:1205:15[90m)[39m
[GenerateSignals] Error generating OU predictions for match sig-inserted-123: RangeError: Invalid time value
    at Date.toISOString (<anonymous>)
    at FeatureEngine.build [90m(c:\Users\RYZEN\.antigravity-ide\HandicapLab\[39msrc\lib\engines\feature-engine\index.ts:77:34[90m)[39m
[90m    at processTicksAndRejections (node:internal/process/task_queues:104:5)[39m
    at handleGenerateSignals [90m(c:\Users\RYZEN\.antigravity-ide\HandicapLab\[39msrc\app\api\cron\generate-signals\route.ts:377:30[90m)[39m
    at [90mc:\Users\RYZEN\.antigravity-ide\HandicapLab\[39mtests\phase7.5.test.ts:117:24
    at [90mfile:///c:/Users/RYZEN/.antigravity-ide/HandicapLab/[39mnode_modules/[4m@vitest/runner[24m/dist/index.js:533:5
    at runTest [90m(file:///c:/Users/RYZEN/.antigravity-ide/HandicapLab/[39mnode_modules/[4m@vitest/runner[24m/dist/index.js:1056:11[90m)[39m
    at runSuite [90m(file:///c:/Users/RYZEN/.antigravity-ide/HandicapLab/[39mnode_modules/[4m@vitest/runner[24m/dist/index.js:1205:15[90m)[39m
    at runSuite [90m(file:///c:/Users/RYZEN/.antigravity-ide/HandicapLab/[39mnode_modules/[4m@vitest/runner[24m/dist/index.js:1205:15[90m)[39m
    at runSuite [90m(file:///c:/Users/RYZEN/.antigravity-ide/HandicapLab/[39mnode_modules/[4m@vitest/runner[24m/dist/index.js:1205:15[90m)[39m
[GenerateSignals] Error generating ML predictions for match sig-inserted-123: RangeError: Invalid time value
    at Date.toISOString (<anonymous>)
    at FeatureEngine.build [90m(c:\Users\RYZEN\.antigravity-ide\HandicapLab\[39msrc\lib\engines\feature-engine\index.ts:77:34[90m)[39m
[90m    at processTicksAndRejections (node:internal/process/task_queues:104:5)[39m
    at handleGenerateSignals [90m(c:\Users\RYZEN\.antigravity-ide\HandicapLab\[39msrc\app\api\cron\generate-signals\route.ts:377:30[90m)[39m
    at [90mc:\Users\RYZEN\.antigravity-ide\HandicapLab\[39mtests\phase7.5.test.ts:117:24
    at [90mfile:///c:/Users/RYZEN/.antigravity-ide/HandicapLab/[39mnode_modules/[4m@vitest/runner[24m/dist/index.js:533:5
    at runTest [90m(file:///c:/Users/RYZEN/.antigravity-ide/HandicapLab/[39mnode_modules/[4m@vitest/runner[24m/dist/index.js:1056:11[90m)[39m
    at runSuite [90m(file:///c:/Users/RYZEN/.antigravity-ide/HandicapLab/[39mnode_modules/[4m@vitest/runner[24m/dist/index.js:1205:15[90m)[39m
    at runSuite [90m(file:///c:/Users/RYZEN/.antigravity-ide/HandicapLab/[39mnode_modules/[4m@vitest/runner[24m/dist/index.js:1205:15[90m)[39m
    at runSuite [90m(file:///c:/Users/RYZEN/.antigravity-ide/HandicapLab/[39mnode_modules/[4m@vitest/runner[24m/dist/index.js:1205:15[90m)[39m
[GenerateSignals] Error generating AH predictions for match sig-inserted-123: RangeError: Invalid time value
    at Date.toISOString (<anonymous>)
    at FeatureEngine.build [90m(c:\Users\RYZEN\.antigravity-ide\HandicapLab\[39msrc\lib\engines\feature-engine\index.ts:77:34[90m)[39m
[90m    at processTicksAndRejections (node:internal/process/task_queues:104:5)[39m
    at handleGenerateSignals [90m(c:\Users\RYZEN\.antigravity-ide\HandicapLab\[39msrc\app\api\cron\generate-signals\route.ts:377:30[90m)[39m
    at [90mc:\Users\RYZEN\.antigravity-ide\HandicapLab\[39mtests\phase7.5.test.ts:117:24
    at [90mfile:///c:/Users/RYZEN/.antigravity-ide/HandicapLab/[39mnode_modules/[4m@vitest/runner[24m/dist/index.js:533:5
    at runTest [90m(file:///c:/Users/RYZEN/.antigravity-ide/HandicapLab/[39mnode_modules/[4m@vitest/runner[24m/dist/index.js:1056:11[90m)[39m
    at runSuite [90m(file:///c:/Users/RYZEN/.antigravity-ide/HandicapLab/[39mnode_modules/[4m@vitest/runner[24m/dist/index.js:1205:15[90m)[39m
    at runSuite [90m(file:///c:/Users/RYZEN/.antigravity-ide/HandicapLab/[39mnode_modules/[4m@vitest/runner[24m/dist/index.js:1205:15[90m)[39m
    at runSuite [90m(file:///c:/Users/RYZEN/.antigravity-ide/HandicapLab/[39mnode_modules/[4m@vitest/runner[24m/dist/index.js:1205:15[90m)[39m
[GenerateSignals] Error generating OU predictions for match sig-inserted-123: RangeError: Invalid time value
    at Date.toISOString (<anonymous>)
    at FeatureEngine.build [90m(c:\Users\RYZEN\.antigravity-ide\HandicapLab\[39msrc\lib\engines\feature-engine\index.ts:77:34[90m)[39m
[90m    at processTicksAndRejections (node:internal/process/task_queues:104:5)[39m
    at handleGenerateSignals [90m(c:\Users\RYZEN\.antigravity-ide\HandicapLab\[39msrc\app\api\cron\generate-signals\route.ts:377:30[90m)[39m
    at [90mc:\Users\RYZEN\.antigravity-ide\HandicapLab\[39mtests\phase7.5.test.ts:117:24
    at [90mfile:///c:/Users/RYZEN/.antigravity-ide/HandicapLab/[39mnode_modules/[4m@vitest/runner[24m/dist/index.js:533:5
    at runTest [90m(file:///c:/Users/RYZEN/.antigravity-ide/HandicapLab/[39mnode_modules/[4m@vitest/runner[24m/dist/index.js:1056:11[90m)[39m
    at runSuite [90m(file:///c:/Users/RYZEN/.antigravity-ide/HandicapLab/[39mnode_modules/[4m@vitest/runner[24m/dist/index.js:1205:15[90m)[39m
    at runSuite [90m(file:///c:/Users/RYZEN/.antigravity-ide/HandicapLab/[39mnode_modules/[4m@vitest/runner[24m/dist/index.js:1205:15[90m)[39m
    at runSuite [90m(file:///c:/Users/RYZEN/.antigravity-ide/HandicapLab/[39mnode_modules/[4m@vitest/runner[24m/dist/index.js:1205:15[90m)[39m
[GenerateSignals] Error generating ML predictions for match sig-inserted-123: RangeError: Invalid time value
    at Date.toISOString (<anonymous>)
    at FeatureEngine.build [90m(c:\Users\RYZEN\.antigravity-ide\HandicapLab\[39msrc\lib\engines\feature-engine\index.ts:77:34[90m)[39m
[90m    at processTicksAndRejections (node:internal/process/task_queues:104:5)[39m
    at handleGenerateSignals [90m(c:\Users\RYZEN\.antigravity-ide\HandicapLab\[39msrc\app\api\cron\generate-signals\route.ts:377:30[90m)[39m
    at [90mc:\Users\RYZEN\.antigravity-ide\HandicapLab\[39mtests\phase7.5.test.ts:117:24
    at [90mfile:///c:/Users/RYZEN/.antigravity-ide/HandicapLab/[39mnode_modules/[4m@vitest/runner[24m/dist/index.js:533:5
    at runTest [90m(file:///c:/Users/RYZEN/.antigravity-ide/HandicapLab/[39mnode_modules/[4m@vitest/runner[24m/dist/index.js:1056:11[90m)[39m
    at runSuite [90m(file:///c:/Users/RYZEN/.antigravity-ide/HandicapLab/[39mnode_modules/[4m@vitest/runner[24m/dist/index.js:1205:15[90m)[39m
    at runSuite [90m(file:///c:/Users/RYZEN/.antigravity-ide/HandicapLab/[39mnode_modules/[4m@vitest/runner[24m/dist/index.js:1205:15[90m)[39m
    at runSuite [90m(file:///c:/Users/RYZEN/.antigravity-ide/HandicapLab/[39mnode_modules/[4m@vitest/runner[24m/dist/index.js:1205:15[90m)[39m
[GenerateSignals] Error generating AH predictions for match sig-inserted-123: RangeError: Invalid time value
    at Date.toISOString (<anonymous>)
    at FeatureEngine.build [90m(c:\Users\RYZEN\.antigravity-ide\HandicapLab\[39msrc\lib\engines\feature-engine\index.ts:77:34[90m)[39m
[90m    at processTicksAndRejections (node:internal/process/task_queues:104:5)[39m
    at handleGenerateSignals [90m(c:\Users\RYZEN\.antigravity-ide\HandicapLab\[39msrc\app\api\cron\generate-signals\route.ts:377:30[90m)[39m
    at [90mc:\Users\RYZEN\.antigravity-ide\HandicapLab\[39mtests\phase7.5.test.ts:117:24
    at [90mfile:///c:/Users/RYZEN/.antigravity-ide/HandicapLab/[39mnode_modules/[4m@vitest/runner[24m/dist/index.js:533:5
    at runTest [90m(file:///c:/Users/RYZEN/.antigravity-ide/HandicapLab/[39mnode_modules/[4m@vitest/runner[24m/dist/index.js:1056:11[90m)[39m
    at runSuite [90m(file:///c:/Users/RYZEN/.antigravity-ide/HandicapLab/[39mnode_modules/[4m@vitest/runner[24m/dist/index.js:1205:15[90m)[39m
    at runSuite [90m(file:///c:/Users/RYZEN/.antigravity-ide/HandicapLab/[39mnode_modules/[4m@vitest/runner[24m/dist/index.js:1205:15[90m)[39m
    at runSuite [90m(file:///c:/Users/RYZEN/.antigravity-ide/HandicapLab/[39mnode_modules/[4m@vitest/runner[24m/dist/index.js:1205:15[90m)[39m
[GenerateSignals] Error generating OU predictions for match sig-inserted-123: RangeError: Invalid time value
    at Date.toISOString (<anonymous>)
    at FeatureEngine.build [90m(c:\Users\RYZEN\.antigravity-ide\HandicapLab\[39msrc\lib\engines\feature-engine\index.ts:77:34[90m)[39m
[90m    at processTicksAndRejections (node:internal/process/task_queues:104:5)[39m
    at handleGenerateSignals [90m(c:\Users\RYZEN\.antigravity-ide\HandicapLab\[39msrc\app\api\cron\generate-signals\route.ts:377:30[90m)[39m
    at [90mc:\Users\RYZEN\.antigravity-ide\HandicapLab\[39mtests\phase7.5.test.ts:117:24
    at [90mfile:///c:/Users/RYZEN/.antigravity-ide/HandicapLab/[39mnode_modules/[4m@vitest/runner[24m/dist/index.js:533:5
    at runTest [90m(file:///c:/Users/RYZEN/.antigravity-ide/HandicapLab/[39mnode_modules/[4m@vitest/runner[24m/dist/index.js:1056:11[90m)[39m
    at runSuite [90m(file:///c:/Users/RYZEN/.antigravity-ide/HandicapLab/[39mnode_modules/[4m@vitest/runner[24m/dist/index.js:1205:15[90m)[39m
    at runSuite [90m(file:///c:/Users/RYZEN/.antigravity-ide/HandicapLab/[39mnode_modules/[4m@vitest/runner[24m/dist/index.js:1205:15[90m)[39m
    at runSuite [90m(file:///c:/Users/RYZEN/.antigravity-ide/HandicapLab/[39mnode_modules/[4m@vitest/runner[24m/dist/index.js:1205:15[90m)[39m
[GenerateSignals] Error generating ML predictions for match sig-inserted-123: RangeError: Invalid time value
    at Date.toISOString (<anonymous>)
    at FeatureEngine.build [90m(c:\Users\RYZEN\.antigravity-ide\HandicapLab\[39msrc\lib\engines\feature-engine\index.ts:77:34[90m)[39m
[90m    at processTicksAndRejections (node:internal/process/task_queues:104:5)[39m
    at handleGenerateSignals [90m(c:\Users\RYZEN\.antigravity-ide\HandicapLab\[39msrc\app\api\cron\generate-signals\route.ts:377:30[90m)[39m
    at [90mc:\Users\RYZEN\.antigravity-ide\HandicapLab\[39mtests\phase7.5.test.ts:117:24
    at [90mfile:///c:/Users/RYZEN/.antigravity-ide/HandicapLab/[39mnode_modules/[4m@vitest/runner[24m/dist/index.js:533:5
    at runTest [90m(file:///c:/Users/RYZEN/.antigravity-ide/HandicapLab/[39mnode_modules/[4m@vitest/runner[24m/dist/index.js:1056:11[90m)[39m
    at runSuite [90m(file:///c:/Users/RYZEN/.antigravity-ide/HandicapLab/[39mnode_modules/[4m@vitest/runner[24m/dist/index.js:1205:15[90m)[39m
    at runSuite [90m(file:///c:/Users/RYZEN/.antigravity-ide/HandicapLab/[39mnode_modules/[4m@vitest/runner[24m/dist/index.js:1205:15[90m)[39m
    at runSuite [90m(file:///c:/Users/RYZEN/.antigravity-ide/HandicapLab/[39mnode_modules/[4m@vitest/runner[24m/dist/index.js:1205:15[90m)[39m
[GenerateSignals] Error generating AH predictions for match sig-inserted-123: RangeError: Invalid time value
    at Date.toISOString (<anonymous>)
    at FeatureEngine.build [90m(c:\Users\RYZEN\.antigravity-ide\HandicapLab\[39msrc\lib\engines\feature-engine\index.ts:77:34[90m)[39m
[90m    at processTicksAndRejections (node:internal/process/task_queues:104:5)[39m
    at handleGenerateSignals [90m(c:\Users\RYZEN\.antigravity-ide\HandicapLab\[39msrc\app\api\cron\generate-signals\route.ts:377:30[90m)[39m
    at [90mc:\Users\RYZEN\.antigravity-ide\HandicapLab\[39mtests\phase7.5.test.ts:117:24
    at [90mfile:///c:/Users/RYZEN/.antigravity-ide/HandicapLab/[39mnode_modules/[4m@vitest/runner[24m/dist/index.js:533:5
    at runTest [90m(file:///c:/Users/RYZEN/.antigravity-ide/HandicapLab/[39mnode_modules/[4m@vitest/runner[24m/dist/index.js:1056:11[90m)[39m
    at runSuite [90m(file:///c:/Users/RYZEN/.antigravity-ide/HandicapLab/[39mnode_modules/[4m@vitest/runner[24m/dist/index.js:1205:15[90m)[39m
    at runSuite [90m(file:///c:/Users/RYZEN/.antigravity-ide/HandicapLab/[39mnode_modules/[4m@vitest/runner[24m/dist/index.js:1205:15[90m)[39m
    at runSuite [90m(file:///c:/Users/RYZEN/.antigravity-ide/HandicapLab/[39mnode_modules/[4m@vitest/runner[24m/dist/index.js:1205:15[90m)[39m
[GenerateSignals] Error generating OU predictions for match sig-inserted-123: RangeError: Invalid time value
    at Date.toISOString (<anonymous>)
    at FeatureEngine.build [90m(c:\Users\RYZEN\.antigravity-ide\HandicapLab\[39msrc\lib\engines\feature-engine\index.ts:77:34[90m)[39m
[90m    at processTicksAndRejections (node:internal/process/task_queues:104:5)[39m
    at handleGenerateSignals [90m(c:\Users\RYZEN\.antigravity-ide\HandicapLab\[39msrc\app\api\cron\generate-signals\route.ts:377:30[90m)[39m
    at [90mc:\Users\RYZEN\.antigravity-ide\HandicapLab\[39mtests\phase7.5.test.ts:117:24
    at [90mfile:///c:/Users/RYZEN/.antigravity-ide/HandicapLab/[39mnode_modules/[4m@vitest/runner[24m/dist/index.js:533:5
    at runTest [90m(file:///c:/Users/RYZEN/.antigravity-ide/HandicapLab/[39mnode_modules/[4m@vitest/runner[24m/dist/index.js:1056:11[90m)[39m
    at runSuite [90m(file:///c:/Users/RYZEN/.antigravity-ide/HandicapLab/[39mnode_modules/[4m@vitest/runner[24m/dist/index.js:1205:15[90m)[39m
    at runSuite [90m(file:///c:/Users/RYZEN/.antigravity-ide/HandicapLab/[39mnode_modules/[4m@vitest/runner[24m/dist/index.js:1205:15[90m)[39m
    at runSuite [90m(file:///c:/Users/RYZEN/.antigravity-ide/HandicapLab/[39mnode_modules/[4m@vitest/runner[24m/dist/index.js:1205:15[90m)[39m
[GenerateSignals] Error generating ML predictions for match sig-inserted-123: RangeError: Invalid time value
    at Date.toISOString (<anonymous>)
    at FeatureEngine.build [90m(c:\Users\RYZEN\.antigravity-ide\HandicapLab\[39msrc\lib\engines\feature-engine\index.ts:77:34[90m)[39m
[90m    at processTicksAndRejections (node:internal/process/task_queues:104:5)[39m
    at handleGenerateSignals [90m(c:\Users\RYZEN\.antigravity-ide\HandicapLab\[39msrc\app\api\cron\generate-signals\route.ts:377:30[90m)[39m
    at [90mc:\Users\RYZEN\.antigravity-ide\HandicapLab\[39mtests\phase7.5.test.ts:117:24
    at [90mfile:///c:/Users/RYZEN/.antigravity-ide/HandicapLab/[39mnode_modules/[4m@vitest/runner[24m/dist/index.js:533:5
    at runTest [90m(file:///c:/Users/RYZEN/.antigravity-ide/HandicapLab/[39mnode_modules/[4m@vitest/runner[24m/dist/index.js:1056:11[90m)[39m
    at runSuite [90m(file:///c:/Users/RYZEN/.antigravity-ide/HandicapLab/[39mnode_modules/[4m@vitest/runner[24m/dist/index.js:1205:15[90m)[39m
    at runSuite [90m(file:///c:/Users/RYZEN/.antigravity-ide/HandicapLab/[39mnode_modules/[4m@vitest/runner[24m/dist/index.js:1205:15[90m)[39m
    at runSuite [90m(file:///c:/Users/RYZEN/.antigravity-ide/HandicapLab/[39mnode_modules/[4m@vitest/runner[24m/dist/index.js:1205:15[90m)[39m
[GenerateSignals] Error generating AH predictions for match sig-inserted-123: RangeError: Invalid time value
    at Date.toISOString (<anonymous>)
    at FeatureEngine.build [90m(c:\Users\RYZEN\.antigravity-ide\HandicapLab\[39msrc\lib\engines\feature-engine\index.ts:77:34[90m)[39m
[90m    at processTicksAndRejections (node:internal/process/task_queues:104:5)[39m
    at handleGenerateSignals [90m(c:\Users\RYZEN\.antigravity-ide\HandicapLab\[39msrc\app\api\cron\generate-signals\route.ts:377:30[90m)[39m
    at [90mc:\Users\RYZEN\.antigravity-ide\HandicapLab\[39mtests\phase7.5.test.ts:117:24
    at [90mfile:///c:/Users/RYZEN/.antigravity-ide/HandicapLab/[39mnode_modules/[4m@vitest/runner[24m/dist/index.js:533:5
    at runTest [90m(file:///c:/Users/RYZEN/.antigravity-ide/HandicapLab/[39mnode_modules/[4m@vitest/runner[24m/dist/index.js:1056:11[90m)[39m
    at runSuite [90m(file:///c:/Users/RYZEN/.antigravity-ide/HandicapLab/[39mnode_modules/[4m@vitest/runner[24m/dist/index.js:1205:15[90m)[39m
    at runSuite [90m(file:///c:/Users/RYZEN/.antigravity-ide/HandicapLab/[39mnode_modules/[4m@vitest/runner[24m/dist/index.js:1205:15[90m)[39m
    at runSuite [90m(file:///c:/Users/RYZEN/.antigravity-ide/HandicapLab/[39mnode_modules/[4m@vitest/runner[24m/dist/index.js:1205:15[90m)[39m
[GenerateSignals] Error generating OU predictions for match sig-inserted-123: RangeError: Invalid time value
    at Date.toISOString (<anonymous>)
    at FeatureEngine.build [90m(c:\Users\RYZEN\.antigravity-ide\HandicapLab\[39msrc\lib\engines\feature-engine\index.ts:77:34[90m)[39m
[90m    at processTicksAndRejections (node:internal/process/task_queues:104:5)[39m
    at handleGenerateSignals [90m(c:\Users\RYZEN\.antigravity-ide\HandicapLab\[39msrc\app\api\cron\generate-signals\route.ts:377:30[90m)[39m
    at [90mc:\Users\RYZEN\.antigravity-ide\HandicapLab\[39mtests\phase7.5.test.ts:117:24
    at [90mfile:///c:/Users/RYZEN/.antigravity-ide/HandicapLab/[39mnode_modules/[4m@vitest/runner[24m/dist/index.js:533:5
    at runTest [90m(file:///c:/Users/RYZEN/.antigravity-ide/HandicapLab/[39mnode_modules/[4m@vitest/runner[24m/dist/index.js:1056:11[90m)[39m
    at runSuite [90m(file:///c:/Users/RYZEN/.antigravity-ide/HandicapLab/[39mnode_modules/[4m@vitest/runner[24m/dist/index.js:1205:15[90m)[39m
    at runSuite [90m(file:///c:/Users/RYZEN/.antigravity-ide/HandicapLab/[39mnode_modules/[4m@vitest/runner[24m/dist/index.js:1205:15[90m)[39m
    at runSuite [90m(file:///c:/Users/RYZEN/.antigravity-ide/HandicapLab/[39mnode_modules/[4m@vitest/runner[24m/dist/index.js:1205:15[90m)[39m
[GenerateSignals] Error generating ML predictions for match sig-inserted-123: RangeError: Invalid time value
    at Date.toISOString (<anonymous>)
    at FeatureEngine.build [90m(c:\Users\RYZEN\.antigravity-ide\HandicapLab\[39msrc\lib\engines\feature-engine\index.ts:77:34[90m)[39m
[90m    at processTicksAndRejections (node:internal/process/task_queues:104:5)[39m
    at handleGenerateSignals [90m(c:\Users\RYZEN\.antigravity-ide\HandicapLab\[39msrc\app\api\cron\generate-signals\route.ts:377:30[90m)[39m
    at [90mc:\Users\RYZEN\.antigravity-ide\HandicapLab\[39mtests\phase7.5.test.ts:117:24
    at [90mfile:///c:/Users/RYZEN/.antigravity-ide/HandicapLab/[39mnode_modules/[4m@vitest/runner[24m/dist/index.js:533:5
    at runTest [90m(file:///c:/Users/RYZEN/.antigravity-ide/HandicapLab/[39mnode_modules/[4m@vitest/runner[24m/dist/index.js:1056:11[90m)[39m
    at runSuite [90m(file:///c:/Users/RYZEN/.antigravity-ide/HandicapLab/[39mnode_modules/[4m@vitest/runner[24m/dist/index.js:1205:15[90m)[39m
    at runSuite [90m(file:///c:/Users/RYZEN/.antigravity-ide/HandicapLab/[39mnode_modules/[4m@vitest/runner[24m/dist/index.js:1205:15[90m)[39m
    at runSuite [90m(file:///c:/Users/RYZEN/.antigravity-ide/HandicapLab/[39mnode_modules/[4m@vitest/runner[24m/dist/index.js:1205:15[90m)[39m
[GenerateSignals] Error generating AH predictions for match sig-inserted-123: RangeError: Invalid time value
    at Date.toISOString (<anonymous>)
    at FeatureEngine.build [90m(c:\Users\RYZEN\.antigravity-ide\HandicapLab\[39msrc\lib\engines\feature-engine\index.ts:77:34[90m)[39m
[90m    at processTicksAndRejections (node:internal/process/task_queues:104:5)[39m
    at handleGenerateSignals [90m(c:\Users\RYZEN\.antigravity-ide\HandicapLab\[39msrc\app\api\cron\generate-signals\route.ts:377:30[90m)[39m
    at [90mc:\Users\RYZEN\.antigravity-ide\HandicapLab\[39mtests\phase7.5.test.ts:117:24
    at [90mfile:///c:/Users/RYZEN/.antigravity-ide/HandicapLab/[39mnode_modules/[4m@vitest/runner[24m/dist/index.js:533:5
    at runTest [90m(file:///c:/Users/RYZEN/.antigravity-ide/HandicapLab/[39mnode_modules/[4m@vitest/runner[24m/dist/index.js:1056:11[90m)[39m
    at runSuite [90m(file:///c:/Users/RYZEN/.antigravity-ide/HandicapLab/[39mnode_modules/[4m@vitest/runner[24m/dist/index.js:1205:15[90m)[39m
    at runSuite [90m(file:///c:/Users/RYZEN/.antigravity-ide/HandicapLab/[39mnode_modules/[4m@vitest/runner[24m/dist/index.js:1205:15[90m)[39m
    at runSuite [90m(file:///c:/Users/RYZEN/.antigravity-ide/HandicapLab/[39mnode_modules/[4m@vitest/runner[24m/dist/index.js:1205:15[90m)[39m
[GenerateSignals] Error generating OU predictions for match sig-inserted-123: RangeError: Invalid time value
    at Date.toISOString (<anonymous>)
    at FeatureEngine.build [90m(c:\Users\RYZEN\.antigravity-ide\HandicapLab\[39msrc\lib\engines\feature-engine\index.ts:77:34[90m)[39m
[90m    at processTicksAndRejections (node:internal/process/task_queues:104:5)[39m
    at handleGenerateSignals [90m(c:\Users\RYZEN\.antigravity-ide\HandicapLab\[39msrc\app\api\cron\generate-signals\route.ts:377:30[90m)[39m
    at [90mc:\Users\RYZEN\.antigravity-ide\HandicapLab\[39mtests\phase7.5.test.ts:117:24
    at [90mfile:///c:/Users/RYZEN/.antigravity-ide/HandicapLab/[39mnode_modules/[4m@vitest/runner[24m/dist/index.js:533:5
    at runTest [90m(file:///c:/Users/RYZEN/.antigravity-ide/HandicapLab/[39mnode_modules/[4m@vitest/runner[24m/dist/index.js:1056:11[90m)[39m
    at runSuite [90m(file:///c:/Users/RYZEN/.antigravity-ide/HandicapLab/[39mnode_modules/[4m@vitest/runner[24m/dist/index.js:1205:15[90m)[39m
    at runSuite [90m(file:///c:/Users/RYZEN/.antigravity-ide/HandicapLab/[39mnode_modules/[4m@vitest/runner[24m/dist/index.js:1205:15[90m)[39m
    at runSuite [90m(file:///c:/Users/RYZEN/.antigravity-ide/HandicapLab/[39mnode_modules/[4m@vitest/runner[24m/dist/index.js:1205:15[90m)[39m
[GenerateSignals] Error generating ML predictions for match sig-inserted-123: RangeError: Invalid time value
    at Date.toISOString (<anonymous>)
    at FeatureEngine.build [90m(c:\Users\RYZEN\.antigravity-ide\HandicapLab\[39msrc\lib\engines\feature-engine\index.ts:77:34[90m)[39m
[90m    at processTicksAndRejections (node:internal/process/task_queues:104:5)[39m
    at handleGenerateSignals [90m(c:\Users\RYZEN\.antigravity-ide\HandicapLab\[39msrc\app\api\cron\generate-signals\route.ts:377:30[90m)[39m
    at [90mc:\Users\RYZEN\.antigravity-ide\HandicapLab\[39mtests\phase7.5.test.ts:117:24
    at [90mfile:///c:/Users/RYZEN/.antigravity-ide/HandicapLab/[39mnode_modules/[4m@vitest/runner[24m/dist/index.js:533:5
    at runTest [90m(file:///c:/Users/RYZEN/.antigravity-ide/HandicapLab/[39mnode_modules/[4m@vitest/runner[24m/dist/index.js:1056:11[90m)[39m
    at runSuite [90m(file:///c:/Users/RYZEN/.antigravity-ide/HandicapLab/[39mnode_modules/[4m@vitest/runner[24m/dist/index.js:1205:15[90m)[39m
    at runSuite [90m(file:///c:/Users/RYZEN/.antigravity-ide/HandicapLab/[39mnode_modules/[4m@vitest/runner[24m/dist/index.js:1205:15[90m)[39m
    at runSuite [90m(file:///c:/Users/RYZEN/.antigravity-ide/HandicapLab/[39mnode_modules/[4m@vitest/runner[24m/dist/index.js:1205:15[90m)[39m
[GenerateSignals] Error generating AH predictions for match sig-inserted-123: RangeError: Invalid time value
    at Date.toISOString (<anonymous>)
    at FeatureEngine.build [90m(c:\Users\RYZEN\.antigravity-ide\HandicapLab\[39msrc\lib\engines\feature-engine\index.ts:77:34[90m)[39m
[90m    at processTicksAndRejections (node:internal/process/task_queues:104:5)[39m
    at handleGenerateSignals [90m(c:\Users\RYZEN\.antigravity-ide\HandicapLab\[39msrc\app\api\cron\generate-signals\route.ts:377:30[90m)[39m
    at [90mc:\Users\RYZEN\.antigravity-ide\HandicapLab\[39mtests\phase7.5.test.ts:117:24
    at [90mfile:///c:/Users/RYZEN/.antigravity-ide/HandicapLab/[39mnode_modules/[4m@vitest/runner[24m/dist/index.js:533:5
    at runTest [90m(file:///c:/Users/RYZEN/.antigravity-ide/HandicapLab/[39mnode_modules/[4m@vitest/runner[24m/dist/index.js:1056:11[90m)[39m
    at runSuite [90m(file:///c:/Users/RYZEN/.antigravity-ide/HandicapLab/[39mnode_modules/[4m@vitest/runner[24m/dist/index.js:1205:15[90m)[39m
    at runSuite [90m(file:///c:/Users/RYZEN/.antigravity-ide/HandicapLab/[39mnode_modules/[4m@vitest/runner[24m/dist/index.js:1205:15[90m)[39m
    at runSuite [90m(file:///c:/Users/RYZEN/.antigravity-ide/HandicapLab/[39mnode_modules/[4m@vitest/runner[24m/dist/index.js:1205:15[90m)[39m
[GenerateSignals] Error generating OU predictions for match sig-inserted-123: RangeError: Invalid time value
    at Date.toISOString (<anonymous>)
    at FeatureEngine.build [90m(c:\Users\RYZEN\.antigravity-ide\HandicapLab\[39msrc\lib\engines\feature-engine\index.ts:77:34[90m)[39m
[90m    at processTicksAndRejections (node:internal/process/task_queues:104:5)[39m
    at handleGenerateSignals [90m(c:\Users\RYZEN\.antigravity-ide\HandicapLab\[39msrc\app\api\cron\generate-signals\route.ts:377:30[90m)[39m
    at [90mc:\Users\RYZEN\.antigravity-ide\HandicapLab\[39mtests\phase7.5.test.ts:117:24
    at [90mfile:///c:/Users/RYZEN/.antigravity-ide/HandicapLab/[39mnode_modules/[4m@vitest/runner[24m/dist/index.js:533:5
    at runTest [90m(file:///c:/Users/RYZEN/.antigravity-ide/HandicapLab/[39mnode_modules/[4m@vitest/runner[24m/dist/index.js:1056:11[90m)[39m
    at runSuite [90m(file:///c:/Users/RYZEN/.antigravity-ide/HandicapLab/[39mnode_modules/[4m@vitest/runner[24m/dist/index.js:1205:15[90m)[39m
    at runSuite [90m(file:///c:/Users/RYZEN/.antigravity-ide/HandicapLab/[39mnode_modules/[4m@vitest/runner[24m/dist/index.js:1205:15[90m)[39m
    at runSuite [90m(file:///c:/Users/RYZEN/.antigravity-ide/HandicapLab/[39mnode_modules/[4m@vitest/runner[24m/dist/index.js:1205:15[90m)[39m
[GenerateSignals] Error generating ML predictions for match sig-inserted-123: RangeError: Invalid time value
    at Date.toISOString (<anonymous>)
    at FeatureEngine.build [90m(c:\Users\RYZEN\.antigravity-ide\HandicapLab\[39msrc\lib\engines\feature-engine\index.ts:77:34[90m)[39m
[90m    at processTicksAndRejections (node:internal/process/task_queues:104:5)[39m
    at handleGenerateSignals [90m(c:\Users\RYZEN\.antigravity-ide\HandicapLab\[39msrc\app\api\cron\generate-signals\route.ts:377:30[90m)[39m
    at [90mc:\Users\RYZEN\.antigravity-ide\HandicapLab\[39mtests\phase7.5.test.ts:117:24
    at [90mfile:///c:/Users/RYZEN/.antigravity-ide/HandicapLab/[39mnode_modules/[4m@vitest/runner[24m/dist/index.js:533:5
    at runTest [90m(file:///c:/Users/RYZEN/.antigravity-ide/HandicapLab/[39mnode_modules/[4m@vitest/runner[24m/dist/index.js:1056:11[90m)[39m
    at runSuite [90m(file:///c:/Users/RYZEN/.antigravity-ide/HandicapLab/[39mnode_modules/[4m@vitest/runner[24m/dist/index.js:1205:15[90m)[39m
    at runSuite [90m(file:///c:/Users/RYZEN/.antigravity-ide/HandicapLab/[39mnode_modules/[4m@vitest/runner[24m/dist/index.js:1205:15[90m)[39m
    at runSuite [90m(file:///c:/Users/RYZEN/.antigravity-ide/HandicapLab/[39mnode_modules/[4m@vitest/runner[24m/dist/index.js:1205:15[90m)[39m
[GenerateSignals] Error generating AH predictions for match sig-inserted-123: RangeError: Invalid time value
    at Date.toISOString (<anonymous>)
    at FeatureEngine.build [90m(c:\Users\RYZEN\.antigravity-ide\HandicapLab\[39msrc\lib\engines\feature-engine\index.ts:77:34[90m)[39m
[90m    at processTicksAndRejections (node:internal/process/task_queues:104:5)[39m
    at handleGenerateSignals [90m(c:\Users\RYZEN\.antigravity-ide\HandicapLab\[39msrc\app\api\cron\generate-signals\route.ts:377:30[90m)[39m
    at [90mc:\Users\RYZEN\.antigravity-ide\HandicapLab\[39mtests\phase7.5.test.ts:117:24
    at [90mfile:///c:/Users/RYZEN/.antigravity-ide/HandicapLab/[39mnode_modules/[4m@vitest/runner[24m/dist/index.js:533:5
    at runTest [90m(file:///c:/Users/RYZEN/.antigravity-ide/HandicapLab/[39mnode_modules/[4m@vitest/runner[24m/dist/index.js:1056:11[90m)[39m
    at runSuite [90m(file:///c:/Users/RYZEN/.antigravity-ide/HandicapLab/[39mnode_modules/[4m@vitest/runner[24m/dist/index.js:1205:15[90m)[39m
    at runSuite [90m(file:///c:/Users/RYZEN/.antigravity-ide/HandicapLab/[39mnode_modules/[4m@vitest/runner[24m/dist/index.js:1205:15[90m)[39m
    at runSuite [90m(file:///c:/Users/RYZEN/.antigravity-ide/HandicapLab/[39mnode_modules/[4m@vitest/runner[24m/dist/index.js:1205:15[90m)[39m
[GenerateSignals] Error generating OU predictions for match sig-inserted-123: RangeError: Invalid time value
    at Date.toISOString (<anonymous>)
    at FeatureEngine.build [90m(c:\Users\RYZEN\.antigravity-ide\HandicapLab\[39msrc\lib\engines\feature-engine\index.ts:77:34[90m)[39m
[90m    at processTicksAndRejections (node:internal/process/task_queues:104:5)[39m
    at handleGenerateSignals [90m(c:\Users\RYZEN\.antigravity-ide\HandicapLab\[39msrc\app\api\cron\generate-signals\route.ts:377:30[90m)[39m
    at [90mc:\Users\RYZEN\.antigravity-ide\HandicapLab\[39mtests\phase7.5.test.ts:117:24
    at [90mfile:///c:/Users/RYZEN/.antigravity-ide/HandicapLab/[39mnode_modules/[4m@vitest/runner[24m/dist/index.js:533:5
    at runTest [90m(file:///c:/Users/RYZEN/.antigravity-ide/HandicapLab/[39mnode_modules/[4m@vitest/runner[24m/dist/index.js:1056:11[90m)[39m
    at runSuite [90m(file:///c:/Users/RYZEN/.antigravity-ide/HandicapLab/[39mnode_modules/[4m@vitest/runner[24m/dist/index.js:1205:15[90m)[39m
    at runSuite [90m(file:///c:/Users/RYZEN/.antigravity-ide/HandicapLab/[39mnode_modules/[4m@vitest/runner[24m/dist/index.js:1205:15[90m)[39m
    at runSuite [90m(file:///c:/Users/RYZEN/.antigravity-ide/HandicapLab/[39mnode_modules/[4m@vitest/runner[24m/dist/index.js:1205:15[90m)[39m
[GenerateSignals] Error generating ML predictions for match sig-inserted-123: RangeError: Invalid time value
    at Date.toISOString (<anonymous>)
    at FeatureEngine.build [90m(c:\Users\RYZEN\.antigravity-ide\HandicapLab\[39msrc\lib\engines\feature-engine\index.ts:77:34[90m)[39m
[90m    at processTicksAndRejections (node:internal/process/task_queues:104:5)[39m
    at handleGenerateSignals [90m(c:\Users\RYZEN\.antigravity-ide\HandicapLab\[39msrc\app\api\cron\generate-signals\route.ts:377:30[90m)[39m
    at [90mc:\Users\RYZEN\.antigravity-ide\HandicapLab\[39mtests\phase7.5.test.ts:117:24
    at [90mfile:///c:/Users/RYZEN/.antigravity-ide/HandicapLab/[39mnode_modules/[4m@vitest/runner[24m/dist/index.js:533:5
    at runTest [90m(file:///c:/Users/RYZEN/.antigravity-ide/HandicapLab/[39mnode_modules/[4m@vitest/runner[24m/dist/index.js:1056:11[90m)[39m
    at runSuite [90m(file:///c:/Users/RYZEN/.antigravity-ide/HandicapLab/[39mnode_modules/[4m@vitest/runner[24m/dist/index.js:1205:15[90m)[39m
    at runSuite [90m(file:///c:/Users/RYZEN/.antigravity-ide/HandicapLab/[39mnode_modules/[4m@vitest/runner[24m/dist/index.js:1205:15[90m)[39m
    at runSuite [90m(file:///c:/Users/RYZEN/.antigravity-ide/HandicapLab/[39mnode_modules/[4m@vitest/runner[24m/dist/index.js:1205:15[90m)[39m
[GenerateSignals] Error generating AH predictions for match sig-inserted-123: RangeError: Invalid time value
    at Date.toISOString (<anonymous>)
    at FeatureEngine.build [90m(c:\Users\RYZEN\.antigravity-ide\HandicapLab\[39msrc\lib\engines\feature-engine\index.ts:77:34[90m)[39m
[90m    at processTicksAndRejections (node:internal/process/task_queues:104:5)[39m
    at handleGenerateSignals [90m(c:\Users\RYZEN\.antigravity-ide\HandicapLab\[39msrc\app\api\cron\generate-signals\route.ts:377:30[90m)[39m
    at [90mc:\Users\RYZEN\.antigravity-ide\HandicapLab\[39mtests\phase7.5.test.ts:117:24
    at [90mfile:///c:/Users/RYZEN/.antigravity-ide/HandicapLab/[39mnode_modules/[4m@vitest/runner[24m/dist/index.js:533:5
    at runTest [90m(file:///c:/Users/RYZEN/.antigravity-ide/HandicapLab/[39mnode_modules/[4m@vitest/runner[24m/dist/index.js:1056:11[90m)[39m
    at runSuite [90m(file:///c:/Users/RYZEN/.antigravity-ide/HandicapLab/[39mnode_modules/[4m@vitest/runner[24m/dist/index.js:1205:15[90m)[39m
    at runSuite [90m(file:///c:/Users/RYZEN/.antigravity-ide/HandicapLab/[39mnode_modules/[4m@vitest/runner[24m/dist/index.js:1205:15[90m)[39m
    at runSuite [90m(file:///c:/Users/RYZEN/.antigravity-ide/HandicapLab/[39mnode_modules/[4m@vitest/runner[24m/dist/index.js:1205:15[90m)[39m
[GenerateSignals] Error generating OU predictions for match sig-inserted-123: RangeError: Invalid time value
    at Date.toISOString (<anonymous>)
    at FeatureEngine.build [90m(c:\Users\RYZEN\.antigravity-ide\HandicapLab\[39msrc\lib\engines\feature-engine\index.ts:77:34[90m)[39m
[90m    at processTicksAndRejections (node:internal/process/task_queues:104:5)[39m
    at handleGenerateSignals [90m(c:\Users\RYZEN\.antigravity-ide\HandicapLab\[39msrc\app\api\cron\generate-signals\route.ts:377:30[90m)[39m
    at [90mc:\Users\RYZEN\.antigravity-ide\HandicapLab\[39mtests\phase7.5.test.ts:117:24
    at [90mfile:///c:/Users/RYZEN/.antigravity-ide/HandicapLab/[39mnode_modules/[4m@vitest/runner[24m/dist/index.js:533:5
    at runTest [90m(file:///c:/Users/RYZEN/.antigravity-ide/HandicapLab/[39mnode_modules/[4m@vitest/runner[24m/dist/index.js:1056:11[90m)[39m
    at runSuite [90m(file:///c:/Users/RYZEN/.antigravity-ide/HandicapLab/[39mnode_modules/[4m@vitest/runner[24m/dist/index.js:1205:15[90m)[39m
    at runSuite [90m(file:///c:/Users/RYZEN/.antigravity-ide/HandicapLab/[39mnode_modules/[4m@vitest/runner[24m/dist/index.js:1205:15[90m)[39m
    at runSuite [90m(file:///c:/Users/RYZEN/.antigravity-ide/HandicapLab/[39mnode_modules/[4m@vitest/runner[24m/dist/index.js:1205:15[90m)[39m
[GenerateSignals] Error generating ML predictions for match sig-inserted-123: RangeError: Invalid time value
    at Date.toISOString (<anonymous>)
    at FeatureEngine.build [90m(c:\Users\RYZEN\.antigravity-ide\HandicapLab\[39msrc\lib\engines\feature-engine\index.ts:77:34[90m)[39m
[90m    at processTicksAndRejections (node:internal/process/task_queues:104:5)[39m
    at handleGenerateSignals [90m(c:\Users\RYZEN\.antigravity-ide\HandicapLab\[39msrc\app\api\cron\generate-signals\route.ts:377:30[90m)[39m
    at [90mc:\Users\RYZEN\.antigravity-ide\HandicapLab\[39mtests\phase7.5.test.ts:117:24
    at [90mfile:///c:/Users/RYZEN/.antigravity-ide/HandicapLab/[39mnode_modules/[4m@vitest/runner[24m/dist/index.js:533:5
    at runTest [90m(file:///c:/Users/RYZEN/.antigravity-ide/HandicapLab/[39mnode_modules/[4m@vitest/runner[24m/dist/index.js:1056:11[90m)[39m
    at runSuite [90m(file:///c:/Users/RYZEN/.antigravity-ide/HandicapLab/[39mnode_modules/[4m@vitest/runner[24m/dist/index.js:1205:15[90m)[39m
    at runSuite [90m(file:///c:/Users/RYZEN/.antigravity-ide/HandicapLab/[39mnode_modules/[4m@vitest/runner[24m/dist/index.js:1205:15[90m)[39m
    at runSuite [90m(file:///c:/Users/RYZEN/.antigravity-ide/HandicapLab/[39mnode_modules/[4m@vitest/runner[24m/dist/index.js:1205:15[90m)[39m
[GenerateSignals] Error generating AH predictions for match sig-inserted-123: RangeError: Invalid time value
    at Date.toISOString (<anonymous>)
    at FeatureEngine.build [90m(c:\Users\RYZEN\.antigravity-ide\HandicapLab\[39msrc\lib\engines\feature-engine\index.ts:77:34[90m)[39m
[90m    at processTicksAndRejections (node:internal/process/task_queues:104:5)[39m
    at handleGenerateSignals [90m(c:\Users\RYZEN\.antigravity-ide\HandicapLab\[39msrc\app\api\cron\generate-signals\route.ts:377:30[90m)[39m
    at [90mc:\Users\RYZEN\.antigravity-ide\HandicapLab\[39mtests\phase7.5.test.ts:117:24
    at [90mfile:///c:/Users/RYZEN/.antigravity-ide/HandicapLab/[39mnode_modules/[4m@vitest/runner[24m/dist/index.js:533:5
    at runTest [90m(file:///c:/Users/RYZEN/.antigravity-ide/HandicapLab/[39mnode_modules/[4m@vitest/runner[24m/dist/index.js:1056:11[90m)[39m
    at runSuite [90m(file:///c:/Users/RYZEN/.antigravity-ide/HandicapLab/[39mnode_modules/[4m@vitest/runner[24m/dist/index.js:1205:15[90m)[39m
    at runSuite [90m(file:///c:/Users/RYZEN/.antigravity-ide/HandicapLab/[39mnode_modules/[4m@vitest/runner[24m/dist/index.js:1205:15[90m)[39m
    at runSuite [90m(file:///c:/Users/RYZEN/.antigravity-ide/HandicapLab/[39mnode_modules/[4m@vitest/runner[24m/dist/index.js:1205:15[90m)[39m
[GenerateSignals] Error generating OU predictions for match sig-inserted-123: RangeError: Invalid time value
    at Date.toISOString (<anonymous>)
    at FeatureEngine.build [90m(c:\Users\RYZEN\.antigravity-ide\HandicapLab\[39msrc\lib\engines\feature-engine\index.ts:77:34[90m)[39m
[90m    at processTicksAndRejections (node:internal/process/task_queues:104:5)[39m
    at handleGenerateSignals [90m(c:\Users\RYZEN\.antigravity-ide\HandicapLab\[39msrc\app\api\cron\generate-signals\route.ts:377:30[90m)[39m
    at [90mc:\Users\RYZEN\.antigravity-ide\HandicapLab\[39mtests\phase7.5.test.ts:117:24
    at [90mfile:///c:/Users/RYZEN/.antigravity-ide/HandicapLab/[39mnode_modules/[4m@vitest/runner[24m/dist/index.js:533:5
    at runTest [90m(file:///c:/Users/RYZEN/.antigravity-ide/HandicapLab/[39mnode_modules/[4m@vitest/runner[24m/dist/index.js:1056:11[90m)[39m
    at runSuite [90m(file:///c:/Users/RYZEN/.antigravity-ide/HandicapLab/[39mnode_modules/[4m@vitest/runner[24m/dist/index.js:1205:15[90m)[39m
    at runSuite [90m(file:///c:/Users/RYZEN/.antigravity-ide/HandicapLab/[39mnode_modules/[4m@vitest/runner[24m/dist/index.js:1205:15[90m)[39m
    at runSuite [90m(file:///c:/Users/RYZEN/.antigravity-ide/HandicapLab/[39mnode_modules/[4m@vitest/runner[24m/dist/index.js:1205:15[90m)[39m
[GenerateSignals] Error generating ML predictions for match sig-inserted-123: RangeError: Invalid time value
    at Date.toISOString (<anonymous>)
    at FeatureEngine.build [90m(c:\Users\RYZEN\.antigravity-ide\HandicapLab\[39msrc\lib\engines\feature-engine\index.ts:77:34[90m)[39m
[90m    at processTicksAndRejections (node:internal/process/task_queues:104:5)[39m
    at handleGenerateSignals [90m(c:\Users\RYZEN\.antigravity-ide\HandicapLab\[39msrc\app\api\cron\generate-signals\route.ts:377:30[90m)[39m
    at [90mc:\Users\RYZEN\.antigravity-ide\HandicapLab\[39mtests\phase7.5.test.ts:117:24
    at [90mfile:///c:/Users/RYZEN/.antigravity-ide/HandicapLab/[39mnode_modules/[4m@vitest/runner[24m/dist/index.js:533:5
    at runTest [90m(file:///c:/Users/RYZEN/.antigravity-ide/HandicapLab/[39mnode_modules/[4m@vitest/runner[24m/dist/index.js:1056:11[90m)[39m
    at runSuite [90m(file:///c:/Users/RYZEN/.antigravity-ide/HandicapLab/[39mnode_modules/[4m@vitest/runner[24m/dist/index.js:1205:15[90m)[39m
    at runSuite [90m(file:///c:/Users/RYZEN/.antigravity-ide/HandicapLab/[39mnode_modules/[4m@vitest/runner[24m/dist/index.js:1205:15[90m)[39m
    at runSuite [90m(file:///c:/Users/RYZEN/.antigravity-ide/HandicapLab/[39mnode_modules/[4m@vitest/runner[24m/dist/index.js:1205:15[90m)[39m
[GenerateSignals] Error generating AH predictions for match sig-inserted-123: RangeError: Invalid time value
    at Date.toISOString (<anonymous>)
    at FeatureEngine.build [90m(c:\Users\RYZEN\.antigravity-ide\HandicapLab\[39msrc\lib\engines\feature-engine\index.ts:77:34[90m)[39m
[90m    at processTicksAndRejections (node:internal/process/task_queues:104:5)[39m
    at handleGenerateSignals [90m(c:\Users\RYZEN\.antigravity-ide\HandicapLab\[39msrc\app\api\cron\generate-signals\route.ts:377:30[90m)[39m
    at [90mc:\Users\RYZEN\.antigravity-ide\HandicapLab\[39mtests\phase7.5.test.ts:117:24
    at [90mfile:///c:/Users/RYZEN/.antigravity-ide/HandicapLab/[39mnode_modules/[4m@vitest/runner[24m/dist/index.js:533:5
    at runTest [90m(file:///c:/Users/RYZEN/.antigravity-ide/HandicapLab/[39mnode_modules/[4m@vitest/runner[24m/dist/index.js:1056:11[90m)[39m
    at runSuite [90m(file:///c:/Users/RYZEN/.antigravity-ide/HandicapLab/[39mnode_modules/[4m@vitest/runner[24m/dist/index.js:1205:15[90m)[39m
    at runSuite [90m(file:///c:/Users/RYZEN/.antigravity-ide/HandicapLab/[39mnode_modules/[4m@vitest/runner[24m/dist/index.js:1205:15[90m)[39m
    at runSuite [90m(file:///c:/Users/RYZEN/.antigravity-ide/HandicapLab/[39mnode_modules/[4m@vitest/runner[24m/dist/index.js:1205:15[90m)[39m
[GenerateSignals] Error generating OU predictions for match sig-inserted-123: RangeError: Invalid time value
    at Date.toISOString (<anonymous>)
    at FeatureEngine.build [90m(c:\Users\RYZEN\.antigravity-ide\HandicapLab\[39msrc\lib\engines\feature-engine\index.ts:77:34[90m)[39m
[90m    at processTicksAndRejections (node:internal/process/task_queues:104:5)[39m
    at handleGenerateSignals [90m(c:\Users\RYZEN\.antigravity-ide\HandicapLab\[39msrc\app\api\cron\generate-signals\route.ts:377:30[90m)[39m
    at [90mc:\Users\RYZEN\.antigravity-ide\HandicapLab\[39mtests\phase7.5.test.ts:117:24
    at [90mfile:///c:/Users/RYZEN/.antigravity-ide/HandicapLab/[39mnode_modules/[4m@vitest/runner[24m/dist/index.js:533:5
    at runTest [90m(file:///c:/Users/RYZEN/.antigravity-ide/HandicapLab/[39mnode_modules/[4m@vitest/runner[24m/dist/index.js:1056:11[90m)[39m
    at runSuite [90m(file:///c:/Users/RYZEN/.antigravity-ide/HandicapLab/[39mnode_modules/[4m@vitest/runner[24m/dist/index.js:1205:15[90m)[39m
    at runSuite [90m(file:///c:/Users/RYZEN/.antigravity-ide/HandicapLab/[39mnode_modules/[4m@vitest/runner[24m/dist/index.js:1205:15[90m)[39m
    at runSuite [90m(file:///c:/Users/RYZEN/.antigravity-ide/HandicapLab/[39mnode_modules/[4m@vitest/runner[24m/dist/index.js:1205:15[90m)[39m
[GenerateSignals] Error generating ML predictions for match sig-inserted-123: RangeError: Invalid time value
    at Date.toISOString (<anonymous>)
    at FeatureEngine.build [90m(c:\Users\RYZEN\.antigravity-ide\HandicapLab\[39msrc\lib\engines\feature-engine\index.ts:77:34[90m)[39m
[90m    at processTicksAndRejections (node:internal/process/task_queues:104:5)[39m
    at handleGenerateSignals [90m(c:\Users\RYZEN\.antigravity-ide\HandicapLab\[39msrc\app\api\cron\generate-signals\route.ts:377:30[90m)[39m
    at [90mc:\Users\RYZEN\.antigravity-ide\HandicapLab\[39mtests\phase7.5.test.ts:117:24
    at [90mfile:///c:/Users/RYZEN/.antigravity-ide/HandicapLab/[39mnode_modules/[4m@vitest/runner[24m/dist/index.js:533:5
    at runTest [90m(file:///c:/Users/RYZEN/.antigravity-ide/HandicapLab/[39mnode_modules/[4m@vitest/runner[24m/dist/index.js:1056:11[90m)[39m
    at runSuite [90m(file:///c:/Users/RYZEN/.antigravity-ide/HandicapLab/[39mnode_modules/[4m@vitest/runner[24m/dist/index.js:1205:15[90m)[39m
    at runSuite [90m(file:///c:/Users/RYZEN/.antigravity-ide/HandicapLab/[39mnode_modules/[4m@vitest/runner[24m/dist/index.js:1205:15[90m)[39m
    at runSuite [90m(file:///c:/Users/RYZEN/.antigravity-ide/HandicapLab/[39mnode_modules/[4m@vitest/runner[24m/dist/index.js:1205:15[90m)[39m
[GenerateSignals] Error generating AH predictions for match sig-inserted-123: RangeError: Invalid time value
    at Date.toISOString (<anonymous>)
    at FeatureEngine.build [90m(c:\Users\RYZEN\.antigravity-ide\HandicapLab\[39msrc\lib\engines\feature-engine\index.ts:77:34[90m)[39m
[90m    at processTicksAndRejections (node:internal/process/task_queues:104:5)[39m
    at handleGenerateSignals [90m(c:\Users\RYZEN\.antigravity-ide\HandicapLab\[39msrc\app\api\cron\generate-signals\route.ts:377:30[90m)[39m
    at [90mc:\Users\RYZEN\.antigravity-ide\HandicapLab\[39mtests\phase7.5.test.ts:117:24
    at [90mfile:///c:/Users/RYZEN/.antigravity-ide/HandicapLab/[39mnode_modules/[4m@vitest/runner[24m/dist/index.js:533:5
    at runTest [90m(file:///c:/Users/RYZEN/.antigravity-ide/HandicapLab/[39mnode_modules/[4m@vitest/runner[24m/dist/index.js:1056:11[90m)[39m
    at runSuite [90m(file:///c:/Users/RYZEN/.antigravity-ide/HandicapLab/[39mnode_modules/[4m@vitest/runner[24m/dist/index.js:1205:15[90m)[39m
    at runSuite [90m(file:///c:/Users/RYZEN/.antigravity-ide/HandicapLab/[39mnode_modules/[4m@vitest/runner[24m/dist/index.js:1205:15[90m)[39m
    at runSuite [90m(file:///c:/Users/RYZEN/.antigravity-ide/HandicapLab/[39mnode_modules/[4m@vitest/runner[24m/dist/index.js:1205:15[90m)[39m
[GenerateSignals] Error generating OU predictions for match sig-inserted-123: RangeError: Invalid time value
    at Date.toISOString (<anonymous>)
    at FeatureEngine.build [90m(c:\Users\RYZEN\.antigravity-ide\HandicapLab\[39msrc\lib\engines\feature-engine\index.ts:77:34[90m)[39m
[90m    at processTicksAndRejections (node:internal/process/task_queues:104:5)[39m
    at handleGenerateSignals [90m(c:\Users\RYZEN\.antigravity-ide\HandicapLab\[39msrc\app\api\cron\generate-signals\route.ts:377:30[90m)[39m
    at [90mc:\Users\RYZEN\.antigravity-ide\HandicapLab\[39mtests\phase7.5.test.ts:117:24
    at [90mfile:///c:/Users/RYZEN/.antigravity-ide/HandicapLab/[39mnode_modules/[4m@vitest/runner[24m/dist/index.js:533:5
    at runTest [90m(file:///c:/Users/RYZEN/.antigravity-ide/HandicapLab/[39mnode_modules/[4m@vitest/runner[24m/dist/index.js:1056:11[90m)[39m
    at runSuite [90m(file:///c:/Users/RYZEN/.antigravity-ide/HandicapLab/[39mnode_modules/[4m@vitest/runner[24m/dist/index.js:1205:15[90m)[39m
    at runSuite [90m(file:///c:/Users/RYZEN/.antigravity-ide/HandicapLab/[39mnode_modules/[4m@vitest/runner[24m/dist/index.js:1205:15[90m)[39m
    at runSuite [90m(file:///c:/Users/RYZEN/.antigravity-ide/HandicapLab/[39mnode_modules/[4m@vitest/runner[24m/dist/index.js:1205:15[90m)[39m
[GenerateSignals] Error generating ML predictions for match sig-inserted-123: RangeError: Invalid time value
    at Date.toISOString (<anonymous>)
    at FeatureEngine.build [90m(c:\Users\RYZEN\.antigravity-ide\HandicapLab\[39msrc\lib\engines\feature-engine\index.ts:77:34[90m)[39m
[90m    at processTicksAndRejections (node:internal/process/task_queues:104:5)[39m
    at handleGenerateSignals [90m(c:\Users\RYZEN\.antigravity-ide\HandicapLab\[39msrc\app\api\cron\generate-signals\route.ts:377:30[90m)[39m
    at [90mc:\Users\RYZEN\.antigravity-ide\HandicapLab\[39mtests\phase7.5.test.ts:117:24
    at [90mfile:///c:/Users/RYZEN/.antigravity-ide/HandicapLab/[39mnode_modules/[4m@vitest/runner[24m/dist/index.js:533:5
    at runTest [90m(file:///c:/Users/RYZEN/.antigravity-ide/HandicapLab/[39mnode_modules/[4m@vitest/runner[24m/dist/index.js:1056:11[90m)[39m
    at runSuite [90m(file:///c:/Users/RYZEN/.antigravity-ide/HandicapLab/[39mnode_modules/[4m@vitest/runner[24m/dist/index.js:1205:15[90m)[39m
    at runSuite [90m(file:///c:/Users/RYZEN/.antigravity-ide/HandicapLab/[39mnode_modules/[4m@vitest/runner[24m/dist/index.js:1205:15[90m)[39m
    at runSuite [90m(file:///c:/Users/RYZEN/.antigravity-ide/HandicapLab/[39mnode_modules/[4m@vitest/runner[24m/dist/index.js:1205:15[90m)[39m
[GenerateSignals] Error generating AH predictions for match sig-inserted-123: RangeError: Invalid time value
    at Date.toISOString (<anonymous>)
    at FeatureEngine.build [90m(c:\Users\RYZEN\.antigravity-ide\HandicapLab\[39msrc\lib\engines\feature-engine\index.ts:77:34[90m)[39m
[90m    at processTicksAndRejections (node:internal/process/task_queues:104:5)[39m
    at handleGenerateSignals [90m(c:\Users\RYZEN\.antigravity-ide\HandicapLab\[39msrc\app\api\cron\generate-signals\route.ts:377:30[90m)[39m
    at [90mc:\Users\RYZEN\.antigravity-ide\HandicapLab\[39mtests\phase7.5.test.ts:117:24
    at [90mfile:///c:/Users/RYZEN/.antigravity-ide/HandicapLab/[39mnode_modules/[4m@vitest/runner[24m/dist/index.js:533:5
    at runTest [90m(file:///c:/Users/RYZEN/.antigravity-ide/HandicapLab/[39mnode_modules/[4m@vitest/runner[24m/dist/index.js:1056:11[90m)[39m
    at runSuite [90m(file:///c:/Users/RYZEN/.antigravity-ide/HandicapLab/[39mnode_modules/[4m@vitest/runner[24m/dist/index.js:1205:15[90m)[39m
    at runSuite [90m(file:///c:/Users/RYZEN/.antigravity-ide/HandicapLab/[39mnode_modules/[4m@vitest/runner[24m/dist/index.js:1205:15[90m)[39m
    at runSuite [90m(file:///c:/Users/RYZEN/.antigravity-ide/HandicapLab/[39mnode_modules/[4m@vitest/runner[24m/dist/index.js:1205:15[90m)[39m
[GenerateSignals] Error generating OU predictions for match sig-inserted-123: RangeError: Invalid time value
    at Date.toISOString (<anonymous>)
    at FeatureEngine.build [90m(c:\Users\RYZEN\.antigravity-ide\HandicapLab\[39msrc\lib\engines\feature-engine\index.ts:77:34[90m)[39m
[90m    at processTicksAndRejections (node:internal/process/task_queues:104:5)[39m
    at handleGenerateSignals [90m(c:\Users\RYZEN\.antigravity-ide\HandicapLab\[39msrc\app\api\cron\generate-signals\route.ts:377:30[90m)[39m
    at [90mc:\Users\RYZEN\.antigravity-ide\HandicapLab\[39mtests\phase7.5.test.ts:117:24
    at [90mfile:///c:/Users/RYZEN/.antigravity-ide/HandicapLab/[39mnode_modules/[4m@vitest/runner[24m/dist/index.js:533:5
    at runTest [90m(file:///c:/Users/RYZEN/.antigravity-ide/HandicapLab/[39mnode_modules/[4m@vitest/runner[24m/dist/index.js:1056:11[90m)[39m
    at runSuite [90m(file:///c:/Users/RYZEN/.antigravity-ide/HandicapLab/[39mnode_modules/[4m@vitest/runner[24m/dist/index.js:1205:15[90m)[39m
    at runSuite [90m(file:///c:/Users/RYZEN/.antigravity-ide/HandicapLab/[39mnode_modules/[4m@vitest/runner[24m/dist/index.js:1205:15[90m)[39m
    at runSuite [90m(file:///c:/Users/RYZEN/.antigravity-ide/HandicapLab/[39mnode_modules/[4m@vitest/runner[24m/dist/index.js:1205:15[90m)[39m
[TelegramAlert] (Disabled - config missing) Message: Production Health Degraded!

<b>Stale Data Ingestion:</b>
- FIFA World Cup (international_tournament): Fixtures stale (N/Ah vs limit 3h). Odds stale (N/Ah vs limit 3h).
- UEFA Champions League (champions_league): Fixtures stale (N/Ah vs limit 4h). Odds stale (N/Ah vs limit 4h).
- UEFA Europa League (champions_league): Fixtures stale (N/Ah vs limit 4h). Odds stale (N/Ah vs limit 4h).
- Premier League (top_domestic): Fixtures stale (N/Ah vs limit 6h). Odds stale (N/Ah vs limit 6h).
- La Liga (top_domestic): Fixtures stale (N/Ah vs limit 6h). Odds stale (N/Ah vs limit 6h).
- Serie A (top_domestic): Fixtures stale (N/Ah vs limit 6h). Odds stale (N/Ah vs limit 6h).
- Bundesliga (top_domestic): Fixtures stale (N/Ah vs limit 6h). Odds stale (N/Ah vs limit 6h).
- Ligue 1 (top_domestic): Fixtures stale (N/Ah vs limit 6h). Odds stale (N/Ah vs limit 6h).
- UEFA Conference League (champions_league): Fixtures stale (N/Ah vs limit 4h). Odds stale (N/Ah vs limit 4h).
- UEFA Champions League Qualification (champions_league): Fixtures stale (N/Ah vs limit 4h). Odds stale (N/Ah vs limit 4h).
- UEFA Europa League Qualification (champions_league): Fixtures stale (N/Ah vs limit 4h). Odds stale (N/Ah vs limit 4h).
- UEFA Conference League Qualification (champions_league): Fixtures stale (N/Ah vs limit 4h). Odds stale (N/Ah vs limit 4h).
- Norway Eliteserien (top_domestic): Fixtures stale (N/Ah vs limit 6h). Odds stale (N/Ah vs limit 6h).
- Sweden Allsvenskan (top_domestic): Fixtures stale (N/Ah vs limit 6h). Odds stale (N/Ah vs limit 6h).
- Denmark Superliga (top_domestic): Fixtures stale (N/Ah vs limit 6h). Odds stale (N/Ah vs limit 6h).
- Finland Veikkausliiga (top_domestic): Fixtures stale (N/Ah vs limit 6h). Odds stale (N/Ah vs limit 6h).
- Iceland Besta deild (top_domestic): Fixtures stale (N/Ah vs limit 6h). Odds stale (N/Ah vs limit 6h).
- Ireland Premier Division (top_domestic): Fixtures stale (N/Ah vs limit 6h). Odds stale (N/Ah vs limit 6h).
- Brazil Serie A (top_domestic): Fixtures stale (N/Ah vs limit 6h). Odds stale (N/Ah vs limit 6h).
- Argentina Primera Division (top_domestic): Fixtures stale (N/Ah vs limit 6h). Odds stale (N/Ah vs limit 6h).
- Chile Primera Division (top_domestic): Fixtures stale (N/Ah vs limit 6h). Odds stale (N/Ah vs limit 6h).
- Colombia Primera A (top_domestic): Fixtures stale (N/Ah vs limit 6h). Odds stale (N/Ah vs limit 6h).
- Ecuador Liga Pro (top_domestic): Fixtures stale (N/Ah vs limit 6h). Odds stale (N/Ah vs limit 6h).
- Uruguay Primera Division (top_domestic): Fixtures stale (N/Ah vs limit 6h). Odds stale (N/Ah vs limit 6h).
- Paraguay Primera Division (top_domestic): Fixtures stale (N/Ah vs limit 6h). Odds stale (N/Ah vs limit 6h).
- Peru Liga 1 (top_domestic): Fixtures stale (N/Ah vs limit 6h). Odds stale (N/Ah vs limit 6h).
- Japan J1 League (top_domestic): Fixtures stale (N/Ah vs limit 6h). Odds stale (N/Ah vs limit 6h).
- K League (top_domestic): Fixtures stale (N/Ah vs limit 6h). Odds stale (N/Ah vs limit 6h).
- China Super League (top_domestic): Fixtures stale (N/Ah vs limit 6h). Odds stale (N/Ah vs limit 6h).
- Saudi Pro League (top_domestic): Fixtures stale (N/Ah vs limit 6h). Odds stale (N/Ah vs limit 6h).
- UAE Pro League (top_domestic): Fixtures stale (N/Ah vs limit 6h). Odds stale (N/Ah vs limit 6h).
- Qatar Stars League (top_domestic): Fixtures stale (N/Ah vs limit 6h). Odds stale (N/Ah vs limit 6h).
- Thailand League (top_domestic): Fixtures stale (N/Ah vs limit 6h). Odds stale (N/Ah vs limit 6h).
- Indonesia Liga 1 (top_domestic): Fixtures stale (N/Ah vs limit 6h). Odds stale (N/Ah vs limit 6h).
- MLS (top_domestic): Fixtures stale (N/Ah vs limit 6h). Odds stale (N/Ah vs limit 6h).



 [32m✓[39m tests/decision_engine.test.ts [2m([22m[2m6 tests[22m[2m)[22m[90m 7[2mms[22m[39m
[90mstdout[2m | tests/phase7.5.test.ts[2m > [22m[2mPhase 7.5 & 8: Quant Audit Trails & Paper Trading Engine[2m > [22m[2mPaper Trading Settlement[2m > [22m[2mshould compute running bankroll progression and drawdown percentage correctly
[22m[39m[Settlement Cron] Starting signals settlement process...
[Settlement Cron] Found 1 pending past signals to process.

[90mstderr[2m | tests/phase7.5.test.ts[2m > [22m[2mPhase 7.5 & 8: Quant Audit Trails & Paper Trading Engine[2m > [22m[2mPaper Trading Settlement[2m > [22m[2mshould compute running bankroll progression and drawdown percentage correctly
[22m[39m[TelegramAlert] (Disabled - config missing) Message: Production Health Degraded!

<b>Stale Data Ingestion:</b>
- FIFA World Cup (international_tournament): Fixtures stale (N/Ah vs limit 3h). Odds stale (N/Ah vs limit 3h).
- UEFA Champions League (champions_league): Fixtures stale (N/Ah vs limit 4h). Odds stale (N/Ah vs limit 4h).
- UEFA Europa League (champions_league): Fixtures stale (N/Ah vs limit 4h). Odds stale (N/Ah vs limit 4h).
- Premier League (top_domestic): Fixtures stale (N/Ah vs limit 6h). Odds stale (N/Ah vs limit 6h).
- La Liga (top_domestic): Fixtures stale (N/Ah vs limit 6h). Odds stale (N/Ah vs limit 6h).
- Serie A (top_domestic): Fixtures stale (N/Ah vs limit 6h). Odds stale (N/Ah vs limit 6h).
- Bundesliga (top_domestic): Fixtures stale (N/Ah vs limit 6h). Odds stale (N/Ah vs limit 6h).
- Ligue 1 (top_domestic): Fixtures stale (N/Ah vs limit 6h). Odds stale (N/Ah vs limit 6h).
- UEFA Conference League (champions_league): Fixtures stale (N/Ah vs limit 4h). Odds stale (N/Ah vs limit 4h).
- UEFA Champions League Qualification (champions_league): Fixtures stale (N/Ah vs limit 4h). Odds stale (N/Ah vs limit 4h).
- UEFA Europa League Qualification (champions_league): Fixtures stale (N/Ah vs limit 4h). Odds stale (N/Ah vs limit 4h).
- UEFA Conference League Qualification (champions_league): Fixtures stale (N/Ah vs limit 4h). Odds stale (N/Ah vs limit 4h).
- Norway Eliteserien (top_domestic): Fixtures stale (N/Ah vs limit 6h). Odds stale (N/Ah vs limit 6h).
- Sweden Allsvenskan (top_domestic): Fixtures stale (N/Ah vs limit 6h). Odds stale (N/Ah vs limit 6h).
- Denmark Superliga (top_domestic): Fixtures stale (N/Ah vs limit 6h). Odds stale (N/Ah vs limit 6h).
- Finland Veikkausliiga (top_domestic): Fixtures stale (N/Ah vs limit 6h). Odds stale (N/Ah vs limit 6h).
- Iceland Besta deild (top_domestic): Fixtures stale (N/Ah vs limit 6h). Odds stale (N/Ah vs limit 6h).
- Ireland Premier Division (top_domestic): Fixtures stale (N/Ah vs limit 6h). Odds stale (N/Ah vs limit 6h).
- Brazil Serie A (top_domestic): Fixtures stale (N/Ah vs limit 6h). Odds stale (N/Ah vs limit 6h).
- Argentina Primera Division (top_domestic): Fixtures stale (N/Ah vs limit 6h). Odds stale (N/Ah vs limit 6h).
- Chile Primera Division (top_domestic): Fixtures stale (N/Ah vs limit 6h). Odds stale (N/Ah vs limit 6h).
- Colombia Primera A (top_domestic): Fixtures stale (N/Ah vs limit 6h). Odds stale (N/Ah vs limit 6h).
- Ecuador Liga Pro (top_domestic): Fixtures stale (N/Ah vs limit 6h). Odds stale (N/Ah vs limit 6h).
- Uruguay Primera Division (top_domestic): Fixtures stale (N/Ah vs limit 6h). Odds stale (N/Ah vs limit 6h).
- Paraguay Primera Division (top_domestic): Fixtures stale (N/Ah vs limit 6h). Odds stale (N/Ah vs limit 6h).
- Peru Liga 1 (top_domestic): Fixtures stale (N/Ah vs limit 6h). Odds stale (N/Ah vs limit 6h).
- Japan J1 League (top_domestic): Fixtures stale (N/Ah vs limit 6h). Odds stale (N/Ah vs limit 6h).
- K League (top_domestic): Fixtures stale (N/Ah vs limit 6h). Odds stale (N/Ah vs limit 6h).
- China Super League (top_domestic): Fixtures stale (N/Ah vs limit 6h). Odds stale (N/Ah vs limit 6h).
- Saudi Pro League (top_domestic): Fixtures stale (N/Ah vs limit 6h). Odds stale (N/Ah vs limit 6h).
- UAE Pro League (top_domestic): Fixtures stale (N/Ah vs limit 6h). Odds stale (N/Ah vs limit 6h).
- Qatar Stars League (top_domestic): Fixtures stale (N/Ah vs limit 6h). Odds stale (N/Ah vs limit 6h).
- Thailand League (top_domestic): Fixtures stale (N/Ah vs limit 6h). Odds stale (N/Ah vs limit 6h).
- Indonesia Liga 1 (top_domestic): Fixtures stale (N/Ah vs limit 6h). Odds stale (N/Ah vs limit 6h).
- MLS (top_domestic): Fixtures stale (N/Ah vs limit 6h). Odds stale (N/Ah vs limit 6h).



 [32m✓[39m tests/phase7.5.test.ts [2m([22m[2m2 tests[22m[2m)[22m[90m 86[2mms[22m[39m
 [32m✓[39m tests/worldcup-regression.test.ts [2m([22m[2m3 tests[22m[2m)[22m[90m 13[2mms[22m[39m
 [32m✓[39m tests/http-client.test.ts [2m([22m[2m16 tests[22m[2m)[22m[90m 53[2mms[22m[39m
 [32m✓[39m tests/validation-engine.test.ts [2m([22m[2m5 tests[22m[2m)[22m[90m 6[2mms[22m[39m
 [32m✓[39m tests/phase35.4.test.ts [2m([22m[2m3 tests[22m[2m)[22m[90m 14[2mms[22m[39m
[90mstdout[2m | tests/import-pipeline.test.ts
[22m[39m[Supabase Server Client] Initializing with URL: https://rgkrfzxipkrwqccfuqfq.supabase.co

 [32m✓[39m tests/worldcup-feed.test.ts [2m([22m[2m5 tests[22m[2m)[22m[90m 9[2mms[22m[39m
[90mstdout[2m | tests/import-pipeline.test.ts[2m > [22m[2mE2E Ingestion Pipeline (Vertical Slice)[2m > [22m[2mshould run end-to-end import session successfully
[22m[39m[ImportService] Starting session api-football-EPL-2026-fixtures. Dry Run: false
[ImportService] Fetched 2 items. Total pages to process: 2. Starting at page 1

[90mstdout[2m | tests/import-pipeline.test.ts[2m > [22m[2mE2E Ingestion Pipeline (Vertical Slice)[2m > [22m[2mshould run end-to-end import session successfully
[22m[39m[ImportLog] ID: api-football-EPL-2026-fixtures | Page: 1/2 | Imported: 1 | Failed: 0 | Elapsed: 0.0s | Rem: 0.0s

[90mstdout[2m | tests/silver-pipeline.test.ts
[22m[39m[Supabase Server Client] Initializing with URL: https://rgkrfzxipkrwqccfuqfq.supabase.co

 [32m✓[39m src/lib/engine/__tests__/settlement.test.ts [2m([22m[2m8 tests[22m[2m)[22m[90m 6[2mms[22m[39m
[90mstdout[2m | tests/import-pipeline.test.ts[2m > [22m[2mE2E Ingestion Pipeline (Vertical Slice)[2m > [22m[2mshould run end-to-end import session successfully
[22m[39m[ImportLog] ID: api-football-EPL-2026-fixtures | Page: 2/2 | Imported: 2 | Failed: 0 | Elapsed: 0.0s | Rem: 0.0s
[ImportService] Session api-football-EPL-2026-fixtures successfully finished.

[90mstdout[2m | tests/import-pipeline.test.ts[2m > [22m[2mE2E Ingestion Pipeline (Vertical Slice)[2m > [22m[2mshould retry on transient provider errors
[22m[39m[ImportService] Starting session api-football-EPL-2026-fixtures. Dry Run: false

[90mstderr[2m | tests/import-pipeline.test.ts[2m > [22m[2mE2E Ingestion Pipeline (Vertical Slice)[2m > [22m[2mshould retry on transient provider errors
[22m[39m[ImportService] Ingestion attempt failed. Retrying in 10ms...

[90mstdout[2m | tests/import-pipeline.test.ts[2m > [22m[2mE2E Ingestion Pipeline (Vertical Slice)[2m > [22m[2mshould retry on transient provider errors
[22m[39m[ImportService] Fetched 1 items. Total pages to process: 1. Starting at page 1

[90mstdout[2m | tests/import-pipeline.test.ts[2m > [22m[2mE2E Ingestion Pipeline (Vertical Slice)[2m > [22m[2mshould retry on transient provider errors
[22m[39m[ImportLog] ID: api-football-EPL-2026-fixtures | Page: 1/1 | Imported: 1 | Failed: 0 | Elapsed: 0.0s | Rem: 0.0s
[ImportService] Session api-football-EPL-2026-fixtures successfully finished.

 [32m✓[39m tests/decision-engine-v1/ensemble-engine.test.ts [2m([22m[2m3 tests[22m[2m)[22m[90m 5[2mms[22m[39m
 [32m✓[39m tests/import-pipeline.test.ts [2m([22m[2m2 tests[22m[2m)[22m[90m 105[2mms[22m[39m
[90mstdout[2m | tests/football-csv-ingestion.test.ts
[22m[39m[Supabase Server Client] Initializing with URL: https://rgkrfzxipkrwqccfuqfq.supabase.co

 [32m✓[39m tests/football-csv-ingestion.test.ts [2m([22m[2m5 tests[22m[2m)[22m[90m 17[2mms[22m[39m
 [32m✓[39m tests/silver-pipeline.test.ts [2m([22m[2m1 test[22m[2m)[22m[90m 36[2mms[22m[39m
 [32m✓[39m tests/feature-engine.test.ts [2m([22m[2m2 tests[22m[2m)[22m[90m 11[2mms[22m[39m
[90mstdout[2m | tests/phase5b1.test.ts
[22m[39m[Supabase Server Client] Initializing with URL: https://rgkrfzxipkrwqccfuqfq.supabase.co

 [32m✓[39m tests/phase5b1.test.ts [2m([22m[2m5 tests[22m[2m)[22m[90m 58[2mms[22m[39m
[90mstdout[2m | tests/ml-training.test.ts
[22m[39m[Supabase Server Client] Initializing with URL: https://rgkrfzxipkrwqccfuqfq.supabase.co

 [32m✓[39m tests/storage-abstraction.test.ts [2m([22m[2m4 tests[22m[2m)[22m[90m 57[2mms[22m[39m
 [32m✓[39m tests/ml-training.test.ts [2m([22m[2m6 tests[22m[2m)[22m[90m 15[2mms[22m[39m
 [32m✓[39m tests/shadow-pipeline-evidence.test.ts [2m([22m[2m7 tests[22m[2m)[22m[90m 14[2mms[22m[39m
[90mstdout[2m | tests/checkpoint.test.ts
[22m[39m[Supabase Server Client] Initializing with URL: https://rgkrfzxipkrwqccfuqfq.supabase.co

 [32m✓[39m tests/checkpoint.test.ts [2m([22m[2m6 tests[22m[2m)[22m[90m 9[2mms[22m[39m
[90mstdout[2m | tests/prediction-serving.test.ts
[22m[39m[Supabase Server Client] Initializing with URL: https://rgkrfzxipkrwqccfuqfq.supabase.co

[90mstdout[2m | tests/metadata-foundation.test.ts
[22m[39m[Supabase Server Client] Initializing with URL: https://rgkrfzxipkrwqccfuqfq.supabase.co

 [32m✓[39m tests/metadata-foundation.test.ts [2m([22m[2m5 tests[22m[2m)[22m[90m 6[2mms[22m[39m
 [32m✓[39m tests/prediction-serving.test.ts [2m([22m[2m3 tests[22m[2m)[22m[90m 9[2mms[22m[39m
[90mstdout[2m | tests/entity-resolver.test.ts
[22m[39m[Supabase Server Client] Initializing with URL: https://rgkrfzxipkrwqccfuqfq.supabase.co

 [32m✓[39m tests/entity-resolver.test.ts [2m([22m[2m5 tests[22m[2m)[22m[90m 10[2mms[22m[39m
[90mstdout[2m | tests/feature-assembler.test.ts
[22m[39m[Supabase Server Client] Initializing with URL: https://rgkrfzxipkrwqccfuqfq.supabase.co

 [32m✓[39m tests/feature-assembler.test.ts [2m([22m[2m2 tests[22m[2m)[22m[90m 14[2mms[22m[39m
[90mstdout[2m | tests/feature-store.test.ts
[22m[39m[Supabase Server Client] Initializing with URL: https://rgkrfzxipkrwqccfuqfq.supabase.co

 [32m✓[39m tests/feature-store.test.ts [2m([22m[2m5 tests[22m[2m)[22m[90m 10[2mms[22m[39m
[90mstdout[2m | tests/research-readiness.test.ts
[22m[39m[Supabase Server Client] Initializing with URL: https://rgkrfzxipkrwqccfuqfq.supabase.co

 [32m✓[39m tests/bronze-writer.test.ts [2m([22m[2m3 tests[22m[2m)[22m[90m 103[2mms[22m[39m
 [32m✓[39m tests/research-readiness.test.ts [2m([22m[2m4 tests[22m[2m)[22m[90m 10[2mms[22m[39m
[90mstdout[2m | tests/backtest-engine.test.ts
[22m[39m[Supabase Server Client] Initializing with URL: https://rgkrfzxipkrwqccfuqfq.supabase.co

[90mstdout[2m | tests/validation-queue.test.ts
[22m[39m[Supabase Server Client] Initializing with URL: https://rgkrfzxipkrwqccfuqfq.supabase.co

 [32m✓[39m tests/validation-queue.test.ts [2m([22m[2m5 tests[22m[2m)[22m[90m 8[2mms[22m[39m
 [32m✓[39m tests/backtest-engine.test.ts [2m([22m[2m4 tests[22m[2m)[22m[90m 7[2mms[22m[39m
 [32m✓[39m tests/beta-operations.test.ts [2m([22m[2m3 tests[22m[2m)[22m[90m 5[2mms[22m[39m
 [32m✓[39m tests/quant-audit.test.ts [2m([22m[2m5 tests[22m[2m)[22m[90m 5[2mms[22m[39m
[90mstdout[2m | tests/property-based.test.ts
[22m[39m[Supabase Server Client] Initializing with URL: https://rgkrfzxipkrwqccfuqfq.supabase.co

 [32m✓[39m tests/property-based.test.ts [2m([22m[2m2 tests[22m[2m)[22m[90m 7[2mms[22m[39m
[90mstdout[2m | tests/performance-benchmark.test.ts
[22m[39m[Supabase Server Client] Initializing with URL: https://rgkrfzxipkrwqccfuqfq.supabase.co

[90mstdout[2m | tests/historical-ingestion.test.ts
[22m[39m[Supabase Server Client] Initializing with URL: https://rgkrfzxipkrwqccfuqfq.supabase.co

 [31m❯[39m tests/architecture/schema/strict_enforcement.test.ts [2m([22m[2m0 test[22m[2m)[22m
 [32m✓[39m tests/historical-ingestion.test.ts [2m([22m[2m1 test[22m[2m)[22m[90m 8[2mms[22m[39m
[90mstderr[2m | tests/provider-abstraction.test.ts[2m > [22m[2mApiFootballProvider - HTTP Exceptions[2m > [22m[2mshould handle rate limits correctly
[22m[39m[2026-07-10T08:30:39.416Z] WARN http:api-football-warehouse: retry {"path":"/leagues","attempt":1,"error":"HTTP 429: Response error","delayMs":168}

 [32m✓[39m tests/risk-engine.test.ts [2m([22m[2m3 tests[22m[2m)[22m[90m 5[2mms[22m[39m
[90mstdout[2m | tests/validation-boundary.test.ts[2m > [22m[2mHttpClient Zod Boundary Validation[2m > [22m[2mshould parse and return valid response when schema matches payload
[22m[39m[2026-07-10T08:30:39.502Z] DEBUG http:test: request_ok {"path":"/test","status":200,"durationMs":3}

[90mstderr[2m | tests/validation-boundary.test.ts[2m > [22m[2mHttpClient Zod Boundary Validation[2m > [22m[2mshould throw validation error when response does not match Zod schema
[22m[39m[2026-07-10T08:30:39.509Z] ERROR http:test: schema_validation_failed {"path":"/test","errors":{"_errors":[],"id":{"_errors":["Invalid input: expected number, received string"]},"active":{"_errors":["Invalid input: expected boolean, received undefined"]}}}
[2026-07-10T08:30:39.514Z] ERROR http:test: request_failed {"path":"/test","error":"Response validation failed for provider test on path /test: [\n  {\n    \"expected\": \"number\",\n    \"code\": \"invalid_type\",\n    \"path\": [\n      \"id\"\n    ],\n    \"message\": \"Invalid input: expected number, received string\"\n  },\n  {\n    \"expected\": \"boolean\",\n    \"code\": \"invalid_type\",\n    \"path\": [\n      \"active\"\n    ],\n    \"message\": \"Invalid input: expected boolean, received undefined\"\n  }\n]","code":"VALIDATION_FAILED","status":200,"durationMs":8}

 [32m✓[39m tests/validation-boundary.test.ts [2m([22m[2m2 tests[22m[2m)[22m[90m 20[2mms[22m[39m
[90mstdout[2m | tests/performance-benchmark.test.ts[2m > [22m[2mPerformance Benchmarks Audit[2m > [22m[2mshould run 10,000 Monte Carlo iterations in under 5 seconds
[22m[39m[Benchmark] 10,000 Monte Carlo iterations completed in 117ms

[90mstdout[2m | tests/performance-benchmark.test.ts[2m > [22m[2mPerformance Benchmarks Audit[2m > [22m[2mshould process 10,000 simulated historical fixtures in under 1 second
[22m[39m[Benchmark] Processed 2000 backtest events in 28ms

 [32m✓[39m tests/performance-benchmark.test.ts [2m([22m[2m2 tests[22m[2m)[22m[90m 158[2mms[22m[39m
[90mstdout[2m | tests/football-bulk-ingestion.test.ts
[22m[39m[Supabase Server Client] Initializing with URL: https://rgkrfzxipkrwqccfuqfq.supabase.co

[90mstderr[2m | tests/provider-abstraction.test.ts[2m > [22m[2mApiFootballProvider - HTTP Exceptions[2m > [22m[2mshould handle rate limits correctly
[22m[39m[2026-07-10T08:30:39.586Z] WARN http:api-football-warehouse: retry {"path":"/leagues","attempt":2,"error":"HTTP 429: Response error","delayMs":237}

[90mstdout[2m | tests/football-bulk-ingestion.test.ts[2m > [22m[2mBulkImportService Chronological Sorting & Checkpoints[2m > [22m[2mshould skip ingestion of completed seasons via checkpoints
[22m[39m[BulkImportService] Scanning complete. Found 2 seasons across 1 leagues.
[BulkImportService] Checkpoint hit. Skipping completed job for: EPL/2015-2016.csv
[BulkImportService] Checkpoint hit. Skipping completed job for: EPL/2025-2026.csv

 [32m✓[39m tests/football-bulk-ingestion.test.ts [2m([22m[2m2 tests[22m[2m)[22m[90m 10[2mms[22m[39m
[90mstdout[2m | tests/probability_platform.test.ts[2m > [22m[2mProbability Platform (Phase B)[2m > [22m[2mshould run benchmark pipeline and select champion
[22m[39m[ArtifactWriter] Generated calibration report at c:\Users\RYZEN\.antigravity-ide\HandicapLab\artifacts\calibration\exp_1783672239628

 [32m✓[39m tests/probability_platform.test.ts [2m([22m[2m4 tests[22m[2m)[22m[90m 18[2mms[22m[39m
[90mstdout[2m | tests/research-engine.test.ts
[22m[39m[Supabase Server Client] Initializing with URL: https://rgkrfzxipkrwqccfuqfq.supabase.co

[90mstdout[2m | tests/market-intelligence.test.ts
[22m[39m[Supabase Server Client] Initializing with URL: https://rgkrfzxipkrwqccfuqfq.supabase.co

 [32m✓[39m tests/research-engine.test.ts [2m([22m[2m3 tests[22m[2m)[22m[90m 22[2mms[22m[39m
 [32m✓[39m tests/market-intelligence.test.ts [2m([22m[2m2 tests[22m[2m)[22m[90m 8[2mms[22m[39m
 [32m✓[39m tests/evidence-collection.test.ts [2m([22m[2m3 tests[22m[2m)[22m[90m 5[2mms[22m[39m
[90mstderr[2m | tests/provider-abstraction.test.ts[2m > [22m[2mApiFootballProvider - HTTP Exceptions[2m > [22m[2mshould handle rate limits correctly
[22m[39m[2026-07-10T08:30:39.839Z] ERROR http:api-football-warehouse: request_failed {"path":"/leagues","error":"HTTP 429: Response error","code":"HTTP_429","status":429,"durationMs":425}

[90mstderr[2m | tests/provider-abstraction.test.ts[2m > [22m[2mApiFootballProvider - HTTP Exceptions[2m > [22m[2mshould handle auth exceptions correctly
[22m[39m[2026-07-10T08:30:39.853Z] ERROR http:api-football-warehouse: request_failed {"path":"/leagues","error":"HTTP 401: Response error","code":"HTTP_401","status":401,"durationMs":0}

 [32m✓[39m tests/provider-abstraction.test.ts [2m([22m[2m5 tests[22m[2m)[22m[33m 446[2mms[22m[39m
   [33m[2m✓[22m[39m ApiFootballProvider - HTTP Exceptions[2m > [22mshould handle rate limits correctly [33m440[2mms[22m[39m
 [32m✓[39m tests/warehouse.test.ts [2m([22m[2m2 tests[22m[2m)[22m[90m 5[2mms[22m[39m
 [32m✓[39m tests/portfolio-optimizer.test.ts [2m([22m[2m3 tests[22m[2m)[22m[90m 4[2mms[22m[39m
[90mstdout[2m | tests/architecture/leakage/point_in_time.test.ts
[22m[39m[Supabase Server Client] Initializing with URL: https://rgkrfzxipkrwqccfuqfq.supabase.co

 [31m❯[39m tests/architecture/leakage/point_in_time.test.ts [2m([22m[2m0 test[22m[2m)[22m
 [32m✓[39m tests/market-intelligence/leakage-guard.test.ts [2m([22m[2m2 tests[22m[2m)[22m[90m 5[2mms[22m[39m
[90mstdout[2m | tests/football-data-e2e.test.ts
[22m[39m[Supabase Server Client] Initializing with URL: https://rgkrfzxipkrwqccfuqfq.supabase.co

 [32m✓[39m src/test/featureIntelligence.test.ts [2m([22m[2m3 tests[22m[2m)[22m[90m 4[2mms[22m[39m
[90mstdout[2m | tests/football-data-e2e.test.ts[2m > [22m[2mFootball-Data E2E Ingestion Integration[2m > [22m[2mshould run end-to-end import pipeline and assert counts
[22m[39m[ImportService] Starting CSV import job...
[ImportService] CSV Ingestion completed successfully.
[ImportService] Starting CSV import job...
[ImportService] CSV Ingestion completed successfully.

 [32m✓[39m tests/football-data-e2e.test.ts [2m([22m[2m1 test[22m[2m)[22m[90m 14[2mms[22m[39m
 [32m✓[39m tests/decision-engine.test.ts [2m([22m[2m2 tests[22m[2m)[22m[90m 4[2mms[22m[39m
 [32m✓[39m tests/decision-engine-v1/leakage-prevention.test.ts [2m([22m[2m2 tests[22m[2m)[22m[90m 7[2mms[22m[39m
 [32m✓[39m tests/cohorts-validation.test.ts [2m([22m[2m5 tests[22m[2m)[22m[90m 6[2mms[22m[39m
 [32m✓[39m tests/market-math.test.ts [2m([22m[2m3 tests[22m[2m)[22m[90m 4[2mms[22m[39m
 [32m✓[39m src/test/featureRegistry.test.ts [2m([22m[2m2 tests[22m[2m)[22m[90m 5[2mms[22m[39m
 [32m✓[39m tests/drift-detector.test.ts [2m([22m[2m3 tests[22m[2m)[22m[90m 6[2mms[22m[39m
 [32m✓[39m src/test/goldenReference.test.ts [2m([22m[2m1 test[22m[2m)[22m[90m 5[2mms[22m[39m
 [32m✓[39m src/test/numericalStability.test.ts [2m([22m[2m2 tests[22m[2m)[22m[90m 4[2mms[22m[39m
 [32m✓[39m src/test/metrics.test.ts [2m([22m[2m2 tests[22m[2m)[22m[90m 3[2mms[22m[39m
 [32m✓[39m tests/cohortTag.test.ts [2m([22m[2m5 tests[22m[2m)[22m[90m 4[2mms[22m[39m
 [32m✓[39m tests/monte-carlo.test.ts [2m([22m[2m1 test[22m[2m)[22m[90m 5[2mms[22m[39m
 [32m✓[39m tests/microstructure-analyzer.test.ts [2m([22m[2m3 tests[22m[2m)[22m[90m 4[2mms[22m[39m

[31m⎯⎯⎯⎯⎯⎯[1m[7m Failed Suites 2 [27m[22m⎯⎯⎯⎯⎯⎯⎯[39m

[31m[1m[7m FAIL [27m[22m[39m tests/architecture/leakage/point_in_time.test.ts[2m [ tests/architecture/leakage/point_in_time.test.ts ][22m
[31m[1mError[22m: No test suite found in file c:/Users/RYZEN/.antigravity-ide/HandicapLab/tests/architecture/leakage/point_in_time.test.ts[39m
[31m[2m⎯⎯⎯⎯⎯⎯⎯⎯⎯⎯⎯⎯⎯⎯⎯⎯⎯⎯⎯⎯⎯⎯⎯⎯[1/4]⎯[22m[39m

[31m[1m[7m FAIL [27m[22m[39m tests/architecture/schema/strict_enforcement.test.ts[2m [ tests/architecture/schema/strict_enforcement.test.ts ][22m
[31m[1mError[22m: No test suite found in file c:/Users/RYZEN/.antigravity-ide/HandicapLab/tests/architecture/schema/strict_enforcement.test.ts[39m
[31m[2m⎯⎯⎯⎯⎯⎯⎯⎯⎯⎯⎯⎯⎯⎯⎯⎯⎯⎯⎯⎯⎯⎯⎯⎯[2/4]⎯[22m[39m

[31m⎯⎯⎯⎯⎯⎯⎯[1m[7m Failed Tests 2 [27m[22m⎯⎯⎯⎯⎯⎯⎯[39m

[31m[1m[7m FAIL [27m[22m[39m tests/ablation.test.ts[2m > [22mAblation Framework[2m > [22mAblationRunner[2m > [22mshould run a comparative experiment and yield variant deltas
[31m[1mAssertionError[22m: expected +0 to be 1 // Object.is equality[39m

[32m- Expected[39m
[31m+ Received[39m

[32m- 1[39m
[31m+ 0[39m

[36m [2m❯[22m tests/ablation.test.ts:[2m179:56[22m[39m
    [90m177| [39m      [35mconst[39m report [33m=[39m [35mawait[39m [33mAblationRunner[39m[33m.[39m[34mrunExperiment[39m(config)[33m;[39m
    [90m178| [39m      [34mexpect[39m(report[33m.[39mbaseline[33m.[39mvariant)[33m.[39m[34mtoBe[39m([32m'Baseline'[39m)[33m;[39m
    [90m179| [39m      [34mexpect[39m(report[33m.[39mbaseline[33m.[39mmetrics[33m.[39mtotalPredictions)[33m.[39m[34mtoBe[39m([34m1[39m)[33m;[39m
    [90m   | [39m                                                       [31m^[39m
    [90m180| [39m      [34mexpect[39m(report[33m.[39mvariants[33m.[39mlength)[33m.[39m[34mtoBe[39m([34m1[39m)[33m;[39m
    [90m181| [39m      [34mexpect[39m(report[33m.[39mvariants[[34m0[39m][33m.[39mvariant)[33m.[39m[34mtoBe[39m([32m'Dixon-Coles Model'[39m)[33m;[39m

[31m[2m⎯⎯⎯⎯⎯⎯⎯⎯⎯⎯⎯⎯⎯⎯⎯⎯⎯⎯⎯⎯⎯⎯⎯⎯[3/4]⎯[22m[39m

[31m[1m[7m FAIL [27m[22m[39m tests/accuracy-metrics.test.ts[2m > [22mAccuracy and Analytics Metrics[2m > [22mAccuracyCalculator Orchestrator[2m > [22mshould aggregate metrics and partition them by market, league, and confidence
[31m[1mAssertionError[22m: expected +0 to be 1 // Object.is equality[39m

[32m- Expected[39m
[31m+ Received[39m

[32m- 1[39m
[31m+ 0[39m

[36m [2m❯[22m tests/accuracy-metrics.test.ts:[2m133:48[22m[39m
    [90m131| [39m      [35mconst[39m metrics [33m=[39m [35mawait[39m [33mAccuracyCalculator[39m[33m.[39m[34mgetMetrics[39m({ days[33m:[39m [34m30[39m[33m,[39m …
    [90m132| [39m
    [90m133| [39m      [34mexpect[39m(metrics[33m.[39moverall[33m.[39mtotalPredictions)[33m.[39m[34mtoBe[39m([34m1[39m)[33m;[39m
    [90m   | [39m                                               [31m^[39m
    [90m134| [39m      [34mexpect[39m(metrics[33m.[39moverall[33m.[39mroi)[33m.[39m[34mtoBeGreaterThan[39m([34m0[39m)[33m;[39m
    [90m135| [39m      [34mexpect[39m(metrics[33m.[39mbyMarket[33m.[39m[33mML[39m[33m.[39mtotalPredictions)[33m.[39m[34mtoBe[39m([34m1[39m)[33m;[39m

[31m[2m⎯⎯⎯⎯⎯⎯⎯⎯⎯⎯⎯⎯⎯⎯⎯⎯⎯⎯⎯⎯⎯⎯⎯⎯[4/4]⎯[22m[39m

[2m Test Files [22m [1m[31m4 failed[39m[22m[2m | [22m[1m[32m116 passed[39m[22m[90m (120)[39m
[2m      Tests [22m [1m[31m2 failed[39m[22m[2m | [22m[1m[32m736 passed[39m[22m[90m (738)[39m
[2m   Start at [22m 15:30:33
[2m   Duration [22m 7.65s[2m (transform 10.35s, setup 0ms, collect 23.00s, tests 5.98s, environment 32ms, prepare 16.50s)[22m

